Loading Anaconda 3 2024.02-1
SCENARIO_NAME=cf_v2
SEED=2
EXP_VERSION=v2
MODEL_PATH=runs/models/ppo_attn_cf_v2_v2_seed2.zip
STEPS=100000


###############################################################################
TCHPC Cluster: callan
Job 139271 (attnlog_cf_v2_seed2_v2) for User 'hadjitot' in Account 'callan_hadjitot'
Finished at: Wed Feb 18 16:15:33 GMT 2026

Job efficiency estimates:
=========================

Job ID: 139271
Cluster: callan
User/Group: hadjitot/hadjitot
State: OUT_OF_MEMORY (exit code 0)
Nodes: 1
Cores per node: 8
CPU Utilized: 00:00:00
CPU Efficiency: 0.00% of 00:01:52 core-walltime
Job Wall-clock time: 00:00:14
Memory Utilized: 0.00 MB
Memory Efficiency: 0.00% of 16.00 MB (16.00 MB/node)

Job completion status:
======================

JobID           JobName AllocCPUS NTasks NNodes     MaxRSS    MaxRSSNode  MaxDiskRead MaxDiskWrite    Elapsed      State ExitCode 
------------ ---------- --------- ------ ------ ---------- ------------- ------------ ------------ ---------- ---------- -------- 
139271       attnlog_c+         8             1                                                      00:00:14 OUT_OF_ME+    0:125 
139271.batch      batch         8      1      1     28624K    callan-n01            0        0.00M   00:00:14 OUT_OF_ME+    0:125 
139271.exte+     extern         8      1      1                                                      00:00:14  COMPLETED      0:0 


Job details:
============

JobId=139271 JobName=attnlog_cf_v2_seed2_v2
   UserId=hadjitot(2357) GroupId=hadjitot(2300) MCS_label=N/A
   Priority=112479 Nice=0 Account=callan_hadjitot QOS=normal
   JobState=COMPLETING Reason=OutOfMemory Dependency=(null)
   Requeue=0 Restarts=0 BatchFlag=1 Reboot=0 ExitCode=0:125
   DerivedExitCode=0:0
   RunTime=00:00:14 TimeLimit=1-00:00:00 TimeMin=N/A
   SubmitTime=2026-02-18T16:14:52 EligibleTime=2026-02-18T16:14:52
   AccrueTime=2026-02-18T16:14:52
   StartTime=2026-02-18T16:15:19 EndTime=2026-02-18T16:15:33 Deadline=N/A
   SuspendTime=None SecsPreSuspend=0 LastSchedEval=2026-02-18T16:15:19 Scheduler=Backfill
   Partition=compute AllocNode:Sid=callan01:3009068
   ReqNodeList=(null) ExcNodeList=(null)
   NodeList=callan-n01
   BatchHost=callan-n01
   NumNodes=1 NumCPUs=8 NumTasks=1 CPUs/Task=8 ReqB:S:C:T=0:0:*:*
   ReqTRES=cpu=8,mem=16M,node=1,billing=8
   AllocTRES=cpu=8,mem=16M,node=1,billing=8
   Socks/Node=* NtasksPerN:B:S:C=0:0:*:* CoreSpec=*
   JOB_GRES=(null)
     Nodes=callan-n01 CPU_IDs=27-31,59-61 Mem=16 GRES=
   MinCPUsNode=8 MinMemoryNode=16M MinTmpDiskNode=0
   Features=(null) DelayBoot=00:00:00
   OverSubscribe=OK Contiguous=0 Licenses=(null) LicensesAlloc=(null) Network=(null)
   Command=/home/users/hadjitot/fyp/HighwayEnv/slurm/eval_attention.sbatch
   WorkDir=/home/users/hadjitot/fyp/HighwayEnv
   StdErr=/home/users/hadjitot/fyp/HighwayEnv/slurm_out/attnlog_cf_v2_seed2_v2_139271.err
   StdIn=/dev/null
   StdOut=/home/users/hadjitot/fyp/HighwayEnv/slurm_out/attnlog_cf_v2_seed2_v2_139271.out
   TresPerTask=cpu=8
   


Disk quota details:
===================

                         Block Limits                                    |                     File Limits
Name       type             MB      quota      limit   in_doubt    grace |    files   quota    limit in_doubt    grace
root       USR         4771091          0          0        832     none |   361900       0        0      946     none
root       FILESET     4906887          0          0       3380     none |  9940014       0        0     1046     none


SLURM Bank Statement:
=====================

User           Usage |        Account     Usage | Account Limit Available (CPU hrs)
---------- --------- + -------------- --------- + ------------- ---------
hadjitot       7,485 | CALLAN_HADJITOT     7,485 |       300,000   292,515


Acknowledgements:
=================

Note that usage of TCHPC Resources *must* be acknowledged in all publications.

Please see this page for details relevant to this cluster:

http://www.tchpc.tcd.ie/resources/acknowledgementpolicy

################################################################################
