Loading Anaconda 3 2024.02-1
SCENARIO_NAME=highway_lanechange_dense
SEED=0
EXP_VERSION=v2
MODEL_PATH=runs/models/ppo_attn_highway_lanechange_dense_v2_seed0.zip
STEPS=10000
OUT_DIR=runs/attn_logs/highway_lanechange_dense/seed0


###############################################################################
TCHPC Cluster: callan
Job 139727 (attnlog_highway_lanechange_dense_seed0_) for User 'hadjitot' in Account 'callan_hadjitot'
Finished at: Wed Feb 18 17:00:08 GMT 2026

Job efficiency estimates:
=========================

Job ID: 139727
Cluster: callan
User/Group: hadjitot/hadjitot
State: COMPLETED (exit code 0)
Nodes: 1
Cores per node: 16
CPU Utilized: 00:00:00
CPU Efficiency: 0.00% of 00:04:32 core-walltime
Job Wall-clock time: 00:00:17
Memory Utilized: 0.00 MB
Memory Efficiency: 0.00% of 32.00 GB (32.00 GB/node)

Job completion status:
======================

JobID           JobName AllocCPUS NTasks NNodes     MaxRSS    MaxRSSNode  MaxDiskRead MaxDiskWrite    Elapsed      State ExitCode 
------------ ---------- --------- ------ ------ ---------- ------------- ------------ ------------ ---------- ---------- -------- 
139727       attnlog_h+        16             1                                                      00:00:17  COMPLETED      0:0 
139727.batch      batch        16      1      1    657656K    callan-n02            0        0.00M   00:00:17  COMPLETED      0:0 
139727.exte+     extern        16      1      1                                                      00:00:17  COMPLETED      0:0 


Job details:
============

JobId=139727 JobName=attnlog_highway_lanechange_dense_seed0_
   UserId=hadjitot(2357) GroupId=hadjitot(2300) MCS_label=N/A
   Priority=112644 Nice=0 Account=callan_hadjitot QOS=normal
   JobState=COMPLETING Reason=None Dependency=(null)
   Requeue=0 Restarts=0 BatchFlag=1 Reboot=0 ExitCode=0:0
   DerivedExitCode=0:0
   RunTime=00:00:17 TimeLimit=1-00:00:00 TimeMin=N/A
   SubmitTime=2026-02-18T16:52:28 EligibleTime=2026-02-18T16:52:28
   AccrueTime=2026-02-18T16:52:28
   StartTime=2026-02-18T16:59:51 EndTime=2026-02-18T17:00:08 Deadline=N/A
   SuspendTime=None SecsPreSuspend=0 LastSchedEval=2026-02-18T16:59:51 Scheduler=Backfill
   Partition=compute AllocNode:Sid=callan01:3413605
   ReqNodeList=(null) ExcNodeList=(null)
   NodeList=callan-n02
   BatchHost=callan-n02
   NumNodes=1 NumCPUs=16 NumTasks=1 CPUs/Task=16 ReqB:S:C:T=0:0:*:*
   ReqTRES=cpu=16,mem=32G,node=1,billing=16
   AllocTRES=cpu=16,mem=32G,node=1,billing=16
   Socks/Node=* NtasksPerN:B:S:C=0:0:*:* CoreSpec=*
   JOB_GRES=(null)
     Nodes=callan-n02 CPU_IDs=15-30 Mem=32768 GRES=
   MinCPUsNode=16 MinMemoryNode=32G MinTmpDiskNode=0
   Features=(null) DelayBoot=00:00:00
   OverSubscribe=OK Contiguous=0 Licenses=(null) LicensesAlloc=(null) Network=(null)
   Command=/home/users/hadjitot/fyp/HighwayEnv/slurm/eval_attention.sbatch
   WorkDir=/home/users/hadjitot/fyp/HighwayEnv
   StdErr=/home/users/hadjitot/fyp/HighwayEnv/slurm_out/attnlog_highway_lanechange_dense_seed0__139727.err
   StdIn=/dev/null
   StdOut=/home/users/hadjitot/fyp/HighwayEnv/slurm_out/attnlog_highway_lanechange_dense_seed0__139727.out
   TresPerTask=cpu=16
   


Disk quota details:
===================

                         Block Limits                                    |                     File Limits
Name       type             MB      quota      limit   in_doubt    grace |    files   quota    limit in_doubt    grace
root       USR         4771587          0          0       1449     none |   362460       0        0     1006     none
root       FILESET     4756117          0          0       3478     none |  9938038       0        0      967     none


SLURM Bank Statement:
=====================

User           Usage |        Account     Usage | Account Limit Available (CPU hrs)
---------- --------- + -------------- --------- + ------------- ---------
hadjitot       7,477 | CALLAN_HADJITOT     7,477 |       300,000   292,523


Acknowledgements:
=================

Note that usage of TCHPC Resources *must* be acknowledged in all publications.

Please see this page for details relevant to this cluster:

http://www.tchpc.tcd.ie/resources/acknowledgementpolicy

################################################################################
