Loading Anaconda 3 2024.02-1
SCENARIO_NAME=highway_lanechange_dense_obs20
EXP_VERSION=v5
TOTAL_TIMESTEPS=500000
N_ENVS=8
ATTN_MODE=oracle
X_INDEX=1
VX_INDEX=3
ORACLE_RULE=ttc
TTC_EPS=1e-6
ppo_attn_oracle_highway_lanechange_dense_obs20_v5_seed0 obs shape: (20, 5) action space: Box(-1.0, 1.0, (2,), float32)
Using cpu device
Logging to runs/tb/ppo_attn_oracle_highway_lanechange_dense_obs20_v5_seed0_1
---------------------------------
| rollout/           |          |
|    ep_len_mean     | 155      |
|    ep_rew_mean     | 7.39     |
| time/              |          |
|    fps             | 12       |
|    iterations      | 1        |
|    time_elapsed    | 1274     |
|    total_timesteps | 16384    |
---------------------------------
-----------------------------------------
| rollout/                |             |
|    ep_len_mean          | 154         |
|    ep_rew_mean          | 8.56        |
| time/                   |             |
|    fps                  | 12          |
|    iterations           | 2           |
|    time_elapsed         | 2534        |
|    total_timesteps      | 32768       |
| train/                  |             |
|    approx_kl            | 0.004574147 |
|    clip_fraction        | 0.0336      |
|    clip_range           | 0.2         |
|    entropy_loss         | -2.84       |
|    explained_variance   | -0.0899     |
|    learning_rate        | 0.0003      |
|    loss                 | 0.39        |
|    n_updates            | 10          |
|    policy_gradient_loss | -0.0021     |
|    std                  | 0.999       |
|    value_loss           | 1.03        |
-----------------------------------------
------------------------------------------
| rollout/                |              |
|    ep_len_mean          | 155          |
|    ep_rew_mean          | 8.73         |
| time/                   |              |
|    fps                  | 12           |
|    iterations           | 3            |
|    time_elapsed         | 3793         |
|    total_timesteps      | 49152        |
| train/                  |              |
|    approx_kl            | 0.0045192763 |
|    clip_fraction        | 0.0415       |
|    clip_range           | 0.2          |
|    entropy_loss         | -2.82        |
|    explained_variance   | 0.272        |
|    learning_rate        | 0.0003       |
|    loss                 | 0.594        |
|    n_updates            | 20           |
|    policy_gradient_loss | -0.00277     |
|    std                  | 0.99         |
|    value_loss           | 1.72         |
------------------------------------------
-----------------------------------------
| rollout/                |             |
|    ep_len_mean          | 150         |
|    ep_rew_mean          | 9.95        |
| time/                   |             |
|    fps                  | 12          |
|    iterations           | 4           |
|    time_elapsed         | 5051        |
|    total_timesteps      | 65536       |
| train/                  |             |
|    approx_kl            | 0.005987865 |
|    clip_fraction        | 0.061       |
|    clip_range           | 0.2         |
|    entropy_loss         | -2.79       |
|    explained_variance   | 0.315       |
|    learning_rate        | 0.0003      |
|    loss                 | 0.499       |
|    n_updates            | 30          |
|    policy_gradient_loss | -0.0038     |
|    std                  | 0.974       |
|    value_loss           | 1.88        |
-----------------------------------------
------------------------------------------
| rollout/                |              |
|    ep_len_mean          | 154          |
|    ep_rew_mean          | 13           |
| time/                   |              |
|    fps                  | 12           |
|    iterations           | 5            |
|    time_elapsed         | 6308         |
|    total_timesteps      | 81920        |
| train/                  |              |
|    approx_kl            | 0.0058934283 |
|    clip_fraction        | 0.0671       |
|    clip_range           | 0.2          |
|    entropy_loss         | -2.77        |
|    explained_variance   | 0.35         |
|    learning_rate        | 0.0003       |
|    loss                 | 0.764        |
|    n_updates            | 40           |
|    policy_gradient_loss | -0.00334     |
|    std                  | 0.964        |
|    value_loss           | 2.09         |
------------------------------------------
-----------------------------------------
| rollout/                |             |
|    ep_len_mean          | 157         |
|    ep_rew_mean          | 13.9        |
| time/                   |             |
|    fps                  | 12          |
|    iterations           | 6           |
|    time_elapsed         | 7670        |
|    total_timesteps      | 98304       |
| train/                  |             |
|    approx_kl            | 0.006247308 |
|    clip_fraction        | 0.0701      |
|    clip_range           | 0.2         |
|    entropy_loss         | -2.75       |
|    explained_variance   | 0.364       |
|    learning_rate        | 0.0003      |
|    loss                 | 1.34        |
|    n_updates            | 50          |
|    policy_gradient_loss | -0.00375    |
|    std                  | 0.955       |
|    value_loss           | 2.71        |
-----------------------------------------
-----------------------------------------
| rollout/                |             |
|    ep_len_mean          | 155         |
|    ep_rew_mean          | 19.1        |
| time/                   |             |
|    fps                  | 12          |
|    iterations           | 7           |
|    time_elapsed         | 8956        |
|    total_timesteps      | 114688      |
| train/                  |             |
|    approx_kl            | 0.008944069 |
|    clip_fraction        | 0.0999      |
|    clip_range           | 0.2         |
|    entropy_loss         | -2.72       |
|    explained_variance   | 0.374       |
|    learning_rate        | 0.0003      |
|    loss                 | 1.72        |
|    n_updates            | 60          |
|    policy_gradient_loss | -0.00586    |
|    std                  | 0.94        |
|    value_loss           | 3.2         |
-----------------------------------------
-----------------------------------------
| rollout/                |             |
|    ep_len_mean          | 157         |
|    ep_rew_mean          | 22.2        |
| time/                   |             |
|    fps                  | 12          |
|    iterations           | 8           |
|    time_elapsed         | 10221       |
|    total_timesteps      | 131072      |
| train/                  |             |
|    approx_kl            | 0.010764405 |
|    clip_fraction        | 0.128       |
|    clip_range           | 0.2         |
|    entropy_loss         | -2.67       |
|    explained_variance   | 0.333       |
|    learning_rate        | 0.0003      |
|    loss                 | 3.48        |
|    n_updates            | 70          |
|    policy_gradient_loss | -0.00804    |
|    std                  | 0.914       |
|    value_loss           | 4.19        |
-----------------------------------------
-----------------------------------------
| rollout/                |             |
|    ep_len_mean          | 157         |
|    ep_rew_mean          | 27.1        |
| time/                   |             |
|    fps                  | 12          |
|    iterations           | 9           |
|    time_elapsed         | 11476       |
|    total_timesteps      | 147456      |
| train/                  |             |
|    approx_kl            | 0.012857574 |
|    clip_fraction        | 0.146       |
|    clip_range           | 0.2         |
|    entropy_loss         | -2.63       |
|    explained_variance   | 0.415       |
|    learning_rate        | 0.0003      |
|    loss                 | 2.6         |
|    n_updates            | 80          |
|    policy_gradient_loss | -0.00977    |
|    std                  | 0.893       |
|    value_loss           | 4.71        |
-----------------------------------------
----------------------------------------
| rollout/                |            |
|    ep_len_mean          | 157        |
|    ep_rew_mean          | 30.5       |
| time/                   |            |
|    fps                  | 12         |
|    iterations           | 10         |
|    time_elapsed         | 12709      |
|    total_timesteps      | 163840     |
| train/                  |            |
|    approx_kl            | 0.01339897 |
|    clip_fraction        | 0.152      |
|    clip_range           | 0.2        |
|    entropy_loss         | -2.58      |
|    explained_variance   | 0.508      |
|    learning_rate        | 0.0003     |
|    loss                 | 3.17       |
|    n_updates            | 90         |
|    policy_gradient_loss | -0.00647   |
|    std                  | 0.877      |
|    value_loss           | 5.95       |
----------------------------------------
-----------------------------------------
| rollout/                |             |
|    ep_len_mean          | 157         |
|    ep_rew_mean          | 44.6        |
| time/                   |             |
|    fps                  | 12          |
|    iterations           | 11          |
|    time_elapsed         | 13943       |
|    total_timesteps      | 180224      |
| train/                  |             |
|    approx_kl            | 0.013794175 |
|    clip_fraction        | 0.167       |
|    clip_range           | 0.2         |
|    entropy_loss         | -2.53       |
|    explained_variance   | 0.639       |
|    learning_rate        | 0.0003      |
|    loss                 | 3.05        |
|    n_updates            | 100         |
|    policy_gradient_loss | -0.00783    |
|    std                  | 0.856       |
|    value_loss           | 6.16        |
-----------------------------------------
-----------------------------------------
| rollout/                |             |
|    ep_len_mean          | 157         |
|    ep_rew_mean          | 52.3        |
| time/                   |             |
|    fps                  | 12          |
|    iterations           | 12          |
|    time_elapsed         | 15217       |
|    total_timesteps      | 196608      |
| train/                  |             |
|    approx_kl            | 0.017801302 |
|    clip_fraction        | 0.194       |
|    clip_range           | 0.2         |
|    entropy_loss         | -2.47       |
|    explained_variance   | 0.624       |
|    learning_rate        | 0.0003      |
|    loss                 | 3.24        |
|    n_updates            | 110         |
|    policy_gradient_loss | -0.0088     |
|    std                  | 0.831       |
|    value_loss           | 6.93        |
-----------------------------------------
-----------------------------------------
| rollout/                |             |
|    ep_len_mean          | 160         |
|    ep_rew_mean          | 61.3        |
| time/                   |             |
|    fps                  | 12          |
|    iterations           | 13          |
|    time_elapsed         | 16678       |
|    total_timesteps      | 212992      |
| train/                  |             |
|    approx_kl            | 0.017924879 |
|    clip_fraction        | 0.201       |
|    clip_range           | 0.2         |
|    entropy_loss         | -2.42       |
|    explained_variance   | 0.653       |
|    learning_rate        | 0.0003      |
|    loss                 | 1.97        |
|    n_updates            | 120         |
|    policy_gradient_loss | -0.00423    |
|    std                  | 0.807       |
|    value_loss           | 7.37        |
-----------------------------------------
-----------------------------------------
| rollout/                |             |
|    ep_len_mean          | 157         |
|    ep_rew_mean          | 66.8        |
| time/                   |             |
|    fps                  | 12          |
|    iterations           | 14          |
|    time_elapsed         | 17926       |
|    total_timesteps      | 229376      |
| train/                  |             |
|    approx_kl            | 0.018945638 |
|    clip_fraction        | 0.22        |
|    clip_range           | 0.2         |
|    entropy_loss         | -2.35       |
|    explained_variance   | 0.568       |
|    learning_rate        | 0.0003      |
|    loss                 | 5.01        |
|    n_updates            | 130         |
|    policy_gradient_loss | -0.00553    |
|    std                  | 0.781       |
|    value_loss           | 8.76        |
-----------------------------------------
-----------------------------------------
| rollout/                |             |
|    ep_len_mean          | 155         |
|    ep_rew_mean          | 65.7        |
| time/                   |             |
|    fps                  | 12          |
|    iterations           | 15          |
|    time_elapsed         | 19261       |
|    total_timesteps      | 245760      |
| train/                  |             |
|    approx_kl            | 0.022699332 |
|    clip_fraction        | 0.245       |
|    clip_range           | 0.2         |
|    entropy_loss         | -2.29       |
|    explained_variance   | 0.655       |
|    learning_rate        | 0.0003      |
|    loss                 | 3.19        |
|    n_updates            | 140         |
|    policy_gradient_loss | -0.00551    |
|    std                  | 0.756       |
|    value_loss           | 6.25        |
-----------------------------------------
-----------------------------------------
| rollout/                |             |
|    ep_len_mean          | 160         |
|    ep_rew_mean          | 76.5        |
| time/                   |             |
|    fps                  | 12          |
|    iterations           | 16          |
|    time_elapsed         | 20764       |
|    total_timesteps      | 262144      |
| train/                  |             |
|    approx_kl            | 0.019292276 |
|    clip_fraction        | 0.228       |
|    clip_range           | 0.2         |
|    entropy_loss         | -2.24       |
|    explained_variance   | 0.699       |
|    learning_rate        | 0.0003      |
|    loss                 | 4.39        |
|    n_updates            | 150         |
|    policy_gradient_loss | -0.00117    |
|    std                  | 0.742       |
|    value_loss           | 9.5         |
-----------------------------------------
-----------------------------------------
| rollout/                |             |
|    ep_len_mean          | 160         |
|    ep_rew_mean          | 84.9        |
| time/                   |             |
|    fps                  | 12          |
|    iterations           | 17          |
|    time_elapsed         | 22287       |
|    total_timesteps      | 278528      |
| train/                  |             |
|    approx_kl            | 0.028331432 |
|    clip_fraction        | 0.259       |
|    clip_range           | 0.2         |
|    entropy_loss         | -2.19       |
|    explained_variance   | 0.704       |
|    learning_rate        | 0.0003      |
|    loss                 | 2.4         |
|    n_updates            | 160         |
|    policy_gradient_loss | 0.00146     |
|    std                  | 0.724       |
|    value_loss           | 8.53        |
-----------------------------------------
-----------------------------------------
| rollout/                |             |
|    ep_len_mean          | 160         |
|    ep_rew_mean          | 87.8        |
| time/                   |             |
|    fps                  | 12          |
|    iterations           | 18          |
|    time_elapsed         | 23803       |
|    total_timesteps      | 294912      |
| train/                  |             |
|    approx_kl            | 0.024710972 |
|    clip_fraction        | 0.263       |
|    clip_range           | 0.2         |
|    entropy_loss         | -2.16       |
|    explained_variance   | 0.687       |
|    learning_rate        | 0.0003      |
|    loss                 | 1.81        |
|    n_updates            | 170         |
|    policy_gradient_loss | -0.00019    |
|    std                  | 0.712       |
|    value_loss           | 6.26        |
-----------------------------------------
----------------------------------------
| rollout/                |            |
|    ep_len_mean          | 158        |
|    ep_rew_mean          | 90.2       |
| time/                   |            |
|    fps                  | 12         |
|    iterations           | 19         |
|    time_elapsed         | 25326      |
|    total_timesteps      | 311296     |
| train/                  |            |
|    approx_kl            | 0.02483711 |
|    clip_fraction        | 0.262      |
|    clip_range           | 0.2        |
|    entropy_loss         | -2.1       |
|    explained_variance   | 0.689      |
|    learning_rate        | 0.0003     |
|    loss                 | 2.01       |
|    n_updates            | 180        |
|    policy_gradient_loss | -0.000122  |
|    std                  | 0.686      |
|    value_loss           | 6.98       |
----------------------------------------
----------------------------------------
| rollout/                |            |
|    ep_len_mean          | 160        |
|    ep_rew_mean          | 95.6       |
| time/                   |            |
|    fps                  | 12         |
|    iterations           | 20         |
|    time_elapsed         | 26837      |
|    total_timesteps      | 327680     |
| train/                  |            |
|    approx_kl            | 0.03528021 |
|    clip_fraction        | 0.305      |
|    clip_range           | 0.2        |
|    entropy_loss         | -2.03      |
|    explained_variance   | 0.741      |
|    learning_rate        | 0.0003     |
|    loss                 | 2.21       |
|    n_updates            | 190        |
|    policy_gradient_loss | 0.000407   |
|    std                  | 0.665      |
|    value_loss           | 4.86       |
----------------------------------------
-----------------------------------------
| rollout/                |             |
|    ep_len_mean          | 158         |
|    ep_rew_mean          | 101         |
| time/                   |             |
|    fps                  | 12          |
|    iterations           | 21          |
|    time_elapsed         | 28335       |
|    total_timesteps      | 344064      |
| train/                  |             |
|    approx_kl            | 0.028992025 |
|    clip_fraction        | 0.273       |
|    clip_range           | 0.2         |
|    entropy_loss         | -1.96       |
|    explained_variance   | 0.836       |
|    learning_rate        | 0.0003      |
|    loss                 | 1.21        |
|    n_updates            | 200         |
|    policy_gradient_loss | 0.00112     |
|    std                  | 0.642       |
|    value_loss           | 3.94        |
-----------------------------------------
-----------------------------------------
| rollout/                |             |
|    ep_len_mean          | 160         |
|    ep_rew_mean          | 101         |
| time/                   |             |
|    fps                  | 12          |
|    iterations           | 22          |
|    time_elapsed         | 29841       |
|    total_timesteps      | 360448      |
| train/                  |             |
|    approx_kl            | 0.027695308 |
|    clip_fraction        | 0.259       |
|    clip_range           | 0.2         |
|    entropy_loss         | -1.91       |
|    explained_variance   | 0.827       |
|    learning_rate        | 0.0003      |
|    loss                 | 0.69        |
|    n_updates            | 210         |
|    policy_gradient_loss | 0.00254     |
|    std                  | 0.625       |
|    value_loss           | 4.66        |
-----------------------------------------
-----------------------------------------
| rollout/                |             |
|    ep_len_mean          | 160         |
|    ep_rew_mean          | 106         |
| time/                   |             |
|    fps                  | 12          |
|    iterations           | 23          |
|    time_elapsed         | 31348       |
|    total_timesteps      | 376832      |
| train/                  |             |
|    approx_kl            | 0.028250992 |
|    clip_fraction        | 0.261       |
|    clip_range           | 0.2         |
|    entropy_loss         | -1.86       |
|    explained_variance   | 0.882       |
|    learning_rate        | 0.0003      |
|    loss                 | 1.85        |
|    n_updates            | 220         |
|    policy_gradient_loss | 0.00331     |
|    std                  | 0.613       |
|    value_loss           | 6.49        |
-----------------------------------------
-----------------------------------------
| rollout/                |             |
|    ep_len_mean          | 159         |
|    ep_rew_mean          | 105         |
| time/                   |             |
|    fps                  | 11          |
|    iterations           | 24          |
|    time_elapsed         | 32857       |
|    total_timesteps      | 393216      |
| train/                  |             |
|    approx_kl            | 0.030104874 |
|    clip_fraction        | 0.281       |
|    clip_range           | 0.2         |
|    entropy_loss         | -1.81       |
|    explained_variance   | 0.774       |
|    learning_rate        | 0.0003      |
|    loss                 | 1.17        |
|    n_updates            | 230         |
|    policy_gradient_loss | -0.00385    |
|    std                  | 0.596       |
|    value_loss           | 1.4         |
-----------------------------------------
-----------------------------------------
| rollout/                |             |
|    ep_len_mean          | 160         |
|    ep_rew_mean          | 109         |
| time/                   |             |
|    fps                  | 11          |
|    iterations           | 25          |
|    time_elapsed         | 34370       |
|    total_timesteps      | 409600      |
| train/                  |             |
|    approx_kl            | 0.039574146 |
|    clip_fraction        | 0.306       |
|    clip_range           | 0.2         |
|    entropy_loss         | -1.78       |
|    explained_variance   | 0.809       |
|    learning_rate        | 0.0003      |
|    loss                 | 0.539       |
|    n_updates            | 240         |
|    policy_gradient_loss | 0.00388     |
|    std                  | 0.586       |
|    value_loss           | 2.86        |
-----------------------------------------
----------------------------------------
| rollout/                |            |
|    ep_len_mean          | 158        |
|    ep_rew_mean          | 107        |
| time/                   |            |
|    fps                  | 11         |
|    iterations           | 26         |
|    time_elapsed         | 35881      |
|    total_timesteps      | 425984     |
| train/                  |            |
|    approx_kl            | 0.02716491 |
|    clip_fraction        | 0.278      |
|    clip_range           | 0.2        |
|    entropy_loss         | -1.72      |
|    explained_variance   | 0.843      |
|    learning_rate        | 0.0003     |
|    loss                 | 0.248      |
|    n_updates            | 250        |
|    policy_gradient_loss | -0.00596   |
|    std                  | 0.568      |
|    value_loss           | 0.785      |
----------------------------------------
-----------------------------------------
| rollout/                |             |
|    ep_len_mean          | 160         |
|    ep_rew_mean          | 110         |
| time/                   |             |
|    fps                  | 11          |
|    iterations           | 27          |
|    time_elapsed         | 37394       |
|    total_timesteps      | 442368      |
| train/                  |             |
|    approx_kl            | 0.031152062 |
|    clip_fraction        | 0.278       |
|    clip_range           | 0.2         |
|    entropy_loss         | -1.68       |
|    explained_variance   | 0.893       |
|    learning_rate        | 0.0003      |
|    loss                 | 0.361       |
|    n_updates            | 260         |
|    policy_gradient_loss | -0.00276    |
|    std                  | 0.556       |
|    value_loss           | 1.94        |
-----------------------------------------
-----------------------------------------
| rollout/                |             |
|    ep_len_mean          | 154         |
|    ep_rew_mean          | 107         |
| time/                   |             |
|    fps                  | 11          |
|    iterations           | 28          |
|    time_elapsed         | 38900       |
|    total_timesteps      | 458752      |
| train/                  |             |
|    approx_kl            | 0.029169207 |
|    clip_fraction        | 0.236       |
|    clip_range           | 0.2         |
|    entropy_loss         | -1.64       |
|    explained_variance   | 0.926       |
|    learning_rate        | 0.0003      |
|    loss                 | 0.133       |
|    n_updates            | 270         |
|    policy_gradient_loss | 0.00143     |
|    std                  | 0.548       |
|    value_loss           | 1.19        |
-----------------------------------------
----------------------------------------
| rollout/                |            |
|    ep_len_mean          | 157        |
|    ep_rew_mean          | 110        |
| time/                   |            |
|    fps                  | 11         |
|    iterations           | 29         |
|    time_elapsed         | 40402      |
|    total_timesteps      | 475136     |
| train/                  |            |
|    approx_kl            | 0.03188756 |
|    clip_fraction        | 0.238      |
|    clip_range           | 0.2        |
|    entropy_loss         | -1.61      |
|    explained_variance   | 0.114      |
|    learning_rate        | 0.0003     |
|    loss                 | 0.122      |
|    n_updates            | 280        |
|    policy_gradient_loss | 0.0022     |
|    std                  | 0.539      |
|    value_loss           | 2.94       |
----------------------------------------
-----------------------------------------
| rollout/                |             |
|    ep_len_mean          | 160         |
|    ep_rew_mean          | 111         |
| time/                   |             |
|    fps                  | 11          |
|    iterations           | 30          |
|    time_elapsed         | 41905       |
|    total_timesteps      | 491520      |
| train/                  |             |
|    approx_kl            | 0.024500655 |
|    clip_fraction        | 0.24        |
|    clip_range           | 0.2         |
|    entropy_loss         | -1.57       |
|    explained_variance   | 0.637       |
|    learning_rate        | 0.0003      |
|    loss                 | 0.165       |
|    n_updates            | 290         |
|    policy_gradient_loss | 0.000102    |
|    std                  | 0.527       |
|    value_loss           | 0.879       |
-----------------------------------------
----------------------------------------
| rollout/                |            |
|    ep_len_mean          | 155        |
|    ep_rew_mean          | 109        |
| time/                   |            |
|    fps                  | 11         |
|    iterations           | 31         |
|    time_elapsed         | 43376      |
|    total_timesteps      | 507904     |
| train/                  |            |
|    approx_kl            | 0.03332953 |
|    clip_fraction        | 0.228      |
|    clip_range           | 0.2        |
|    entropy_loss         | -1.56      |
|    explained_variance   | 0.892      |
|    learning_rate        | 0.0003     |
|    loss                 | 0.082      |
|    n_updates            | 300        |
|    policy_gradient_loss | 0.000706   |
|    std                  | 0.524      |
|    value_loss           | 0.285      |
----------------------------------------
ppo_attn_oracle_highway_lanechange_dense_obs20_v5_seed1 obs shape: (20, 5) action space: Box(-1.0, 1.0, (2,), float32)
Using cpu device
Logging to runs/tb/ppo_attn_oracle_highway_lanechange_dense_obs20_v5_seed1_1
---------------------------------
| rollout/           |          |
|    ep_len_mean     | 151      |
|    ep_rew_mean     | 7.91     |
| time/              |          |
|    fps             | 11       |
|    iterations      | 1        |
|    time_elapsed    | 1478     |
|    total_timesteps | 16384    |
---------------------------------
-----------------------------------------
| rollout/                |             |
|    ep_len_mean          | 151         |
|    ep_rew_mean          | 8.03        |
| time/                   |             |
|    fps                  | 10          |
|    iterations           | 2           |
|    time_elapsed         | 2984        |
|    total_timesteps      | 32768       |
| train/                  |             |
|    approx_kl            | 0.004979423 |
|    clip_fraction        | 0.0302      |
|    clip_range           | 0.2         |
|    entropy_loss         | -2.83       |
|    explained_variance   | 0.0147      |
|    learning_rate        | 0.0003      |
|    loss                 | 0.794       |
|    n_updates            | 10          |
|    policy_gradient_loss | -0.00215    |
|    std                  | 0.993       |
|    value_loss           | 1.2         |
-----------------------------------------
-----------------------------------------
| rollout/                |             |
|    ep_len_mean          | 157         |
|    ep_rew_mean          | 9.34        |
| time/                   |             |
|    fps                  | 10          |
|    iterations           | 3           |
|    time_elapsed         | 4488        |
|    total_timesteps      | 49152       |
| train/                  |             |
|    approx_kl            | 0.004218434 |
|    clip_fraction        | 0.0399      |
|    clip_range           | 0.2         |
|    entropy_loss         | -2.82       |
|    explained_variance   | 0.263       |
|    learning_rate        | 0.0003      |
|    loss                 | 0.664       |
|    n_updates            | 20          |
|    policy_gradient_loss | -0.00242    |
|    std                  | 0.99        |
|    value_loss           | 1.56        |
-----------------------------------------
----------------------------------------
| rollout/                |            |
|    ep_len_mean          | 152        |
|    ep_rew_mean          | 10         |
| time/                   |            |
|    fps                  | 10         |
|    iterations           | 4          |
|    time_elapsed         | 5979       |
|    total_timesteps      | 65536      |
| train/                  |            |
|    approx_kl            | 0.00560111 |
|    clip_fraction        | 0.0575     |
|    clip_range           | 0.2        |
|    entropy_loss         | -2.8       |
|    explained_variance   | 0.307      |
|    learning_rate        | 0.0003     |
|    loss                 | 1.41       |
|    n_updates            | 30         |
|    policy_gradient_loss | -0.0029    |
|    std                  | 0.978      |
|    value_loss           | 1.87       |
----------------------------------------
-----------------------------------------
| rollout/                |             |
|    ep_len_mean          | 155         |
|    ep_rew_mean          | 12.3        |
| time/                   |             |
|    fps                  | 10          |
|    iterations           | 5           |
|    time_elapsed         | 7460        |
|    total_timesteps      | 81920       |
| train/                  |             |
|    approx_kl            | 0.005706149 |
|    clip_fraction        | 0.0577      |
|    clip_range           | 0.2         |
|    entropy_loss         | -2.78       |
|    explained_variance   | 0.352       |
|    learning_rate        | 0.0003      |
|    loss                 | 0.537       |
|    n_updates            | 40          |
|    policy_gradient_loss | -0.00364    |
|    std                  | 0.972       |
|    value_loss           | 2.35        |
-----------------------------------------
-----------------------------------------
| rollout/                |             |
|    ep_len_mean          | 155         |
|    ep_rew_mean          | 13.8        |
| time/                   |             |
|    fps                  | 11          |
|    iterations           | 6           |
|    time_elapsed         | 8929        |
|    total_timesteps      | 98304       |
| train/                  |             |
|    approx_kl            | 0.007685041 |
|    clip_fraction        | 0.0882      |
|    clip_range           | 0.2         |
|    entropy_loss         | -2.75       |
|    explained_variance   | 0.375       |
|    learning_rate        | 0.0003      |
|    loss                 | 0.902       |
|    n_updates            | 50          |
|    policy_gradient_loss | -0.00445    |
|    std                  | 0.956       |
|    value_loss           | 2.72        |
-----------------------------------------
-----------------------------------------
| rollout/                |             |
|    ep_len_mean          | 151         |
|    ep_rew_mean          | 16.3        |
| time/                   |             |
|    fps                  | 11          |
|    iterations           | 7           |
|    time_elapsed         | 10387       |
|    total_timesteps      | 114688      |
| train/                  |             |
|    approx_kl            | 0.008608237 |
|    clip_fraction        | 0.101       |
|    clip_range           | 0.2         |
|    entropy_loss         | -2.72       |
|    explained_variance   | 0.354       |
|    learning_rate        | 0.0003      |
|    loss                 | 2.39        |
|    n_updates            | 60          |
|    policy_gradient_loss | -0.00496    |
|    std                  | 0.943       |
|    value_loss           | 2.86        |
-----------------------------------------
-----------------------------------------
| rollout/                |             |
|    ep_len_mean          | 155         |
|    ep_rew_mean          | 22.9        |
| time/                   |             |
|    fps                  | 11          |
|    iterations           | 8           |
|    time_elapsed         | 11849       |
|    total_timesteps      | 131072      |
| train/                  |             |
|    approx_kl            | 0.010160979 |
|    clip_fraction        | 0.118       |
|    clip_range           | 0.2         |
|    entropy_loss         | -2.69       |
|    explained_variance   | 0.398       |
|    learning_rate        | 0.0003      |
|    loss                 | 1.2         |
|    n_updates            | 70          |
|    policy_gradient_loss | -0.00706    |
|    std                  | 0.929       |
|    value_loss           | 3.33        |
-----------------------------------------
-----------------------------------------
| rollout/                |             |
|    ep_len_mean          | 157         |
|    ep_rew_mean          | 29.9        |
| time/                   |             |
|    fps                  | 11          |
|    iterations           | 9           |
|    time_elapsed         | 13308       |
|    total_timesteps      | 147456      |
| train/                  |             |
|    approx_kl            | 0.012760349 |
|    clip_fraction        | 0.151       |
|    clip_range           | 0.2         |
|    entropy_loss         | -2.66       |
|    explained_variance   | 0.388       |
|    learning_rate        | 0.0003      |
|    loss                 | 2.8         |
|    n_updates            | 80          |
|    policy_gradient_loss | -0.0104     |
|    std                  | 0.908       |
|    value_loss           | 4.65        |
-----------------------------------------
----------------------------------------
| rollout/                |            |
|    ep_len_mean          | 155        |
|    ep_rew_mean          | 37.1       |
| time/                   |            |
|    fps                  | 11         |
|    iterations           | 10         |
|    time_elapsed         | 14764      |
|    total_timesteps      | 163840     |
| train/                  |            |
|    approx_kl            | 0.01446963 |
|    clip_fraction        | 0.163      |
|    clip_range           | 0.2        |
|    entropy_loss         | -2.6       |
|    explained_variance   | 0.406      |
|    learning_rate        | 0.0003     |
|    loss                 | 3.66       |
|    n_updates            | 90         |
|    policy_gradient_loss | -0.00896   |
|    std                  | 0.881      |
|    value_loss           | 5.74       |
----------------------------------------
---------------------------------------
| rollout/                |           |
|    ep_len_mean          | 158       |
|    ep_rew_mean          | 48.2      |
| time/                   |           |
|    fps                  | 11        |
|    iterations           | 11        |
|    time_elapsed         | 16239     |
|    total_timesteps      | 180224    |
| train/                  |           |
|    approx_kl            | 0.0149635 |
|    clip_fraction        | 0.172     |
|    clip_range           | 0.2       |
|    entropy_loss         | -2.54     |
|    explained_variance   | 0.492     |
|    learning_rate        | 0.0003    |
|    loss                 | 1.95      |
|    n_updates            | 100       |
|    policy_gradient_loss | -0.00776  |
|    std                  | 0.856     |
|    value_loss           | 6.35      |
---------------------------------------
-----------------------------------------
| rollout/                |             |
|    ep_len_mean          | 160         |
|    ep_rew_mean          | 54.2        |
| time/                   |             |
|    fps                  | 11          |
|    iterations           | 12          |
|    time_elapsed         | 17710       |
|    total_timesteps      | 196608      |
| train/                  |             |
|    approx_kl            | 0.018481633 |
|    clip_fraction        | 0.214       |
|    clip_range           | 0.2         |
|    entropy_loss         | -2.46       |
|    explained_variance   | 0.484       |
|    learning_rate        | 0.0003      |
|    loss                 | 3.38        |
|    n_updates            | 110         |
|    policy_gradient_loss | -0.0113     |
|    std                  | 0.824       |
|    value_loss           | 6.4         |
-----------------------------------------
----------------------------------------
| rollout/                |            |
|    ep_len_mean          | 153        |
|    ep_rew_mean          | 61.2       |
| time/                   |            |
|    fps                  | 11         |
|    iterations           | 13         |
|    time_elapsed         | 19179      |
|    total_timesteps      | 212992     |
| train/                  |            |
|    approx_kl            | 0.01967055 |
|    clip_fraction        | 0.22       |
|    clip_range           | 0.2        |
|    entropy_loss         | -2.38      |
|    explained_variance   | 0.547      |
|    learning_rate        | 0.0003     |
|    loss                 | 2.22       |
|    n_updates            | 120        |
|    policy_gradient_loss | -0.0105    |
|    std                  | 0.792      |
|    value_loss           | 6.42       |
----------------------------------------
-----------------------------------------
| rollout/                |             |
|    ep_len_mean          | 160         |
|    ep_rew_mean          | 69.8        |
| time/                   |             |
|    fps                  | 11          |
|    iterations           | 14          |
|    time_elapsed         | 20645       |
|    total_timesteps      | 229376      |
| train/                  |             |
|    approx_kl            | 0.019809619 |
|    clip_fraction        | 0.229       |
|    clip_range           | 0.2         |
|    entropy_loss         | -2.31       |
|    explained_variance   | 0.546       |
|    learning_rate        | 0.0003      |
|    loss                 | 3.34        |
|    n_updates            | 130         |
|    policy_gradient_loss | -0.00656    |
|    std                  | 0.766       |
|    value_loss           | 6           |
-----------------------------------------
----------------------------------------
| rollout/                |            |
|    ep_len_mean          | 160        |
|    ep_rew_mean          | 74.7       |
| time/                   |            |
|    fps                  | 11         |
|    iterations           | 15         |
|    time_elapsed         | 22106      |
|    total_timesteps      | 245760     |
| train/                  |            |
|    approx_kl            | 0.02177906 |
|    clip_fraction        | 0.236      |
|    clip_range           | 0.2        |
|    entropy_loss         | -2.26      |
|    explained_variance   | 0.681      |
|    learning_rate        | 0.0003     |
|    loss                 | 2.1        |
|    n_updates            | 140        |
|    policy_gradient_loss | -0.00447   |
|    std                  | 0.746      |
|    value_loss           | 6.58       |
----------------------------------------
-----------------------------------------
| rollout/                |             |
|    ep_len_mean          | 157         |
|    ep_rew_mean          | 80          |
| time/                   |             |
|    fps                  | 11          |
|    iterations           | 16          |
|    time_elapsed         | 23562       |
|    total_timesteps      | 262144      |
| train/                  |             |
|    approx_kl            | 0.024428118 |
|    clip_fraction        | 0.26        |
|    clip_range           | 0.2         |
|    entropy_loss         | -2.19       |
|    explained_variance   | 0.719       |
|    learning_rate        | 0.0003      |
|    loss                 | 4.37        |
|    n_updates            | 150         |
|    policy_gradient_loss | -0.00183    |
|    std                  | 0.72        |
|    value_loss           | 6.15        |
-----------------------------------------
----------------------------------------
| rollout/                |            |
|    ep_len_mean          | 158        |
|    ep_rew_mean          | 88.8       |
| time/                   |            |
|    fps                  | 11         |
|    iterations           | 17         |
|    time_elapsed         | 24955      |
|    total_timesteps      | 278528     |
| train/                  |            |
|    approx_kl            | 0.02280004 |
|    clip_fraction        | 0.253      |
|    clip_range           | 0.2        |
|    entropy_loss         | -2.12      |
|    explained_variance   | 0.756      |
|    learning_rate        | 0.0003     |
|    loss                 | 1.74       |
|    n_updates            | 160        |
|    policy_gradient_loss | -0.00337   |
|    std                  | 0.696      |
|    value_loss           | 6.43       |
----------------------------------------
-----------------------------------------
| rollout/                |             |
|    ep_len_mean          | 158         |
|    ep_rew_mean          | 93.6        |
| time/                   |             |
|    fps                  | 11          |
|    iterations           | 18          |
|    time_elapsed         | 26326       |
|    total_timesteps      | 294912      |
| train/                  |             |
|    approx_kl            | 0.025631513 |
|    clip_fraction        | 0.233       |
|    clip_range           | 0.2         |
|    entropy_loss         | -2.07       |
|    explained_variance   | 0.811       |
|    learning_rate        | 0.0003      |
|    loss                 | 2.04        |
|    n_updates            | 170         |
|    policy_gradient_loss | -5.8e-06    |
|    std                  | 0.678       |
|    value_loss           | 5.79        |
-----------------------------------------
----------------------------------------
| rollout/                |            |
|    ep_len_mean          | 160        |
|    ep_rew_mean          | 96.7       |
| time/                   |            |
|    fps                  | 11         |
|    iterations           | 19         |
|    time_elapsed         | 27688      |
|    total_timesteps      | 311296     |
| train/                  |            |
|    approx_kl            | 0.02602763 |
|    clip_fraction        | 0.243      |
|    clip_range           | 0.2        |
|    entropy_loss         | -2.01      |
|    explained_variance   | 0.83       |
|    learning_rate        | 0.0003     |
|    loss                 | 2.63       |
|    n_updates            | 180        |
|    policy_gradient_loss | -0.000775  |
|    std                  | 0.657      |
|    value_loss           | 5.77       |
----------------------------------------
-----------------------------------------
| rollout/                |             |
|    ep_len_mean          | 158         |
|    ep_rew_mean          | 96.2        |
| time/                   |             |
|    fps                  | 11          |
|    iterations           | 20          |
|    time_elapsed         | 29034       |
|    total_timesteps      | 327680      |
| train/                  |             |
|    approx_kl            | 0.027048685 |
|    clip_fraction        | 0.26        |
|    clip_range           | 0.2         |
|    entropy_loss         | -1.94       |
|    explained_variance   | 0.88        |
|    learning_rate        | 0.0003      |
|    loss                 | 3.75        |
|    n_updates            | 190         |
|    policy_gradient_loss | 0.0022      |
|    std                  | 0.634       |
|    value_loss           | 6.38        |
-----------------------------------------
-----------------------------------------
| rollout/                |             |
|    ep_len_mean          | 158         |
|    ep_rew_mean          | 102         |
| time/                   |             |
|    fps                  | 11          |
|    iterations           | 21          |
|    time_elapsed         | 30379       |
|    total_timesteps      | 344064      |
| train/                  |             |
|    approx_kl            | 0.024970997 |
|    clip_fraction        | 0.24        |
|    clip_range           | 0.2         |
|    entropy_loss         | -1.9        |
|    explained_variance   | 0.915       |
|    learning_rate        | 0.0003      |
|    loss                 | 4.8         |
|    n_updates            | 200         |
|    policy_gradient_loss | 0.00114     |
|    std                  | 0.626       |
|    value_loss           | 7.41        |
-----------------------------------------
----------------------------------------
| rollout/                |            |
|    ep_len_mean          | 160        |
|    ep_rew_mean          | 105        |
| time/                   |            |
|    fps                  | 11         |
|    iterations           | 22         |
|    time_elapsed         | 31723      |
|    total_timesteps      | 360448     |
| train/                  |            |
|    approx_kl            | 0.02408231 |
|    clip_fraction        | 0.227      |
|    clip_range           | 0.2        |
|    entropy_loss         | -1.84      |
|    explained_variance   | 0.906      |
|    learning_rate        | 0.0003     |
|    loss                 | 0.522      |
|    n_updates            | 210        |
|    policy_gradient_loss | 0.00161    |
|    std                  | 0.604      |
|    value_loss           | 4.46       |
----------------------------------------
-----------------------------------------
| rollout/                |             |
|    ep_len_mean          | 158         |
|    ep_rew_mean          | 107         |
| time/                   |             |
|    fps                  | 11          |
|    iterations           | 23          |
|    time_elapsed         | 33066       |
|    total_timesteps      | 376832      |
| train/                  |             |
|    approx_kl            | 0.027534192 |
|    clip_fraction        | 0.248       |
|    clip_range           | 0.2         |
|    entropy_loss         | -1.8        |
|    explained_variance   | 0.839       |
|    learning_rate        | 0.0003      |
|    loss                 | 0.497       |
|    n_updates            | 220         |
|    policy_gradient_loss | 0.00464     |
|    std                  | 0.59        |
|    value_loss           | 1.21        |
-----------------------------------------
-----------------------------------------
| rollout/                |             |
|    ep_len_mean          | 157         |
|    ep_rew_mean          | 105         |
| time/                   |             |
|    fps                  | 11          |
|    iterations           | 24          |
|    time_elapsed         | 34415       |
|    total_timesteps      | 393216      |
| train/                  |             |
|    approx_kl            | 0.023658177 |
|    clip_fraction        | 0.24        |
|    clip_range           | 0.2         |
|    entropy_loss         | -1.74       |
|    explained_variance   | 0.88        |
|    learning_rate        | 0.0003      |
|    loss                 | 0.294       |
|    n_updates            | 230         |
|    policy_gradient_loss | 0.00101     |
|    std                  | 0.574       |
|    value_loss           | 2.58        |
-----------------------------------------
-----------------------------------------
| rollout/                |             |
|    ep_len_mean          | 156         |
|    ep_rew_mean          | 106         |
| time/                   |             |
|    fps                  | 11          |
|    iterations           | 25          |
|    time_elapsed         | 35789       |
|    total_timesteps      | 409600      |
| train/                  |             |
|    approx_kl            | 0.027076071 |
|    clip_fraction        | 0.249       |
|    clip_range           | 0.2         |
|    entropy_loss         | -1.7        |
|    explained_variance   | 0.918       |
|    learning_rate        | 0.0003      |
|    loss                 | 0.708       |
|    n_updates            | 240         |
|    policy_gradient_loss | 0.00782     |
|    std                  | 0.562       |
|    value_loss           | 3.54        |
-----------------------------------------
-----------------------------------------
| rollout/                |             |
|    ep_len_mean          | 160         |
|    ep_rew_mean          | 110         |
| time/                   |             |
|    fps                  | 11          |
|    iterations           | 26          |
|    time_elapsed         | 37163       |
|    total_timesteps      | 425984      |
| train/                  |             |
|    approx_kl            | 0.037303254 |
|    clip_fraction        | 0.263       |
|    clip_range           | 0.2         |
|    entropy_loss         | -1.67       |
|    explained_variance   | 0.878       |
|    learning_rate        | 0.0003      |
|    loss                 | 0.542       |
|    n_updates            | 250         |
|    policy_gradient_loss | 0.0108      |
|    std                  | 0.553       |
|    value_loss           | 4.79        |
-----------------------------------------
-----------------------------------------
| rollout/                |             |
|    ep_len_mean          | 157         |
|    ep_rew_mean          | 107         |
| time/                   |             |
|    fps                  | 11          |
|    iterations           | 27          |
|    time_elapsed         | 38546       |
|    total_timesteps      | 442368      |
| train/                  |             |
|    approx_kl            | 0.022600535 |
|    clip_fraction        | 0.243       |
|    clip_range           | 0.2         |
|    entropy_loss         | -1.64       |
|    explained_variance   | 0.62        |
|    learning_rate        | 0.0003      |
|    loss                 | 0.136       |
|    n_updates            | 260         |
|    policy_gradient_loss | 0.00536     |
|    std                  | 0.547       |
|    value_loss           | 0.612       |
-----------------------------------------
-----------------------------------------
| rollout/                |             |
|    ep_len_mean          | 160         |
|    ep_rew_mean          | 110         |
| time/                   |             |
|    fps                  | 11          |
|    iterations           | 28          |
|    time_elapsed         | 39914       |
|    total_timesteps      | 458752      |
| train/                  |             |
|    approx_kl            | 0.030954786 |
|    clip_fraction        | 0.259       |
|    clip_range           | 0.2         |
|    entropy_loss         | -1.61       |
|    explained_variance   | 0.787       |
|    learning_rate        | 0.0003      |
|    loss                 | 0.128       |
|    n_updates            | 270         |
|    policy_gradient_loss | 0.00625     |
|    std                  | 0.541       |
|    value_loss           | 3.12        |
-----------------------------------------
-----------------------------------------
| rollout/                |             |
|    ep_len_mean          | 160         |
|    ep_rew_mean          | 109         |
| time/                   |             |
|    fps                  | 11          |
|    iterations           | 29          |
|    time_elapsed         | 41264       |
|    total_timesteps      | 475136      |
| train/                  |             |
|    approx_kl            | 0.026832826 |
|    clip_fraction        | 0.214       |
|    clip_range           | 0.2         |
|    entropy_loss         | -1.6        |
|    explained_variance   | 0.938       |
|    learning_rate        | 0.0003      |
|    loss                 | 0.0778      |
|    n_updates            | 280         |
|    policy_gradient_loss | 0.0024      |
|    std                  | 0.539       |
|    value_loss           | 1.67        |
-----------------------------------------
-----------------------------------------
| rollout/                |             |
|    ep_len_mean          | 160         |
|    ep_rew_mean          | 108         |
| time/                   |             |
|    fps                  | 11          |
|    iterations           | 30          |
|    time_elapsed         | 42575       |
|    total_timesteps      | 491520      |
| train/                  |             |
|    approx_kl            | 0.032362647 |
|    clip_fraction        | 0.248       |
|    clip_range           | 0.2         |
|    entropy_loss         | -1.58       |
|    explained_variance   | 0.902       |
|    learning_rate        | 0.0003      |
|    loss                 | 1.08        |
|    n_updates            | 290         |
|    policy_gradient_loss | 0.00492     |
|    std                  | 0.531       |
|    value_loss           | 2.08        |
-----------------------------------------
-----------------------------------------
| rollout/                |             |
|    ep_len_mean          | 160         |
|    ep_rew_mean          | 111         |
| time/                   |             |
|    fps                  | 11          |
|    iterations           | 31          |
|    time_elapsed         | 43854       |
|    total_timesteps      | 507904      |
| train/                  |             |
|    approx_kl            | 0.036126368 |
|    clip_fraction        | 0.249       |
|    clip_range           | 0.2         |
|    entropy_loss         | -1.57       |
|    explained_variance   | 0.947       |
|    learning_rate        | 0.0003      |
|    loss                 | 0.153       |
|    n_updates            | 300         |
|    policy_gradient_loss | 0.00512     |
|    std                  | 0.528       |
|    value_loss           | 6.04        |
-----------------------------------------
ppo_attn_oracle_highway_lanechange_dense_obs20_v5_seed2 obs shape: (20, 5) action space: Box(-1.0, 1.0, (2,), float32)
Using cpu device
Logging to runs/tb/ppo_attn_oracle_highway_lanechange_dense_obs20_v5_seed2_1
---------------------------------
| rollout/           |          |
|    ep_len_mean     | 157      |
|    ep_rew_mean     | 7.33     |
| time/              |          |
|    fps             | 12       |
|    iterations      | 1        |
|    time_elapsed    | 1294     |
|    total_timesteps | 16384    |
---------------------------------
------------------------------------------
| rollout/                |              |
|    ep_len_mean          | 152          |
|    ep_rew_mean          | 7.21         |
| time/                   |              |
|    fps                  | 12           |
|    iterations           | 2            |
|    time_elapsed         | 2587         |
|    total_timesteps      | 32768        |
| train/                  |              |
|    approx_kl            | 0.0031382465 |
|    clip_fraction        | 0.0201       |
|    clip_range           | 0.2          |
|    entropy_loss         | -2.83        |
|    explained_variance   | -0.00183     |
|    learning_rate        | 0.0003       |
|    loss                 | 0.257        |
|    n_updates            | 10           |
|    policy_gradient_loss | -0.00161     |
|    std                  | 0.996        |
|    value_loss           | 0.89         |
------------------------------------------
------------------------------------------
| rollout/                |              |
|    ep_len_mean          | 160          |
|    ep_rew_mean          | 8.7          |
| time/                   |              |
|    fps                  | 12           |
|    iterations           | 3            |
|    time_elapsed         | 3838         |
|    total_timesteps      | 49152        |
| train/                  |              |
|    approx_kl            | 0.0052098567 |
|    clip_fraction        | 0.0458       |
|    clip_range           | 0.2          |
|    entropy_loss         | -2.84        |
|    explained_variance   | 0.239        |
|    learning_rate        | 0.0003       |
|    loss                 | 0.539        |
|    n_updates            | 20           |
|    policy_gradient_loss | -0.00324     |
|    std                  | 1            |
|    value_loss           | 1.43         |
------------------------------------------
-----------------------------------------
| rollout/                |             |
|    ep_len_mean          | 155         |
|    ep_rew_mean          | 9.49        |
| time/                   |             |
|    fps                  | 12          |
|    iterations           | 4           |
|    time_elapsed         | 5082        |
|    total_timesteps      | 65536       |
| train/                  |             |
|    approx_kl            | 0.004763046 |
|    clip_fraction        | 0.047       |
|    clip_range           | 0.2         |
|    entropy_loss         | -2.83       |
|    explained_variance   | 0.294       |
|    learning_rate        | 0.0003      |
|    loss                 | 0.479       |
|    n_updates            | 30          |
|    policy_gradient_loss | -0.00308    |
|    std                  | 0.995       |
|    value_loss           | 1.59        |
-----------------------------------------
-----------------------------------------
| rollout/                |             |
|    ep_len_mean          | 151         |
|    ep_rew_mean          | 11.6        |
| time/                   |             |
|    fps                  | 12          |
|    iterations           | 5           |
|    time_elapsed         | 6313        |
|    total_timesteps      | 81920       |
| train/                  |             |
|    approx_kl            | 0.007277889 |
|    clip_fraction        | 0.0701      |
|    clip_range           | 0.2         |
|    entropy_loss         | -2.8        |
|    explained_variance   | 0.348       |
|    learning_rate        | 0.0003      |
|    loss                 | 0.814       |
|    n_updates            | 40          |
|    policy_gradient_loss | -0.00421    |
|    std                  | 0.978       |
|    value_loss           | 1.71        |
-----------------------------------------
------------------------------------------
| rollout/                |              |
|    ep_len_mean          | 155          |
|    ep_rew_mean          | 14           |
| time/                   |              |
|    fps                  | 13           |
|    iterations           | 6            |
|    time_elapsed         | 7551         |
|    total_timesteps      | 98304        |
| train/                  |              |
|    approx_kl            | 0.0073883543 |
|    clip_fraction        | 0.0794       |
|    clip_range           | 0.2          |
|    entropy_loss         | -2.79        |
|    explained_variance   | 0.364        |
|    learning_rate        | 0.0003       |
|    loss                 | 0.864        |
|    n_updates            | 50           |
|    policy_gradient_loss | -0.00458     |
|    std                  | 0.971        |
|    value_loss           | 2.52         |
------------------------------------------
-----------------------------------------
| rollout/                |             |
|    ep_len_mean          | 154         |
|    ep_rew_mean          | 16.2        |
| time/                   |             |
|    fps                  | 13          |
|    iterations           | 7           |
|    time_elapsed         | 8781        |
|    total_timesteps      | 114688      |
| train/                  |             |
|    approx_kl            | 0.008621781 |
|    clip_fraction        | 0.0972      |
|    clip_range           | 0.2         |
|    entropy_loss         | -2.75       |
|    explained_variance   | 0.371       |
|    learning_rate        | 0.0003      |
|    loss                 | 2.6         |
|    n_updates            | 60          |
|    policy_gradient_loss | -0.006      |
|    std                  | 0.952       |
|    value_loss           | 2.98        |
-----------------------------------------
-----------------------------------------
| rollout/                |             |
|    ep_len_mean          | 153         |
|    ep_rew_mean          | 20.6        |
| time/                   |             |
|    fps                  | 13          |
|    iterations           | 8           |
|    time_elapsed         | 10011       |
|    total_timesteps      | 131072      |
| train/                  |             |
|    approx_kl            | 0.010629879 |
|    clip_fraction        | 0.118       |
|    clip_range           | 0.2         |
|    entropy_loss         | -2.71       |
|    explained_variance   | 0.36        |
|    learning_rate        | 0.0003      |
|    loss                 | 1.41        |
|    n_updates            | 70          |
|    policy_gradient_loss | -0.00642    |
|    std                  | 0.934       |
|    value_loss           | 3.66        |
-----------------------------------------
------------------------------------------
| rollout/                |              |
|    ep_len_mean          | 158          |
|    ep_rew_mean          | 28           |
| time/                   |              |
|    fps                  | 13           |
|    iterations           | 9            |
|    time_elapsed         | 11243        |
|    total_timesteps      | 147456       |
| train/                  |              |
|    approx_kl            | 0.0127647845 |
|    clip_fraction        | 0.144        |
|    clip_range           | 0.2          |
|    entropy_loss         | -2.66        |
|    explained_variance   | 0.409        |
|    learning_rate        | 0.0003       |
|    loss                 | 2.32         |
|    n_updates            | 80           |
|    policy_gradient_loss | -0.00899     |
|    std                  | 0.911        |
|    value_loss           | 4.74         |
------------------------------------------
-----------------------------------------
| rollout/                |             |
|    ep_len_mean          | 155         |
|    ep_rew_mean          | 35.9        |
| time/                   |             |
|    fps                  | 13          |
|    iterations           | 10          |
|    time_elapsed         | 12473       |
|    total_timesteps      | 163840      |
| train/                  |             |
|    approx_kl            | 0.015512639 |
|    clip_fraction        | 0.179       |
|    clip_range           | 0.2         |
|    entropy_loss         | -2.61       |
|    explained_variance   | 0.377       |
|    learning_rate        | 0.0003      |
|    loss                 | 2.11        |
|    n_updates            | 90          |
|    policy_gradient_loss | -0.0123     |
|    std                  | 0.888       |
|    value_loss           | 5.93        |
-----------------------------------------
-----------------------------------------
| rollout/                |             |
|    ep_len_mean          | 157         |
|    ep_rew_mean          | 44          |
| time/                   |             |
|    fps                  | 13          |
|    iterations           | 11          |
|    time_elapsed         | 13705       |
|    total_timesteps      | 180224      |
| train/                  |             |
|    approx_kl            | 0.017309438 |
|    clip_fraction        | 0.197       |
|    clip_range           | 0.2         |
|    entropy_loss         | -2.55       |
|    explained_variance   | 0.387       |
|    learning_rate        | 0.0003      |
|    loss                 | 3.73        |
|    n_updates            | 100         |
|    policy_gradient_loss | -0.0108     |
|    std                  | 0.863       |
|    value_loss           | 7.31        |
-----------------------------------------
-----------------------------------------
| rollout/                |             |
|    ep_len_mean          | 158         |
|    ep_rew_mean          | 62.5        |
| time/                   |             |
|    fps                  | 13          |
|    iterations           | 12          |
|    time_elapsed         | 14938       |
|    total_timesteps      | 196608      |
| train/                  |             |
|    approx_kl            | 0.019181604 |
|    clip_fraction        | 0.219       |
|    clip_range           | 0.2         |
|    entropy_loss         | -2.49       |
|    explained_variance   | 0.442       |
|    learning_rate        | 0.0003      |
|    loss                 | 3.64        |
|    n_updates            | 110         |
|    policy_gradient_loss | -0.0133     |
|    std                  | 0.834       |
|    value_loss           | 8.48        |
-----------------------------------------
-----------------------------------------
| rollout/                |             |
|    ep_len_mean          | 160         |
|    ep_rew_mean          | 72.2        |
| time/                   |             |
|    fps                  | 13          |
|    iterations           | 13          |
|    time_elapsed         | 16170       |
|    total_timesteps      | 212992      |
| train/                  |             |
|    approx_kl            | 0.021356441 |
|    clip_fraction        | 0.239       |
|    clip_range           | 0.2         |
|    entropy_loss         | -2.4        |
|    explained_variance   | 0.458       |
|    learning_rate        | 0.0003      |
|    loss                 | 4.2         |
|    n_updates            | 120         |
|    policy_gradient_loss | -0.0109     |
|    std                  | 0.8         |
|    value_loss           | 8           |
-----------------------------------------
-----------------------------------------
| rollout/                |             |
|    ep_len_mean          | 158         |
|    ep_rew_mean          | 85.9        |
| time/                   |             |
|    fps                  | 13          |
|    iterations           | 14          |
|    time_elapsed         | 17402       |
|    total_timesteps      | 229376      |
| train/                  |             |
|    approx_kl            | 0.021040428 |
|    clip_fraction        | 0.239       |
|    clip_range           | 0.2         |
|    entropy_loss         | -2.33       |
|    explained_variance   | 0.669       |
|    learning_rate        | 0.0003      |
|    loss                 | 3.29        |
|    n_updates            | 130         |
|    policy_gradient_loss | -0.00582    |
|    std                  | 0.774       |
|    value_loss           | 8.68        |
-----------------------------------------
----------------------------------------
| rollout/                |            |
|    ep_len_mean          | 157        |
|    ep_rew_mean          | 90.7       |
| time/                   |            |
|    fps                  | 13         |
|    iterations           | 15         |
|    time_elapsed         | 18634      |
|    total_timesteps      | 245760     |
| train/                  |            |
|    approx_kl            | 0.02408657 |
|    clip_fraction        | 0.26       |
|    clip_range           | 0.2        |
|    entropy_loss         | -2.25      |
|    explained_variance   | 0.613      |
|    learning_rate        | 0.0003     |
|    loss                 | 3.19       |
|    n_updates            | 140        |
|    policy_gradient_loss | -0.00641   |
|    std                  | 0.744      |
|    value_loss           | 7.96       |
----------------------------------------
-----------------------------------------
| rollout/                |             |
|    ep_len_mean          | 160         |
|    ep_rew_mean          | 102         |
| time/                   |             |
|    fps                  | 13          |
|    iterations           | 16          |
|    time_elapsed         | 19865       |
|    total_timesteps      | 262144      |
| train/                  |             |
|    approx_kl            | 0.031234765 |
|    clip_fraction        | 0.247       |
|    clip_range           | 0.2         |
|    entropy_loss         | -2.17       |
|    explained_variance   | 0.721       |
|    learning_rate        | 0.0003      |
|    loss                 | 4.78        |
|    n_updates            | 150         |
|    policy_gradient_loss | -0.00251    |
|    std                  | 0.713       |
|    value_loss           | 5.88        |
-----------------------------------------
----------------------------------------
| rollout/                |            |
|    ep_len_mean          | 160        |
|    ep_rew_mean          | 105        |
| time/                   |            |
|    fps                  | 13         |
|    iterations           | 17         |
|    time_elapsed         | 21098      |
|    total_timesteps      | 278528     |
| train/                  |            |
|    approx_kl            | 0.02182319 |
|    clip_fraction        | 0.243      |
|    clip_range           | 0.2        |
|    entropy_loss         | -2.09      |
|    explained_variance   | 0.716      |
|    learning_rate        | 0.0003     |
|    loss                 | 1.22       |
|    n_updates            | 160        |
|    policy_gradient_loss | -0.000435  |
|    std                  | 0.686      |
|    value_loss           | 3.92       |
----------------------------------------
-----------------------------------------
| rollout/                |             |
|    ep_len_mean          | 158         |
|    ep_rew_mean          | 104         |
| time/                   |             |
|    fps                  | 13          |
|    iterations           | 18          |
|    time_elapsed         | 22331       |
|    total_timesteps      | 294912      |
| train/                  |             |
|    approx_kl            | 0.024771135 |
|    clip_fraction        | 0.218       |
|    clip_range           | 0.2         |
|    entropy_loss         | -2.04       |
|    explained_variance   | 0.65        |
|    learning_rate        | 0.0003      |
|    loss                 | 1.64        |
|    n_updates            | 170         |
|    policy_gradient_loss | 0.00113     |
|    std                  | 0.671       |
|    value_loss           | 2.41        |
-----------------------------------------
-----------------------------------------
| rollout/                |             |
|    ep_len_mean          | 158         |
|    ep_rew_mean          | 107         |
| time/                   |             |
|    fps                  | 13          |
|    iterations           | 19          |
|    time_elapsed         | 23567       |
|    total_timesteps      | 311296      |
| train/                  |             |
|    approx_kl            | 0.019777346 |
|    clip_fraction        | 0.22        |
|    clip_range           | 0.2         |
|    entropy_loss         | -2          |
|    explained_variance   | 0.796       |
|    learning_rate        | 0.0003      |
|    loss                 | 0.971       |
|    n_updates            | 180         |
|    policy_gradient_loss | 0.00322     |
|    std                  | 0.657       |
|    value_loss           | 2.6         |
-----------------------------------------
----------------------------------------
| rollout/                |            |
|    ep_len_mean          | 158        |
|    ep_rew_mean          | 108        |
| time/                   |            |
|    fps                  | 13         |
|    iterations           | 20         |
|    time_elapsed         | 24799      |
|    total_timesteps      | 327680     |
| train/                  |            |
|    approx_kl            | 0.02017447 |
|    clip_fraction        | 0.216      |
|    clip_range           | 0.2        |
|    entropy_loss         | -1.96      |
|    explained_variance   | 0.689      |
|    learning_rate        | 0.0003     |
|    loss                 | 0.355      |
|    n_updates            | 190        |
|    policy_gradient_loss | 0.00292    |
|    std                  | 0.642      |
|    value_loss           | 1.8        |
----------------------------------------
-----------------------------------------
| rollout/                |             |
|    ep_len_mean          | 158         |
|    ep_rew_mean          | 108         |
| time/                   |             |
|    fps                  | 13          |
|    iterations           | 21          |
|    time_elapsed         | 26031       |
|    total_timesteps      | 344064      |
| train/                  |             |
|    approx_kl            | 0.020820225 |
|    clip_fraction        | 0.206       |
|    clip_range           | 0.2         |
|    entropy_loss         | -1.92       |
|    explained_variance   | 0.719       |
|    learning_rate        | 0.0003      |
|    loss                 | 0.383       |
|    n_updates            | 200         |
|    policy_gradient_loss | 0.00183     |
|    std                  | 0.629       |
|    value_loss           | 1.77        |
-----------------------------------------
----------------------------------------
| rollout/                |            |
|    ep_len_mean          | 160        |
|    ep_rew_mean          | 110        |
| time/                   |            |
|    fps                  | 13         |
|    iterations           | 22         |
|    time_elapsed         | 27253      |
|    total_timesteps      | 360448     |
| train/                  |            |
|    approx_kl            | 0.02015564 |
|    clip_fraction        | 0.206      |
|    clip_range           | 0.2        |
|    entropy_loss         | -1.87      |
|    explained_variance   | 0.723      |
|    learning_rate        | 0.0003     |
|    loss                 | 0.246      |
|    n_updates            | 210        |
|    policy_gradient_loss | 0.000543   |
|    std                  | 0.615      |
|    value_loss           | 2.17       |
----------------------------------------
-----------------------------------------
| rollout/                |             |
|    ep_len_mean          | 158         |
|    ep_rew_mean          | 108         |
| time/                   |             |
|    fps                  | 13          |
|    iterations           | 23          |
|    time_elapsed         | 28473       |
|    total_timesteps      | 376832      |
| train/                  |             |
|    approx_kl            | 0.023170298 |
|    clip_fraction        | 0.195       |
|    clip_range           | 0.2         |
|    entropy_loss         | -1.83       |
|    explained_variance   | 0.769       |
|    learning_rate        | 0.0003      |
|    loss                 | 0.157       |
|    n_updates            | 220         |
|    policy_gradient_loss | 0.00453     |
|    std                  | 0.603       |
|    value_loss           | 1.64        |
-----------------------------------------
-----------------------------------------
| rollout/                |             |
|    ep_len_mean          | 158         |
|    ep_rew_mean          | 109         |
| time/                   |             |
|    fps                  | 13          |
|    iterations           | 24          |
|    time_elapsed         | 29695       |
|    total_timesteps      | 393216      |
| train/                  |             |
|    approx_kl            | 0.023307616 |
|    clip_fraction        | 0.22        |
|    clip_range           | 0.2         |
|    entropy_loss         | -1.8        |
|    explained_variance   | 0.761       |
|    learning_rate        | 0.0003      |
|    loss                 | 0.285       |
|    n_updates            | 230         |
|    policy_gradient_loss | 0.00473     |
|    std                  | 0.593       |
|    value_loss           | 2.35        |
-----------------------------------------
-----------------------------------------
| rollout/                |             |
|    ep_len_mean          | 160         |
|    ep_rew_mean          | 110         |
| time/                   |             |
|    fps                  | 13          |
|    iterations           | 25          |
|    time_elapsed         | 30918       |
|    total_timesteps      | 409600      |
| train/                  |             |
|    approx_kl            | 0.028673347 |
|    clip_fraction        | 0.245       |
|    clip_range           | 0.2         |
|    entropy_loss         | -1.77       |
|    explained_variance   | 0.845       |
|    learning_rate        | 0.0003      |
|    loss                 | 0.128       |
|    n_updates            | 240         |
|    policy_gradient_loss | 0.00411     |
|    std                  | 0.586       |
|    value_loss           | 1.83        |
-----------------------------------------
-----------------------------------------
| rollout/                |             |
|    ep_len_mean          | 160         |
|    ep_rew_mean          | 111         |
| time/                   |             |
|    fps                  | 13          |
|    iterations           | 26          |
|    time_elapsed         | 32139       |
|    total_timesteps      | 425984      |
| train/                  |             |
|    approx_kl            | 0.022575168 |
|    clip_fraction        | 0.233       |
|    clip_range           | 0.2         |
|    entropy_loss         | -1.73       |
|    explained_variance   | 0.877       |
|    learning_rate        | 0.0003      |
|    loss                 | 0.0681      |
|    n_updates            | 250         |
|    policy_gradient_loss | 0.00487     |
|    std                  | 0.573       |
|    value_loss           | 1.27        |
-----------------------------------------
-----------------------------------------
| rollout/                |             |
|    ep_len_mean          | 159         |
|    ep_rew_mean          | 111         |
| time/                   |             |
|    fps                  | 13          |
|    iterations           | 27          |
|    time_elapsed         | 33360       |
|    total_timesteps      | 442368      |
| train/                  |             |
|    approx_kl            | 0.022388808 |
|    clip_fraction        | 0.246       |
|    clip_range           | 0.2         |
|    entropy_loss         | -1.71       |
|    explained_variance   | 0.777       |
|    learning_rate        | 0.0003      |
|    loss                 | 0.138       |
|    n_updates            | 260         |
|    policy_gradient_loss | 0.00562     |
|    std                  | 0.573       |
|    value_loss           | 1.86        |
-----------------------------------------
----------------------------------------
| rollout/                |            |
|    ep_len_mean          | 159        |
|    ep_rew_mean          | 112        |
| time/                   |            |
|    fps                  | 13         |
|    iterations           | 28         |
|    time_elapsed         | 34582      |
|    total_timesteps      | 458752     |
| train/                  |            |
|    approx_kl            | 0.02366497 |
|    clip_fraction        | 0.232      |
|    clip_range           | 0.2        |
|    entropy_loss         | -1.71      |
|    explained_variance   | 0.759      |
|    learning_rate        | 0.0003     |
|    loss                 | 1.08       |
|    n_updates            | 270        |
|    policy_gradient_loss | 0.00738    |
|    std                  | 0.57       |
|    value_loss           | 1.92       |
----------------------------------------
-----------------------------------------
| rollout/                |             |
|    ep_len_mean          | 160         |
|    ep_rew_mean          | 113         |
| time/                   |             |
|    fps                  | 13          |
|    iterations           | 29          |
|    time_elapsed         | 35801       |
|    total_timesteps      | 475136      |
| train/                  |             |
|    approx_kl            | 0.025238164 |
|    clip_fraction        | 0.234       |
|    clip_range           | 0.2         |
|    entropy_loss         | -1.69       |
|    explained_variance   | 0.647       |
|    learning_rate        | 0.0003      |
|    loss                 | 0.126       |
|    n_updates            | 280         |
|    policy_gradient_loss | 0.00725     |
|    std                  | 0.567       |
|    value_loss           | 1.05        |
-----------------------------------------
-----------------------------------------
| rollout/                |             |
|    ep_len_mean          | 160         |
|    ep_rew_mean          | 110         |
| time/                   |             |
|    fps                  | 13          |
|    iterations           | 30          |
|    time_elapsed         | 37019       |
|    total_timesteps      | 491520      |
| train/                  |             |
|    approx_kl            | 0.021564163 |
|    clip_fraction        | 0.203       |
|    clip_range           | 0.2         |
|    entropy_loss         | -1.67       |
|    explained_variance   | 0.79        |
|    learning_rate        | 0.0003      |
|    loss                 | 0.852       |
|    n_updates            | 290         |
|    policy_gradient_loss | 0.00222     |
|    std                  | 0.557       |
|    value_loss           | 0.448       |
-----------------------------------------
----------------------------------------
| rollout/                |            |
|    ep_len_mean          | 160        |
|    ep_rew_mean          | 113        |
| time/                   |            |
|    fps                  | 13         |
|    iterations           | 31         |
|    time_elapsed         | 38244      |
|    total_timesteps      | 507904     |
| train/                  |            |
|    approx_kl            | 0.02892883 |
|    clip_fraction        | 0.221      |
|    clip_range           | 0.2        |
|    entropy_loss         | -1.66      |
|    explained_variance   | 0.481      |
|    learning_rate        | 0.0003     |
|    loss                 | 0.659      |
|    n_updates            | 300        |
|    policy_gradient_loss | 0.00732    |
|    std                  | 0.555      |
|    value_loss           | 2.4        |
----------------------------------------


###############################################################################
TCHPC Cluster: callan
Job 153924 (attn_oracle_highway_lanechange_dense_obs20_ne8_500000_v5) for User 'hadjitot' in Account 'callan_hadjitot'
Finished at: Tue Mar  3 23:01:03 GMT 2026

Job efficiency estimates:
=========================

Job ID: 153924
Cluster: callan
User/Group: hadjitot/hadjitot
State: RUNNING
Nodes: 1
Cores per node: 16
CPU Utilized: 11-06:22:22
CPU Efficiency: 48.45% of 23-05:59:44 core-walltime
Job Wall-clock time: 1-10:52:29
Memory Utilized: 3.43 GB
Memory Efficiency: 10.73% of 32.00 GB (32.00 GB/node)
WARNING: Efficiency statistics can only be obtained after the job has ended as seff tool is based on the accounting database data.

Job completion status:
======================

JobID           JobName AllocCPUS NTasks NNodes     MaxRSS    MaxRSSNode  MaxDiskRead MaxDiskWrite    Elapsed      State ExitCode 
------------ ---------- --------- ------ ------ ---------- ------------- ------------ ------------ ---------- ---------- -------- 
153924       attn_orac+        16             1                                                    1-10:52:29    RUNNING      0:0 
153924.batch      batch        16      1      1   3600276K    callan-n12     2583.95M     1726.96M 1-10:53:04  COMPLETED      0:0 
153924.exte+     extern        16      1      1                                                    1-10:52:29    RUNNING      0:0 


Job details:
============

JobId=153924 JobName=attn_oracle_highway_lanechange_dense_obs20_ne8_500000_v5
   UserId=hadjitot(2357) GroupId=hadjitot(2300) MCS_label=N/A
   Priority=102484 Nice=0 Account=callan_hadjitot QOS=normal
   JobState=COMPLETING Reason=None Dependency=(null)
   Requeue=0 Restarts=0 BatchFlag=1 Reboot=0 ExitCode=0:0
   DerivedExitCode=0:0
   RunTime=1-10:53:04 TimeLimit=2-00:00:00 TimeMin=N/A
   SubmitTime=2026-03-02T08:34:33 EligibleTime=2026-03-02T08:34:33
   AccrueTime=2026-03-02T08:34:33
   StartTime=2026-03-02T12:07:59 EndTime=2026-03-03T23:01:03 Deadline=N/A
   SuspendTime=None SecsPreSuspend=0 LastSchedEval=2026-03-02T12:07:59 Scheduler=Backfill
   Partition=compute AllocNode:Sid=callan01:772659
   ReqNodeList=(null) ExcNodeList=(null)
   NodeList=callan-n12
   BatchHost=callan-n12
   NumNodes=1 NumCPUs=16 NumTasks=1 CPUs/Task=16 ReqB:S:C:T=0:0:*:*
   ReqTRES=cpu=16,mem=32G,node=1,billing=16
   AllocTRES=cpu=16,mem=32G,node=1,billing=16
   Socks/Node=* NtasksPerN:B:S:C=0:0:*:* CoreSpec=*
   JOB_GRES=(null)
     Nodes=callan-n12 CPU_IDs=19,34-48 Mem=32768 GRES=
   MinCPUsNode=16 MinMemoryNode=32G MinTmpDiskNode=0
   Features=(null) DelayBoot=00:00:00
   OverSubscribe=OK Contiguous=0 Licenses=(null) LicensesAlloc=(null) Network=(null)
   Command=/home/users/hadjitot/fyp/HighwayEnv/slurm/train_attention.sbatch
   WorkDir=/home/users/hadjitot/fyp/HighwayEnv
   StdErr=/home/users/hadjitot/fyp/HighwayEnv/slurm_out/attn_oracle_highway_lanechange_dense_obs20_ne8_500000_v5_153924.err
   StdIn=/dev/null
   StdOut=/home/users/hadjitot/fyp/HighwayEnv/slurm_out/attn_oracle_highway_lanechange_dense_obs20_ne8_500000_v5_153924.out
   TresPerTask=cpu=16
   


Disk quota details:
===================

                         Block Limits                                    |                     File Limits
Name       type             MB      quota      limit   in_doubt    grace |    files   quota    limit in_doubt    grace
root       USR         4822299          0          0          0     none |   379746       0        0        0     none
root       FILESET     4689426          0          0       2167     none |  9821569       0        0      607     none


SLURM Bank Statement:
=====================

User           Usage |        Account     Usage | Account Limit Available (CPU hrs)
---------- --------- + -------------- --------- + ------------- ---------
hadjitot      14,629 | CALLAN_HADJITOT    14,629 |       300,000   285,371


Acknowledgements:
=================

Note that usage of TCHPC Resources *must* be acknowledged in all publications.

Please see this page for details relevant to this cluster:

http://www.tchpc.tcd.ie/resources/acknowledgementpolicy

################################################################################
