Loading Anaconda 3 2024.02-1
SCENARIO_NAME=cf_obs20_dense
EXP_VERSION=v12
SEED=0
ATTN_MODE=learned
CONTROLLED_VEHICLES=2
MODEL_DIR=runs/models
MODEL_PATH=
STEPS=5000
DEVICE=cpu
SCENARIO_NAME=cf_obs20_dense SEED=0 ATTN_MODE=learned CONTROLLED_VEHICLES=2
Resolved MODEL_PATH=/home/users/hadjitot/fyp/HighwayEnv/runs/models/mappo_attn_learned_cf_obs20_dense_v12_cv2_seed0.pt
Per-agent env obs shape: (20, 5)
Checkpoint policy_kind: attn
Attention log steps: 5000
Saved: (5000, 2, 19) (5000, 2, 19) (5000, 2, 19) (5000, 2, 19)
steps=5000 agents=2 neighbours=19
log_dir=runs/attn_logs_mappo/v12/learned/cf_obs20_dense/cv2/seed0
AGGREGATE
  T: 10000 N: 19
  argmax==leader hit rate: 0.9208
  mean attention on leader: 0.21185969
  mean attention entropy: 1.6048057
  argmax==ttc_critical hit rate: 0.9337
  mean attention on ttc_critical: 0.21194848
  fraction steps with closing TTC candidate: 0.5326
  mean min TTC (closing steps only): 567.0986938476562
AGENT 0
  T: 5000 N: 19
  argmax==leader hit rate: 1.0
  mean attention on leader: 0.18086918
  mean attention entropy: 1.5838399
  argmax==ttc_critical hit rate: 0.9886
  mean attention on ttc_critical: 0.18085235
  fraction steps with closing TTC candidate: 0.4968
  mean min TTC (closing steps only): 3.3919734954833984
AGENT 1
  T: 5000 N: 19
  argmax==leader hit rate: 0.8416
  mean attention on leader: 0.2428502
  mean attention entropy: 1.6257715
  argmax==ttc_critical hit rate: 0.8788
  mean attention on ttc_critical: 0.2430446
  fraction steps with closing TTC candidate: 0.5684
  mean min TTC (closing steps only): 1059.796630859375


###############################################################################
TCHPC Cluster: callan
Job 171500 (attnlog_mappo_learned_cf_obs20_dense_seed0_v12) for User 'hadjitot' in Account 'callan_hadjitot'
Finished at: Sun Mar 29 04:44:32 IST 2026

Job efficiency estimates:
=========================

Job ID: 171500
Cluster: callan
User/Group: hadjitot/hadjitot
State: COMPLETED (exit code 0)
Nodes: 1
Cores per node: 4
CPU Utilized: 00:02:37
CPU Efficiency: 19.82% of 00:13:12 core-walltime
Job Wall-clock time: 00:03:18
Memory Utilized: 372.55 MB
Memory Efficiency: 4.55% of 8.00 GB (8.00 GB/node)

Job completion status:
======================

JobID           JobName AllocCPUS NTasks NNodes     MaxRSS    MaxRSSNode  MaxDiskRead MaxDiskWrite    Elapsed      State ExitCode 
------------ ---------- --------- ------ ------ ---------- ------------- ------------ ------------ ---------- ---------- -------- 
171500       attnlog_m+         4             1                                                      00:03:18  COMPLETED      0:0 
171500.batch      batch         4      1      1    381492K    callan-n08       48.22M        0.01M   00:03:18  COMPLETED      0:0 
171500.exte+     extern         4      1      1                                                      00:03:18  COMPLETED      0:0 


Job details:
============

JobId=171500 JobName=attnlog_mappo_learned_cf_obs20_dense_seed0_v12
   UserId=hadjitot(2357) GroupId=hadjitot(2300) MCS_label=N/A
   Priority=99993 Nice=0 Account=callan_hadjitot QOS=normal
   JobState=COMPLETING Reason=None Dependency=(null)
   Requeue=0 Restarts=0 BatchFlag=1 Reboot=0 ExitCode=0:0
   DerivedExitCode=0:0
   RunTime=00:03:18 TimeLimit=12:00:00 TimeMin=N/A
   SubmitTime=2026-03-28T20:02:54 EligibleTime=2026-03-29T02:21:10
   AccrueTime=2026-03-29T02:21:10
   StartTime=2026-03-29T04:41:14 EndTime=2026-03-29T04:44:32 Deadline=N/A
   SuspendTime=None SecsPreSuspend=0 LastSchedEval=2026-03-29T04:41:14 Scheduler=Backfill
   Partition=compute AllocNode:Sid=callan01:1182475
   ReqNodeList=(null) ExcNodeList=(null)
   NodeList=callan-n08
   BatchHost=callan-n08
   NumNodes=1 NumCPUs=4 NumTasks=1 CPUs/Task=4 ReqB:S:C:T=0:0:*:*
   ReqTRES=cpu=4,mem=8G,node=1,billing=4
   AllocTRES=cpu=4,mem=8G,node=1,billing=4
   Socks/Node=* NtasksPerN:B:S:C=0:0:*:* CoreSpec=*
   JOB_GRES=(null)
     Nodes=callan-n08 CPU_IDs=30-31,59-60 Mem=8192 GRES=
   MinCPUsNode=4 MinMemoryNode=8G MinTmpDiskNode=0
   Features=(null) DelayBoot=00:00:00
   OverSubscribe=OK Contiguous=0 Licenses=(null) LicensesAlloc=(null) Network=(null)
   Command=/home/users/hadjitot/fyp/HighwayEnv/slurm/eval_mappo_attention.sbatch
   WorkDir=/home/users/hadjitot/fyp/HighwayEnv
   StdErr=/home/users/hadjitot/fyp/HighwayEnv/slurm_out/attnlog_mappo_learned_cf_obs20_dense_seed0_v12_171500.err
   StdIn=/dev/null
   StdOut=/home/users/hadjitot/fyp/HighwayEnv/slurm_out/attnlog_mappo_learned_cf_obs20_dense_seed0_v12_171500.out
   TresPerTask=cpu=4
   


Disk quota details:
===================

                         Block Limits                                    |                     File Limits
Name       type             MB      quota      limit   in_doubt    grace |    files   quota    limit in_doubt    grace
root       USR         4985628          0          0       1584     none |   398762       0        0      948     none
root       FILESET     5151796          0          0       4444     none |  9900241       0        0     1525     none


SLURM Bank Statement:
=====================

User           Usage |        Account     Usage | Account Limit Available (CPU hrs)
---------- --------- + -------------- --------- + ------------- ---------
hadjitot      13,887 | CALLAN_HADJITOT    13,887 |       300,000   286,113


Acknowledgements:
=================

Note that usage of TCHPC Resources *must* be acknowledged in all publications.

Please see this page for details relevant to this cluster:

http://www.tchpc.tcd.ie/resources/acknowledgementpolicy

################################################################################
