Loading Anaconda 3 2024.02-1
SCENARIO_NAME=cf_obs15
SEED=0
EXP_VERSION=v10_diag
ATTN_MODE=oracle
CONTROLLED_VEHICLES=2
MODEL_DIR=runs/models
MODEL_PATH=runs/models/ppo_shared_attn_oracle_cf_obs15_v10_diag_cv2_seed0.zip
STEPS=5000
OUT_DIR=runs/attn_logs_shared/oracle/cf_obs15/cv2/seed0
SCENARIO_NAME=cf_obs15 SEED=0 ATTN_MODE=oracle CONTROLLED_VEHICLES=2
Resolved MODEL_PATH=/home/users/hadjitot/fyp/HighwayEnv/runs/models/ppo_shared_attn_oracle_cf_obs15_v10_diag_cv2_seed0.zip
Per-agent env obs shape: (15, 5)
Model obs shape: (15, 5)
Attention log steps: 5000
Saved: (5000, 2, 14) (5000, 2, 14) (5000, 2, 14) (5000, 2, 14)
steps=5000 agents=2 neighbours=14
log_dir=runs/attn_logs_shared/oracle/cf_obs15/cv2/seed0
AGGREGATE
  T: 10000 N: 14
  argmax==leader hit rate: 1.0
  mean attention on leader: 1.0
  mean attention entropy: 3.5920328e-10
  argmax==ttc_critical hit rate: 0.9832
  mean attention on ttc_critical: 0.9832
  fraction steps with closing TTC candidate: 0.7988
  mean min TTC (closing steps only): 38.74995040893555
AGENT 0
  T: 5000 N: 14
  argmax==leader hit rate: 1.0
  mean attention on leader: 1.0
  mean attention entropy: 3.5920325e-10
  argmax==ttc_critical hit rate: 0.981
  mean attention on ttc_critical: 0.981
  fraction steps with closing TTC candidate: 0.8048
  mean min TTC (closing steps only): 25.169239044189453
AGENT 1
  T: 5000 N: 14
  argmax==leader hit rate: 1.0
  mean attention on leader: 1.0
  mean attention entropy: 3.5920325e-10
  argmax==ttc_critical hit rate: 0.9854
  mean attention on ttc_critical: 0.9854
  fraction steps with closing TTC candidate: 0.7928
  mean min TTC (closing steps only): 52.536216735839844


###############################################################################
TCHPC Cluster: callan
Job 168829 (attnlog_oracle_cf_obs15_seed0_cv2_v10_diag) for User 'hadjitot' in Account 'callan_hadjitot'
Finished at: Fri Mar 20 11:35:07 GMT 2026

Job efficiency estimates:
=========================

Job ID: 168829
Cluster: callan
User/Group: hadjitot/hadjitot
State: COMPLETED (exit code 0)
Nodes: 1
Cores per node: 8
CPU Utilized: 00:01:52
CPU Efficiency: 10.69% of 00:17:28 core-walltime
Job Wall-clock time: 00:02:11
Memory Utilized: 420.55 MB
Memory Efficiency: 2.57% of 16.00 GB (16.00 GB/node)

Job completion status:
======================

JobID           JobName AllocCPUS NTasks NNodes     MaxRSS    MaxRSSNode  MaxDiskRead MaxDiskWrite    Elapsed      State ExitCode 
------------ ---------- --------- ------ ------ ---------- ------------- ------------ ------------ ---------- ---------- -------- 
168829       attnlog_o+         8             1                                                      00:02:11  COMPLETED      0:0 
168829.batch      batch         8      1      1    430640K    callan-n10       61.03M        0.01M   00:02:11  COMPLETED      0:0 
168829.exte+     extern         8      1      1                                                      00:02:11  COMPLETED      0:0 


Job details:
============

JobId=168829 JobName=attnlog_oracle_cf_obs15_seed0_cv2_v10_diag
   UserId=hadjitot(2357) GroupId=hadjitot(2300) MCS_label=N/A
   Priority=105605 Nice=0 Account=callan_hadjitot QOS=normal
   JobState=COMPLETING Reason=None Dependency=(null)
   Requeue=0 Restarts=0 BatchFlag=1 Reboot=0 ExitCode=0:0
   DerivedExitCode=0:0
   RunTime=00:02:11 TimeLimit=1-00:00:00 TimeMin=N/A
   SubmitTime=2026-03-19T20:18:40 EligibleTime=2026-03-19T23:51:52
   AccrueTime=2026-03-19T23:51:52
   StartTime=2026-03-20T11:32:56 EndTime=2026-03-20T11:35:07 Deadline=N/A
   SuspendTime=None SecsPreSuspend=0 LastSchedEval=2026-03-20T11:32:56 Scheduler=Backfill
   Partition=compute AllocNode:Sid=callan01:191490
   ReqNodeList=(null) ExcNodeList=(null)
   NodeList=callan-n10
   BatchHost=callan-n10
   NumNodes=1 NumCPUs=8 NumTasks=1 CPUs/Task=8 ReqB:S:C:T=0:0:*:*
   ReqTRES=cpu=8,mem=16G,node=1,billing=8
   AllocTRES=cpu=8,mem=16G,node=1,billing=8
   Socks/Node=* NtasksPerN:B:S:C=0:0:*:* CoreSpec=*
   JOB_GRES=(null)
     Nodes=callan-n10 CPU_IDs=52-59 Mem=16384 GRES=
   MinCPUsNode=8 MinMemoryNode=16G MinTmpDiskNode=0
   Features=(null) DelayBoot=00:00:00
   OverSubscribe=OK Contiguous=0 Licenses=(null) LicensesAlloc=(null) Network=(null)
   Command=/home/users/hadjitot/fyp/HighwayEnv/slurm/eval_shared_attention.sbatch
   WorkDir=/home/users/hadjitot/fyp/HighwayEnv
   StdErr=/home/users/hadjitot/fyp/HighwayEnv/slurm_out/attnlog_oracle_cf_obs15_seed0_cv2_v10_diag_168829.err
   StdIn=/dev/null
   StdOut=/home/users/hadjitot/fyp/HighwayEnv/slurm_out/attnlog_oracle_cf_obs15_seed0_cv2_v10_diag_168829.out
   TresPerTask=cpu=8
   


Disk quota details:
===================

                         Block Limits                                    |                     File Limits
Name       type             MB      quota      limit   in_doubt    grace |    files   quota    limit in_doubt    grace
root       USR         4871302          0          0       1420     none |   393784       0        0      345     none
root       FILESET     4917847          0          0       3408     none |  9857073       0        0      891     none


SLURM Bank Statement:
=====================

User           Usage |        Account     Usage | Account Limit Available (CPU hrs)
---------- --------- + -------------- --------- + ------------- ---------
hadjitot      14,407 | CALLAN_HADJITOT    14,407 |       300,000   285,593


Acknowledgements:
=================

Note that usage of TCHPC Resources *must* be acknowledged in all publications.

Please see this page for details relevant to this cluster:

http://www.tchpc.tcd.ie/resources/acknowledgementpolicy

################################################################################
