Loading Anaconda 3 2024.02-1
SCENARIO_NAME=cf_obs15
EXP_VERSION=v8
TOTAL_TIMESTEPS=1000000
N_ENVS=8
ATTN_MODE=learned
X_INDEX=1
VX_INDEX=3
ORACLE_RULE=leader_x
TTC_EPS=1e-6
ppo_attn_learned_cf_obs15_v8_seed2 obs shape: (15, 5) action space: Box(-1.0, 1.0, (1,), float32)
Using cpu device
Logging to runs/tb/ppo_attn_learned_cf_obs15_v8_seed2_1
---------------------------------
| rollout/           |          |
|    ep_len_mean     | 14.9     |
|    ep_rew_mean     | 1.37     |
| time/              |          |
|    fps             | 377      |
|    iterations      | 1        |
|    time_elapsed    | 43       |
|    total_timesteps | 16384    |
---------------------------------
------------------------------------------
| rollout/                |              |
|    ep_len_mean          | 15.2         |
|    ep_rew_mean          | 1.41         |
| time/                   |              |
|    fps                  | 345          |
|    iterations           | 2            |
|    time_elapsed         | 94           |
|    total_timesteps      | 32768        |
| train/                  |              |
|    approx_kl            | 0.0044257636 |
|    clip_fraction        | 0.0327       |
|    clip_range           | 0.2          |
|    entropy_loss         | -1.42        |
|    explained_variance   | -0.00132     |
|    learning_rate        | 0.0003       |
|    loss                 | 0.0768       |
|    n_updates            | 10           |
|    policy_gradient_loss | -0.00177     |
|    std                  | 1.01         |
|    value_loss           | 1.19         |
------------------------------------------
-----------------------------------------
| rollout/                |             |
|    ep_len_mean          | 16.1        |
|    ep_rew_mean          | 1.64        |
| time/                   |             |
|    fps                  | 336         |
|    iterations           | 3           |
|    time_elapsed         | 146         |
|    total_timesteps      | 49152       |
| train/                  |             |
|    approx_kl            | 0.015195485 |
|    clip_fraction        | 0.208       |
|    clip_range           | 0.2         |
|    entropy_loss         | -1.41       |
|    explained_variance   | 0.984       |
|    learning_rate        | 0.0003      |
|    loss                 | 0.0611      |
|    n_updates            | 20          |
|    policy_gradient_loss | -0.0217     |
|    std                  | 0.976       |
|    value_loss           | 0.166       |
-----------------------------------------
----------------------------------------
| rollout/                |            |
|    ep_len_mean          | 17         |
|    ep_rew_mean          | 1.8        |
| time/                   |            |
|    fps                  | 332        |
|    iterations           | 4          |
|    time_elapsed         | 197        |
|    total_timesteps      | 65536      |
| train/                  |            |
|    approx_kl            | 0.01506344 |
|    clip_fraction        | 0.198      |
|    clip_range           | 0.2        |
|    entropy_loss         | -1.41      |
|    explained_variance   | 0.989      |
|    learning_rate        | 0.0003     |
|    loss                 | 0.022      |
|    n_updates            | 30         |
|    policy_gradient_loss | -0.0248    |
|    std                  | 0.996      |
|    value_loss           | 0.135      |
----------------------------------------
-----------------------------------------
| rollout/                |             |
|    ep_len_mean          | 18.6        |
|    ep_rew_mean          | 2.17        |
| time/                   |             |
|    fps                  | 330         |
|    iterations           | 5           |
|    time_elapsed         | 247         |
|    total_timesteps      | 81920       |
| train/                  |             |
|    approx_kl            | 0.024124373 |
|    clip_fraction        | 0.268       |
|    clip_range           | 0.2         |
|    entropy_loss         | -1.36       |
|    explained_variance   | 0.991       |
|    learning_rate        | 0.0003      |
|    loss                 | 0.111       |
|    n_updates            | 40          |
|    policy_gradient_loss | -0.0329     |
|    std                  | 0.928       |
|    value_loss           | 0.148       |
-----------------------------------------
-----------------------------------------
| rollout/                |             |
|    ep_len_mean          | 27.8        |
|    ep_rew_mean          | 0.693       |
| time/                   |             |
|    fps                  | 331         |
|    iterations           | 6           |
|    time_elapsed         | 296         |
|    total_timesteps      | 98304       |
| train/                  |             |
|    approx_kl            | 0.019988537 |
|    clip_fraction        | 0.199       |
|    clip_range           | 0.2         |
|    entropy_loss         | -1.3        |
|    explained_variance   | 0.705       |
|    learning_rate        | 0.0003      |
|    loss                 | 1.14        |
|    n_updates            | 50          |
|    policy_gradient_loss | -0.00816    |
|    std                  | 0.872       |
|    value_loss           | 0.88        |
-----------------------------------------
-----------------------------------------
| rollout/                |             |
|    ep_len_mean          | 40.7        |
|    ep_rew_mean          | -1.1        |
| time/                   |             |
|    fps                  | 333         |
|    iterations           | 7           |
|    time_elapsed         | 344         |
|    total_timesteps      | 114688      |
| train/                  |             |
|    approx_kl            | 0.015007349 |
|    clip_fraction        | 0.142       |
|    clip_range           | 0.2         |
|    entropy_loss         | -1.24       |
|    explained_variance   | 0.527       |
|    learning_rate        | 0.0003      |
|    loss                 | 0.19        |
|    n_updates            | 60          |
|    policy_gradient_loss | -0.00713    |
|    std                  | 0.823       |
|    value_loss           | 1.23        |
-----------------------------------------
-----------------------------------------
| rollout/                |             |
|    ep_len_mean          | 64.9        |
|    ep_rew_mean          | -1.51       |
| time/                   |             |
|    fps                  | 334         |
|    iterations           | 8           |
|    time_elapsed         | 391         |
|    total_timesteps      | 131072      |
| train/                  |             |
|    approx_kl            | 0.008289389 |
|    clip_fraction        | 0.0939      |
|    clip_range           | 0.2         |
|    entropy_loss         | -1.22       |
|    explained_variance   | 0.747       |
|    learning_rate        | 0.0003      |
|    loss                 | 0.966       |
|    n_updates            | 70          |
|    policy_gradient_loss | -0.00783    |
|    std                  | 0.822       |
|    value_loss           | 2.48        |
-----------------------------------------
-----------------------------------------
| rollout/                |             |
|    ep_len_mean          | 82.6        |
|    ep_rew_mean          | 5.78        |
| time/                   |             |
|    fps                  | 336         |
|    iterations           | 9           |
|    time_elapsed         | 438         |
|    total_timesteps      | 147456      |
| train/                  |             |
|    approx_kl            | 0.014997928 |
|    clip_fraction        | 0.203       |
|    clip_range           | 0.2         |
|    entropy_loss         | -1.2        |
|    explained_variance   | 0.913       |
|    learning_rate        | 0.0003      |
|    loss                 | 1.5         |
|    n_updates            | 80          |
|    policy_gradient_loss | -0.0205     |
|    std                  | 0.796       |
|    value_loss           | 3.46        |
-----------------------------------------
-----------------------------------------
| rollout/                |             |
|    ep_len_mean          | 121         |
|    ep_rew_mean          | 13          |
| time/                   |             |
|    fps                  | 337         |
|    iterations           | 10          |
|    time_elapsed         | 485         |
|    total_timesteps      | 163840      |
| train/                  |             |
|    approx_kl            | 0.020028107 |
|    clip_fraction        | 0.266       |
|    clip_range           | 0.2         |
|    entropy_loss         | -1.15       |
|    explained_variance   | 0.926       |
|    learning_rate        | 0.0003      |
|    loss                 | 1.6         |
|    n_updates            | 90          |
|    policy_gradient_loss | -0.0299     |
|    std                  | 0.759       |
|    value_loss           | 3.43        |
-----------------------------------------
-----------------------------------------
| rollout/                |             |
|    ep_len_mean          | 125         |
|    ep_rew_mean          | 16.7        |
| time/                   |             |
|    fps                  | 338         |
|    iterations           | 11          |
|    time_elapsed         | 531         |
|    total_timesteps      | 180224      |
| train/                  |             |
|    approx_kl            | 0.021771632 |
|    clip_fraction        | 0.268       |
|    clip_range           | 0.2         |
|    entropy_loss         | -1.1        |
|    explained_variance   | 0.902       |
|    learning_rate        | 0.0003      |
|    loss                 | 0.946       |
|    n_updates            | 100         |
|    policy_gradient_loss | -0.0284     |
|    std                  | 0.719       |
|    value_loss           | 1.57        |
-----------------------------------------
----------------------------------------
| rollout/                |            |
|    ep_len_mean          | 136        |
|    ep_rew_mean          | 21.4       |
| time/                   |            |
|    fps                  | 339        |
|    iterations           | 12         |
|    time_elapsed         | 578        |
|    total_timesteps      | 196608     |
| train/                  |            |
|    approx_kl            | 0.02098968 |
|    clip_fraction        | 0.257      |
|    clip_range           | 0.2        |
|    entropy_loss         | -1.04      |
|    explained_variance   | 0.868      |
|    learning_rate        | 0.0003     |
|    loss                 | 0.43       |
|    n_updates            | 110        |
|    policy_gradient_loss | -0.0263    |
|    std                  | 0.68       |
|    value_loss           | 1.21       |
----------------------------------------
-----------------------------------------
| rollout/                |             |
|    ep_len_mean          | 151         |
|    ep_rew_mean          | 29.9        |
| time/                   |             |
|    fps                  | 340         |
|    iterations           | 13          |
|    time_elapsed         | 624         |
|    total_timesteps      | 212992      |
| train/                  |             |
|    approx_kl            | 0.021060199 |
|    clip_fraction        | 0.251       |
|    clip_range           | 0.2         |
|    entropy_loss         | -0.994      |
|    explained_variance   | 0.845       |
|    learning_rate        | 0.0003      |
|    loss                 | 0.493       |
|    n_updates            | 120         |
|    policy_gradient_loss | -0.0245     |
|    std                  | 0.649       |
|    value_loss           | 1.04        |
-----------------------------------------
-----------------------------------------
| rollout/                |             |
|    ep_len_mean          | 137         |
|    ep_rew_mean          | 27.2        |
| time/                   |             |
|    fps                  | 341         |
|    iterations           | 14          |
|    time_elapsed         | 671         |
|    total_timesteps      | 229376      |
| train/                  |             |
|    approx_kl            | 0.015655495 |
|    clip_fraction        | 0.183       |
|    clip_range           | 0.2         |
|    entropy_loss         | -0.95       |
|    explained_variance   | 0.877       |
|    learning_rate        | 0.0003      |
|    loss                 | 0.112       |
|    n_updates            | 130         |
|    policy_gradient_loss | -0.0133     |
|    std                  | 0.62        |
|    value_loss           | 0.52        |
-----------------------------------------
-----------------------------------------
| rollout/                |             |
|    ep_len_mean          | 150         |
|    ep_rew_mean          | 30.8        |
| time/                   |             |
|    fps                  | 342         |
|    iterations           | 15          |
|    time_elapsed         | 717         |
|    total_timesteps      | 245760      |
| train/                  |             |
|    approx_kl            | 0.014974388 |
|    clip_fraction        | 0.137       |
|    clip_range           | 0.2         |
|    entropy_loss         | -0.937      |
|    explained_variance   | 0.73        |
|    learning_rate        | 0.0003      |
|    loss                 | 1.05        |
|    n_updates            | 140         |
|    policy_gradient_loss | 0.00186     |
|    std                  | 0.619       |
|    value_loss           | 1.69        |
-----------------------------------------
-----------------------------------------
| rollout/                |             |
|    ep_len_mean          | 151         |
|    ep_rew_mean          | 30.6        |
| time/                   |             |
|    fps                  | 342         |
|    iterations           | 16          |
|    time_elapsed         | 764         |
|    total_timesteps      | 262144      |
| train/                  |             |
|    approx_kl            | 0.013223259 |
|    clip_fraction        | 0.114       |
|    clip_range           | 0.2         |
|    entropy_loss         | -0.937      |
|    explained_variance   | 0.925       |
|    learning_rate        | 0.0003      |
|    loss                 | 0.107       |
|    n_updates            | 150         |
|    policy_gradient_loss | 0.0031      |
|    std                  | 0.616       |
|    value_loss           | 0.406       |
-----------------------------------------
---------------------------------------
| rollout/                |           |
|    ep_len_mean          | 150       |
|    ep_rew_mean          | 30.5      |
| time/                   |           |
|    fps                  | 343       |
|    iterations           | 17        |
|    time_elapsed         | 810       |
|    total_timesteps      | 278528    |
| train/                  |           |
|    approx_kl            | 0.0125403 |
|    clip_fraction        | 0.137     |
|    clip_range           | 0.2       |
|    entropy_loss         | -0.935    |
|    explained_variance   | 0.913     |
|    learning_rate        | 0.0003    |
|    loss                 | 0.268     |
|    n_updates            | 160       |
|    policy_gradient_loss | 0.00839   |
|    std                  | 0.614     |
|    value_loss           | 0.472     |
---------------------------------------
-----------------------------------------
| rollout/                |             |
|    ep_len_mean          | 151         |
|    ep_rew_mean          | 30.8        |
| time/                   |             |
|    fps                  | 344         |
|    iterations           | 18          |
|    time_elapsed         | 856         |
|    total_timesteps      | 294912      |
| train/                  |             |
|    approx_kl            | 0.012132206 |
|    clip_fraction        | 0.134       |
|    clip_range           | 0.2         |
|    entropy_loss         | -0.92       |
|    explained_variance   | 0.934       |
|    learning_rate        | 0.0003      |
|    loss                 | 0.114       |
|    n_updates            | 170         |
|    policy_gradient_loss | 0.00545     |
|    std                  | 0.608       |
|    value_loss           | 0.327       |
-----------------------------------------
-----------------------------------------
| rollout/                |             |
|    ep_len_mean          | 141         |
|    ep_rew_mean          | 27.9        |
| time/                   |             |
|    fps                  | 344         |
|    iterations           | 19          |
|    time_elapsed         | 903         |
|    total_timesteps      | 311296      |
| train/                  |             |
|    approx_kl            | 0.014268281 |
|    clip_fraction        | 0.142       |
|    clip_range           | 0.2         |
|    entropy_loss         | -0.918      |
|    explained_variance   | 0.956       |
|    learning_rate        | 0.0003      |
|    loss                 | 0.042       |
|    n_updates            | 180         |
|    policy_gradient_loss | 0.000636    |
|    std                  | 0.602       |
|    value_loss           | 0.173       |
-----------------------------------------
----------------------------------------
| rollout/                |            |
|    ep_len_mean          | 151        |
|    ep_rew_mean          | 30.8       |
| time/                   |            |
|    fps                  | 344        |
|    iterations           | 20         |
|    time_elapsed         | 949        |
|    total_timesteps      | 327680     |
| train/                  |            |
|    approx_kl            | 0.01535223 |
|    clip_fraction        | 0.191      |
|    clip_range           | 0.2        |
|    entropy_loss         | -0.913     |
|    explained_variance   | 0.601      |
|    learning_rate        | 0.0003     |
|    loss                 | 0.568      |
|    n_updates            | 190        |
|    policy_gradient_loss | 0.00219    |
|    std                  | 0.606      |
|    value_loss           | 3.08       |
----------------------------------------
-----------------------------------------
| rollout/                |             |
|    ep_len_mean          | 150         |
|    ep_rew_mean          | 30.3        |
| time/                   |             |
|    fps                  | 345         |
|    iterations           | 21          |
|    time_elapsed         | 996         |
|    total_timesteps      | 344064      |
| train/                  |             |
|    approx_kl            | 0.015927972 |
|    clip_fraction        | 0.126       |
|    clip_range           | 0.2         |
|    entropy_loss         | -0.906      |
|    explained_variance   | 0.927       |
|    learning_rate        | 0.0003      |
|    loss                 | 0.969       |
|    n_updates            | 200         |
|    policy_gradient_loss | 0.00429     |
|    std                  | 0.603       |
|    value_loss           | 0.34        |
-----------------------------------------
-----------------------------------------
| rollout/                |             |
|    ep_len_mean          | 147         |
|    ep_rew_mean          | 30.1        |
| time/                   |             |
|    fps                  | 345         |
|    iterations           | 22          |
|    time_elapsed         | 1042        |
|    total_timesteps      | 360448      |
| train/                  |             |
|    approx_kl            | 0.012418285 |
|    clip_fraction        | 0.117       |
|    clip_range           | 0.2         |
|    entropy_loss         | -0.905      |
|    explained_variance   | 0.918       |
|    learning_rate        | 0.0003      |
|    loss                 | 0.0585      |
|    n_updates            | 210         |
|    policy_gradient_loss | 0.0052      |
|    std                  | 0.592       |
|    value_loss           | 0.355       |
-----------------------------------------
-----------------------------------------
| rollout/                |             |
|    ep_len_mean          | 142         |
|    ep_rew_mean          | 28.9        |
| time/                   |             |
|    fps                  | 345         |
|    iterations           | 23          |
|    time_elapsed         | 1089        |
|    total_timesteps      | 376832      |
| train/                  |             |
|    approx_kl            | 0.010222822 |
|    clip_fraction        | 0.127       |
|    clip_range           | 0.2         |
|    entropy_loss         | -0.891      |
|    explained_variance   | 0.712       |
|    learning_rate        | 0.0003      |
|    loss                 | 1.96        |
|    n_updates            | 220         |
|    policy_gradient_loss | 0.00338     |
|    std                  | 0.59        |
|    value_loss           | 1.62        |
-----------------------------------------
-----------------------------------------
| rollout/                |             |
|    ep_len_mean          | 147         |
|    ep_rew_mean          | 30.2        |
| time/                   |             |
|    fps                  | 346         |
|    iterations           | 24          |
|    time_elapsed         | 1135        |
|    total_timesteps      | 393216      |
| train/                  |             |
|    approx_kl            | 0.018470671 |
|    clip_fraction        | 0.2         |
|    clip_range           | 0.2         |
|    entropy_loss         | -0.88       |
|    explained_variance   | 0.68        |
|    learning_rate        | 0.0003      |
|    loss                 | 1.19        |
|    n_updates            | 230         |
|    policy_gradient_loss | 5.2e-05     |
|    std                  | 0.578       |
|    value_loss           | 2.85        |
-----------------------------------------
-----------------------------------------
| rollout/                |             |
|    ep_len_mean          | 150         |
|    ep_rew_mean          | 30.6        |
| time/                   |             |
|    fps                  | 346         |
|    iterations           | 25          |
|    time_elapsed         | 1182        |
|    total_timesteps      | 409600      |
| train/                  |             |
|    approx_kl            | 0.015522685 |
|    clip_fraction        | 0.201       |
|    clip_range           | 0.2         |
|    entropy_loss         | -0.858      |
|    explained_variance   | 0.815       |
|    learning_rate        | 0.0003      |
|    loss                 | 2.27        |
|    n_updates            | 240         |
|    policy_gradient_loss | 0.00541     |
|    std                  | 0.565       |
|    value_loss           | 0.943       |
-----------------------------------------
-----------------------------------------
| rollout/                |             |
|    ep_len_mean          | 149         |
|    ep_rew_mean          | 30.2        |
| time/                   |             |
|    fps                  | 346         |
|    iterations           | 26          |
|    time_elapsed         | 1228        |
|    total_timesteps      | 425984      |
| train/                  |             |
|    approx_kl            | 0.010199796 |
|    clip_fraction        | 0.124       |
|    clip_range           | 0.2         |
|    entropy_loss         | -0.837      |
|    explained_variance   | 0.906       |
|    learning_rate        | 0.0003      |
|    loss                 | 0.0473      |
|    n_updates            | 250         |
|    policy_gradient_loss | 0.00467     |
|    std                  | 0.556       |
|    value_loss           | 0.396       |
-----------------------------------------
-----------------------------------------
| rollout/                |             |
|    ep_len_mean          | 146         |
|    ep_rew_mean          | 29.3        |
| time/                   |             |
|    fps                  | 346         |
|    iterations           | 27          |
|    time_elapsed         | 1276        |
|    total_timesteps      | 442368      |
| train/                  |             |
|    approx_kl            | 0.015144251 |
|    clip_fraction        | 0.119       |
|    clip_range           | 0.2         |
|    entropy_loss         | -0.821      |
|    explained_variance   | 0.87        |
|    learning_rate        | 0.0003      |
|    loss                 | 0.254       |
|    n_updates            | 260         |
|    policy_gradient_loss | 0.00535     |
|    std                  | 0.547       |
|    value_loss           | 0.592       |
-----------------------------------------
-----------------------------------------
| rollout/                |             |
|    ep_len_mean          | 150         |
|    ep_rew_mean          | 30.4        |
| time/                   |             |
|    fps                  | 346         |
|    iterations           | 28          |
|    time_elapsed         | 1324        |
|    total_timesteps      | 458752      |
| train/                  |             |
|    approx_kl            | 0.009702796 |
|    clip_fraction        | 0.147       |
|    clip_range           | 0.2         |
|    entropy_loss         | -0.806      |
|    explained_variance   | 0.65        |
|    learning_rate        | 0.0003      |
|    loss                 | 1.48        |
|    n_updates            | 270         |
|    policy_gradient_loss | 0.00104     |
|    std                  | 0.538       |
|    value_loss           | 2.04        |
-----------------------------------------
-----------------------------------------
| rollout/                |             |
|    ep_len_mean          | 148         |
|    ep_rew_mean          | 30.6        |
| time/                   |             |
|    fps                  | 346         |
|    iterations           | 29          |
|    time_elapsed         | 1371        |
|    total_timesteps      | 475136      |
| train/                  |             |
|    approx_kl            | 0.010855823 |
|    clip_fraction        | 0.126       |
|    clip_range           | 0.2         |
|    entropy_loss         | -0.777      |
|    explained_variance   | 0.896       |
|    learning_rate        | 0.0003      |
|    loss                 | 0.0148      |
|    n_updates            | 280         |
|    policy_gradient_loss | 0.0029      |
|    std                  | 0.522       |
|    value_loss           | 0.371       |
-----------------------------------------
-----------------------------------------
| rollout/                |             |
|    ep_len_mean          | 151         |
|    ep_rew_mean          | 30.8        |
| time/                   |             |
|    fps                  | 346         |
|    iterations           | 30          |
|    time_elapsed         | 1417        |
|    total_timesteps      | 491520      |
| train/                  |             |
|    approx_kl            | 0.013511075 |
|    clip_fraction        | 0.124       |
|    clip_range           | 0.2         |
|    entropy_loss         | -0.764      |
|    explained_variance   | 0.711       |
|    learning_rate        | 0.0003      |
|    loss                 | 0.166       |
|    n_updates            | 290         |
|    policy_gradient_loss | 0.00422     |
|    std                  | 0.524       |
|    value_loss           | 1.42        |
-----------------------------------------
----------------------------------------
| rollout/                |            |
|    ep_len_mean          | 140        |
|    ep_rew_mean          | 27.9       |
| time/                   |            |
|    fps                  | 346        |
|    iterations           | 31         |
|    time_elapsed         | 1465       |
|    total_timesteps      | 507904     |
| train/                  |            |
|    approx_kl            | 0.00964128 |
|    clip_fraction        | 0.103      |
|    clip_range           | 0.2        |
|    entropy_loss         | -0.76      |
|    explained_variance   | 0.972      |
|    learning_rate        | 0.0003     |
|    loss                 | 0.0489     |
|    n_updates            | 300        |
|    policy_gradient_loss | 0.00406    |
|    std                  | 0.514      |
|    value_loss           | 0.0742     |
----------------------------------------
----------------------------------------
| rollout/                |            |
|    ep_len_mean          | 148        |
|    ep_rew_mean          | 30.2       |
| time/                   |            |
|    fps                  | 346        |
|    iterations           | 32         |
|    time_elapsed         | 1511       |
|    total_timesteps      | 524288     |
| train/                  |            |
|    approx_kl            | 0.01522617 |
|    clip_fraction        | 0.163      |
|    clip_range           | 0.2        |
|    entropy_loss         | -0.755     |
|    explained_variance   | 0.466      |
|    learning_rate        | 0.0003     |
|    loss                 | 0.248      |
|    n_updates            | 310        |
|    policy_gradient_loss | 0.000509   |
|    std                  | 0.514      |
|    value_loss           | 3.96       |
----------------------------------------
-----------------------------------------
| rollout/                |             |
|    ep_len_mean          | 151         |
|    ep_rew_mean          | 30.9        |
| time/                   |             |
|    fps                  | 346         |
|    iterations           | 33          |
|    time_elapsed         | 1559        |
|    total_timesteps      | 540672      |
| train/                  |             |
|    approx_kl            | 0.013395868 |
|    clip_fraction        | 0.167       |
|    clip_range           | 0.2         |
|    entropy_loss         | -0.737      |
|    explained_variance   | 0.788       |
|    learning_rate        | 0.0003      |
|    loss                 | 8.22        |
|    n_updates            | 320         |
|    policy_gradient_loss | -0.00211    |
|    std                  | 0.502       |
|    value_loss           | 1.41        |
-----------------------------------------
-----------------------------------------
| rollout/                |             |
|    ep_len_mean          | 149         |
|    ep_rew_mean          | 29.9        |
| time/                   |             |
|    fps                  | 346         |
|    iterations           | 34          |
|    time_elapsed         | 1607        |
|    total_timesteps      | 557056      |
| train/                  |             |
|    approx_kl            | 0.008521479 |
|    clip_fraction        | 0.115       |
|    clip_range           | 0.2         |
|    entropy_loss         | -0.72       |
|    explained_variance   | 0.965       |
|    learning_rate        | 0.0003      |
|    loss                 | 0.102       |
|    n_updates            | 330         |
|    policy_gradient_loss | 0.00582     |
|    std                  | 0.497       |
|    value_loss           | 0.0844      |
-----------------------------------------
-----------------------------------------
| rollout/                |             |
|    ep_len_mean          | 151         |
|    ep_rew_mean          | 30.2        |
| time/                   |             |
|    fps                  | 346         |
|    iterations           | 35          |
|    time_elapsed         | 1656        |
|    total_timesteps      | 573440      |
| train/                  |             |
|    approx_kl            | 0.008398417 |
|    clip_fraction        | 0.109       |
|    clip_range           | 0.2         |
|    entropy_loss         | -0.716      |
|    explained_variance   | 0.801       |
|    learning_rate        | 0.0003      |
|    loss                 | 0.0569      |
|    n_updates            | 340         |
|    policy_gradient_loss | 0.00204     |
|    std                  | 0.499       |
|    value_loss           | 0.632       |
-----------------------------------------
-----------------------------------------
| rollout/                |             |
|    ep_len_mean          | 150         |
|    ep_rew_mean          | 30.4        |
| time/                   |             |
|    fps                  | 346         |
|    iterations           | 36          |
|    time_elapsed         | 1704        |
|    total_timesteps      | 589824      |
| train/                  |             |
|    approx_kl            | 0.009103434 |
|    clip_fraction        | 0.118       |
|    clip_range           | 0.2         |
|    entropy_loss         | -0.707      |
|    explained_variance   | 0.958       |
|    learning_rate        | 0.0003      |
|    loss                 | 0.0236      |
|    n_updates            | 350         |
|    policy_gradient_loss | 0.00157     |
|    std                  | 0.489       |
|    value_loss           | 0.0595      |
-----------------------------------------
-----------------------------------------
| rollout/                |             |
|    ep_len_mean          | 151         |
|    ep_rew_mean          | 30.4        |
| time/                   |             |
|    fps                  | 345         |
|    iterations           | 37          |
|    time_elapsed         | 1752        |
|    total_timesteps      | 606208      |
| train/                  |             |
|    approx_kl            | 0.009935514 |
|    clip_fraction        | 0.12        |
|    clip_range           | 0.2         |
|    entropy_loss         | -0.693      |
|    explained_variance   | 0.869       |
|    learning_rate        | 0.0003      |
|    loss                 | 0.017       |
|    n_updates            | 360         |
|    policy_gradient_loss | -0.000524   |
|    std                  | 0.481       |
|    value_loss           | 0.389       |
-----------------------------------------
-----------------------------------------
| rollout/                |             |
|    ep_len_mean          | 150         |
|    ep_rew_mean          | 30.4        |
| time/                   |             |
|    fps                  | 345         |
|    iterations           | 38          |
|    time_elapsed         | 1801        |
|    total_timesteps      | 622592      |
| train/                  |             |
|    approx_kl            | 0.010268963 |
|    clip_fraction        | 0.106       |
|    clip_range           | 0.2         |
|    entropy_loss         | -0.692      |
|    explained_variance   | 0.801       |
|    learning_rate        | 0.0003      |
|    loss                 | 0.00587     |
|    n_updates            | 370         |
|    policy_gradient_loss | 0.00413     |
|    std                  | 0.479       |
|    value_loss           | 0.629       |
-----------------------------------------
-----------------------------------------
| rollout/                |             |
|    ep_len_mean          | 145         |
|    ep_rew_mean          | 28.9        |
| time/                   |             |
|    fps                  | 345         |
|    iterations           | 39          |
|    time_elapsed         | 1849        |
|    total_timesteps      | 638976      |
| train/                  |             |
|    approx_kl            | 0.009156421 |
|    clip_fraction        | 0.108       |
|    clip_range           | 0.2         |
|    entropy_loss         | -0.679      |
|    explained_variance   | 0.8         |
|    learning_rate        | 0.0003      |
|    loss                 | 0.065       |
|    n_updates            | 380         |
|    policy_gradient_loss | 0.00177     |
|    std                  | 0.476       |
|    value_loss           | 0.677       |
-----------------------------------------
-----------------------------------------
| rollout/                |             |
|    ep_len_mean          | 145         |
|    ep_rew_mean          | 28.4        |
| time/                   |             |
|    fps                  | 345         |
|    iterations           | 40          |
|    time_elapsed         | 1897        |
|    total_timesteps      | 655360      |
| train/                  |             |
|    approx_kl            | 0.025219858 |
|    clip_fraction        | 0.183       |
|    clip_range           | 0.2         |
|    entropy_loss         | -0.685      |
|    explained_variance   | 0.455       |
|    learning_rate        | 0.0003      |
|    loss                 | 0.596       |
|    n_updates            | 390         |
|    policy_gradient_loss | 0.0057      |
|    std                  | 0.484       |
|    value_loss           | 3.55        |
-----------------------------------------
-----------------------------------------
| rollout/                |             |
|    ep_len_mean          | 148         |
|    ep_rew_mean          | 30.3        |
| time/                   |             |
|    fps                  | 345         |
|    iterations           | 41          |
|    time_elapsed         | 1945        |
|    total_timesteps      | 671744      |
| train/                  |             |
|    approx_kl            | 0.009963099 |
|    clip_fraction        | 0.12        |
|    clip_range           | 0.2         |
|    entropy_loss         | -0.699      |
|    explained_variance   | 0.527       |
|    learning_rate        | 0.0003      |
|    loss                 | 1.22        |
|    n_updates            | 400         |
|    policy_gradient_loss | -0.00416    |
|    std                  | 0.485       |
|    value_loss           | 3.51        |
-----------------------------------------
-----------------------------------------
| rollout/                |             |
|    ep_len_mean          | 151         |
|    ep_rew_mean          | 30.8        |
| time/                   |             |
|    fps                  | 345         |
|    iterations           | 42          |
|    time_elapsed         | 1993        |
|    total_timesteps      | 688128      |
| train/                  |             |
|    approx_kl            | 0.016558232 |
|    clip_fraction        | 0.146       |
|    clip_range           | 0.2         |
|    entropy_loss         | -0.689      |
|    explained_variance   | 0.8         |
|    learning_rate        | 0.0003      |
|    loss                 | 0.0904      |
|    n_updates            | 410         |
|    policy_gradient_loss | -0.00278    |
|    std                  | 0.481       |
|    value_loss           | 1.12        |
-----------------------------------------
-----------------------------------------
| rollout/                |             |
|    ep_len_mean          | 150         |
|    ep_rew_mean          | 30.6        |
| time/                   |             |
|    fps                  | 345         |
|    iterations           | 43          |
|    time_elapsed         | 2041        |
|    total_timesteps      | 704512      |
| train/                  |             |
|    approx_kl            | 0.010195782 |
|    clip_fraction        | 0.114       |
|    clip_range           | 0.2         |
|    entropy_loss         | -0.675      |
|    explained_variance   | 0.963       |
|    learning_rate        | 0.0003      |
|    loss                 | 0.0391      |
|    n_updates            | 420         |
|    policy_gradient_loss | 0.00178     |
|    std                  | 0.472       |
|    value_loss           | 0.0593      |
-----------------------------------------
-----------------------------------------
| rollout/                |             |
|    ep_len_mean          | 150         |
|    ep_rew_mean          | 30.4        |
| time/                   |             |
|    fps                  | 345         |
|    iterations           | 44          |
|    time_elapsed         | 2089        |
|    total_timesteps      | 720896      |
| train/                  |             |
|    approx_kl            | 0.009424007 |
|    clip_fraction        | 0.0934      |
|    clip_range           | 0.2         |
|    entropy_loss         | -0.674      |
|    explained_variance   | 0.824       |
|    learning_rate        | 0.0003      |
|    loss                 | 0.0543      |
|    n_updates            | 430         |
|    policy_gradient_loss | 0.00338     |
|    std                  | 0.477       |
|    value_loss           | 0.678       |
-----------------------------------------
-----------------------------------------
| rollout/                |             |
|    ep_len_mean          | 149         |
|    ep_rew_mean          | 30          |
| time/                   |             |
|    fps                  | 345         |
|    iterations           | 45          |
|    time_elapsed         | 2136        |
|    total_timesteps      | 737280      |
| train/                  |             |
|    approx_kl            | 0.008016432 |
|    clip_fraction        | 0.101       |
|    clip_range           | 0.2         |
|    entropy_loss         | -0.675      |
|    explained_variance   | 0.885       |
|    learning_rate        | 0.0003      |
|    loss                 | 3.58        |
|    n_updates            | 440         |
|    policy_gradient_loss | 0.00419     |
|    std                  | 0.473       |
|    value_loss           | 0.385       |
-----------------------------------------
------------------------------------------
| rollout/                |              |
|    ep_len_mean          | 150          |
|    ep_rew_mean          | 30.2         |
| time/                   |              |
|    fps                  | 345          |
|    iterations           | 46           |
|    time_elapsed         | 2184         |
|    total_timesteps      | 753664       |
| train/                  |              |
|    approx_kl            | 0.0070854085 |
|    clip_fraction        | 0.105        |
|    clip_range           | 0.2          |
|    entropy_loss         | -0.664       |
|    explained_variance   | 0.817        |
|    learning_rate        | 0.0003       |
|    loss                 | 0.0104       |
|    n_updates            | 450          |
|    policy_gradient_loss | 0.0033       |
|    std                  | 0.469        |
|    value_loss           | 0.7          |
------------------------------------------
-----------------------------------------
| rollout/                |             |
|    ep_len_mean          | 149         |
|    ep_rew_mean          | 30.3        |
| time/                   |             |
|    fps                  | 345         |
|    iterations           | 47          |
|    time_elapsed         | 2231        |
|    total_timesteps      | 770048      |
| train/                  |             |
|    approx_kl            | 0.005127343 |
|    clip_fraction        | 0.0855      |
|    clip_range           | 0.2         |
|    entropy_loss         | -0.655      |
|    explained_variance   | 0.803       |
|    learning_rate        | 0.0003      |
|    loss                 | 0.47        |
|    n_updates            | 460         |
|    policy_gradient_loss | 0.00307     |
|    std                  | 0.463       |
|    value_loss           | 0.7         |
-----------------------------------------
-----------------------------------------
| rollout/                |             |
|    ep_len_mean          | 149         |
|    ep_rew_mean          | 30.6        |
| time/                   |             |
|    fps                  | 345         |
|    iterations           | 48          |
|    time_elapsed         | 2279        |
|    total_timesteps      | 786432      |
| train/                  |             |
|    approx_kl            | 0.011158934 |
|    clip_fraction        | 0.101       |
|    clip_range           | 0.2         |
|    entropy_loss         | -0.646      |
|    explained_variance   | 0.702       |
|    learning_rate        | 0.0003      |
|    loss                 | 0.0346      |
|    n_updates            | 470         |
|    policy_gradient_loss | 0.00136     |
|    std                  | 0.466       |
|    value_loss           | 1.27        |
-----------------------------------------
-----------------------------------------
| rollout/                |             |
|    ep_len_mean          | 150         |
|    ep_rew_mean          | 31.3        |
| time/                   |             |
|    fps                  | 345         |
|    iterations           | 49          |
|    time_elapsed         | 2326        |
|    total_timesteps      | 802816      |
| train/                  |             |
|    approx_kl            | 0.010313969 |
|    clip_fraction        | 0.123       |
|    clip_range           | 0.2         |
|    entropy_loss         | -0.659      |
|    explained_variance   | 0.613       |
|    learning_rate        | 0.0003      |
|    loss                 | 3.33        |
|    n_updates            | 480         |
|    policy_gradient_loss | 0.000711    |
|    std                  | 0.475       |
|    value_loss           | 1.87        |
-----------------------------------------
-----------------------------------------
| rollout/                |             |
|    ep_len_mean          | 147         |
|    ep_rew_mean          | 29.5        |
| time/                   |             |
|    fps                  | 345         |
|    iterations           | 50          |
|    time_elapsed         | 2373        |
|    total_timesteps      | 819200      |
| train/                  |             |
|    approx_kl            | 0.009600846 |
|    clip_fraction        | 0.126       |
|    clip_range           | 0.2         |
|    entropy_loss         | -0.673      |
|    explained_variance   | 0.84        |
|    learning_rate        | 0.0003      |
|    loss                 | 0.0125      |
|    n_updates            | 490         |
|    policy_gradient_loss | 0.000574    |
|    std                  | 0.473       |
|    value_loss           | 0.663       |
-----------------------------------------
-----------------------------------------
| rollout/                |             |
|    ep_len_mean          | 148         |
|    ep_rew_mean          | 30.5        |
| time/                   |             |
|    fps                  | 345         |
|    iterations           | 51          |
|    time_elapsed         | 2420        |
|    total_timesteps      | 835584      |
| train/                  |             |
|    approx_kl            | 0.022273116 |
|    clip_fraction        | 0.18        |
|    clip_range           | 0.2         |
|    entropy_loss         | -0.68       |
|    explained_variance   | 0.534       |
|    learning_rate        | 0.0003      |
|    loss                 | 0.201       |
|    n_updates            | 500         |
|    policy_gradient_loss | 0.0031      |
|    std                  | 0.478       |
|    value_loss           | 3.24        |
-----------------------------------------
-----------------------------------------
| rollout/                |             |
|    ep_len_mean          | 150         |
|    ep_rew_mean          | 30.6        |
| time/                   |             |
|    fps                  | 345         |
|    iterations           | 52          |
|    time_elapsed         | 2468        |
|    total_timesteps      | 851968      |
| train/                  |             |
|    approx_kl            | 0.008574313 |
|    clip_fraction        | 0.129       |
|    clip_range           | 0.2         |
|    entropy_loss         | -0.666      |
|    explained_variance   | 0.736       |
|    learning_rate        | 0.0003      |
|    loss                 | 0.91        |
|    n_updates            | 510         |
|    policy_gradient_loss | -0.00156    |
|    std                  | 0.474       |
|    value_loss           | 1.42        |
-----------------------------------------
-----------------------------------------
| rollout/                |             |
|    ep_len_mean          | 150         |
|    ep_rew_mean          | 30.7        |
| time/                   |             |
|    fps                  | 345         |
|    iterations           | 53          |
|    time_elapsed         | 2515        |
|    total_timesteps      | 868352      |
| train/                  |             |
|    approx_kl            | 0.009365729 |
|    clip_fraction        | 0.101       |
|    clip_range           | 0.2         |
|    entropy_loss         | -0.683      |
|    explained_variance   | 0.89        |
|    learning_rate        | 0.0003      |
|    loss                 | 0.582       |
|    n_updates            | 520         |
|    policy_gradient_loss | 0.00378     |
|    std                  | 0.478       |
|    value_loss           | 0.369       |
-----------------------------------------
------------------------------------------
| rollout/                |              |
|    ep_len_mean          | 151          |
|    ep_rew_mean          | 30           |
| time/                   |              |
|    fps                  | 345          |
|    iterations           | 54           |
|    time_elapsed         | 2562         |
|    total_timesteps      | 884736       |
| train/                  |              |
|    approx_kl            | 0.0063996357 |
|    clip_fraction        | 0.0934       |
|    clip_range           | 0.2          |
|    entropy_loss         | -0.675       |
|    explained_variance   | 0.883        |
|    learning_rate        | 0.0003       |
|    loss                 | 0.728        |
|    n_updates            | 530          |
|    policy_gradient_loss | 0.00318      |
|    std                  | 0.475        |
|    value_loss           | 0.385        |
------------------------------------------
-----------------------------------------
| rollout/                |             |
|    ep_len_mean          | 151         |
|    ep_rew_mean          | 30.2        |
| time/                   |             |
|    fps                  | 345         |
|    iterations           | 55          |
|    time_elapsed         | 2609        |
|    total_timesteps      | 901120      |
| train/                  |             |
|    approx_kl            | 0.007063162 |
|    clip_fraction        | 0.0844      |
|    clip_range           | 0.2         |
|    entropy_loss         | -0.677      |
|    explained_variance   | 0.972       |
|    learning_rate        | 0.0003      |
|    loss                 | 0.0492      |
|    n_updates            | 540         |
|    policy_gradient_loss | 0.00297     |
|    std                  | 0.477       |
|    value_loss           | 0.0696      |
-----------------------------------------
-----------------------------------------
| rollout/                |             |
|    ep_len_mean          | 151         |
|    ep_rew_mean          | 30.3        |
| time/                   |             |
|    fps                  | 345         |
|    iterations           | 56          |
|    time_elapsed         | 2656        |
|    total_timesteps      | 917504      |
| train/                  |             |
|    approx_kl            | 0.005083303 |
|    clip_fraction        | 0.0805      |
|    clip_range           | 0.2         |
|    entropy_loss         | -0.671      |
|    explained_variance   | 0.977       |
|    learning_rate        | 0.0003      |
|    loss                 | 0.00419     |
|    n_updates            | 550         |
|    policy_gradient_loss | 0.00225     |
|    std                  | 0.474       |
|    value_loss           | 0.055       |
-----------------------------------------
------------------------------------------
| rollout/                |              |
|    ep_len_mean          | 143          |
|    ep_rew_mean          | 28.3         |
| time/                   |              |
|    fps                  | 345          |
|    iterations           | 57           |
|    time_elapsed         | 2702         |
|    total_timesteps      | 933888       |
| train/                  |              |
|    approx_kl            | 0.0076700607 |
|    clip_fraction        | 0.0806       |
|    clip_range           | 0.2          |
|    entropy_loss         | -0.665       |
|    explained_variance   | 0.977        |
|    learning_rate        | 0.0003       |
|    loss                 | 0.0128       |
|    n_updates            | 560          |
|    policy_gradient_loss | 0.00191      |
|    std                  | 0.469        |
|    value_loss           | 0.065        |
------------------------------------------
-----------------------------------------
| rollout/                |             |
|    ep_len_mean          | 150         |
|    ep_rew_mean          | 30.1        |
| time/                   |             |
|    fps                  | 345         |
|    iterations           | 58          |
|    time_elapsed         | 2750        |
|    total_timesteps      | 950272      |
| train/                  |             |
|    approx_kl            | 0.021267314 |
|    clip_fraction        | 0.159       |
|    clip_range           | 0.2         |
|    entropy_loss         | -0.666      |
|    explained_variance   | 0.498       |
|    learning_rate        | 0.0003      |
|    loss                 | 1.55        |
|    n_updates            | 570         |
|    policy_gradient_loss | 0.00548     |
|    std                  | 0.474       |
|    value_loss           | 2.48        |
-----------------------------------------
-----------------------------------------
| rollout/                |             |
|    ep_len_mean          | 150         |
|    ep_rew_mean          | 30.2        |
| time/                   |             |
|    fps                  | 345         |
|    iterations           | 59          |
|    time_elapsed         | 2797        |
|    total_timesteps      | 966656      |
| train/                  |             |
|    approx_kl            | 0.010401986 |
|    clip_fraction        | 0.123       |
|    clip_range           | 0.2         |
|    entropy_loss         | -0.643      |
|    explained_variance   | 0.855       |
|    learning_rate        | 0.0003      |
|    loss                 | -0.00321    |
|    n_updates            | 580         |
|    policy_gradient_loss | -0.00169    |
|    std                  | 0.459       |
|    value_loss           | 0.421       |
-----------------------------------------
-----------------------------------------
| rollout/                |             |
|    ep_len_mean          | 151         |
|    ep_rew_mean          | 30.3        |
| time/                   |             |
|    fps                  | 345         |
|    iterations           | 60          |
|    time_elapsed         | 2843        |
|    total_timesteps      | 983040      |
| train/                  |             |
|    approx_kl            | 0.008871042 |
|    clip_fraction        | 0.078       |
|    clip_range           | 0.2         |
|    entropy_loss         | -0.633      |
|    explained_variance   | 0.892       |
|    learning_rate        | 0.0003      |
|    loss                 | 0.0495      |
|    n_updates            | 590         |
|    policy_gradient_loss | 0.00144     |
|    std                  | 0.453       |
|    value_loss           | 0.346       |
-----------------------------------------
------------------------------------------
| rollout/                |              |
|    ep_len_mean          | 145          |
|    ep_rew_mean          | 28.9         |
| time/                   |              |
|    fps                  | 345          |
|    iterations           | 61           |
|    time_elapsed         | 2890         |
|    total_timesteps      | 999424       |
| train/                  |              |
|    approx_kl            | 0.0058041047 |
|    clip_fraction        | 0.0643       |
|    clip_range           | 0.2          |
|    entropy_loss         | -0.619       |
|    explained_variance   | 0.978        |
|    learning_rate        | 0.0003       |
|    loss                 | 0.022        |
|    n_updates            | 600          |
|    policy_gradient_loss | 0.00119      |
|    std                  | 0.452        |
|    value_loss           | 0.0545       |
------------------------------------------
-----------------------------------------
| rollout/                |             |
|    ep_len_mean          | 149         |
|    ep_rew_mean          | 30.1        |
| time/                   |             |
|    fps                  | 345         |
|    iterations           | 62          |
|    time_elapsed         | 2937        |
|    total_timesteps      | 1015808     |
| train/                  |             |
|    approx_kl            | 0.019364115 |
|    clip_fraction        | 0.147       |
|    clip_range           | 0.2         |
|    entropy_loss         | -0.63       |
|    explained_variance   | 0.558       |
|    learning_rate        | 0.0003      |
|    loss                 | 3.46        |
|    n_updates            | 610         |
|    policy_gradient_loss | 0.00216     |
|    std                  | 0.456       |
|    value_loss           | 2.22        |
-----------------------------------------


###############################################################################
TCHPC Cluster: callan
Job 166677 (attn_learned_cf_obs15_seed2_ne8_1000000_v8) for User 'hadjitot' in Account 'callan_hadjitot'
Finished at: Sat Mar 14 03:45:24 GMT 2026

Job efficiency estimates:
=========================

Job ID: 166677
Cluster: callan
User/Group: hadjitot/hadjitot
State: COMPLETED (exit code 0)
Nodes: 1
Cores per node: 16
CPU Utilized: 04:49:59
CPU Efficiency: 36.47% of 13:15:12 core-walltime
Job Wall-clock time: 00:49:42
Memory Utilized: 3.23 GB
Memory Efficiency: 10.08% of 32.00 GB (32.00 GB/node)

Job completion status:
======================

JobID           JobName AllocCPUS NTasks NNodes     MaxRSS    MaxRSSNode  MaxDiskRead MaxDiskWrite    Elapsed      State ExitCode 
------------ ---------- --------- ------ ------ ---------- ------------- ------------ ------------ ---------- ---------- -------- 
166677       attn_lear+        16             1                                                      00:49:42  COMPLETED      0:0 
166677.batch      batch        16      1      1   3382516K    callan-n11     1372.01M     1044.68M   00:49:42  COMPLETED      0:0 
166677.exte+     extern        16      1      1                                                      00:49:42  COMPLETED      0:0 


Job details:
============

JobId=166677 JobName=attn_learned_cf_obs15_seed2_ne8_1000000_v8
   UserId=hadjitot(2357) GroupId=hadjitot(2300) MCS_label=N/A
   Priority=102485 Nice=0 Account=callan_hadjitot QOS=normal
   JobState=COMPLETING Reason=None Dependency=(null)
   Requeue=0 Restarts=0 BatchFlag=1 Reboot=0 ExitCode=0:0
   DerivedExitCode=0:0
   RunTime=00:49:42 TimeLimit=2-00:00:00 TimeMin=N/A
   SubmitTime=2026-03-14T02:10:39 EligibleTime=2026-03-14T02:10:39
   AccrueTime=2026-03-14T02:10:39
   StartTime=2026-03-14T02:55:42 EndTime=2026-03-14T03:45:24 Deadline=N/A
   SuspendTime=None SecsPreSuspend=0 LastSchedEval=2026-03-14T02:55:42 Scheduler=Backfill
   Partition=compute AllocNode:Sid=callan01:408560
   ReqNodeList=(null) ExcNodeList=(null)
   NodeList=callan-n11
   BatchHost=callan-n11
   NumNodes=1 NumCPUs=16 NumTasks=1 CPUs/Task=16 ReqB:S:C:T=0:0:*:*
   ReqTRES=cpu=16,mem=32G,node=1,billing=16
   AllocTRES=cpu=16,mem=32G,node=1,billing=16
   Socks/Node=* NtasksPerN:B:S:C=0:0:*:* CoreSpec=*
   JOB_GRES=(null)
     Nodes=callan-n11 CPU_IDs=0-9,11-16 Mem=32768 GRES=
   MinCPUsNode=16 MinMemoryNode=32G MinTmpDiskNode=0
   Features=(null) DelayBoot=00:00:00
   OverSubscribe=OK Contiguous=0 Licenses=(null) LicensesAlloc=(null) Network=(null)
   Command=/home/users/hadjitot/fyp/HighwayEnv/slurm/train_attention.sbatch
   WorkDir=/home/users/hadjitot/fyp/HighwayEnv
   StdErr=/home/users/hadjitot/fyp/HighwayEnv/slurm_out/attn_learned_cf_obs15_seed2_ne8_1000000_v8_166677.err
   StdIn=/dev/null
   StdOut=/home/users/hadjitot/fyp/HighwayEnv/slurm_out/attn_learned_cf_obs15_seed2_ne8_1000000_v8_166677.out
   TresPerTask=cpu=16
   


Disk quota details:
===================

                         Block Limits                                    |                     File Limits
Name       type             MB      quota      limit   in_doubt    grace |    files   quota    limit in_doubt    grace
root       USR         4839678          0          0        328     none |   390965       0        0      291     none
root       FILESET     4865367          0          0       3465     none |  9908380       0        0      767     none


SLURM Bank Statement:
=====================

User           Usage |        Account     Usage | Account Limit Available (CPU hrs)
---------- --------- + -------------- --------- + ------------- ---------
hadjitot      17,285 | CALLAN_HADJITOT    17,285 |       300,000   282,715


Acknowledgements:
=================

Note that usage of TCHPC Resources *must* be acknowledged in all publications.

Please see this page for details relevant to this cluster:

http://www.tchpc.tcd.ie/resources/acknowledgementpolicy

################################################################################
