Loading Anaconda 3 2024.02-1
SCENARIO_NAME=cf_obs15_stopgo
EXP_VERSION=v8
TOTAL_TIMESTEPS=1000000
N_ENVS=8
ATTN_MODE=learned
X_INDEX=1
VX_INDEX=3
ORACLE_RULE=leader_x
TTC_EPS=1e-6
ppo_attn_learned_cf_obs15_stopgo_v8_seed0 obs shape: (15, 5) action space: Box(-1.0, 1.0, (1,), float32)
Using cpu device
Logging to runs/tb/ppo_attn_learned_cf_obs15_stopgo_v8_seed0_1
---------------------------------
| rollout/           |          |
|    ep_len_mean     | 15       |
|    ep_rew_mean     | 1.4      |
| time/              |          |
|    fps             | 364      |
|    iterations      | 1        |
|    time_elapsed    | 45       |
|    total_timesteps | 16384    |
---------------------------------
-----------------------------------------
| rollout/                |             |
|    ep_len_mean          | 15.1        |
|    ep_rew_mean          | 1.46        |
| time/                   |             |
|    fps                  | 327         |
|    iterations           | 2           |
|    time_elapsed         | 99          |
|    total_timesteps      | 32768       |
| train/                  |             |
|    approx_kl            | 0.002132422 |
|    clip_fraction        | 0.0127      |
|    clip_range           | 0.2         |
|    entropy_loss         | -1.41       |
|    explained_variance   | -0.0019     |
|    learning_rate        | 0.0003      |
|    loss                 | 0.177       |
|    n_updates            | 10          |
|    policy_gradient_loss | -0.000708   |
|    std                  | 0.989       |
|    value_loss           | 1.31        |
-----------------------------------------
------------------------------------------
| rollout/                |              |
|    ep_len_mean          | 16.1         |
|    ep_rew_mean          | 1.7          |
| time/                   |              |
|    fps                  | 319          |
|    iterations           | 3            |
|    time_elapsed         | 153          |
|    total_timesteps      | 49152        |
| train/                  |              |
|    approx_kl            | 0.0092039965 |
|    clip_fraction        | 0.158        |
|    clip_range           | 0.2          |
|    entropy_loss         | -1.4         |
|    explained_variance   | 0.98         |
|    learning_rate        | 0.0003       |
|    loss                 | 0.0566       |
|    n_updates            | 20           |
|    policy_gradient_loss | -0.0165      |
|    std                  | 0.98         |
|    value_loss           | 0.155        |
------------------------------------------
-----------------------------------------
| rollout/                |             |
|    ep_len_mean          | 17.5        |
|    ep_rew_mean          | 1.93        |
| time/                   |             |
|    fps                  | 316         |
|    iterations           | 4           |
|    time_elapsed         | 207         |
|    total_timesteps      | 65536       |
| train/                  |             |
|    approx_kl            | 0.018600617 |
|    clip_fraction        | 0.242       |
|    clip_range           | 0.2         |
|    entropy_loss         | -1.38       |
|    explained_variance   | 0.991       |
|    learning_rate        | 0.0003      |
|    loss                 | 0.0299      |
|    n_updates            | 30          |
|    policy_gradient_loss | -0.0304     |
|    std                  | 0.943       |
|    value_loss           | 0.144       |
-----------------------------------------
-----------------------------------------
| rollout/                |             |
|    ep_len_mean          | 19.2        |
|    ep_rew_mean          | 2.28        |
| time/                   |             |
|    fps                  | 315         |
|    iterations           | 5           |
|    time_elapsed         | 260         |
|    total_timesteps      | 81920       |
| train/                  |             |
|    approx_kl            | 0.021866713 |
|    clip_fraction        | 0.275       |
|    clip_range           | 0.2         |
|    entropy_loss         | -1.31       |
|    explained_variance   | 0.992       |
|    learning_rate        | 0.0003      |
|    loss                 | 0.0277      |
|    n_updates            | 40          |
|    policy_gradient_loss | -0.0329     |
|    std                  | 0.888       |
|    value_loss           | 0.142       |
-----------------------------------------
-----------------------------------------
| rollout/                |             |
|    ep_len_mean          | 27          |
|    ep_rew_mean          | 1.2         |
| time/                   |             |
|    fps                  | 314         |
|    iterations           | 6           |
|    time_elapsed         | 312         |
|    total_timesteps      | 98304       |
| train/                  |             |
|    approx_kl            | 0.019996578 |
|    clip_fraction        | 0.218       |
|    clip_range           | 0.2         |
|    entropy_loss         | -1.26       |
|    explained_variance   | 0.863       |
|    learning_rate        | 0.0003      |
|    loss                 | 0.168       |
|    n_updates            | 50          |
|    policy_gradient_loss | -0.015      |
|    std                  | 0.833       |
|    value_loss           | 0.341       |
-----------------------------------------
-----------------------------------------
| rollout/                |             |
|    ep_len_mean          | 39.1        |
|    ep_rew_mean          | -0.415      |
| time/                   |             |
|    fps                  | 314         |
|    iterations           | 7           |
|    time_elapsed         | 364         |
|    total_timesteps      | 114688      |
| train/                  |             |
|    approx_kl            | 0.016410206 |
|    clip_fraction        | 0.161       |
|    clip_range           | 0.2         |
|    entropy_loss         | -1.2        |
|    explained_variance   | 0.726       |
|    learning_rate        | 0.0003      |
|    loss                 | 0.581       |
|    n_updates            | 60          |
|    policy_gradient_loss | -0.00661    |
|    std                  | 0.784       |
|    value_loss           | 0.736       |
-----------------------------------------
-----------------------------------------
| rollout/                |             |
|    ep_len_mean          | 67.3        |
|    ep_rew_mean          | -4.87       |
| time/                   |             |
|    fps                  | 316         |
|    iterations           | 8           |
|    time_elapsed         | 413         |
|    total_timesteps      | 131072      |
| train/                  |             |
|    approx_kl            | 0.009987863 |
|    clip_fraction        | 0.0993      |
|    clip_range           | 0.2         |
|    entropy_loss         | -1.14       |
|    explained_variance   | 0.808       |
|    learning_rate        | 0.0003      |
|    loss                 | 0.313       |
|    n_updates            | 70          |
|    policy_gradient_loss | -0.00549    |
|    std                  | 0.75        |
|    value_loss           | 1.66        |
-----------------------------------------
-----------------------------------------
| rollout/                |             |
|    ep_len_mean          | 83.5        |
|    ep_rew_mean          | -6.93       |
| time/                   |             |
|    fps                  | 318         |
|    iterations           | 9           |
|    time_elapsed         | 462         |
|    total_timesteps      | 147456      |
| train/                  |             |
|    approx_kl            | 0.006430134 |
|    clip_fraction        | 0.0717      |
|    clip_range           | 0.2         |
|    entropy_loss         | -1.13       |
|    explained_variance   | 0.905       |
|    learning_rate        | 0.0003      |
|    loss                 | 0.457       |
|    n_updates            | 80          |
|    policy_gradient_loss | -0.00527    |
|    std                  | 0.749       |
|    value_loss           | 1.07        |
-----------------------------------------
-----------------------------------------
| rollout/                |             |
|    ep_len_mean          | 89.9        |
|    ep_rew_mean          | -5.88       |
| time/                   |             |
|    fps                  | 319         |
|    iterations           | 10          |
|    time_elapsed         | 512         |
|    total_timesteps      | 163840      |
| train/                  |             |
|    approx_kl            | 0.009519226 |
|    clip_fraction        | 0.102       |
|    clip_range           | 0.2         |
|    entropy_loss         | -1.16       |
|    explained_variance   | 0.948       |
|    learning_rate        | 0.0003      |
|    loss                 | 0.406       |
|    n_updates            | 90          |
|    policy_gradient_loss | -0.00929    |
|    std                  | 0.779       |
|    value_loss           | 1.04        |
-----------------------------------------
-----------------------------------------
| rollout/                |             |
|    ep_len_mean          | 54.7        |
|    ep_rew_mean          | 2.46        |
| time/                   |             |
|    fps                  | 320         |
|    iterations           | 11          |
|    time_elapsed         | 563         |
|    total_timesteps      | 180224      |
| train/                  |             |
|    approx_kl            | 0.013545084 |
|    clip_fraction        | 0.161       |
|    clip_range           | 0.2         |
|    entropy_loss         | -1.2        |
|    explained_variance   | 0.976       |
|    learning_rate        | 0.0003      |
|    loss                 | 0.93        |
|    n_updates            | 100         |
|    policy_gradient_loss | -0.0186     |
|    std                  | 0.81        |
|    value_loss           | 1.33        |
-----------------------------------------
-----------------------------------------
| rollout/                |             |
|    ep_len_mean          | 35          |
|    ep_rew_mean          | 4           |
| time/                   |             |
|    fps                  | 319         |
|    iterations           | 12          |
|    time_elapsed         | 614         |
|    total_timesteps      | 196608      |
| train/                  |             |
|    approx_kl            | 0.014208188 |
|    clip_fraction        | 0.164       |
|    clip_range           | 0.2         |
|    entropy_loss         | -1.16       |
|    explained_variance   | 0.968       |
|    learning_rate        | 0.0003      |
|    loss                 | 0.749       |
|    n_updates            | 110         |
|    policy_gradient_loss | -0.0198     |
|    std                  | 0.768       |
|    value_loss           | 1.35        |
-----------------------------------------
-----------------------------------------
| rollout/                |             |
|    ep_len_mean          | 37.5        |
|    ep_rew_mean          | 4.67        |
| time/                   |             |
|    fps                  | 320         |
|    iterations           | 13          |
|    time_elapsed         | 665         |
|    total_timesteps      | 212992      |
| train/                  |             |
|    approx_kl            | 0.011243171 |
|    clip_fraction        | 0.132       |
|    clip_range           | 0.2         |
|    entropy_loss         | -1.11       |
|    explained_variance   | 0.964       |
|    learning_rate        | 0.0003      |
|    loss                 | 0.41        |
|    n_updates            | 120         |
|    policy_gradient_loss | -0.014      |
|    std                  | 0.729       |
|    value_loss           | 0.892       |
-----------------------------------------
-----------------------------------------
| rollout/                |             |
|    ep_len_mean          | 35.5        |
|    ep_rew_mean          | 4.72        |
| time/                   |             |
|    fps                  | 320         |
|    iterations           | 14          |
|    time_elapsed         | 715         |
|    total_timesteps      | 229376      |
| train/                  |             |
|    approx_kl            | 0.011842469 |
|    clip_fraction        | 0.123       |
|    clip_range           | 0.2         |
|    entropy_loss         | -1.06       |
|    explained_variance   | 0.911       |
|    learning_rate        | 0.0003      |
|    loss                 | 0.407       |
|    n_updates            | 130         |
|    policy_gradient_loss | -0.00843    |
|    std                  | 0.693       |
|    value_loss           | 0.921       |
-----------------------------------------
-----------------------------------------
| rollout/                |             |
|    ep_len_mean          | 32.4        |
|    ep_rew_mean          | 4.08        |
| time/                   |             |
|    fps                  | 319         |
|    iterations           | 15          |
|    time_elapsed         | 768         |
|    total_timesteps      | 245760      |
| train/                  |             |
|    approx_kl            | 0.011837771 |
|    clip_fraction        | 0.154       |
|    clip_range           | 0.2         |
|    entropy_loss         | -1.02       |
|    explained_variance   | 0.932       |
|    learning_rate        | 0.0003      |
|    loss                 | 0.256       |
|    n_updates            | 140         |
|    policy_gradient_loss | -0.00839    |
|    std                  | 0.664       |
|    value_loss           | 0.931       |
-----------------------------------------
-----------------------------------------
| rollout/                |             |
|    ep_len_mean          | 47.9        |
|    ep_rew_mean          | 6.37        |
| time/                   |             |
|    fps                  | 320         |
|    iterations           | 16          |
|    time_elapsed         | 818         |
|    total_timesteps      | 262144      |
| train/                  |             |
|    approx_kl            | 0.023007222 |
|    clip_fraction        | 0.192       |
|    clip_range           | 0.2         |
|    entropy_loss         | -0.974      |
|    explained_variance   | 0.925       |
|    learning_rate        | 0.0003      |
|    loss                 | 0.769       |
|    n_updates            | 150         |
|    policy_gradient_loss | -0.013      |
|    std                  | 0.632       |
|    value_loss           | 1.3         |
-----------------------------------------
-----------------------------------------
| rollout/                |             |
|    ep_len_mean          | 62.8        |
|    ep_rew_mean          | 8.86        |
| time/                   |             |
|    fps                  | 320         |
|    iterations           | 17          |
|    time_elapsed         | 868         |
|    total_timesteps      | 278528      |
| train/                  |             |
|    approx_kl            | 0.014137988 |
|    clip_fraction        | 0.137       |
|    clip_range           | 0.2         |
|    entropy_loss         | -0.933      |
|    explained_variance   | 0.781       |
|    learning_rate        | 0.0003      |
|    loss                 | 1.6         |
|    n_updates            | 160         |
|    policy_gradient_loss | -0.00556    |
|    std                  | 0.606       |
|    value_loss           | 3.2         |
-----------------------------------------
-----------------------------------------
| rollout/                |             |
|    ep_len_mean          | 92.8        |
|    ep_rew_mean          | 14.8        |
| time/                   |             |
|    fps                  | 321         |
|    iterations           | 18          |
|    time_elapsed         | 918         |
|    total_timesteps      | 294912      |
| train/                  |             |
|    approx_kl            | 0.012912309 |
|    clip_fraction        | 0.15        |
|    clip_range           | 0.2         |
|    entropy_loss         | -0.892      |
|    explained_variance   | 0.697       |
|    learning_rate        | 0.0003      |
|    loss                 | 2.07        |
|    n_updates            | 170         |
|    policy_gradient_loss | -0.0057     |
|    std                  | 0.582       |
|    value_loss           | 4.38        |
-----------------------------------------
-----------------------------------------
| rollout/                |             |
|    ep_len_mean          | 116         |
|    ep_rew_mean          | 19.3        |
| time/                   |             |
|    fps                  | 321         |
|    iterations           | 19          |
|    time_elapsed         | 966         |
|    total_timesteps      | 311296      |
| train/                  |             |
|    approx_kl            | 0.013449156 |
|    clip_fraction        | 0.131       |
|    clip_range           | 0.2         |
|    entropy_loss         | -0.856      |
|    explained_variance   | 0.644       |
|    learning_rate        | 0.0003      |
|    loss                 | 2.45        |
|    n_updates            | 180         |
|    policy_gradient_loss | -0.000499   |
|    std                  | 0.566       |
|    value_loss           | 4.59        |
-----------------------------------------
-----------------------------------------
| rollout/                |             |
|    ep_len_mean          | 139         |
|    ep_rew_mean          | 23.8        |
| time/                   |             |
|    fps                  | 322         |
|    iterations           | 20          |
|    time_elapsed         | 1016        |
|    total_timesteps      | 327680      |
| train/                  |             |
|    approx_kl            | 0.011392283 |
|    clip_fraction        | 0.133       |
|    clip_range           | 0.2         |
|    entropy_loss         | -0.827      |
|    explained_variance   | 0.592       |
|    learning_rate        | 0.0003      |
|    loss                 | 2.32        |
|    n_updates            | 190         |
|    policy_gradient_loss | 0.000598    |
|    std                  | 0.545       |
|    value_loss           | 4.57        |
-----------------------------------------
------------------------------------------
| rollout/                |              |
|    ep_len_mean          | 157          |
|    ep_rew_mean          | 27.1         |
| time/                   |              |
|    fps                  | 322          |
|    iterations           | 21           |
|    time_elapsed         | 1065         |
|    total_timesteps      | 344064       |
| train/                  |              |
|    approx_kl            | 0.0103969015 |
|    clip_fraction        | 0.115        |
|    clip_range           | 0.2          |
|    entropy_loss         | -0.794       |
|    explained_variance   | 0.62         |
|    learning_rate        | 0.0003       |
|    loss                 | 1.71         |
|    n_updates            | 200          |
|    policy_gradient_loss | 0.00274      |
|    std                  | 0.533        |
|    value_loss           | 3.14         |
------------------------------------------
-----------------------------------------
| rollout/                |             |
|    ep_len_mean          | 143         |
|    ep_rew_mean          | 24.4        |
| time/                   |             |
|    fps                  | 323         |
|    iterations           | 22          |
|    time_elapsed         | 1114        |
|    total_timesteps      | 360448      |
| train/                  |             |
|    approx_kl            | 0.009134395 |
|    clip_fraction        | 0.131       |
|    clip_range           | 0.2         |
|    entropy_loss         | -0.779      |
|    explained_variance   | 0.675       |
|    learning_rate        | 0.0003      |
|    loss                 | 1.51        |
|    n_updates            | 210         |
|    policy_gradient_loss | 0.00349     |
|    std                  | 0.528       |
|    value_loss           | 1.68        |
-----------------------------------------
-----------------------------------------
| rollout/                |             |
|    ep_len_mean          | 157         |
|    ep_rew_mean          | 26.6        |
| time/                   |             |
|    fps                  | 324         |
|    iterations           | 23          |
|    time_elapsed         | 1162        |
|    total_timesteps      | 376832      |
| train/                  |             |
|    approx_kl            | 0.008796519 |
|    clip_fraction        | 0.0977      |
|    clip_range           | 0.2         |
|    entropy_loss         | -0.769      |
|    explained_variance   | 0.633       |
|    learning_rate        | 0.0003      |
|    loss                 | 0.43        |
|    n_updates            | 220         |
|    policy_gradient_loss | 0.00297     |
|    std                  | 0.52        |
|    value_loss           | 2.45        |
-----------------------------------------
-----------------------------------------
| rollout/                |             |
|    ep_len_mean          | 151         |
|    ep_rew_mean          | 26.1        |
| time/                   |             |
|    fps                  | 324         |
|    iterations           | 24          |
|    time_elapsed         | 1211        |
|    total_timesteps      | 393216      |
| train/                  |             |
|    approx_kl            | 0.011178524 |
|    clip_fraction        | 0.113       |
|    clip_range           | 0.2         |
|    entropy_loss         | -0.754      |
|    explained_variance   | 0.654       |
|    learning_rate        | 0.0003      |
|    loss                 | 1.67        |
|    n_updates            | 230         |
|    policy_gradient_loss | 0.00431     |
|    std                  | 0.511       |
|    value_loss           | 2.14        |
-----------------------------------------
-----------------------------------------
| rollout/                |             |
|    ep_len_mean          | 161         |
|    ep_rew_mean          | 27.8        |
| time/                   |             |
|    fps                  | 324         |
|    iterations           | 25          |
|    time_elapsed         | 1261        |
|    total_timesteps      | 409600      |
| train/                  |             |
|    approx_kl            | 0.008993296 |
|    clip_fraction        | 0.116       |
|    clip_range           | 0.2         |
|    entropy_loss         | -0.74       |
|    explained_variance   | 0.563       |
|    learning_rate        | 0.0003      |
|    loss                 | 1.95        |
|    n_updates            | 240         |
|    policy_gradient_loss | 0.00328     |
|    std                  | 0.509       |
|    value_loss           | 2.75        |
-----------------------------------------
-----------------------------------------
| rollout/                |             |
|    ep_len_mean          | 163         |
|    ep_rew_mean          | 27.8        |
| time/                   |             |
|    fps                  | 324         |
|    iterations           | 26          |
|    time_elapsed         | 1311        |
|    total_timesteps      | 425984      |
| train/                  |             |
|    approx_kl            | 0.010024462 |
|    clip_fraction        | 0.112       |
|    clip_range           | 0.2         |
|    entropy_loss         | -0.735      |
|    explained_variance   | 0.639       |
|    learning_rate        | 0.0003      |
|    loss                 | 1.24        |
|    n_updates            | 250         |
|    policy_gradient_loss | 0.00205     |
|    std                  | 0.502       |
|    value_loss           | 1.6         |
-----------------------------------------
-----------------------------------------
| rollout/                |             |
|    ep_len_mean          | 156         |
|    ep_rew_mean          | 27.1        |
| time/                   |             |
|    fps                  | 325         |
|    iterations           | 27          |
|    time_elapsed         | 1360        |
|    total_timesteps      | 442368      |
| train/                  |             |
|    approx_kl            | 0.011321321 |
|    clip_fraction        | 0.124       |
|    clip_range           | 0.2         |
|    entropy_loss         | -0.721      |
|    explained_variance   | 0.661       |
|    learning_rate        | 0.0003      |
|    loss                 | 0.832       |
|    n_updates            | 260         |
|    policy_gradient_loss | 0.00434     |
|    std                  | 0.493       |
|    value_loss           | 1.8         |
-----------------------------------------
-----------------------------------------
| rollout/                |             |
|    ep_len_mean          | 167         |
|    ep_rew_mean          | 29.4        |
| time/                   |             |
|    fps                  | 325         |
|    iterations           | 28          |
|    time_elapsed         | 1408        |
|    total_timesteps      | 458752      |
| train/                  |             |
|    approx_kl            | 0.010510011 |
|    clip_fraction        | 0.117       |
|    clip_range           | 0.2         |
|    entropy_loss         | -0.686      |
|    explained_variance   | 0.636       |
|    learning_rate        | 0.0003      |
|    loss                 | 1.11        |
|    n_updates            | 270         |
|    policy_gradient_loss | 0.00236     |
|    std                  | 0.474       |
|    value_loss           | 2.18        |
-----------------------------------------
-----------------------------------------
| rollout/                |             |
|    ep_len_mean          | 176         |
|    ep_rew_mean          | 30.8        |
| time/                   |             |
|    fps                  | 325         |
|    iterations           | 29          |
|    time_elapsed         | 1457        |
|    total_timesteps      | 475136      |
| train/                  |             |
|    approx_kl            | 0.006486541 |
|    clip_fraction        | 0.105       |
|    clip_range           | 0.2         |
|    entropy_loss         | -0.665      |
|    explained_variance   | 0.701       |
|    learning_rate        | 0.0003      |
|    loss                 | 0.172       |
|    n_updates            | 280         |
|    policy_gradient_loss | 0.00407     |
|    std                  | 0.467       |
|    value_loss           | 0.971       |
-----------------------------------------
------------------------------------------
| rollout/                |              |
|    ep_len_mean          | 170          |
|    ep_rew_mean          | 29.1         |
| time/                   |              |
|    fps                  | 325          |
|    iterations           | 30           |
|    time_elapsed         | 1508         |
|    total_timesteps      | 491520       |
| train/                  |              |
|    approx_kl            | 0.0075811017 |
|    clip_fraction        | 0.105        |
|    clip_range           | 0.2          |
|    entropy_loss         | -0.659       |
|    explained_variance   | 0.825        |
|    learning_rate        | 0.0003       |
|    loss                 | 0.233        |
|    n_updates            | 290          |
|    policy_gradient_loss | 0.00346      |
|    std                  | 0.469        |
|    value_loss           | 0.374        |
------------------------------------------
-----------------------------------------
| rollout/                |             |
|    ep_len_mean          | 169         |
|    ep_rew_mean          | 29.2        |
| time/                   |             |
|    fps                  | 326         |
|    iterations           | 31          |
|    time_elapsed         | 1557        |
|    total_timesteps      | 507904      |
| train/                  |             |
|    approx_kl            | 0.011732362 |
|    clip_fraction        | 0.107       |
|    clip_range           | 0.2         |
|    entropy_loss         | -0.667      |
|    explained_variance   | 0.686       |
|    learning_rate        | 0.0003      |
|    loss                 | 0.447       |
|    n_updates            | 300         |
|    policy_gradient_loss | 0.00303     |
|    std                  | 0.474       |
|    value_loss           | 1.11        |
-----------------------------------------
-----------------------------------------
| rollout/                |             |
|    ep_len_mean          | 173         |
|    ep_rew_mean          | 30.2        |
| time/                   |             |
|    fps                  | 326         |
|    iterations           | 32          |
|    time_elapsed         | 1606        |
|    total_timesteps      | 524288      |
| train/                  |             |
|    approx_kl            | 0.008602042 |
|    clip_fraction        | 0.117       |
|    clip_range           | 0.2         |
|    entropy_loss         | -0.665      |
|    explained_variance   | 0.657       |
|    learning_rate        | 0.0003      |
|    loss                 | 0.26        |
|    n_updates            | 310         |
|    policy_gradient_loss | 0.00336     |
|    std                  | 0.467       |
|    value_loss           | 1.14        |
-----------------------------------------
-----------------------------------------
| rollout/                |             |
|    ep_len_mean          | 171         |
|    ep_rew_mean          | 30.7        |
| time/                   |             |
|    fps                  | 326         |
|    iterations           | 33          |
|    time_elapsed         | 1655        |
|    total_timesteps      | 540672      |
| train/                  |             |
|    approx_kl            | 0.009681392 |
|    clip_fraction        | 0.134       |
|    clip_range           | 0.2         |
|    entropy_loss         | -0.643      |
|    explained_variance   | 0.676       |
|    learning_rate        | 0.0003      |
|    loss                 | 0.581       |
|    n_updates            | 320         |
|    policy_gradient_loss | 0.00557     |
|    std                  | 0.458       |
|    value_loss           | 0.927       |
-----------------------------------------
-----------------------------------------
| rollout/                |             |
|    ep_len_mean          | 172         |
|    ep_rew_mean          | 30.1        |
| time/                   |             |
|    fps                  | 326         |
|    iterations           | 34          |
|    time_elapsed         | 1705        |
|    total_timesteps      | 557056      |
| train/                  |             |
|    approx_kl            | 0.010354973 |
|    clip_fraction        | 0.129       |
|    clip_range           | 0.2         |
|    entropy_loss         | -0.629      |
|    explained_variance   | 0.639       |
|    learning_rate        | 0.0003      |
|    loss                 | 0.187       |
|    n_updates            | 330         |
|    policy_gradient_loss | 0.00452     |
|    std                  | 0.453       |
|    value_loss           | 1.19        |
-----------------------------------------
-----------------------------------------
| rollout/                |             |
|    ep_len_mean          | 176         |
|    ep_rew_mean          | 30.9        |
| time/                   |             |
|    fps                  | 326         |
|    iterations           | 35          |
|    time_elapsed         | 1756        |
|    total_timesteps      | 573440      |
| train/                  |             |
|    approx_kl            | 0.010964132 |
|    clip_fraction        | 0.131       |
|    clip_range           | 0.2         |
|    entropy_loss         | -0.619      |
|    explained_variance   | 0.665       |
|    learning_rate        | 0.0003      |
|    loss                 | 0.0882      |
|    n_updates            | 340         |
|    policy_gradient_loss | 0.0047      |
|    std                  | 0.449       |
|    value_loss           | 1.05        |
-----------------------------------------
-----------------------------------------
| rollout/                |             |
|    ep_len_mean          | 175         |
|    ep_rew_mean          | 30.6        |
| time/                   |             |
|    fps                  | 326         |
|    iterations           | 36          |
|    time_elapsed         | 1806        |
|    total_timesteps      | 589824      |
| train/                  |             |
|    approx_kl            | 0.014008834 |
|    clip_fraction        | 0.127       |
|    clip_range           | 0.2         |
|    entropy_loss         | -0.62       |
|    explained_variance   | 0.763       |
|    learning_rate        | 0.0003      |
|    loss                 | 0.22        |
|    n_updates            | 350         |
|    policy_gradient_loss | 0.0057      |
|    std                  | 0.45        |
|    value_loss           | 0.634       |
-----------------------------------------
------------------------------------------
| rollout/                |              |
|    ep_len_mean          | 172          |
|    ep_rew_mean          | 29.7         |
| time/                   |              |
|    fps                  | 326          |
|    iterations           | 37           |
|    time_elapsed         | 1856         |
|    total_timesteps      | 606208       |
| train/                  |              |
|    approx_kl            | 0.0073471945 |
|    clip_fraction        | 0.107        |
|    clip_range           | 0.2          |
|    entropy_loss         | -0.608       |
|    explained_variance   | 0.739        |
|    learning_rate        | 0.0003       |
|    loss                 | 0.185        |
|    n_updates            | 360          |
|    policy_gradient_loss | 0.00384      |
|    std                  | 0.442        |
|    value_loss           | 0.661        |
------------------------------------------
-----------------------------------------
| rollout/                |             |
|    ep_len_mean          | 170         |
|    ep_rew_mean          | 29.7        |
| time/                   |             |
|    fps                  | 326         |
|    iterations           | 38          |
|    time_elapsed         | 1905        |
|    total_timesteps      | 622592      |
| train/                  |             |
|    approx_kl            | 0.011093527 |
|    clip_fraction        | 0.147       |
|    clip_range           | 0.2         |
|    entropy_loss         | -0.614      |
|    explained_variance   | 0.512       |
|    learning_rate        | 0.0003      |
|    loss                 | 0.637       |
|    n_updates            | 370         |
|    policy_gradient_loss | 0.00606     |
|    std                  | 0.447       |
|    value_loss           | 1.95        |
-----------------------------------------
------------------------------------------
| rollout/                |              |
|    ep_len_mean          | 176          |
|    ep_rew_mean          | 31.2         |
| time/                   |              |
|    fps                  | 326          |
|    iterations           | 39           |
|    time_elapsed         | 1956         |
|    total_timesteps      | 638976       |
| train/                  |              |
|    approx_kl            | 0.0069046626 |
|    clip_fraction        | 0.107        |
|    clip_range           | 0.2          |
|    entropy_loss         | -0.609       |
|    explained_variance   | 0.6          |
|    learning_rate        | 0.0003       |
|    loss                 | 0.305        |
|    n_updates            | 380          |
|    policy_gradient_loss | 0.00347      |
|    std                  | 0.443        |
|    value_loss           | 1.42         |
------------------------------------------
-----------------------------------------
| rollout/                |             |
|    ep_len_mean          | 164         |
|    ep_rew_mean          | 28.1        |
| time/                   |             |
|    fps                  | 326         |
|    iterations           | 40          |
|    time_elapsed         | 2006        |
|    total_timesteps      | 655360      |
| train/                  |             |
|    approx_kl            | 0.007879494 |
|    clip_fraction        | 0.0998      |
|    clip_range           | 0.2         |
|    entropy_loss         | -0.599      |
|    explained_variance   | 0.853       |
|    learning_rate        | 0.0003      |
|    loss                 | 0.132       |
|    n_updates            | 390         |
|    policy_gradient_loss | 0.00243     |
|    std                  | 0.441       |
|    value_loss           | 0.301       |
-----------------------------------------
-----------------------------------------
| rollout/                |             |
|    ep_len_mean          | 171         |
|    ep_rew_mean          | 29.6        |
| time/                   |             |
|    fps                  | 326         |
|    iterations           | 41          |
|    time_elapsed         | 2056        |
|    total_timesteps      | 671744      |
| train/                  |             |
|    approx_kl            | 0.061109163 |
|    clip_fraction        | 0.345       |
|    clip_range           | 0.2         |
|    entropy_loss         | -0.616      |
|    explained_variance   | 0.352       |
|    learning_rate        | 0.0003      |
|    loss                 | 3.57        |
|    n_updates            | 400         |
|    policy_gradient_loss | 0.0269      |
|    std                  | 0.458       |
|    value_loss           | 3.69        |
-----------------------------------------
-----------------------------------------
| rollout/                |             |
|    ep_len_mean          | 170         |
|    ep_rew_mean          | 29.8        |
| time/                   |             |
|    fps                  | 326         |
|    iterations           | 42          |
|    time_elapsed         | 2106        |
|    total_timesteps      | 688128      |
| train/                  |             |
|    approx_kl            | 0.012572309 |
|    clip_fraction        | 0.13        |
|    clip_range           | 0.2         |
|    entropy_loss         | -0.625      |
|    explained_variance   | 0.607       |
|    learning_rate        | 0.0003      |
|    loss                 | 0.292       |
|    n_updates            | 410         |
|    policy_gradient_loss | 0.0034      |
|    std                  | 0.448       |
|    value_loss           | 1.55        |
-----------------------------------------
-----------------------------------------
| rollout/                |             |
|    ep_len_mean          | 174         |
|    ep_rew_mean          | 30.7        |
| time/                   |             |
|    fps                  | 326         |
|    iterations           | 43          |
|    time_elapsed         | 2155        |
|    total_timesteps      | 704512      |
| train/                  |             |
|    approx_kl            | 0.011096242 |
|    clip_fraction        | 0.125       |
|    clip_range           | 0.2         |
|    entropy_loss         | -0.611      |
|    explained_variance   | 0.625       |
|    learning_rate        | 0.0003      |
|    loss                 | 0.164       |
|    n_updates            | 420         |
|    policy_gradient_loss | 0.00299     |
|    std                  | 0.447       |
|    value_loss           | 1.4         |
-----------------------------------------
-----------------------------------------
| rollout/                |             |
|    ep_len_mean          | 164         |
|    ep_rew_mean          | 28.1        |
| time/                   |             |
|    fps                  | 326         |
|    iterations           | 44          |
|    time_elapsed         | 2205        |
|    total_timesteps      | 720896      |
| train/                  |             |
|    approx_kl            | 0.009013402 |
|    clip_fraction        | 0.109       |
|    clip_range           | 0.2         |
|    entropy_loss         | -0.607      |
|    explained_variance   | 0.757       |
|    learning_rate        | 0.0003      |
|    loss                 | 0.303       |
|    n_updates            | 430         |
|    policy_gradient_loss | 0.00411     |
|    std                  | 0.442       |
|    value_loss           | 0.661       |
-----------------------------------------
------------------------------------------
| rollout/                |              |
|    ep_len_mean          | 171          |
|    ep_rew_mean          | 29.4         |
| time/                   |              |
|    fps                  | 326          |
|    iterations           | 45           |
|    time_elapsed         | 2256         |
|    total_timesteps      | 737280       |
| train/                  |              |
|    approx_kl            | 0.0084826015 |
|    clip_fraction        | 0.132        |
|    clip_range           | 0.2          |
|    entropy_loss         | -0.611       |
|    explained_variance   | 0.488        |
|    learning_rate        | 0.0003       |
|    loss                 | 0.894        |
|    n_updates            | 440          |
|    policy_gradient_loss | 0.00353      |
|    std                  | 0.448        |
|    value_loss           | 2.18         |
------------------------------------------
-----------------------------------------
| rollout/                |             |
|    ep_len_mean          | 173         |
|    ep_rew_mean          | 29.6        |
| time/                   |             |
|    fps                  | 326         |
|    iterations           | 46          |
|    time_elapsed         | 2306        |
|    total_timesteps      | 753664      |
| train/                  |             |
|    approx_kl            | 0.009290049 |
|    clip_fraction        | 0.116       |
|    clip_range           | 0.2         |
|    entropy_loss         | -0.611      |
|    explained_variance   | 0.784       |
|    learning_rate        | 0.0003      |
|    loss                 | 0.161       |
|    n_updates            | 450         |
|    policy_gradient_loss | 0.00341     |
|    std                  | 0.447       |
|    value_loss           | 0.339       |
-----------------------------------------
-----------------------------------------
| rollout/                |             |
|    ep_len_mean          | 170         |
|    ep_rew_mean          | 29.5        |
| time/                   |             |
|    fps                  | 326         |
|    iterations           | 47          |
|    time_elapsed         | 2355        |
|    total_timesteps      | 770048      |
| train/                  |             |
|    approx_kl            | 0.007519842 |
|    clip_fraction        | 0.092       |
|    clip_range           | 0.2         |
|    entropy_loss         | -0.61       |
|    explained_variance   | 0.647       |
|    learning_rate        | 0.0003      |
|    loss                 | 0.14        |
|    n_updates            | 460         |
|    policy_gradient_loss | 0.00295     |
|    std                  | 0.447       |
|    value_loss           | 1.11        |
-----------------------------------------
-----------------------------------------
| rollout/                |             |
|    ep_len_mean          | 172         |
|    ep_rew_mean          | 29.7        |
| time/                   |             |
|    fps                  | 326         |
|    iterations           | 48          |
|    time_elapsed         | 2406        |
|    total_timesteps      | 786432      |
| train/                  |             |
|    approx_kl            | 0.005981859 |
|    clip_fraction        | 0.0992      |
|    clip_range           | 0.2         |
|    entropy_loss         | -0.619      |
|    explained_variance   | 0.552       |
|    learning_rate        | 0.0003      |
|    loss                 | 2.24        |
|    n_updates            | 470         |
|    policy_gradient_loss | 0.0017      |
|    std                  | 0.449       |
|    value_loss           | 1.82        |
-----------------------------------------
------------------------------------------
| rollout/                |              |
|    ep_len_mean          | 170          |
|    ep_rew_mean          | 29.3         |
| time/                   |              |
|    fps                  | 326          |
|    iterations           | 49           |
|    time_elapsed         | 2456         |
|    total_timesteps      | 802816       |
| train/                  |              |
|    approx_kl            | 0.0075282687 |
|    clip_fraction        | 0.0904       |
|    clip_range           | 0.2          |
|    entropy_loss         | -0.612       |
|    explained_variance   | 0.625        |
|    learning_rate        | 0.0003       |
|    loss                 | 0.82         |
|    n_updates            | 480          |
|    policy_gradient_loss | 0.00241      |
|    std                  | 0.444        |
|    value_loss           | 1.36         |
------------------------------------------
-----------------------------------------
| rollout/                |             |
|    ep_len_mean          | 172         |
|    ep_rew_mean          | 30.3        |
| time/                   |             |
|    fps                  | 326         |
|    iterations           | 50          |
|    time_elapsed         | 2506        |
|    total_timesteps      | 819200      |
| train/                  |             |
|    approx_kl            | 0.006527651 |
|    clip_fraction        | 0.0989      |
|    clip_range           | 0.2         |
|    entropy_loss         | -0.601      |
|    explained_variance   | 0.54        |
|    learning_rate        | 0.0003      |
|    loss                 | 0.847       |
|    n_updates            | 490         |
|    policy_gradient_loss | 0.00289     |
|    std                  | 0.443       |
|    value_loss           | 1.95        |
-----------------------------------------
-----------------------------------------
| rollout/                |             |
|    ep_len_mean          | 173         |
|    ep_rew_mean          | 29.8        |
| time/                   |             |
|    fps                  | 326         |
|    iterations           | 51          |
|    time_elapsed         | 2556        |
|    total_timesteps      | 835584      |
| train/                  |             |
|    approx_kl            | 0.011320975 |
|    clip_fraction        | 0.0953      |
|    clip_range           | 0.2         |
|    entropy_loss         | -0.602      |
|    explained_variance   | 0.615       |
|    learning_rate        | 0.0003      |
|    loss                 | 0.305       |
|    n_updates            | 500         |
|    policy_gradient_loss | 0.00223     |
|    std                  | 0.443       |
|    value_loss           | 1.37        |
-----------------------------------------
-----------------------------------------
| rollout/                |             |
|    ep_len_mean          | 174         |
|    ep_rew_mean          | 30.2        |
| time/                   |             |
|    fps                  | 326         |
|    iterations           | 52          |
|    time_elapsed         | 2606        |
|    total_timesteps      | 851968      |
| train/                  |             |
|    approx_kl            | 0.008456983 |
|    clip_fraction        | 0.102       |
|    clip_range           | 0.2         |
|    entropy_loss         | -0.584      |
|    explained_variance   | 0.629       |
|    learning_rate        | 0.0003      |
|    loss                 | 2.23        |
|    n_updates            | 510         |
|    policy_gradient_loss | 0.00164     |
|    std                  | 0.434       |
|    value_loss           | 1.38        |
-----------------------------------------
----------------------------------------
| rollout/                |            |
|    ep_len_mean          | 170        |
|    ep_rew_mean          | 29.8       |
| time/                   |            |
|    fps                  | 326        |
|    iterations           | 53         |
|    time_elapsed         | 2656       |
|    total_timesteps      | 868352     |
| train/                  |            |
|    approx_kl            | 0.00860964 |
|    clip_fraction        | 0.0962     |
|    clip_range           | 0.2        |
|    entropy_loss         | -0.586     |
|    explained_variance   | 0.727      |
|    learning_rate        | 0.0003     |
|    loss                 | 0.166      |
|    n_updates            | 520        |
|    policy_gradient_loss | 0.00358    |
|    std                  | 0.436      |
|    value_loss           | 0.723      |
----------------------------------------
-----------------------------------------
| rollout/                |             |
|    ep_len_mean          | 165         |
|    ep_rew_mean          | 28.5        |
| time/                   |             |
|    fps                  | 326         |
|    iterations           | 54          |
|    time_elapsed         | 2707        |
|    total_timesteps      | 884736      |
| train/                  |             |
|    approx_kl            | 0.010056563 |
|    clip_fraction        | 0.115       |
|    clip_range           | 0.2         |
|    entropy_loss         | -0.598      |
|    explained_variance   | 0.454       |
|    learning_rate        | 0.0003      |
|    loss                 | 0.748       |
|    n_updates            | 530         |
|    policy_gradient_loss | 0.00438     |
|    std                  | 0.444       |
|    value_loss           | 2.36        |
-----------------------------------------
-----------------------------------------
| rollout/                |             |
|    ep_len_mean          | 167         |
|    ep_rew_mean          | 28.5        |
| time/                   |             |
|    fps                  | 326         |
|    iterations           | 55          |
|    time_elapsed         | 2758        |
|    total_timesteps      | 901120      |
| train/                  |             |
|    approx_kl            | 0.020958757 |
|    clip_fraction        | 0.176       |
|    clip_range           | 0.2         |
|    entropy_loss         | -0.612      |
|    explained_variance   | 0.417       |
|    learning_rate        | 0.0003      |
|    loss                 | 0.395       |
|    n_updates            | 540         |
|    policy_gradient_loss | 0.00773     |
|    std                  | 0.448       |
|    value_loss           | 2.86        |
-----------------------------------------
-----------------------------------------
| rollout/                |             |
|    ep_len_mean          | 172         |
|    ep_rew_mean          | 29.6        |
| time/                   |             |
|    fps                  | 326         |
|    iterations           | 56          |
|    time_elapsed         | 2807        |
|    total_timesteps      | 917504      |
| train/                  |             |
|    approx_kl            | 0.008489432 |
|    clip_fraction        | 0.113       |
|    clip_range           | 0.2         |
|    entropy_loss         | -0.603      |
|    explained_variance   | 0.612       |
|    learning_rate        | 0.0003      |
|    loss                 | 0.817       |
|    n_updates            | 550         |
|    policy_gradient_loss | 0.00121     |
|    std                  | 0.441       |
|    value_loss           | 2.02        |
-----------------------------------------
-----------------------------------------
| rollout/                |             |
|    ep_len_mean          | 170         |
|    ep_rew_mean          | 29.8        |
| time/                   |             |
|    fps                  | 326         |
|    iterations           | 57          |
|    time_elapsed         | 2857        |
|    total_timesteps      | 933888      |
| train/                  |             |
|    approx_kl            | 0.005787334 |
|    clip_fraction        | 0.0812      |
|    clip_range           | 0.2         |
|    entropy_loss         | -0.586      |
|    explained_variance   | 0.628       |
|    learning_rate        | 0.0003      |
|    loss                 | 0.134       |
|    n_updates            | 560         |
|    policy_gradient_loss | 0.00124     |
|    std                  | 0.435       |
|    value_loss           | 1.3         |
-----------------------------------------
------------------------------------------
| rollout/                |              |
|    ep_len_mean          | 170          |
|    ep_rew_mean          | 29.6         |
| time/                   |              |
|    fps                  | 326          |
|    iterations           | 58           |
|    time_elapsed         | 2908         |
|    total_timesteps      | 950272       |
| train/                  |              |
|    approx_kl            | 0.0077686775 |
|    clip_fraction        | 0.0944       |
|    clip_range           | 0.2          |
|    entropy_loss         | -0.588       |
|    explained_variance   | 0.6          |
|    learning_rate        | 0.0003       |
|    loss                 | 0.15         |
|    n_updates            | 570          |
|    policy_gradient_loss | 0.00294      |
|    std                  | 0.436        |
|    value_loss           | 1.55         |
------------------------------------------
-----------------------------------------
| rollout/                |             |
|    ep_len_mean          | 173         |
|    ep_rew_mean          | 29.6        |
| time/                   |             |
|    fps                  | 326         |
|    iterations           | 59          |
|    time_elapsed         | 2958        |
|    total_timesteps      | 966656      |
| train/                  |             |
|    approx_kl            | 0.008480474 |
|    clip_fraction        | 0.0946      |
|    clip_range           | 0.2         |
|    entropy_loss         | -0.588      |
|    explained_variance   | 0.622       |
|    learning_rate        | 0.0003      |
|    loss                 | 1.07        |
|    n_updates            | 580         |
|    policy_gradient_loss | 0.00166     |
|    std                  | 0.436       |
|    value_loss           | 1.22        |
-----------------------------------------
----------------------------------------
| rollout/                |            |
|    ep_len_mean          | 172        |
|    ep_rew_mean          | 29.7       |
| time/                   |            |
|    fps                  | 326        |
|    iterations           | 60         |
|    time_elapsed         | 3008       |
|    total_timesteps      | 983040     |
| train/                  |            |
|    approx_kl            | 0.00744392 |
|    clip_fraction        | 0.0846     |
|    clip_range           | 0.2        |
|    entropy_loss         | -0.592     |
|    explained_variance   | 0.583      |
|    learning_rate        | 0.0003     |
|    loss                 | 1.94       |
|    n_updates            | 590        |
|    policy_gradient_loss | 0.00279    |
|    std                  | 0.436      |
|    value_loss           | 1.35       |
----------------------------------------
-----------------------------------------
| rollout/                |             |
|    ep_len_mean          | 157         |
|    ep_rew_mean          | 26.8        |
| time/                   |             |
|    fps                  | 326         |
|    iterations           | 61          |
|    time_elapsed         | 3057        |
|    total_timesteps      | 999424      |
| train/                  |             |
|    approx_kl            | 0.017522883 |
|    clip_fraction        | 0.146       |
|    clip_range           | 0.2         |
|    entropy_loss         | -0.592      |
|    explained_variance   | 0.458       |
|    learning_rate        | 0.0003      |
|    loss                 | 0.922       |
|    n_updates            | 600         |
|    policy_gradient_loss | 0.00833     |
|    std                  | 0.439       |
|    value_loss           | 2.56        |
-----------------------------------------
-----------------------------------------
| rollout/                |             |
|    ep_len_mean          | 167         |
|    ep_rew_mean          | 28.5        |
| time/                   |             |
|    fps                  | 326         |
|    iterations           | 62          |
|    time_elapsed         | 3108        |
|    total_timesteps      | 1015808     |
| train/                  |             |
|    approx_kl            | 0.017919663 |
|    clip_fraction        | 0.155       |
|    clip_range           | 0.2         |
|    entropy_loss         | -0.606      |
|    explained_variance   | 0.42        |
|    learning_rate        | 0.0003      |
|    loss                 | 1.84        |
|    n_updates            | 610         |
|    policy_gradient_loss | 0.00567     |
|    std                  | 0.446       |
|    value_loss           | 4.3         |
-----------------------------------------


###############################################################################
TCHPC Cluster: callan
Job 166683 (attn_learned_cf_obs15_stopgo_seed0_ne8_1000000_v8) for User 'hadjitot' in Account 'callan_hadjitot'
Finished at: Sat Mar 14 03:49:48 GMT 2026

Job efficiency estimates:
=========================

Job ID: 166683
Cluster: callan
User/Group: hadjitot/hadjitot
State: COMPLETED (exit code 0)
Nodes: 1
Cores per node: 16
CPU Utilized: 04:57:31
CPU Efficiency: 35.35% of 14:01:36 core-walltime
Job Wall-clock time: 00:52:36
Memory Utilized: 3.38 GB
Memory Efficiency: 10.55% of 32.00 GB (32.00 GB/node)

Job completion status:
======================

JobID           JobName AllocCPUS NTasks NNodes     MaxRSS    MaxRSSNode  MaxDiskRead MaxDiskWrite    Elapsed      State ExitCode 
------------ ---------- --------- ------ ------ ---------- ------------- ------------ ------------ ---------- ---------- -------- 
166683       attn_lear+        16             1                                                      00:52:36  COMPLETED      0:0 
166683.batch      batch        16      1      1   3539604K    callan-n04     1372.63M     1045.33M   00:52:36  COMPLETED      0:0 
166683.exte+     extern        16      1      1                                                      00:52:36  COMPLETED      0:0 


Job details:
============

JobId=166683 JobName=attn_learned_cf_obs15_stopgo_seed0_ne8_1000000_v8
   UserId=hadjitot(2357) GroupId=hadjitot(2300) MCS_label=N/A
   Priority=102495 Nice=0 Account=callan_hadjitot QOS=normal
   JobState=COMPLETING Reason=None Dependency=(null)
   Requeue=0 Restarts=0 BatchFlag=1 Reboot=0 ExitCode=0:0
   DerivedExitCode=0:0
   RunTime=00:52:36 TimeLimit=2-00:00:00 TimeMin=N/A
   SubmitTime=2026-03-14T02:10:39 EligibleTime=2026-03-14T02:10:39
   AccrueTime=2026-03-14T02:10:39
   StartTime=2026-03-14T02:57:12 EndTime=2026-03-14T03:49:48 Deadline=N/A
   SuspendTime=None SecsPreSuspend=0 LastSchedEval=2026-03-14T02:57:12 Scheduler=Backfill
   Partition=compute AllocNode:Sid=callan01:408560
   ReqNodeList=(null) ExcNodeList=(null)
   NodeList=callan-n04
   BatchHost=callan-n04
   NumNodes=1 NumCPUs=16 NumTasks=1 CPUs/Task=16 ReqB:S:C:T=0:0:*:*
   ReqTRES=cpu=16,mem=32G,node=1,billing=16
   AllocTRES=cpu=16,mem=32G,node=1,billing=16
   Socks/Node=* NtasksPerN:B:S:C=0:0:*:* CoreSpec=*
   JOB_GRES=(null)
     Nodes=callan-n04 CPU_IDs=12-19,36-43 Mem=32768 GRES=
   MinCPUsNode=16 MinMemoryNode=32G MinTmpDiskNode=0
   Features=(null) DelayBoot=00:00:00
   OverSubscribe=OK Contiguous=0 Licenses=(null) LicensesAlloc=(null) Network=(null)
   Command=/home/users/hadjitot/fyp/HighwayEnv/slurm/train_attention.sbatch
   WorkDir=/home/users/hadjitot/fyp/HighwayEnv
   StdErr=/home/users/hadjitot/fyp/HighwayEnv/slurm_out/attn_learned_cf_obs15_stopgo_seed0_ne8_1000000_v8_166683.err
   StdIn=/dev/null
   StdOut=/home/users/hadjitot/fyp/HighwayEnv/slurm_out/attn_learned_cf_obs15_stopgo_seed0_ne8_1000000_v8_166683.out
   TresPerTask=cpu=16
   


Disk quota details:
===================

                         Block Limits                                    |                     File Limits
Name       type             MB      quota      limit   in_doubt    grace |    files   quota    limit in_doubt    grace
root       USR         4839678          0          0        328     none |   390965       0        0      291     none
root       FILESET     4865367          0          0       3465     none |  9908380       0        0      767     none


SLURM Bank Statement:
=====================

User           Usage |        Account     Usage | Account Limit Available (CPU hrs)
---------- --------- + -------------- --------- + ------------- ---------
hadjitot      17,289 | CALLAN_HADJITOT    17,289 |       300,000   282,711


Acknowledgements:
=================

Note that usage of TCHPC Resources *must* be acknowledged in all publications.

Please see this page for details relevant to this cluster:

http://www.tchpc.tcd.ie/resources/acknowledgementpolicy

################################################################################
