Loading Anaconda 3 2024.02-1
SCENARIO_NAME=cf_obs15_shuffle
EXP_VERSION=v4
TOTAL_TIMESTEPS=500000
N_ENVS=8
ATTN_MODE=oracle
X_INDEX=1
ppo_attn_oracle_cf_obs15_shuffle_v4_seed0 obs shape: (15, 5) action space: Box(-1.0, 1.0, (1,), float32)
Using cpu device
Logging to runs/tb/ppo_attn_oracle_cf_obs15_shuffle_v4_seed0_1
---------------------------------
| rollout/           |          |
|    ep_len_mean     | 33.5     |
|    ep_rew_mean     | 24.2     |
| time/              |          |
|    fps             | 33       |
|    iterations      | 1        |
|    time_elapsed    | 492      |
|    total_timesteps | 16384    |
---------------------------------
-----------------------------------------
| rollout/                |             |
|    ep_len_mean          | 64.3        |
|    ep_rew_mean          | 46.3        |
| time/                   |             |
|    fps                  | 32          |
|    iterations           | 2           |
|    time_elapsed         | 993         |
|    total_timesteps      | 32768       |
| train/                  |             |
|    approx_kl            | 0.006931275 |
|    clip_fraction        | 0.0915      |
|    clip_range           | 0.2         |
|    entropy_loss         | -1.42       |
|    explained_variance   | 0.00537     |
|    learning_rate        | 0.0003      |
|    loss                 | 5.73        |
|    n_updates            | 10          |
|    policy_gradient_loss | -0.0103     |
|    std                  | 1.01        |
|    value_loss           | 9.89        |
-----------------------------------------
-----------------------------------------
| rollout/                |             |
|    ep_len_mean          | 81.1        |
|    ep_rew_mean          | 62.1        |
| time/                   |             |
|    fps                  | 32          |
|    iterations           | 3           |
|    time_elapsed         | 1494        |
|    total_timesteps      | 49152       |
| train/                  |             |
|    approx_kl            | 0.010459372 |
|    clip_fraction        | 0.122       |
|    clip_range           | 0.2         |
|    entropy_loss         | -1.41       |
|    explained_variance   | 0.451       |
|    learning_rate        | 0.0003      |
|    loss                 | 5.4         |
|    n_updates            | 20          |
|    policy_gradient_loss | -0.0157     |
|    std                  | 0.979       |
|    value_loss           | 15.3        |
-----------------------------------------
-----------------------------------------
| rollout/                |             |
|    ep_len_mean          | 92.7        |
|    ep_rew_mean          | 70.4        |
| time/                   |             |
|    fps                  | 32          |
|    iterations           | 4           |
|    time_elapsed         | 1993        |
|    total_timesteps      | 65536       |
| train/                  |             |
|    approx_kl            | 0.010390898 |
|    clip_fraction        | 0.112       |
|    clip_range           | 0.2         |
|    entropy_loss         | -1.37       |
|    explained_variance   | 0.308       |
|    learning_rate        | 0.0003      |
|    loss                 | 4.77        |
|    n_updates            | 30          |
|    policy_gradient_loss | -0.012      |
|    std                  | 0.943       |
|    value_loss           | 14          |
-----------------------------------------
-----------------------------------------
| rollout/                |             |
|    ep_len_mean          | 95.7        |
|    ep_rew_mean          | 73.3        |
| time/                   |             |
|    fps                  | 32          |
|    iterations           | 5           |
|    time_elapsed         | 2483        |
|    total_timesteps      | 81920       |
| train/                  |             |
|    approx_kl            | 0.006088606 |
|    clip_fraction        | 0.0741      |
|    clip_range           | 0.2         |
|    entropy_loss         | -1.33       |
|    explained_variance   | 0.216       |
|    learning_rate        | 0.0003      |
|    loss                 | 4.86        |
|    n_updates            | 40          |
|    policy_gradient_loss | -0.00364    |
|    std                  | 0.914       |
|    value_loss           | 10.2        |
-----------------------------------------
-----------------------------------------
| rollout/                |             |
|    ep_len_mean          | 96.9        |
|    ep_rew_mean          | 74          |
| time/                   |             |
|    fps                  | 33          |
|    iterations           | 6           |
|    time_elapsed         | 2978        |
|    total_timesteps      | 98304       |
| train/                  |             |
|    approx_kl            | 0.005319425 |
|    clip_fraction        | 0.0664      |
|    clip_range           | 0.2         |
|    entropy_loss         | -1.33       |
|    explained_variance   | 0.203       |
|    learning_rate        | 0.0003      |
|    loss                 | 1.84        |
|    n_updates            | 50          |
|    policy_gradient_loss | -0.00134    |
|    std                  | 0.913       |
|    value_loss           | 6.47        |
-----------------------------------------
------------------------------------------
| rollout/                |              |
|    ep_len_mean          | 100          |
|    ep_rew_mean          | 76.9         |
| time/                   |              |
|    fps                  | 32           |
|    iterations           | 7            |
|    time_elapsed         | 3480         |
|    total_timesteps      | 114688       |
| train/                  |              |
|    approx_kl            | 0.0052041085 |
|    clip_fraction        | 0.0639       |
|    clip_range           | 0.2          |
|    entropy_loss         | -1.33        |
|    explained_variance   | 0.286        |
|    learning_rate        | 0.0003       |
|    loss                 | 1.22         |
|    n_updates            | 60           |
|    policy_gradient_loss | -0.000542    |
|    std                  | 0.914        |
|    value_loss           | 5.27         |
------------------------------------------
------------------------------------------
| rollout/                |              |
|    ep_len_mean          | 89.2         |
|    ep_rew_mean          | 69.5         |
| time/                   |              |
|    fps                  | 32           |
|    iterations           | 8            |
|    time_elapsed         | 3982         |
|    total_timesteps      | 131072       |
| train/                  |              |
|    approx_kl            | 0.0059509743 |
|    clip_fraction        | 0.0725       |
|    clip_range           | 0.2          |
|    entropy_loss         | -1.32        |
|    explained_variance   | 0.34         |
|    learning_rate        | 0.0003       |
|    loss                 | 1.75         |
|    n_updates            | 70           |
|    policy_gradient_loss | -0.00244     |
|    std                  | 0.908        |
|    value_loss           | 5.13         |
------------------------------------------
------------------------------------------
| rollout/                |              |
|    ep_len_mean          | 94.7         |
|    ep_rew_mean          | 74.7         |
| time/                   |              |
|    fps                  | 32           |
|    iterations           | 9            |
|    time_elapsed         | 4484         |
|    total_timesteps      | 147456       |
| train/                  |              |
|    approx_kl            | 0.0073713157 |
|    clip_fraction        | 0.0784       |
|    clip_range           | 0.2          |
|    entropy_loss         | -1.31        |
|    explained_variance   | 0.136        |
|    learning_rate        | 0.0003       |
|    loss                 | 0.653        |
|    n_updates            | 80           |
|    policy_gradient_loss | -0.00285     |
|    std                  | 0.895        |
|    value_loss           | 19.5         |
------------------------------------------
-----------------------------------------
| rollout/                |             |
|    ep_len_mean          | 97.3        |
|    ep_rew_mean          | 76.8        |
| time/                   |             |
|    fps                  | 32          |
|    iterations           | 10          |
|    time_elapsed         | 4985        |
|    total_timesteps      | 163840      |
| train/                  |             |
|    approx_kl            | 0.009361494 |
|    clip_fraction        | 0.0933      |
|    clip_range           | 0.2         |
|    entropy_loss         | -1.31       |
|    explained_variance   | 0.221       |
|    learning_rate        | 0.0003      |
|    loss                 | 3.74        |
|    n_updates            | 90          |
|    policy_gradient_loss | -0.00322    |
|    std                  | 0.893       |
|    value_loss           | 23.9        |
-----------------------------------------
-----------------------------------------
| rollout/                |             |
|    ep_len_mean          | 96          |
|    ep_rew_mean          | 76.9        |
| time/                   |             |
|    fps                  | 32          |
|    iterations           | 11          |
|    time_elapsed         | 5486        |
|    total_timesteps      | 180224      |
| train/                  |             |
|    approx_kl            | 0.007869327 |
|    clip_fraction        | 0.103       |
|    clip_range           | 0.2         |
|    entropy_loss         | -1.28       |
|    explained_variance   | 0.392       |
|    learning_rate        | 0.0003      |
|    loss                 | 0.634       |
|    n_updates            | 100         |
|    policy_gradient_loss | -0.00421    |
|    std                  | 0.869       |
|    value_loss           | 10.9        |
-----------------------------------------
-----------------------------------------
| rollout/                |             |
|    ep_len_mean          | 98.2        |
|    ep_rew_mean          | 79.8        |
| time/                   |             |
|    fps                  | 32          |
|    iterations           | 12          |
|    time_elapsed         | 5987        |
|    total_timesteps      | 196608      |
| train/                  |             |
|    approx_kl            | 0.010261655 |
|    clip_fraction        | 0.116       |
|    clip_range           | 0.2         |
|    entropy_loss         | -1.27       |
|    explained_variance   | 0.456       |
|    learning_rate        | 0.0003      |
|    loss                 | 0.691       |
|    n_updates            | 110         |
|    policy_gradient_loss | -0.00426    |
|    std                  | 0.856       |
|    value_loss           | 8.43        |
-----------------------------------------
-----------------------------------------
| rollout/                |             |
|    ep_len_mean          | 97.7        |
|    ep_rew_mean          | 79.7        |
| time/                   |             |
|    fps                  | 32          |
|    iterations           | 13          |
|    time_elapsed         | 6489        |
|    total_timesteps      | 212992      |
| train/                  |             |
|    approx_kl            | 0.010241294 |
|    clip_fraction        | 0.112       |
|    clip_range           | 0.2         |
|    entropy_loss         | -1.24       |
|    explained_variance   | 0.506       |
|    learning_rate        | 0.0003      |
|    loss                 | 0.498       |
|    n_updates            | 120         |
|    policy_gradient_loss | -0.00405    |
|    std                  | 0.831       |
|    value_loss           | 5.43        |
-----------------------------------------
-----------------------------------------
| rollout/                |             |
|    ep_len_mean          | 95          |
|    ep_rew_mean          | 77.6        |
| time/                   |             |
|    fps                  | 32          |
|    iterations           | 14          |
|    time_elapsed         | 6990        |
|    total_timesteps      | 229376      |
| train/                  |             |
|    approx_kl            | 0.009423131 |
|    clip_fraction        | 0.1         |
|    clip_range           | 0.2         |
|    entropy_loss         | -1.22       |
|    explained_variance   | 0.206       |
|    learning_rate        | 0.0003      |
|    loss                 | 3.43        |
|    n_updates            | 130         |
|    policy_gradient_loss | -0.000683   |
|    std                  | 0.814       |
|    value_loss           | 21.7        |
-----------------------------------------
----------------------------------------
| rollout/                |            |
|    ep_len_mean          | 97.2       |
|    ep_rew_mean          | 79.6       |
| time/                   |            |
|    fps                  | 32         |
|    iterations           | 15         |
|    time_elapsed         | 7492       |
|    total_timesteps      | 245760     |
| train/                  |            |
|    approx_kl            | 0.01602084 |
|    clip_fraction        | 0.122      |
|    clip_range           | 0.2        |
|    entropy_loss         | -1.21      |
|    explained_variance   | 0.101      |
|    learning_rate        | 0.0003     |
|    loss                 | 33.5       |
|    n_updates            | 140        |
|    policy_gradient_loss | 0.00023    |
|    std                  | 0.805      |
|    value_loss           | 39.1       |
----------------------------------------
-----------------------------------------
| rollout/                |             |
|    ep_len_mean          | 98.5        |
|    ep_rew_mean          | 80.8        |
| time/                   |             |
|    fps                  | 32          |
|    iterations           | 16          |
|    time_elapsed         | 7994        |
|    total_timesteps      | 262144      |
| train/                  |             |
|    approx_kl            | 0.012318449 |
|    clip_fraction        | 0.139       |
|    clip_range           | 0.2         |
|    entropy_loss         | -1.19       |
|    explained_variance   | 0.218       |
|    learning_rate        | 0.0003      |
|    loss                 | 34.1        |
|    n_updates            | 150         |
|    policy_gradient_loss | -0.000774   |
|    std                  | 0.791       |
|    value_loss           | 20.8        |
-----------------------------------------
-----------------------------------------
| rollout/                |             |
|    ep_len_mean          | 98          |
|    ep_rew_mean          | 80          |
| time/                   |             |
|    fps                  | 32          |
|    iterations           | 17          |
|    time_elapsed         | 8496        |
|    total_timesteps      | 278528      |
| train/                  |             |
|    approx_kl            | 0.009249405 |
|    clip_fraction        | 0.114       |
|    clip_range           | 0.2         |
|    entropy_loss         | -1.17       |
|    explained_variance   | 0.161       |
|    learning_rate        | 0.0003      |
|    loss                 | 41.1        |
|    n_updates            | 160         |
|    policy_gradient_loss | 0.00127     |
|    std                  | 0.775       |
|    value_loss           | 20.8        |
-----------------------------------------
-----------------------------------------
| rollout/                |             |
|    ep_len_mean          | 96.4        |
|    ep_rew_mean          | 79.2        |
| time/                   |             |
|    fps                  | 32          |
|    iterations           | 18          |
|    time_elapsed         | 8999        |
|    total_timesteps      | 294912      |
| train/                  |             |
|    approx_kl            | 0.012736689 |
|    clip_fraction        | 0.142       |
|    clip_range           | 0.2         |
|    entropy_loss         | -1.15       |
|    explained_variance   | 0.186       |
|    learning_rate        | 0.0003      |
|    loss                 | 2.07        |
|    n_updates            | 170         |
|    policy_gradient_loss | -0.000138   |
|    std                  | 0.764       |
|    value_loss           | 19          |
-----------------------------------------
-----------------------------------------
| rollout/                |             |
|    ep_len_mean          | 98.8        |
|    ep_rew_mean          | 81.4        |
| time/                   |             |
|    fps                  | 32          |
|    iterations           | 19          |
|    time_elapsed         | 9501        |
|    total_timesteps      | 311296      |
| train/                  |             |
|    approx_kl            | 0.016216502 |
|    clip_fraction        | 0.161       |
|    clip_range           | 0.2         |
|    entropy_loss         | -1.15       |
|    explained_variance   | 0.0861      |
|    learning_rate        | 0.0003      |
|    loss                 | 0.58        |
|    n_updates            | 180         |
|    policy_gradient_loss | 0.000296    |
|    std                  | 0.77        |
|    value_loss           | 25.1        |
-----------------------------------------
-----------------------------------------
| rollout/                |             |
|    ep_len_mean          | 98.8        |
|    ep_rew_mean          | 82          |
| time/                   |             |
|    fps                  | 32          |
|    iterations           | 20          |
|    time_elapsed         | 10003       |
|    total_timesteps      | 327680      |
| train/                  |             |
|    approx_kl            | 0.011464895 |
|    clip_fraction        | 0.135       |
|    clip_range           | 0.2         |
|    entropy_loss         | -1.14       |
|    explained_variance   | 0.22        |
|    learning_rate        | 0.0003      |
|    loss                 | 0.159       |
|    n_updates            | 190         |
|    policy_gradient_loss | 0.000379    |
|    std                  | 0.754       |
|    value_loss           | 12.8        |
-----------------------------------------
-----------------------------------------
| rollout/                |             |
|    ep_len_mean          | 99.9        |
|    ep_rew_mean          | 83.2        |
| time/                   |             |
|    fps                  | 32          |
|    iterations           | 21          |
|    time_elapsed         | 10504       |
|    total_timesteps      | 344064      |
| train/                  |             |
|    approx_kl            | 0.012614196 |
|    clip_fraction        | 0.142       |
|    clip_range           | 0.2         |
|    entropy_loss         | -1.12       |
|    explained_variance   | 0.308       |
|    learning_rate        | 0.0003      |
|    loss                 | 1.78        |
|    n_updates            | 200         |
|    policy_gradient_loss | -6.09e-05   |
|    std                  | 0.741       |
|    value_loss           | 11.6        |
-----------------------------------------
-----------------------------------------
| rollout/                |             |
|    ep_len_mean          | 99.6        |
|    ep_rew_mean          | 82.7        |
| time/                   |             |
|    fps                  | 32          |
|    iterations           | 22          |
|    time_elapsed         | 11000       |
|    total_timesteps      | 360448      |
| train/                  |             |
|    approx_kl            | 0.012657087 |
|    clip_fraction        | 0.135       |
|    clip_range           | 0.2         |
|    entropy_loss         | -1.1        |
|    explained_variance   | 0.366       |
|    learning_rate        | 0.0003      |
|    loss                 | 0.127       |
|    n_updates            | 210         |
|    policy_gradient_loss | -0.000808   |
|    std                  | 0.728       |
|    value_loss           | 7.32        |
-----------------------------------------
-----------------------------------------
| rollout/                |             |
|    ep_len_mean          | 100         |
|    ep_rew_mean          | 82.9        |
| time/                   |             |
|    fps                  | 32          |
|    iterations           | 23          |
|    time_elapsed         | 11502       |
|    total_timesteps      | 376832      |
| train/                  |             |
|    approx_kl            | 0.013684081 |
|    clip_fraction        | 0.146       |
|    clip_range           | 0.2         |
|    entropy_loss         | -1.07       |
|    explained_variance   | 0.61        |
|    learning_rate        | 0.0003      |
|    loss                 | 0.0855      |
|    n_updates            | 220         |
|    policy_gradient_loss | -0.00112    |
|    std                  | 0.704       |
|    value_loss           | 2.83        |
-----------------------------------------
-----------------------------------------
| rollout/                |             |
|    ep_len_mean          | 99          |
|    ep_rew_mean          | 83.3        |
| time/                   |             |
|    fps                  | 32          |
|    iterations           | 24          |
|    time_elapsed         | 11996       |
|    total_timesteps      | 393216      |
| train/                  |             |
|    approx_kl            | 0.012599209 |
|    clip_fraction        | 0.138       |
|    clip_range           | 0.2         |
|    entropy_loss         | -1.05       |
|    explained_variance   | 0.296       |
|    learning_rate        | 0.0003      |
|    loss                 | 4.03        |
|    n_updates            | 230         |
|    policy_gradient_loss | 0.000134    |
|    std                  | 0.68        |
|    value_loss           | 12.2        |
-----------------------------------------
-----------------------------------------
| rollout/                |             |
|    ep_len_mean          | 98.1        |
|    ep_rew_mean          | 83.4        |
| time/                   |             |
|    fps                  | 32          |
|    iterations           | 25          |
|    time_elapsed         | 12499       |
|    total_timesteps      | 409600      |
| train/                  |             |
|    approx_kl            | 0.013420405 |
|    clip_fraction        | 0.143       |
|    clip_range           | 0.2         |
|    entropy_loss         | -1.01       |
|    explained_variance   | 0.329       |
|    learning_rate        | 0.0003      |
|    loss                 | 0.0336      |
|    n_updates            | 240         |
|    policy_gradient_loss | 0.000548    |
|    std                  | 0.658       |
|    value_loss           | 11.3        |
-----------------------------------------
-----------------------------------------
| rollout/                |             |
|    ep_len_mean          | 99          |
|    ep_rew_mean          | 84          |
| time/                   |             |
|    fps                  | 32          |
|    iterations           | 26          |
|    time_elapsed         | 12993       |
|    total_timesteps      | 425984      |
| train/                  |             |
|    approx_kl            | 0.016247537 |
|    clip_fraction        | 0.159       |
|    clip_range           | 0.2         |
|    entropy_loss         | -0.995      |
|    explained_variance   | 0.196       |
|    learning_rate        | 0.0003      |
|    loss                 | 0.182       |
|    n_updates            | 250         |
|    policy_gradient_loss | 0.00264     |
|    std                  | 0.656       |
|    value_loss           | 18.8        |
-----------------------------------------
-----------------------------------------
| rollout/                |             |
|    ep_len_mean          | 98.7        |
|    ep_rew_mean          | 83.9        |
| time/                   |             |
|    fps                  | 32          |
|    iterations           | 27          |
|    time_elapsed         | 13497       |
|    total_timesteps      | 442368      |
| train/                  |             |
|    approx_kl            | 0.016760493 |
|    clip_fraction        | 0.139       |
|    clip_range           | 0.2         |
|    entropy_loss         | -0.973      |
|    explained_variance   | 0.142       |
|    learning_rate        | 0.0003      |
|    loss                 | 0.117       |
|    n_updates            | 260         |
|    policy_gradient_loss | 0.0026      |
|    std                  | 0.633       |
|    value_loss           | 22.7        |
-----------------------------------------
----------------------------------------
| rollout/                |            |
|    ep_len_mean          | 98         |
|    ep_rew_mean          | 82.3       |
| time/                   |            |
|    fps                  | 32         |
|    iterations           | 28         |
|    time_elapsed         | 13999      |
|    total_timesteps      | 458752     |
| train/                  |            |
|    approx_kl            | 0.01870117 |
|    clip_fraction        | 0.151      |
|    clip_range           | 0.2        |
|    entropy_loss         | -0.963     |
|    explained_variance   | 0.117      |
|    learning_rate        | 0.0003     |
|    loss                 | 46         |
|    n_updates            | 270        |
|    policy_gradient_loss | 0.00359    |
|    std                  | 0.633      |
|    value_loss           | 26.7       |
----------------------------------------
-----------------------------------------
| rollout/                |             |
|    ep_len_mean          | 96.7        |
|    ep_rew_mean          | 82          |
| time/                   |             |
|    fps                  | 32          |
|    iterations           | 29          |
|    time_elapsed         | 14503       |
|    total_timesteps      | 475136      |
| train/                  |             |
|    approx_kl            | 0.019575506 |
|    clip_fraction        | 0.157       |
|    clip_range           | 0.2         |
|    entropy_loss         | -0.963      |
|    explained_variance   | 0.0832      |
|    learning_rate        | 0.0003      |
|    loss                 | 11.9        |
|    n_updates            | 280         |
|    policy_gradient_loss | 0.00422     |
|    std                  | 0.634       |
|    value_loss           | 29.9        |
-----------------------------------------
-----------------------------------------
| rollout/                |             |
|    ep_len_mean          | 99.9        |
|    ep_rew_mean          | 85.1        |
| time/                   |             |
|    fps                  | 32          |
|    iterations           | 30          |
|    time_elapsed         | 15006       |
|    total_timesteps      | 491520      |
| train/                  |             |
|    approx_kl            | 0.019285854 |
|    clip_fraction        | 0.178       |
|    clip_range           | 0.2         |
|    entropy_loss         | -0.955      |
|    explained_variance   | 0.0853      |
|    learning_rate        | 0.0003      |
|    loss                 | 26.2        |
|    n_updates            | 290         |
|    policy_gradient_loss | 0.00518     |
|    std                  | 0.622       |
|    value_loss           | 44.1        |
-----------------------------------------
-----------------------------------------
| rollout/                |             |
|    ep_len_mean          | 99.1        |
|    ep_rew_mean          | 84.1        |
| time/                   |             |
|    fps                  | 32          |
|    iterations           | 31          |
|    time_elapsed         | 15488       |
|    total_timesteps      | 507904      |
| train/                  |             |
|    approx_kl            | 0.013069501 |
|    clip_fraction        | 0.157       |
|    clip_range           | 0.2         |
|    entropy_loss         | -0.94       |
|    explained_variance   | -0.0592     |
|    learning_rate        | 0.0003      |
|    loss                 | 0.352       |
|    n_updates            | 300         |
|    policy_gradient_loss | 0.00447     |
|    std                  | 0.618       |
|    value_loss           | 11.6        |
-----------------------------------------
ppo_attn_oracle_cf_obs15_shuffle_v4_seed1 obs shape: (15, 5) action space: Box(-1.0, 1.0, (1,), float32)
Using cpu device
Logging to runs/tb/ppo_attn_oracle_cf_obs15_shuffle_v4_seed1_1
---------------------------------
| rollout/           |          |
|    ep_len_mean     | 42.6     |
|    ep_rew_mean     | 28.5     |
| time/              |          |
|    fps             | 33       |
|    iterations      | 1        |
|    time_elapsed    | 494      |
|    total_timesteps | 16384    |
---------------------------------
-----------------------------------------
| rollout/                |             |
|    ep_len_mean          | 66.6        |
|    ep_rew_mean          | 48.9        |
| time/                   |             |
|    fps                  | 33          |
|    iterations           | 2           |
|    time_elapsed         | 992         |
|    total_timesteps      | 32768       |
| train/                  |             |
|    approx_kl            | 0.007960298 |
|    clip_fraction        | 0.0971      |
|    clip_range           | 0.2         |
|    entropy_loss         | -1.41       |
|    explained_variance   | -0.0297     |
|    learning_rate        | 0.0003      |
|    loss                 | 3.52        |
|    n_updates            | 10          |
|    policy_gradient_loss | -0.00977    |
|    std                  | 0.983       |
|    value_loss           | 9.01        |
-----------------------------------------
-----------------------------------------
| rollout/                |             |
|    ep_len_mean          | 80.8        |
|    ep_rew_mean          | 60.2        |
| time/                   |             |
|    fps                  | 33          |
|    iterations           | 3           |
|    time_elapsed         | 1486        |
|    total_timesteps      | 49152       |
| train/                  |             |
|    approx_kl            | 0.009914132 |
|    clip_fraction        | 0.118       |
|    clip_range           | 0.2         |
|    entropy_loss         | -1.38       |
|    explained_variance   | 0.516       |
|    learning_rate        | 0.0003      |
|    loss                 | 6.78        |
|    n_updates            | 20          |
|    policy_gradient_loss | -0.0145     |
|    std                  | 0.961       |
|    value_loss           | 13.7        |
-----------------------------------------
------------------------------------------
| rollout/                |              |
|    ep_len_mean          | 96           |
|    ep_rew_mean          | 74           |
| time/                   |              |
|    fps                  | 33           |
|    iterations           | 4            |
|    time_elapsed         | 1983         |
|    total_timesteps      | 65536        |
| train/                  |              |
|    approx_kl            | 0.0097616995 |
|    clip_fraction        | 0.115        |
|    clip_range           | 0.2          |
|    entropy_loss         | -1.35        |
|    explained_variance   | 0.497        |
|    learning_rate        | 0.0003       |
|    loss                 | 6.62         |
|    n_updates            | 30           |
|    policy_gradient_loss | -0.0131      |
|    std                  | 0.93         |
|    value_loss           | 16.1         |
------------------------------------------
-----------------------------------------
| rollout/                |             |
|    ep_len_mean          | 97          |
|    ep_rew_mean          | 75.5        |
| time/                   |             |
|    fps                  | 32          |
|    iterations           | 5           |
|    time_elapsed         | 2484        |
|    total_timesteps      | 81920       |
| train/                  |             |
|    approx_kl            | 0.008047566 |
|    clip_fraction        | 0.099       |
|    clip_range           | 0.2         |
|    entropy_loss         | -1.31       |
|    explained_variance   | 0.175       |
|    learning_rate        | 0.0003      |
|    loss                 | 1.38        |
|    n_updates            | 40          |
|    policy_gradient_loss | -0.00661    |
|    std                  | 0.895       |
|    value_loss           | 7.15        |
-----------------------------------------
-----------------------------------------
| rollout/                |             |
|    ep_len_mean          | 97.1        |
|    ep_rew_mean          | 76.1        |
| time/                   |             |
|    fps                  | 32          |
|    iterations           | 6           |
|    time_elapsed         | 2983        |
|    total_timesteps      | 98304       |
| train/                  |             |
|    approx_kl            | 0.005461121 |
|    clip_fraction        | 0.0624      |
|    clip_range           | 0.2         |
|    entropy_loss         | -1.3        |
|    explained_variance   | 0.308       |
|    learning_rate        | 0.0003      |
|    loss                 | 1.65        |
|    n_updates            | 50          |
|    policy_gradient_loss | -0.00159    |
|    std                  | 0.887       |
|    value_loss           | 5.91        |
-----------------------------------------
------------------------------------------
| rollout/                |              |
|    ep_len_mean          | 100          |
|    ep_rew_mean          | 78.7         |
| time/                   |              |
|    fps                  | 32           |
|    iterations           | 7            |
|    time_elapsed         | 3481         |
|    total_timesteps      | 114688       |
| train/                  |              |
|    approx_kl            | 0.0064218757 |
|    clip_fraction        | 0.0714       |
|    clip_range           | 0.2          |
|    entropy_loss         | -1.29        |
|    explained_variance   | 0.403        |
|    learning_rate        | 0.0003       |
|    loss                 | 1.45         |
|    n_updates            | 60           |
|    policy_gradient_loss | -0.00317     |
|    std                  | 0.87         |
|    value_loss           | 5.03         |
------------------------------------------
-----------------------------------------
| rollout/                |             |
|    ep_len_mean          | 98.1        |
|    ep_rew_mean          | 77.7        |
| time/                   |             |
|    fps                  | 32          |
|    iterations           | 8           |
|    time_elapsed         | 3972        |
|    total_timesteps      | 131072      |
| train/                  |             |
|    approx_kl            | 0.007994236 |
|    clip_fraction        | 0.0904      |
|    clip_range           | 0.2         |
|    entropy_loss         | -1.27       |
|    explained_variance   | 0.582       |
|    learning_rate        | 0.0003      |
|    loss                 | 1.52        |
|    n_updates            | 70          |
|    policy_gradient_loss | -0.00398    |
|    std                  | 0.858       |
|    value_loss           | 2.94        |
-----------------------------------------
-----------------------------------------
| rollout/                |             |
|    ep_len_mean          | 97          |
|    ep_rew_mean          | 77.7        |
| time/                   |             |
|    fps                  | 33          |
|    iterations           | 9           |
|    time_elapsed         | 4458        |
|    total_timesteps      | 147456      |
| train/                  |             |
|    approx_kl            | 0.007285092 |
|    clip_fraction        | 0.083       |
|    clip_range           | 0.2         |
|    entropy_loss         | -1.26       |
|    explained_variance   | 0.581       |
|    learning_rate        | 0.0003      |
|    loss                 | 1.05        |
|    n_updates            | 80          |
|    policy_gradient_loss | -0.00338    |
|    std                  | 0.846       |
|    value_loss           | 2.9         |
-----------------------------------------
----------------------------------------
| rollout/                |            |
|    ep_len_mean          | 98.1       |
|    ep_rew_mean          | 79.1       |
| time/                   |            |
|    fps                  | 33         |
|    iterations           | 10         |
|    time_elapsed         | 4926       |
|    total_timesteps      | 163840     |
| train/                  |            |
|    approx_kl            | 0.00683333 |
|    clip_fraction        | 0.0793     |
|    clip_range           | 0.2        |
|    entropy_loss         | -1.25      |
|    explained_variance   | 0.236      |
|    learning_rate        | 0.0003     |
|    loss                 | 0.872      |
|    n_updates            | 90         |
|    policy_gradient_loss | -0.00229   |
|    std                  | 0.844      |
|    value_loss           | 10.8       |
----------------------------------------
------------------------------------------
| rollout/                |              |
|    ep_len_mean          | 98.6         |
|    ep_rew_mean          | 79.3         |
| time/                   |              |
|    fps                  | 33           |
|    iterations           | 11           |
|    time_elapsed         | 5382         |
|    total_timesteps      | 180224       |
| train/                  |              |
|    approx_kl            | 0.0086679235 |
|    clip_fraction        | 0.0842       |
|    clip_range           | 0.2          |
|    entropy_loss         | -1.23        |
|    explained_variance   | 0.36         |
|    learning_rate        | 0.0003       |
|    loss                 | 2.04         |
|    n_updates            | 100          |
|    policy_gradient_loss | -0.00199     |
|    std                  | 0.827        |
|    value_loss           | 9.49         |
------------------------------------------
------------------------------------------
| rollout/                |              |
|    ep_len_mean          | 100          |
|    ep_rew_mean          | 81.2         |
| time/                   |              |
|    fps                  | 33           |
|    iterations           | 12           |
|    time_elapsed         | 5838         |
|    total_timesteps      | 196608       |
| train/                  |              |
|    approx_kl            | 0.0082038045 |
|    clip_fraction        | 0.103        |
|    clip_range           | 0.2          |
|    entropy_loss         | -1.21        |
|    explained_variance   | 0.496        |
|    learning_rate        | 0.0003       |
|    loss                 | 0.546        |
|    n_updates            | 110          |
|    policy_gradient_loss | -0.0037      |
|    std                  | 0.806        |
|    value_loss           | 5.51         |
------------------------------------------
-----------------------------------------
| rollout/                |             |
|    ep_len_mean          | 100         |
|    ep_rew_mean          | 81.5        |
| time/                   |             |
|    fps                  | 33          |
|    iterations           | 13          |
|    time_elapsed         | 6294        |
|    total_timesteps      | 212992      |
| train/                  |             |
|    approx_kl            | 0.007761922 |
|    clip_fraction        | 0.0985      |
|    clip_range           | 0.2         |
|    entropy_loss         | -1.18       |
|    explained_variance   | 0.836       |
|    learning_rate        | 0.0003      |
|    loss                 | 0.614       |
|    n_updates            | 120         |
|    policy_gradient_loss | -0.00311    |
|    std                  | 0.788       |
|    value_loss           | 0.923       |
-----------------------------------------
-----------------------------------------
| rollout/                |             |
|    ep_len_mean          | 100         |
|    ep_rew_mean          | 82.3        |
| time/                   |             |
|    fps                  | 33          |
|    iterations           | 14          |
|    time_elapsed         | 6747        |
|    total_timesteps      | 229376      |
| train/                  |             |
|    approx_kl            | 0.009886274 |
|    clip_fraction        | 0.113       |
|    clip_range           | 0.2         |
|    entropy_loss         | -1.16       |
|    explained_variance   | 0.488       |
|    learning_rate        | 0.0003      |
|    loss                 | 0.432       |
|    n_updates            | 130         |
|    policy_gradient_loss | -0.00351    |
|    std                  | 0.773       |
|    value_loss           | 5.09        |
-----------------------------------------
-----------------------------------------
| rollout/                |             |
|    ep_len_mean          | 99          |
|    ep_rew_mean          | 81.6        |
| time/                   |             |
|    fps                  | 34          |
|    iterations           | 15          |
|    time_elapsed         | 7198        |
|    total_timesteps      | 245760      |
| train/                  |             |
|    approx_kl            | 0.009069652 |
|    clip_fraction        | 0.102       |
|    clip_range           | 0.2         |
|    entropy_loss         | -1.14       |
|    explained_variance   | 0.427       |
|    learning_rate        | 0.0003      |
|    loss                 | 17.4        |
|    n_updates            | 140         |
|    policy_gradient_loss | -0.00165    |
|    std                  | 0.752       |
|    value_loss           | 5.24        |
-----------------------------------------
-----------------------------------------
| rollout/                |             |
|    ep_len_mean          | 100         |
|    ep_rew_mean          | 82.9        |
| time/                   |             |
|    fps                  | 34          |
|    iterations           | 16          |
|    time_elapsed         | 7651        |
|    total_timesteps      | 262144      |
| train/                  |             |
|    approx_kl            | 0.009913777 |
|    clip_fraction        | 0.119       |
|    clip_range           | 0.2         |
|    entropy_loss         | -1.11       |
|    explained_variance   | 0.579       |
|    learning_rate        | 0.0003      |
|    loss                 | 3.07        |
|    n_updates            | 150         |
|    policy_gradient_loss | -0.00317    |
|    std                  | 0.734       |
|    value_loss           | 3.63        |
-----------------------------------------
----------------------------------------
| rollout/                |            |
|    ep_len_mean          | 98.4       |
|    ep_rew_mean          | 82         |
| time/                   |            |
|    fps                  | 34         |
|    iterations           | 17         |
|    time_elapsed         | 8103       |
|    total_timesteps      | 278528     |
| train/                  |            |
|    approx_kl            | 0.01025866 |
|    clip_fraction        | 0.115      |
|    clip_range           | 0.2        |
|    entropy_loss         | -1.08      |
|    explained_variance   | 0.591      |
|    learning_rate        | 0.0003     |
|    loss                 | 0.569      |
|    n_updates            | 160        |
|    policy_gradient_loss | -0.00363   |
|    std                  | 0.709      |
|    value_loss           | 3.26       |
----------------------------------------
-----------------------------------------
| rollout/                |             |
|    ep_len_mean          | 98.5        |
|    ep_rew_mean          | 82.4        |
| time/                   |             |
|    fps                  | 34          |
|    iterations           | 18          |
|    time_elapsed         | 8555        |
|    total_timesteps      | 294912      |
| train/                  |             |
|    approx_kl            | 0.012903672 |
|    clip_fraction        | 0.113       |
|    clip_range           | 0.2         |
|    entropy_loss         | -1.05       |
|    explained_variance   | 0.231       |
|    learning_rate        | 0.0003      |
|    loss                 | 30.7        |
|    n_updates            | 170         |
|    policy_gradient_loss | 0.000799    |
|    std                  | 0.689       |
|    value_loss           | 14.4        |
-----------------------------------------
-----------------------------------------
| rollout/                |             |
|    ep_len_mean          | 98.1        |
|    ep_rew_mean          | 82          |
| time/                   |             |
|    fps                  | 34          |
|    iterations           | 19          |
|    time_elapsed         | 9006        |
|    total_timesteps      | 311296      |
| train/                  |             |
|    approx_kl            | 0.011060078 |
|    clip_fraction        | 0.122       |
|    clip_range           | 0.2         |
|    entropy_loss         | -1.03       |
|    explained_variance   | 0.291       |
|    learning_rate        | 0.0003      |
|    loss                 | 0.164       |
|    n_updates            | 180         |
|    policy_gradient_loss | 0.00137     |
|    std                  | 0.672       |
|    value_loss           | 14          |
-----------------------------------------
----------------------------------------
| rollout/                |            |
|    ep_len_mean          | 98.5       |
|    ep_rew_mean          | 83         |
| time/                   |            |
|    fps                  | 34         |
|    iterations           | 20         |
|    time_elapsed         | 9458       |
|    total_timesteps      | 327680     |
| train/                  |            |
|    approx_kl            | 0.01475972 |
|    clip_fraction        | 0.128      |
|    clip_range           | 0.2        |
|    entropy_loss         | -1.01      |
|    explained_variance   | 0.185      |
|    learning_rate        | 0.0003     |
|    loss                 | 32.6       |
|    n_updates            | 190        |
|    policy_gradient_loss | 0.000671   |
|    std                  | 0.661      |
|    value_loss           | 26.2       |
----------------------------------------
-----------------------------------------
| rollout/                |             |
|    ep_len_mean          | 99.2        |
|    ep_rew_mean          | 83.7        |
| time/                   |             |
|    fps                  | 34          |
|    iterations           | 21          |
|    time_elapsed         | 9910        |
|    total_timesteps      | 344064      |
| train/                  |             |
|    approx_kl            | 0.010557529 |
|    clip_fraction        | 0.13        |
|    clip_range           | 0.2         |
|    entropy_loss         | -0.989      |
|    explained_variance   | 0.285       |
|    learning_rate        | 0.0003      |
|    loss                 | 0.343       |
|    n_updates            | 200         |
|    policy_gradient_loss | 0.00134     |
|    std                  | 0.644       |
|    value_loss           | 17.9        |
-----------------------------------------
-----------------------------------------
| rollout/                |             |
|    ep_len_mean          | 99.6        |
|    ep_rew_mean          | 84.1        |
| time/                   |             |
|    fps                  | 34          |
|    iterations           | 22          |
|    time_elapsed         | 10362       |
|    total_timesteps      | 360448      |
| train/                  |             |
|    approx_kl            | 0.012311905 |
|    clip_fraction        | 0.119       |
|    clip_range           | 0.2         |
|    entropy_loss         | -0.961      |
|    explained_variance   | 0.493       |
|    learning_rate        | 0.0003      |
|    loss                 | 0.104       |
|    n_updates            | 210         |
|    policy_gradient_loss | 0.00181     |
|    std                  | 0.632       |
|    value_loss           | 8.38        |
-----------------------------------------
-----------------------------------------
| rollout/                |             |
|    ep_len_mean          | 99.5        |
|    ep_rew_mean          | 83.8        |
| time/                   |             |
|    fps                  | 34          |
|    iterations           | 23          |
|    time_elapsed         | 10814       |
|    total_timesteps      | 376832      |
| train/                  |             |
|    approx_kl            | 0.014145277 |
|    clip_fraction        | 0.128       |
|    clip_range           | 0.2         |
|    entropy_loss         | -0.933      |
|    explained_variance   | 0.425       |
|    learning_rate        | 0.0003      |
|    loss                 | 0.0829      |
|    n_updates            | 220         |
|    policy_gradient_loss | 0.000531    |
|    std                  | 0.613       |
|    value_loss           | 11.7        |
-----------------------------------------
-----------------------------------------
| rollout/                |             |
|    ep_len_mean          | 99          |
|    ep_rew_mean          | 83.7        |
| time/                   |             |
|    fps                  | 34          |
|    iterations           | 24          |
|    time_elapsed         | 11267       |
|    total_timesteps      | 393216      |
| train/                  |             |
|    approx_kl            | 0.010942066 |
|    clip_fraction        | 0.125       |
|    clip_range           | 0.2         |
|    entropy_loss         | -0.915      |
|    explained_variance   | 0.385       |
|    learning_rate        | 0.0003      |
|    loss                 | 13.4        |
|    n_updates            | 230         |
|    policy_gradient_loss | 0.00215     |
|    std                  | 0.605       |
|    value_loss           | 9.8         |
-----------------------------------------
-----------------------------------------
| rollout/                |             |
|    ep_len_mean          | 99.6        |
|    ep_rew_mean          | 84.8        |
| time/                   |             |
|    fps                  | 34          |
|    iterations           | 25          |
|    time_elapsed         | 11719       |
|    total_timesteps      | 409600      |
| train/                  |             |
|    approx_kl            | 0.013286319 |
|    clip_fraction        | 0.127       |
|    clip_range           | 0.2         |
|    entropy_loss         | -0.917      |
|    explained_variance   | 0.241       |
|    learning_rate        | 0.0003      |
|    loss                 | 0.0747      |
|    n_updates            | 240         |
|    policy_gradient_loss | 0.00189     |
|    std                  | 0.606       |
|    value_loss           | 19.1        |
-----------------------------------------
-----------------------------------------
| rollout/                |             |
|    ep_len_mean          | 99.6        |
|    ep_rew_mean          | 84.8        |
| time/                   |             |
|    fps                  | 34          |
|    iterations           | 26          |
|    time_elapsed         | 12171       |
|    total_timesteps      | 425984      |
| train/                  |             |
|    approx_kl            | 0.011764656 |
|    clip_fraction        | 0.115       |
|    clip_range           | 0.2         |
|    entropy_loss         | -0.898      |
|    explained_variance   | 0.615       |
|    learning_rate        | 0.0003      |
|    loss                 | 1.15        |
|    n_updates            | 250         |
|    policy_gradient_loss | 0.00177     |
|    std                  | 0.593       |
|    value_loss           | 3.56        |
-----------------------------------------
-----------------------------------------
| rollout/                |             |
|    ep_len_mean          | 99.5        |
|    ep_rew_mean          | 84.8        |
| time/                   |             |
|    fps                  | 35          |
|    iterations           | 27          |
|    time_elapsed         | 12624       |
|    total_timesteps      | 442368      |
| train/                  |             |
|    approx_kl            | 0.012684621 |
|    clip_fraction        | 0.124       |
|    clip_range           | 0.2         |
|    entropy_loss         | -0.877      |
|    explained_variance   | 0.464       |
|    learning_rate        | 0.0003      |
|    loss                 | 0.0746      |
|    n_updates            | 260         |
|    policy_gradient_loss | -0.000337   |
|    std                  | 0.581       |
|    value_loss           | 7.44        |
-----------------------------------------
-----------------------------------------
| rollout/                |             |
|    ep_len_mean          | 99.9        |
|    ep_rew_mean          | 85.1        |
| time/                   |             |
|    fps                  | 35          |
|    iterations           | 28          |
|    time_elapsed         | 13077       |
|    total_timesteps      | 458752      |
| train/                  |             |
|    approx_kl            | 0.012102451 |
|    clip_fraction        | 0.117       |
|    clip_range           | 0.2         |
|    entropy_loss         | -0.858      |
|    explained_variance   | 0.571       |
|    learning_rate        | 0.0003      |
|    loss                 | 0.0909      |
|    n_updates            | 270         |
|    policy_gradient_loss | 0.00196     |
|    std                  | 0.568       |
|    value_loss           | 3.64        |
-----------------------------------------
------------------------------------------
| rollout/                |              |
|    ep_len_mean          | 99.6         |
|    ep_rew_mean          | 84.9         |
| time/                   |              |
|    fps                  | 35           |
|    iterations           | 29           |
|    time_elapsed         | 13530        |
|    total_timesteps      | 475136       |
| train/                  |              |
|    approx_kl            | 0.0124590155 |
|    clip_fraction        | 0.116        |
|    clip_range           | 0.2          |
|    entropy_loss         | -0.841       |
|    explained_variance   | 0.624        |
|    learning_rate        | 0.0003       |
|    loss                 | 0.112        |
|    n_updates            | 280          |
|    policy_gradient_loss | 0.00228      |
|    std                  | 0.56         |
|    value_loss           | 3.29         |
------------------------------------------
----------------------------------------
| rollout/                |            |
|    ep_len_mean          | 97.7       |
|    ep_rew_mean          | 83         |
| time/                   |            |
|    fps                  | 35         |
|    iterations           | 30         |
|    time_elapsed         | 13984      |
|    total_timesteps      | 491520     |
| train/                  |            |
|    approx_kl            | 0.01282634 |
|    clip_fraction        | 0.125      |
|    clip_range           | 0.2        |
|    entropy_loss         | -0.821     |
|    explained_variance   | 0.337      |
|    learning_rate        | 0.0003     |
|    loss                 | 0.523      |
|    n_updates            | 290        |
|    policy_gradient_loss | 0.000476   |
|    std                  | 0.55       |
|    value_loss           | 10.4       |
----------------------------------------
-----------------------------------------
| rollout/                |             |
|    ep_len_mean          | 98.3        |
|    ep_rew_mean          | 84.3        |
| time/                   |             |
|    fps                  | 35          |
|    iterations           | 31          |
|    time_elapsed         | 14437       |
|    total_timesteps      | 507904      |
| train/                  |             |
|    approx_kl            | 0.016818604 |
|    clip_fraction        | 0.131       |
|    clip_range           | 0.2         |
|    entropy_loss         | -0.818      |
|    explained_variance   | 0.125       |
|    learning_rate        | 0.0003      |
|    loss                 | 19.5        |
|    n_updates            | 300         |
|    policy_gradient_loss | 0.00337     |
|    std                  | 0.546       |
|    value_loss           | 28.1        |
-----------------------------------------
ppo_attn_oracle_cf_obs15_shuffle_v4_seed2 obs shape: (15, 5) action space: Box(-1.0, 1.0, (1,), float32)
Using cpu device
Logging to runs/tb/ppo_attn_oracle_cf_obs15_shuffle_v4_seed2_1
---------------------------------
| rollout/           |          |
|    ep_len_mean     | 37.1     |
|    ep_rew_mean     | 26.8     |
| time/              |          |
|    fps             | 35       |
|    iterations      | 1        |
|    time_elapsed    | 459      |
|    total_timesteps | 16384    |
---------------------------------
-----------------------------------------
| rollout/                |             |
|    ep_len_mean          | 59.3        |
|    ep_rew_mean          | 42.2        |
| time/                   |             |
|    fps                  | 35          |
|    iterations           | 2           |
|    time_elapsed         | 924         |
|    total_timesteps      | 32768       |
| train/                  |             |
|    approx_kl            | 0.007283746 |
|    clip_fraction        | 0.0849      |
|    clip_range           | 0.2         |
|    entropy_loss         | -1.41       |
|    explained_variance   | -0.00173    |
|    learning_rate        | 0.0003      |
|    loss                 | 2.91        |
|    n_updates            | 10          |
|    policy_gradient_loss | -0.00859    |
|    std                  | 0.988       |
|    value_loss           | 9.32        |
-----------------------------------------
-----------------------------------------
| rollout/                |             |
|    ep_len_mean          | 84.1        |
|    ep_rew_mean          | 63.9        |
| time/                   |             |
|    fps                  | 35          |
|    iterations           | 3           |
|    time_elapsed         | 1390        |
|    total_timesteps      | 49152       |
| train/                  |             |
|    approx_kl            | 0.007927868 |
|    clip_fraction        | 0.106       |
|    clip_range           | 0.2         |
|    entropy_loss         | -1.4        |
|    explained_variance   | 0.494       |
|    learning_rate        | 0.0003      |
|    loss                 | 6.64        |
|    n_updates            | 20          |
|    policy_gradient_loss | -0.0154     |
|    std                  | 0.981       |
|    value_loss           | 14.1        |
-----------------------------------------
----------------------------------------
| rollout/                |            |
|    ep_len_mean          | 94.2       |
|    ep_rew_mean          | 72.5       |
| time/                   |            |
|    fps                  | 35         |
|    iterations           | 4          |
|    time_elapsed         | 1855       |
|    total_timesteps      | 65536      |
| train/                  |            |
|    approx_kl            | 0.00891432 |
|    clip_fraction        | 0.106      |
|    clip_range           | 0.2        |
|    entropy_loss         | -1.37      |
|    explained_variance   | 0.354      |
|    learning_rate        | 0.0003     |
|    loss                 | 7.52       |
|    n_updates            | 30         |
|    policy_gradient_loss | -0.0137    |
|    std                  | 0.954      |
|    value_loss           | 14         |
----------------------------------------
------------------------------------------
| rollout/                |              |
|    ep_len_mean          | 96.2         |
|    ep_rew_mean          | 73.7         |
| time/                   |              |
|    fps                  | 35           |
|    iterations           | 5            |
|    time_elapsed         | 2321         |
|    total_timesteps      | 81920        |
| train/                  |              |
|    approx_kl            | 0.0075561926 |
|    clip_fraction        | 0.0899       |
|    clip_range           | 0.2          |
|    entropy_loss         | -1.35        |
|    explained_variance   | 0.29         |
|    learning_rate        | 0.0003       |
|    loss                 | 2.82         |
|    n_updates            | 40           |
|    policy_gradient_loss | -0.00547     |
|    std                  | 0.934        |
|    value_loss           | 10           |
------------------------------------------
------------------------------------------
| rollout/                |              |
|    ep_len_mean          | 96.7         |
|    ep_rew_mean          | 74.8         |
| time/                   |              |
|    fps                  | 35           |
|    iterations           | 6            |
|    time_elapsed         | 2786         |
|    total_timesteps      | 98304        |
| train/                  |              |
|    approx_kl            | 0.0057720966 |
|    clip_fraction        | 0.0712       |
|    clip_range           | 0.2          |
|    entropy_loss         | -1.34        |
|    explained_variance   | 0.222        |
|    learning_rate        | 0.0003       |
|    loss                 | 7.72         |
|    n_updates            | 50           |
|    policy_gradient_loss | -0.00346     |
|    std                  | 0.923        |
|    value_loss           | 7.92         |
------------------------------------------
-----------------------------------------
| rollout/                |             |
|    ep_len_mean          | 90.6        |
|    ep_rew_mean          | 70.4        |
| time/                   |             |
|    fps                  | 35          |
|    iterations           | 7           |
|    time_elapsed         | 3248        |
|    total_timesteps      | 114688      |
| train/                  |             |
|    approx_kl            | 0.007729166 |
|    clip_fraction        | 0.0801      |
|    clip_range           | 0.2         |
|    entropy_loss         | -1.33       |
|    explained_variance   | 0.339       |
|    learning_rate        | 0.0003      |
|    loss                 | 1.66        |
|    n_updates            | 60          |
|    policy_gradient_loss | -0.00294    |
|    std                  | 0.911       |
|    value_loss           | 6.36        |
-----------------------------------------
-----------------------------------------
| rollout/                |             |
|    ep_len_mean          | 94.2        |
|    ep_rew_mean          | 73          |
| time/                   |             |
|    fps                  | 35          |
|    iterations           | 8           |
|    time_elapsed         | 3705        |
|    total_timesteps      | 131072      |
| train/                  |             |
|    approx_kl            | 0.008321415 |
|    clip_fraction        | 0.0827      |
|    clip_range           | 0.2         |
|    entropy_loss         | -1.31       |
|    explained_variance   | 0.41        |
|    learning_rate        | 0.0003      |
|    loss                 | 0.859       |
|    n_updates            | 70          |
|    policy_gradient_loss | -0.00244    |
|    std                  | 0.894       |
|    value_loss           | 9.41        |
-----------------------------------------
-----------------------------------------
| rollout/                |             |
|    ep_len_mean          | 97          |
|    ep_rew_mean          | 76.2        |
| time/                   |             |
|    fps                  | 35          |
|    iterations           | 9           |
|    time_elapsed         | 4163        |
|    total_timesteps      | 147456      |
| train/                  |             |
|    approx_kl            | 0.006361846 |
|    clip_fraction        | 0.0744      |
|    clip_range           | 0.2         |
|    entropy_loss         | -1.3        |
|    explained_variance   | 0.312       |
|    learning_rate        | 0.0003      |
|    loss                 | 15.5        |
|    n_updates            | 80          |
|    policy_gradient_loss | -0.00257    |
|    std                  | 0.882       |
|    value_loss           | 9.61        |
-----------------------------------------
------------------------------------------
| rollout/                |              |
|    ep_len_mean          | 94.5         |
|    ep_rew_mean          | 74.4         |
| time/                   |              |
|    fps                  | 35           |
|    iterations           | 10           |
|    time_elapsed         | 4620         |
|    total_timesteps      | 163840       |
| train/                  |              |
|    approx_kl            | 0.0073518525 |
|    clip_fraction        | 0.0735       |
|    clip_range           | 0.2          |
|    entropy_loss         | -1.28        |
|    explained_variance   | 0.398        |
|    learning_rate        | 0.0003       |
|    loss                 | 2.25         |
|    n_updates            | 90           |
|    policy_gradient_loss | -0.00178     |
|    std                  | 0.871        |
|    value_loss           | 14.1         |
------------------------------------------
-----------------------------------------
| rollout/                |             |
|    ep_len_mean          | 99.6        |
|    ep_rew_mean          | 79.1        |
| time/                   |             |
|    fps                  | 35          |
|    iterations           | 11          |
|    time_elapsed         | 5078        |
|    total_timesteps      | 180224      |
| train/                  |             |
|    approx_kl            | 0.008173114 |
|    clip_fraction        | 0.0904      |
|    clip_range           | 0.2         |
|    entropy_loss         | -1.27       |
|    explained_variance   | 0.427       |
|    learning_rate        | 0.0003      |
|    loss                 | 0.349       |
|    n_updates            | 100         |
|    policy_gradient_loss | -0.00394    |
|    std                  | 0.858       |
|    value_loss           | 10.1        |
-----------------------------------------
-----------------------------------------
| rollout/                |             |
|    ep_len_mean          | 100         |
|    ep_rew_mean          | 80.6        |
| time/                   |             |
|    fps                  | 35          |
|    iterations           | 12          |
|    time_elapsed         | 5534        |
|    total_timesteps      | 196608      |
| train/                  |             |
|    approx_kl            | 0.008692035 |
|    clip_fraction        | 0.108       |
|    clip_range           | 0.2         |
|    entropy_loss         | -1.25       |
|    explained_variance   | 0.54        |
|    learning_rate        | 0.0003      |
|    loss                 | 0.527       |
|    n_updates            | 110         |
|    policy_gradient_loss | -0.00315    |
|    std                  | 0.842       |
|    value_loss           | 4.45        |
-----------------------------------------
-----------------------------------------
| rollout/                |             |
|    ep_len_mean          | 98.3        |
|    ep_rew_mean          | 79.7        |
| time/                   |             |
|    fps                  | 35          |
|    iterations           | 13          |
|    time_elapsed         | 5989        |
|    total_timesteps      | 212992      |
| train/                  |             |
|    approx_kl            | 0.008692586 |
|    clip_fraction        | 0.103       |
|    clip_range           | 0.2         |
|    entropy_loss         | -1.23       |
|    explained_variance   | 0.865       |
|    learning_rate        | 0.0003      |
|    loss                 | 0.434       |
|    n_updates            | 120         |
|    policy_gradient_loss | -0.00296    |
|    std                  | 0.824       |
|    value_loss           | 0.781       |
-----------------------------------------
-----------------------------------------
| rollout/                |             |
|    ep_len_mean          | 98.7        |
|    ep_rew_mean          | 80.3        |
| time/                   |             |
|    fps                  | 35          |
|    iterations           | 14          |
|    time_elapsed         | 6444        |
|    total_timesteps      | 229376      |
| train/                  |             |
|    approx_kl            | 0.009069202 |
|    clip_fraction        | 0.0938      |
|    clip_range           | 0.2         |
|    entropy_loss         | -1.21       |
|    explained_variance   | 0.285       |
|    learning_rate        | 0.0003      |
|    loss                 | 10.5        |
|    n_updates            | 130         |
|    policy_gradient_loss | 0.000266    |
|    std                  | 0.811       |
|    value_loss           | 15.6        |
-----------------------------------------
-----------------------------------------
| rollout/                |             |
|    ep_len_mean          | 99.4        |
|    ep_rew_mean          | 81.5        |
| time/                   |             |
|    fps                  | 35          |
|    iterations           | 15          |
|    time_elapsed         | 6900        |
|    total_timesteps      | 245760      |
| train/                  |             |
|    approx_kl            | 0.011185396 |
|    clip_fraction        | 0.114       |
|    clip_range           | 0.2         |
|    entropy_loss         | -1.18       |
|    explained_variance   | 0.358       |
|    learning_rate        | 0.0003      |
|    loss                 | 0.855       |
|    n_updates            | 140         |
|    policy_gradient_loss | -0.00203    |
|    std                  | 0.781       |
|    value_loss           | 13          |
-----------------------------------------
------------------------------------------
| rollout/                |              |
|    ep_len_mean          | 98.9         |
|    ep_rew_mean          | 81.4         |
| time/                   |              |
|    fps                  | 35           |
|    iterations           | 16           |
|    time_elapsed         | 7355         |
|    total_timesteps      | 262144       |
| train/                  |              |
|    approx_kl            | 0.0097164335 |
|    clip_fraction        | 0.117        |
|    clip_range           | 0.2          |
|    entropy_loss         | -1.15        |
|    explained_variance   | 0.597        |
|    learning_rate        | 0.0003       |
|    loss                 | 4.67         |
|    n_updates            | 150          |
|    policy_gradient_loss | -0.00322     |
|    std                  | 0.762        |
|    value_loss           | 2.93         |
------------------------------------------
-----------------------------------------
| rollout/                |             |
|    ep_len_mean          | 100         |
|    ep_rew_mean          | 82.9        |
| time/                   |             |
|    fps                  | 35          |
|    iterations           | 17          |
|    time_elapsed         | 7811        |
|    total_timesteps      | 278528      |
| train/                  |             |
|    approx_kl            | 0.011393926 |
|    clip_fraction        | 0.114       |
|    clip_range           | 0.2         |
|    entropy_loss         | -1.14       |
|    explained_variance   | 0.284       |
|    learning_rate        | 0.0003      |
|    loss                 | 0.229       |
|    n_updates            | 160         |
|    policy_gradient_loss | -0.000455   |
|    std                  | 0.748       |
|    value_loss           | 16.4        |
-----------------------------------------
-----------------------------------------
| rollout/                |             |
|    ep_len_mean          | 100         |
|    ep_rew_mean          | 82.8        |
| time/                   |             |
|    fps                  | 35          |
|    iterations           | 18          |
|    time_elapsed         | 8267        |
|    total_timesteps      | 294912      |
| train/                  |             |
|    approx_kl            | 0.012104172 |
|    clip_fraction        | 0.14        |
|    clip_range           | 0.2         |
|    entropy_loss         | -1.09       |
|    explained_variance   | 0.558       |
|    learning_rate        | 0.0003      |
|    loss                 | 0.117       |
|    n_updates            | 170         |
|    policy_gradient_loss | -0.00382    |
|    std                  | 0.718       |
|    value_loss           | 4.23        |
-----------------------------------------
-----------------------------------------
| rollout/                |             |
|    ep_len_mean          | 98.4        |
|    ep_rew_mean          | 82.5        |
| time/                   |             |
|    fps                  | 35          |
|    iterations           | 19          |
|    time_elapsed         | 8723        |
|    total_timesteps      | 311296      |
| train/                  |             |
|    approx_kl            | 0.012255557 |
|    clip_fraction        | 0.133       |
|    clip_range           | 0.2         |
|    entropy_loss         | -1.05       |
|    explained_variance   | 0.963       |
|    learning_rate        | 0.0003      |
|    loss                 | 0.195       |
|    n_updates            | 180         |
|    policy_gradient_loss | -0.00382    |
|    std                  | 0.695       |
|    value_loss           | 0.239       |
-----------------------------------------
-----------------------------------------
| rollout/                |             |
|    ep_len_mean          | 99          |
|    ep_rew_mean          | 83.2        |
| time/                   |             |
|    fps                  | 35          |
|    iterations           | 20          |
|    time_elapsed         | 9178        |
|    total_timesteps      | 327680      |
| train/                  |             |
|    approx_kl            | 0.010820725 |
|    clip_fraction        | 0.11        |
|    clip_range           | 0.2         |
|    entropy_loss         | -1.04       |
|    explained_variance   | 0.206       |
|    learning_rate        | 0.0003      |
|    loss                 | 2.36        |
|    n_updates            | 190         |
|    policy_gradient_loss | 0.000497    |
|    std                  | 0.676       |
|    value_loss           | 20.7        |
-----------------------------------------
-----------------------------------------
| rollout/                |             |
|    ep_len_mean          | 98.7        |
|    ep_rew_mean          | 82.5        |
| time/                   |             |
|    fps                  | 35          |
|    iterations           | 21          |
|    time_elapsed         | 9634        |
|    total_timesteps      | 344064      |
| train/                  |             |
|    approx_kl            | 0.010519029 |
|    clip_fraction        | 0.128       |
|    clip_range           | 0.2         |
|    entropy_loss         | -1.02       |
|    explained_variance   | 0.303       |
|    learning_rate        | 0.0003      |
|    loss                 | 60.5        |
|    n_updates            | 200         |
|    policy_gradient_loss | 0.000629    |
|    std                  | 0.673       |
|    value_loss           | 15.7        |
-----------------------------------------
-----------------------------------------
| rollout/                |             |
|    ep_len_mean          | 98.9        |
|    ep_rew_mean          | 83.1        |
| time/                   |             |
|    fps                  | 35          |
|    iterations           | 22          |
|    time_elapsed         | 10089       |
|    total_timesteps      | 360448      |
| train/                  |             |
|    approx_kl            | 0.009845629 |
|    clip_fraction        | 0.126       |
|    clip_range           | 0.2         |
|    entropy_loss         | -1.02       |
|    explained_variance   | 0.324       |
|    learning_rate        | 0.0003      |
|    loss                 | 0.206       |
|    n_updates            | 210         |
|    policy_gradient_loss | 0.00286     |
|    std                  | 0.668       |
|    value_loss           | 18.8        |
-----------------------------------------
-----------------------------------------
| rollout/                |             |
|    ep_len_mean          | 98.8        |
|    ep_rew_mean          | 81.8        |
| time/                   |             |
|    fps                  | 35          |
|    iterations           | 23          |
|    time_elapsed         | 10542       |
|    total_timesteps      | 376832      |
| train/                  |             |
|    approx_kl            | 0.012838822 |
|    clip_fraction        | 0.128       |
|    clip_range           | 0.2         |
|    entropy_loss         | -0.998      |
|    explained_variance   | 0.288       |
|    learning_rate        | 0.0003      |
|    loss                 | 0.884       |
|    n_updates            | 220         |
|    policy_gradient_loss | 0.00146     |
|    std                  | 0.65        |
|    value_loss           | 22.7        |
-----------------------------------------
-----------------------------------------
| rollout/                |             |
|    ep_len_mean          | 99.5        |
|    ep_rew_mean          | 83.1        |
| time/                   |             |
|    fps                  | 35          |
|    iterations           | 24          |
|    time_elapsed         | 10996       |
|    total_timesteps      | 393216      |
| train/                  |             |
|    approx_kl            | 0.017812446 |
|    clip_fraction        | 0.139       |
|    clip_range           | 0.2         |
|    entropy_loss         | -0.951      |
|    explained_variance   | 0.437       |
|    learning_rate        | 0.0003      |
|    loss                 | 0.751       |
|    n_updates            | 230         |
|    policy_gradient_loss | 0.00103     |
|    std                  | 0.618       |
|    value_loss           | 11.5        |
-----------------------------------------
-----------------------------------------
| rollout/                |             |
|    ep_len_mean          | 97.5        |
|    ep_rew_mean          | 81.9        |
| time/                   |             |
|    fps                  | 35          |
|    iterations           | 25          |
|    time_elapsed         | 11450       |
|    total_timesteps      | 409600      |
| train/                  |             |
|    approx_kl            | 0.014126187 |
|    clip_fraction        | 0.141       |
|    clip_range           | 0.2         |
|    entropy_loss         | -0.911      |
|    explained_variance   | 0.603       |
|    learning_rate        | 0.0003      |
|    loss                 | 4.87        |
|    n_updates            | 240         |
|    policy_gradient_loss | 0.00136     |
|    std                  | 0.6         |
|    value_loss           | 6.15        |
-----------------------------------------
-----------------------------------------
| rollout/                |             |
|    ep_len_mean          | 99.4        |
|    ep_rew_mean          | 83.6        |
| time/                   |             |
|    fps                  | 35          |
|    iterations           | 26          |
|    time_elapsed         | 11904       |
|    total_timesteps      | 425984      |
| train/                  |             |
|    approx_kl            | 0.012225277 |
|    clip_fraction        | 0.124       |
|    clip_range           | 0.2         |
|    entropy_loss         | -0.895      |
|    explained_variance   | 0.318       |
|    learning_rate        | 0.0003      |
|    loss                 | 0.204       |
|    n_updates            | 250         |
|    policy_gradient_loss | 0.00256     |
|    std                  | 0.588       |
|    value_loss           | 22.2        |
-----------------------------------------
-----------------------------------------
| rollout/                |             |
|    ep_len_mean          | 98.9        |
|    ep_rew_mean          | 83.4        |
| time/                   |             |
|    fps                  | 35          |
|    iterations           | 27          |
|    time_elapsed         | 12359       |
|    total_timesteps      | 442368      |
| train/                  |             |
|    approx_kl            | 0.014132154 |
|    clip_fraction        | 0.137       |
|    clip_range           | 0.2         |
|    entropy_loss         | -0.859      |
|    explained_variance   | 0.593       |
|    learning_rate        | 0.0003      |
|    loss                 | 0.116       |
|    n_updates            | 260         |
|    policy_gradient_loss | 0.00144     |
|    std                  | 0.569       |
|    value_loss           | 6.45        |
-----------------------------------------
------------------------------------------
| rollout/                |              |
|    ep_len_mean          | 98.8         |
|    ep_rew_mean          | 82.8         |
| time/                   |              |
|    fps                  | 35           |
|    iterations           | 28           |
|    time_elapsed         | 12814        |
|    total_timesteps      | 458752       |
| train/                  |              |
|    approx_kl            | 0.0133303795 |
|    clip_fraction        | 0.127        |
|    clip_range           | 0.2          |
|    entropy_loss         | -0.838       |
|    explained_variance   | 0.62         |
|    learning_rate        | 0.0003       |
|    loss                 | 0.0399       |
|    n_updates            | 270          |
|    policy_gradient_loss | 0.002        |
|    std                  | 0.559        |
|    value_loss           | 6.05         |
------------------------------------------
-----------------------------------------
| rollout/                |             |
|    ep_len_mean          | 97.8        |
|    ep_rew_mean          | 81.9        |
| time/                   |             |
|    fps                  | 35          |
|    iterations           | 29          |
|    time_elapsed         | 13269       |
|    total_timesteps      | 475136      |
| train/                  |             |
|    approx_kl            | 0.015772818 |
|    clip_fraction        | 0.141       |
|    clip_range           | 0.2         |
|    entropy_loss         | -0.824      |
|    explained_variance   | 0.344       |
|    learning_rate        | 0.0003      |
|    loss                 | 0.583       |
|    n_updates            | 280         |
|    policy_gradient_loss | 0.002       |
|    std                  | 0.551       |
|    value_loss           | 19.4        |
-----------------------------------------
-----------------------------------------
| rollout/                |             |
|    ep_len_mean          | 99.2        |
|    ep_rew_mean          | 83.6        |
| time/                   |             |
|    fps                  | 35          |
|    iterations           | 30          |
|    time_elapsed         | 13725       |
|    total_timesteps      | 491520      |
| train/                  |             |
|    approx_kl            | 0.015961863 |
|    clip_fraction        | 0.151       |
|    clip_range           | 0.2         |
|    entropy_loss         | -0.811      |
|    explained_variance   | 0.449       |
|    learning_rate        | 0.0003      |
|    loss                 | 0.235       |
|    n_updates            | 290         |
|    policy_gradient_loss | 0.00238     |
|    std                  | 0.541       |
|    value_loss           | 15.1        |
-----------------------------------------
-----------------------------------------
| rollout/                |             |
|    ep_len_mean          | 100         |
|    ep_rew_mean          | 84.3        |
| time/                   |             |
|    fps                  | 35          |
|    iterations           | 31          |
|    time_elapsed         | 14180       |
|    total_timesteps      | 507904      |
| train/                  |             |
|    approx_kl            | 0.018478408 |
|    clip_fraction        | 0.151       |
|    clip_range           | 0.2         |
|    entropy_loss         | -0.781      |
|    explained_variance   | 0.667       |
|    learning_rate        | 0.0003      |
|    loss                 | 0.0478      |
|    n_updates            | 300         |
|    policy_gradient_loss | 0.00241     |
|    std                  | 0.525       |
|    value_loss           | 6.08        |
-----------------------------------------


###############################################################################
TCHPC Cluster: callan
Job 142117 (attn_oracle_cf_obs15_shuffle_ne8_500000_v4) for User 'hadjitot' in Account 'callan_hadjitot'
Finished at: Sat Feb 21 05:43:25 GMT 2026

Job efficiency estimates:
=========================

Job ID: 142117
Cluster: callan
User/Group: hadjitot/hadjitot
State: COMPLETED (exit code 0)
Nodes: 1
Cores per node: 16
CPU Utilized: 3-21:22:58
CPU Efficiency: 47.53% of 8-04:27:12 core-walltime
Job Wall-clock time: 12:16:42
Memory Utilized: 3.26 GB
Memory Efficiency: 10.20% of 32.00 GB (32.00 GB/node)

Job completion status:
======================

JobID           JobName AllocCPUS NTasks NNodes     MaxRSS    MaxRSSNode  MaxDiskRead MaxDiskWrite    Elapsed      State ExitCode 
------------ ---------- --------- ------ ------ ---------- ------------- ------------ ------------ ---------- ---------- -------- 
142117       attn_orac+        16             1                                                      12:16:42  COMPLETED      0:0 
142117.batch      batch        16      1      1   3421224K    callan-n05     2422.80M     1566.04M   12:16:42  COMPLETED      0:0 
142117.exte+     extern        16      1      1                                                      12:16:42  COMPLETED      0:0 


Job details:
============

JobId=142117 JobName=attn_oracle_cf_obs15_shuffle_ne8_500000_v4
   UserId=hadjitot(2357) GroupId=hadjitot(2300) MCS_label=N/A
   Priority=112901 Nice=0 Account=callan_hadjitot QOS=normal
   JobState=COMPLETING Reason=None Dependency=(null)
   Requeue=0 Restarts=0 BatchFlag=1 Reboot=0 ExitCode=0:0
   DerivedExitCode=0:0
   RunTime=12:16:42 TimeLimit=2-00:00:00 TimeMin=N/A
   SubmitTime=2026-02-20T16:27:36 EligibleTime=2026-02-20T16:27:36
   AccrueTime=2026-02-20T16:27:36
   StartTime=2026-02-20T17:26:43 EndTime=2026-02-21T05:43:25 Deadline=N/A
   SuspendTime=None SecsPreSuspend=0 LastSchedEval=2026-02-20T17:26:43 Scheduler=Main
   Partition=compute AllocNode:Sid=callan01:2057113
   ReqNodeList=(null) ExcNodeList=(null)
   NodeList=callan-n05
   BatchHost=callan-n05
   NumNodes=1 NumCPUs=16 NumTasks=1 CPUs/Task=16 ReqB:S:C:T=0:0:*:*
   ReqTRES=cpu=16,mem=32G,node=1,billing=16
   AllocTRES=cpu=16,mem=32G,node=1,billing=16
   Socks/Node=* NtasksPerN:B:S:C=0:0:*:* CoreSpec=*
   JOB_GRES=(null)
     Nodes=callan-n05 CPU_IDs=0,19-31,50-51 Mem=32768 GRES=
   MinCPUsNode=16 MinMemoryNode=32G MinTmpDiskNode=0
   Features=(null) DelayBoot=00:00:00
   OverSubscribe=OK Contiguous=0 Licenses=(null) LicensesAlloc=(null) Network=(null)
   Command=/home/users/hadjitot/fyp/HighwayEnv/slurm/train_attention.sbatch
   WorkDir=/home/users/hadjitot/fyp/HighwayEnv
   StdErr=/home/users/hadjitot/fyp/HighwayEnv/slurm_out/attn_oracle_cf_obs15_shuffle_ne8_500000_v4_142117.err
   StdIn=/dev/null
   StdOut=/home/users/hadjitot/fyp/HighwayEnv/slurm_out/attn_oracle_cf_obs15_shuffle_ne8_500000_v4_142117.out
   TresPerTask=cpu=16
   


Disk quota details:
===================

                         Block Limits                                    |                     File Limits
Name       type             MB      quota      limit   in_doubt    grace |    files   quota    limit in_doubt    grace
root       USR         4785389          0          0         38     none |   365122       0        0       20     none
root       FILESET     4652461          0          0       2761     none |  9496383       0        0      704     none


SLURM Bank Statement:
=====================

User           Usage |        Account     Usage | Account Limit Available (CPU hrs)
---------- --------- + -------------- --------- + ------------- ---------
hadjitot      11,764 | CALLAN_HADJITOT    11,764 |       300,000   288,236


Acknowledgements:
=================

Note that usage of TCHPC Resources *must* be acknowledged in all publications.

Please see this page for details relevant to this cluster:

http://www.tchpc.tcd.ie/resources/acknowledgementpolicy

################################################################################
