Loading Anaconda 3 2024.02-1
SCENARIO_NAME=cf_obs15_stopgo
SEED=2
EXP_VERSION=v10
ATTN_MODE=learned
CONTROLLED_VEHICLES=2
MODEL_DIR=runs/models
MODEL_PATH=runs/models/ppo_shared_attn_learned_cf_obs15_stopgo_v10_cv2_seed2.zip
STEPS=5000
OUT_DIR=runs/attn_logs_shared/learned/cf_obs15_stopgo/cv2/seed2
SCENARIO_NAME=cf_obs15_stopgo SEED=2 ATTN_MODE=learned CONTROLLED_VEHICLES=2
Resolved MODEL_PATH=/home/users/hadjitot/fyp/HighwayEnv/runs/models/ppo_shared_attn_learned_cf_obs15_stopgo_v10_cv2_seed2.zip
Per-agent env obs shape: (15, 5)
Model obs shape: (15, 5)
Attention log steps: 5000
Saved: (5000, 2, 14) (5000, 2, 14) (5000, 2, 14) (5000, 2, 14)
steps=5000 agents=2 neighbours=14
log_dir=runs/attn_logs_shared/learned/cf_obs15_stopgo/cv2/seed2
AGGREGATE
  T: 10000 N: 14
  argmax==leader hit rate: 0.9984
  mean attention on leader: 0.38381678
  mean attention entropy: 1.5656
  argmax==ttc_critical hit rate: 0.8753
  mean attention on ttc_critical: 0.3530854
  fraction steps with closing TTC candidate: 0.6109
  mean min TTC (closing steps only): 68.23235321044922
AGENT 0
  T: 5000 N: 14
  argmax==leader hit rate: 1.0
  mean attention on leader: 0.37126353
  mean attention entropy: 1.6090226
  argmax==ttc_critical hit rate: 0.7818
  mean attention on ttc_critical: 0.31431702
  fraction steps with closing TTC candidate: 0.6624
  mean min TTC (closing steps only): 60.22676086425781
AGENT 1
  T: 5000 N: 14
  argmax==leader hit rate: 0.9968
  mean attention on leader: 0.39637002
  mean attention entropy: 1.5221775
  argmax==ttc_critical hit rate: 0.9688
  mean attention on ttc_critical: 0.3918538
  fraction steps with closing TTC candidate: 0.5594
  mean min TTC (closing steps only): 77.71197509765625


###############################################################################
TCHPC Cluster: callan
Job 168033 (attnlog_cf_obs15_stopgo_seed2_cv2_v10) for User 'hadjitot' in Account 'callan_hadjitot'
Finished at: Tue Mar 17 15:48:49 GMT 2026

Job efficiency estimates:
=========================

Job ID: 168033
Cluster: callan
User/Group: hadjitot/hadjitot
State: COMPLETED (exit code 0)
Nodes: 1
Cores per node: 8
CPU Utilized: 00:01:57
CPU Efficiency: 11.00% of 00:17:44 core-walltime
Job Wall-clock time: 00:02:13
Memory Utilized: 537.16 MB
Memory Efficiency: 3.28% of 16.00 GB (16.00 GB/node)

Job completion status:
======================

JobID           JobName AllocCPUS NTasks NNodes     MaxRSS    MaxRSSNode  MaxDiskRead MaxDiskWrite    Elapsed      State ExitCode 
------------ ---------- --------- ------ ------ ---------- ------------- ------------ ------------ ---------- ---------- -------- 
168033       attnlog_c+         8             1                                                      00:02:13  COMPLETED      0:0 
168033.batch      batch         8      1      1    550052K    callan-n12       61.05M        0.01M   00:02:13  COMPLETED      0:0 
168033.exte+     extern         8      1      1                                                      00:02:13  COMPLETED      0:0 


Job details:
============

JobId=168033 JobName=attnlog_cf_obs15_stopgo_seed2_cv2_v10
   UserId=hadjitot(2357) GroupId=hadjitot(2300) MCS_label=N/A
   Priority=105692 Nice=0 Account=callan_hadjitot QOS=normal
   JobState=COMPLETING Reason=None Dependency=(null)
   Requeue=0 Restarts=0 BatchFlag=1 Reboot=0 ExitCode=0:0
   DerivedExitCode=0:0
   RunTime=00:02:13 TimeLimit=1-00:00:00 TimeMin=N/A
   SubmitTime=2026-03-17T02:37:42 EligibleTime=2026-03-17T15:11:46
   AccrueTime=2026-03-17T15:11:46
   StartTime=2026-03-17T15:46:36 EndTime=2026-03-17T15:48:49 Deadline=N/A
   SuspendTime=None SecsPreSuspend=0 LastSchedEval=2026-03-17T15:46:36 Scheduler=Backfill
   Partition=compute AllocNode:Sid=callan01:713343
   ReqNodeList=(null) ExcNodeList=(null)
   NodeList=callan-n12
   BatchHost=callan-n12
   NumNodes=1 NumCPUs=8 NumTasks=1 CPUs/Task=8 ReqB:S:C:T=0:0:*:*
   ReqTRES=cpu=8,mem=16G,node=1,billing=8
   AllocTRES=cpu=8,mem=16G,node=1,billing=8
   Socks/Node=* NtasksPerN:B:S:C=0:0:*:* CoreSpec=*
   JOB_GRES=(null)
     Nodes=callan-n12 CPU_IDs=5-6,15-19,25 Mem=16384 GRES=
   MinCPUsNode=8 MinMemoryNode=16G MinTmpDiskNode=0
   Features=(null) DelayBoot=00:00:00
   OverSubscribe=OK Contiguous=0 Licenses=(null) LicensesAlloc=(null) Network=(null)
   Command=/home/users/hadjitot/fyp/HighwayEnv/slurm/eval_shared_attention.sbatch
   WorkDir=/home/users/hadjitot/fyp/HighwayEnv
   StdErr=/home/users/hadjitot/fyp/HighwayEnv/slurm_out/attnlog_cf_obs15_stopgo_seed2_cv2_v10_168033.err
   StdIn=/dev/null
   StdOut=/home/users/hadjitot/fyp/HighwayEnv/slurm_out/attnlog_cf_obs15_stopgo_seed2_cv2_v10_168033.out
   TresPerTask=cpu=8
   


Disk quota details:
===================

                         Block Limits                                    |                     File Limits
Name       type             MB      quota      limit   in_doubt    grace |    files   quota    limit in_doubt    grace
root       USR         4849805          0          0        932     none |   392453       0        0      571     none
root       FILESET     4907921          0          0       3053     none |  9911321       0        0      903     none


SLURM Bank Statement:
=====================

User           Usage |        Account     Usage | Account Limit Available (CPU hrs)
---------- --------- + -------------- --------- + ------------- ---------
hadjitot      15,554 | CALLAN_HADJITOT    15,554 |       300,000   284,446


Acknowledgements:
=================

Note that usage of TCHPC Resources *must* be acknowledged in all publications.

Please see this page for details relevant to this cluster:

http://www.tchpc.tcd.ie/resources/acknowledgementpolicy

################################################################################
