Loading Anaconda 3 2024.02-1
SCENARIO_NAME=cf_obs20_dense_shuffle
EXP_VERSION=v7
TOTAL_TIMESTEPS=500000
N_ENVS=8
ATTN_MODE=learned
X_INDEX=1
VX_INDEX=3
ORACLE_RULE=leader_x
TTC_EPS=1e-6
ppo_attn_learned_cf_obs20_dense_shuffle_v7_seed0 obs shape: (20, 5) action space: Box(-1.0, 1.0, (1,), float32)
Using cpu device
Logging to runs/tb/ppo_attn_learned_cf_obs20_dense_shuffle_v7_seed0_1
---------------------------------
| rollout/           |          |
|    ep_len_mean     | 12.1     |
|    ep_rew_mean     | -0.82    |
| time/              |          |
|    fps             | 274      |
|    iterations      | 1        |
|    time_elapsed    | 59       |
|    total_timesteps | 16384    |
---------------------------------
------------------------------------------
| rollout/                |              |
|    ep_len_mean          | 12.2         |
|    ep_rew_mean          | -0.931       |
| time/                   |              |
|    fps                  | 257          |
|    iterations           | 2            |
|    time_elapsed         | 127          |
|    total_timesteps      | 32768        |
| train/                  |              |
|    approx_kl            | 0.0058373334 |
|    clip_fraction        | 0.0258       |
|    clip_range           | 0.2          |
|    entropy_loss         | -1.42        |
|    explained_variance   | -0.0013      |
|    learning_rate        | 0.0003       |
|    loss                 | 0.229        |
|    n_updates            | 10           |
|    policy_gradient_loss | -0.00155     |
|    std                  | 0.985        |
|    value_loss           | 1.12         |
------------------------------------------
------------------------------------------
| rollout/                |              |
|    ep_len_mean          | 12.4         |
|    ep_rew_mean          | -0.915       |
| time/                   |              |
|    fps                  | 252          |
|    iterations           | 3            |
|    time_elapsed         | 194          |
|    total_timesteps      | 49152        |
| train/                  |              |
|    approx_kl            | 0.0127098095 |
|    clip_fraction        | 0.142        |
|    clip_range           | 0.2          |
|    entropy_loss         | -1.42        |
|    explained_variance   | 0.975        |
|    learning_rate        | 0.0003       |
|    loss                 | 0.00647      |
|    n_updates            | 20           |
|    policy_gradient_loss | -0.0117      |
|    std                  | 1.01         |
|    value_loss           | 0.0965       |
------------------------------------------
-----------------------------------------
| rollout/                |             |
|    ep_len_mean          | 13.1        |
|    ep_rew_mean          | -0.804      |
| time/                   |             |
|    fps                  | 248         |
|    iterations           | 4           |
|    time_elapsed         | 263         |
|    total_timesteps      | 65536       |
| train/                  |             |
|    approx_kl            | 0.011543311 |
|    clip_fraction        | 0.131       |
|    clip_range           | 0.2         |
|    entropy_loss         | -1.45       |
|    explained_variance   | 0.989       |
|    learning_rate        | 0.0003      |
|    loss                 | 0.052       |
|    n_updates            | 30          |
|    policy_gradient_loss | -0.0147     |
|    std                  | 1.04        |
|    value_loss           | 0.076       |
-----------------------------------------
-----------------------------------------
| rollout/                |             |
|    ep_len_mean          | 14.1        |
|    ep_rew_mean          | -0.51       |
| time/                   |             |
|    fps                  | 246         |
|    iterations           | 5           |
|    time_elapsed         | 331         |
|    total_timesteps      | 81920       |
| train/                  |             |
|    approx_kl            | 0.016719708 |
|    clip_fraction        | 0.209       |
|    clip_range           | 0.2         |
|    entropy_loss         | -1.41       |
|    explained_variance   | 0.995       |
|    learning_rate        | 0.0003      |
|    loss                 | 0.0189      |
|    n_updates            | 40          |
|    policy_gradient_loss | -0.024      |
|    std                  | 0.976       |
|    value_loss           | 0.0718      |
-----------------------------------------
-----------------------------------------
| rollout/                |             |
|    ep_len_mean          | 14.6        |
|    ep_rew_mean          | -0.457      |
| time/                   |             |
|    fps                  | 246         |
|    iterations           | 6           |
|    time_elapsed         | 398         |
|    total_timesteps      | 98304       |
| train/                  |             |
|    approx_kl            | 0.019973688 |
|    clip_fraction        | 0.192       |
|    clip_range           | 0.2         |
|    entropy_loss         | -1.33       |
|    explained_variance   | 0.993       |
|    learning_rate        | 0.0003      |
|    loss                 | 0.0265      |
|    n_updates            | 50          |
|    policy_gradient_loss | -0.0215     |
|    std                  | 0.908       |
|    value_loss           | 0.0749      |
-----------------------------------------
-----------------------------------------
| rollout/                |             |
|    ep_len_mean          | 15.1        |
|    ep_rew_mean          | -0.498      |
| time/                   |             |
|    fps                  | 245         |
|    iterations           | 7           |
|    time_elapsed         | 466         |
|    total_timesteps      | 114688      |
| train/                  |             |
|    approx_kl            | 0.018592224 |
|    clip_fraction        | 0.194       |
|    clip_range           | 0.2         |
|    entropy_loss         | -1.26       |
|    explained_variance   | 0.993       |
|    learning_rate        | 0.0003      |
|    loss                 | 0.0134      |
|    n_updates            | 60          |
|    policy_gradient_loss | -0.0198     |
|    std                  | 0.843       |
|    value_loss           | 0.0647      |
-----------------------------------------
---------------------------------------
| rollout/                |           |
|    ep_len_mean          | 15.7      |
|    ep_rew_mean          | -0.442    |
| time/                   |           |
|    fps                  | 245       |
|    iterations           | 8         |
|    time_elapsed         | 533       |
|    total_timesteps      | 131072    |
| train/                  |           |
|    approx_kl            | 0.0194504 |
|    clip_fraction        | 0.19      |
|    clip_range           | 0.2       |
|    entropy_loss         | -1.19     |
|    explained_variance   | 0.995     |
|    learning_rate        | 0.0003    |
|    loss                 | 0.00874   |
|    n_updates            | 70        |
|    policy_gradient_loss | -0.0187   |
|    std                  | 0.786     |
|    value_loss           | 0.0642    |
---------------------------------------
-----------------------------------------
| rollout/                |             |
|    ep_len_mean          | 16.3        |
|    ep_rew_mean          | -0.402      |
| time/                   |             |
|    fps                  | 245         |
|    iterations           | 9           |
|    time_elapsed         | 599         |
|    total_timesteps      | 147456      |
| train/                  |             |
|    approx_kl            | 0.013981139 |
|    clip_fraction        | 0.146       |
|    clip_range           | 0.2         |
|    entropy_loss         | -1.14       |
|    explained_variance   | 0.907       |
|    learning_rate        | 0.0003      |
|    loss                 | 0.0196      |
|    n_updates            | 80          |
|    policy_gradient_loss | -0.0101     |
|    std                  | 0.748       |
|    value_loss           | 0.126       |
-----------------------------------------
----------------------------------------
| rollout/                |            |
|    ep_len_mean          | 18.8       |
|    ep_rew_mean          | -0.787     |
| time/                   |            |
|    fps                  | 246        |
|    iterations           | 10         |
|    time_elapsed         | 665        |
|    total_timesteps      | 163840     |
| train/                  |            |
|    approx_kl            | 0.01992279 |
|    clip_fraction        | 0.169      |
|    clip_range           | 0.2        |
|    entropy_loss         | -1.07      |
|    explained_variance   | 0.994      |
|    learning_rate        | 0.0003     |
|    loss                 | 0.0213     |
|    n_updates            | 90         |
|    policy_gradient_loss | -0.0153    |
|    std                  | 0.689      |
|    value_loss           | 0.0809     |
----------------------------------------
-----------------------------------------
| rollout/                |             |
|    ep_len_mean          | 19.6        |
|    ep_rew_mean          | -0.824      |
| time/                   |             |
|    fps                  | 246         |
|    iterations           | 11          |
|    time_elapsed         | 731         |
|    total_timesteps      | 180224      |
| train/                  |             |
|    approx_kl            | 0.011175084 |
|    clip_fraction        | 0.137       |
|    clip_range           | 0.2         |
|    entropy_loss         | -1.01       |
|    explained_variance   | 0.845       |
|    learning_rate        | 0.0003      |
|    loss                 | 0.108       |
|    n_updates            | 100         |
|    policy_gradient_loss | -0.00321    |
|    std                  | 0.654       |
|    value_loss           | 0.169       |
-----------------------------------------
------------------------------------------
| rollout/                |              |
|    ep_len_mean          | 23.1         |
|    ep_rew_mean          | -1.69        |
| time/                   |              |
|    fps                  | 246          |
|    iterations           | 12           |
|    time_elapsed         | 796          |
|    total_timesteps      | 196608       |
| train/                  |              |
|    approx_kl            | 0.0068955836 |
|    clip_fraction        | 0.0742       |
|    clip_range           | 0.2          |
|    entropy_loss         | -0.978       |
|    explained_variance   | 0.844        |
|    learning_rate        | 0.0003       |
|    loss                 | 0.171        |
|    n_updates            | 110          |
|    policy_gradient_loss | 0.000803     |
|    std                  | 0.64         |
|    value_loss           | 0.314        |
------------------------------------------
-----------------------------------------
| rollout/                |             |
|    ep_len_mean          | 28.5        |
|    ep_rew_mean          | -2.89       |
| time/                   |             |
|    fps                  | 247         |
|    iterations           | 13          |
|    time_elapsed         | 861         |
|    total_timesteps      | 212992      |
| train/                  |             |
|    approx_kl            | 0.008297464 |
|    clip_fraction        | 0.0784      |
|    clip_range           | 0.2         |
|    entropy_loss         | -0.956      |
|    explained_variance   | 0.925       |
|    learning_rate        | 0.0003      |
|    loss                 | 0.183       |
|    n_updates            | 120         |
|    policy_gradient_loss | -0.000588   |
|    std                  | 0.626       |
|    value_loss           | 0.59        |
-----------------------------------------
-----------------------------------------
| rollout/                |             |
|    ep_len_mean          | 23.5        |
|    ep_rew_mean          | -1.73       |
| time/                   |             |
|    fps                  | 247         |
|    iterations           | 14          |
|    time_elapsed         | 927         |
|    total_timesteps      | 229376      |
| train/                  |             |
|    approx_kl            | 0.005626157 |
|    clip_fraction        | 0.0619      |
|    clip_range           | 0.2         |
|    entropy_loss         | -0.945      |
|    explained_variance   | 0.956       |
|    learning_rate        | 0.0003      |
|    loss                 | 0.637       |
|    n_updates            | 130         |
|    policy_gradient_loss | -0.000488   |
|    std                  | 0.617       |
|    value_loss           | 0.869       |
-----------------------------------------
-----------------------------------------
| rollout/                |             |
|    ep_len_mean          | 22          |
|    ep_rew_mean          | -1.07       |
| time/                   |             |
|    fps                  | 247         |
|    iterations           | 15          |
|    time_elapsed         | 992         |
|    total_timesteps      | 245760      |
| train/                  |             |
|    approx_kl            | 0.007128386 |
|    clip_fraction        | 0.076       |
|    clip_range           | 0.2         |
|    entropy_loss         | -0.932      |
|    explained_variance   | 0.973       |
|    learning_rate        | 0.0003      |
|    loss                 | 1.15        |
|    n_updates            | 140         |
|    policy_gradient_loss | -0.00116    |
|    std                  | 0.614       |
|    value_loss           | 1.37        |
-----------------------------------------
------------------------------------------
| rollout/                |              |
|    ep_len_mean          | 24.2         |
|    ep_rew_mean          | -1.47        |
| time/                   |              |
|    fps                  | 247          |
|    iterations           | 16           |
|    time_elapsed         | 1058         |
|    total_timesteps      | 262144       |
| train/                  |              |
|    approx_kl            | 0.0071997214 |
|    clip_fraction        | 0.0831       |
|    clip_range           | 0.2          |
|    entropy_loss         | -0.934       |
|    explained_variance   | 0.974        |
|    learning_rate        | 0.0003       |
|    loss                 | 0.833        |
|    n_updates            | 150          |
|    policy_gradient_loss | -0.00232     |
|    std                  | 0.616        |
|    value_loss           | 1.94         |
------------------------------------------
-----------------------------------------
| rollout/                |             |
|    ep_len_mean          | 22.1        |
|    ep_rew_mean          | -1.08       |
| time/                   |             |
|    fps                  | 247         |
|    iterations           | 17          |
|    time_elapsed         | 1124        |
|    total_timesteps      | 278528      |
| train/                  |             |
|    approx_kl            | 0.008041386 |
|    clip_fraction        | 0.0884      |
|    clip_range           | 0.2         |
|    entropy_loss         | -0.941      |
|    explained_variance   | 0.966       |
|    learning_rate        | 0.0003      |
|    loss                 | 0.746       |
|    n_updates            | 160         |
|    policy_gradient_loss | -0.000841   |
|    std                  | 0.622       |
|    value_loss           | 1.97        |
-----------------------------------------
-----------------------------------------
| rollout/                |             |
|    ep_len_mean          | 21.4        |
|    ep_rew_mean          | -0.512      |
| time/                   |             |
|    fps                  | 247         |
|    iterations           | 18          |
|    time_elapsed         | 1193        |
|    total_timesteps      | 294912      |
| train/                  |             |
|    approx_kl            | 0.007839305 |
|    clip_fraction        | 0.096       |
|    clip_range           | 0.2         |
|    entropy_loss         | -0.939      |
|    explained_variance   | 0.972       |
|    learning_rate        | 0.0003      |
|    loss                 | 1.21        |
|    n_updates            | 170         |
|    policy_gradient_loss | 0.000289    |
|    std                  | 0.621       |
|    value_loss           | 1.01        |
-----------------------------------------
-----------------------------------------
| rollout/                |             |
|    ep_len_mean          | 24.4        |
|    ep_rew_mean          | -1.39       |
| time/                   |             |
|    fps                  | 246         |
|    iterations           | 19          |
|    time_elapsed         | 1261        |
|    total_timesteps      | 311296      |
| train/                  |             |
|    approx_kl            | 0.009957729 |
|    clip_fraction        | 0.0938      |
|    clip_range           | 0.2         |
|    entropy_loss         | -0.918      |
|    explained_variance   | 0.975       |
|    learning_rate        | 0.0003      |
|    loss                 | 1.5         |
|    n_updates            | 180         |
|    policy_gradient_loss | 0.000909    |
|    std                  | 0.599       |
|    value_loss           | 0.735       |
-----------------------------------------
-----------------------------------------
| rollout/                |             |
|    ep_len_mean          | 20.2        |
|    ep_rew_mean          | -0.0319     |
| time/                   |             |
|    fps                  | 246         |
|    iterations           | 20          |
|    time_elapsed         | 1327        |
|    total_timesteps      | 327680      |
| train/                  |             |
|    approx_kl            | 0.009528356 |
|    clip_fraction        | 0.116       |
|    clip_range           | 0.2         |
|    entropy_loss         | -0.888      |
|    explained_variance   | 0.964       |
|    learning_rate        | 0.0003      |
|    loss                 | 0.444       |
|    n_updates            | 190         |
|    policy_gradient_loss | 0.000712    |
|    std                  | 0.585       |
|    value_loss           | 1.36        |
-----------------------------------------
-----------------------------------------
| rollout/                |             |
|    ep_len_mean          | 20.3        |
|    ep_rew_mean          | -0.0728     |
| time/                   |             |
|    fps                  | 247         |
|    iterations           | 21          |
|    time_elapsed         | 1392        |
|    total_timesteps      | 344064      |
| train/                  |             |
|    approx_kl            | 0.011749644 |
|    clip_fraction        | 0.102       |
|    clip_range           | 0.2         |
|    entropy_loss         | -0.859      |
|    explained_variance   | 0.969       |
|    learning_rate        | 0.0003      |
|    loss                 | 0.0387      |
|    n_updates            | 200         |
|    policy_gradient_loss | -4.33e-05   |
|    std                  | 0.567       |
|    value_loss           | 0.865       |
-----------------------------------------
----------------------------------------
| rollout/                |            |
|    ep_len_mean          | 19.8       |
|    ep_rew_mean          | -0.168     |
| time/                   |            |
|    fps                  | 247        |
|    iterations           | 22         |
|    time_elapsed         | 1458       |
|    total_timesteps      | 360448     |
| train/                  |            |
|    approx_kl            | 0.00910413 |
|    clip_fraction        | 0.0895     |
|    clip_range           | 0.2        |
|    entropy_loss         | -0.823     |
|    explained_variance   | 0.979      |
|    learning_rate        | 0.0003     |
|    loss                 | 0.0393     |
|    n_updates            | 210        |
|    policy_gradient_loss | 0.00169    |
|    std                  | 0.544      |
|    value_loss           | 0.321      |
----------------------------------------
-----------------------------------------
| rollout/                |             |
|    ep_len_mean          | 20.4        |
|    ep_rew_mean          | -0.0864     |
| time/                   |             |
|    fps                  | 247         |
|    iterations           | 23          |
|    time_elapsed         | 1525        |
|    total_timesteps      | 376832      |
| train/                  |             |
|    approx_kl            | 0.010052244 |
|    clip_fraction        | 0.0843      |
|    clip_range           | 0.2         |
|    entropy_loss         | -0.773      |
|    explained_variance   | 0.994       |
|    learning_rate        | 0.0003      |
|    loss                 | 0.0698      |
|    n_updates            | 220         |
|    policy_gradient_loss | -0.00186    |
|    std                  | 0.52        |
|    value_loss           | 0.07        |
-----------------------------------------
-----------------------------------------
| rollout/                |             |
|    ep_len_mean          | 20.5        |
|    ep_rew_mean          | -0.073      |
| time/                   |             |
|    fps                  | 247         |
|    iterations           | 24          |
|    time_elapsed         | 1591        |
|    total_timesteps      | 393216      |
| train/                  |             |
|    approx_kl            | 0.009151602 |
|    clip_fraction        | 0.0986      |
|    clip_range           | 0.2         |
|    entropy_loss         | -0.735      |
|    explained_variance   | 0.994       |
|    learning_rate        | 0.0003      |
|    loss                 | 0.0332      |
|    n_updates            | 230         |
|    policy_gradient_loss | -0.00297    |
|    std                  | 0.502       |
|    value_loss           | 0.0758      |
-----------------------------------------
-----------------------------------------
| rollout/                |             |
|    ep_len_mean          | 21.5        |
|    ep_rew_mean          | 0.146       |
| time/                   |             |
|    fps                  | 246         |
|    iterations           | 25          |
|    time_elapsed         | 1658        |
|    total_timesteps      | 409600      |
| train/                  |             |
|    approx_kl            | 0.006885103 |
|    clip_fraction        | 0.0858      |
|    clip_range           | 0.2         |
|    entropy_loss         | -0.719      |
|    explained_variance   | 0.991       |
|    learning_rate        | 0.0003      |
|    loss                 | 0.0613      |
|    n_updates            | 240         |
|    policy_gradient_loss | -0.000547   |
|    std                  | 0.497       |
|    value_loss           | 0.0892      |
-----------------------------------------
-----------------------------------------
| rollout/                |             |
|    ep_len_mean          | 21.3        |
|    ep_rew_mean          | 0.0461      |
| time/                   |             |
|    fps                  | 246         |
|    iterations           | 26          |
|    time_elapsed         | 1726        |
|    total_timesteps      | 425984      |
| train/                  |             |
|    approx_kl            | 0.012356928 |
|    clip_fraction        | 0.103       |
|    clip_range           | 0.2         |
|    entropy_loss         | -0.69       |
|    explained_variance   | 0.978       |
|    learning_rate        | 0.0003      |
|    loss                 | 0.0716      |
|    n_updates            | 250         |
|    policy_gradient_loss | -0.00121    |
|    std                  | 0.478       |
|    value_loss           | 0.399       |
-----------------------------------------
-----------------------------------------
| rollout/                |             |
|    ep_len_mean          | 21.7        |
|    ep_rew_mean          | 0.0895      |
| time/                   |             |
|    fps                  | 246         |
|    iterations           | 27          |
|    time_elapsed         | 1793        |
|    total_timesteps      | 442368      |
| train/                  |             |
|    approx_kl            | 0.009069193 |
|    clip_fraction        | 0.0955      |
|    clip_range           | 0.2         |
|    entropy_loss         | -0.653      |
|    explained_variance   | 0.993       |
|    learning_rate        | 0.0003      |
|    loss                 | 0.0275      |
|    n_updates            | 260         |
|    policy_gradient_loss | -0.000445   |
|    std                  | 0.46        |
|    value_loss           | 0.0834      |
-----------------------------------------
------------------------------------------
| rollout/                |              |
|    ep_len_mean          | 21.6         |
|    ep_rew_mean          | 0.0411       |
| time/                   |              |
|    fps                  | 246          |
|    iterations           | 28           |
|    time_elapsed         | 1859         |
|    total_timesteps      | 458752       |
| train/                  |              |
|    approx_kl            | 0.0094968835 |
|    clip_fraction        | 0.102        |
|    clip_range           | 0.2          |
|    entropy_loss         | -0.616       |
|    explained_variance   | 0.992        |
|    learning_rate        | 0.0003       |
|    loss                 | 0.0366       |
|    n_updates            | 270          |
|    policy_gradient_loss | -0.0013      |
|    std                  | 0.445        |
|    value_loss           | 0.0911       |
------------------------------------------
-----------------------------------------
| rollout/                |             |
|    ep_len_mean          | 22.5        |
|    ep_rew_mean          | 0.108       |
| time/                   |             |
|    fps                  | 246         |
|    iterations           | 29          |
|    time_elapsed         | 1924        |
|    total_timesteps      | 475136      |
| train/                  |             |
|    approx_kl            | 0.010321386 |
|    clip_fraction        | 0.094       |
|    clip_range           | 0.2         |
|    entropy_loss         | -0.594      |
|    explained_variance   | 0.982       |
|    learning_rate        | 0.0003      |
|    loss                 | 0.064       |
|    n_updates            | 280         |
|    policy_gradient_loss | -0.000567   |
|    std                  | 0.435       |
|    value_loss           | 0.108       |
-----------------------------------------
-----------------------------------------
| rollout/                |             |
|    ep_len_mean          | 22.8        |
|    ep_rew_mean          | 0.11        |
| time/                   |             |
|    fps                  | 246         |
|    iterations           | 30          |
|    time_elapsed         | 1990        |
|    total_timesteps      | 491520      |
| train/                  |             |
|    approx_kl            | 0.013809309 |
|    clip_fraction        | 0.109       |
|    clip_range           | 0.2         |
|    entropy_loss         | -0.568      |
|    explained_variance   | 0.983       |
|    learning_rate        | 0.0003      |
|    loss                 | 0.0336      |
|    n_updates            | 290         |
|    policy_gradient_loss | -0.000652   |
|    std                  | 0.424       |
|    value_loss           | 0.232       |
-----------------------------------------
------------------------------------------
| rollout/                |              |
|    ep_len_mean          | 23.3         |
|    ep_rew_mean          | 0.218        |
| time/                   |              |
|    fps                  | 247          |
|    iterations           | 31           |
|    time_elapsed         | 2055         |
|    total_timesteps      | 507904       |
| train/                  |              |
|    approx_kl            | 0.0147677045 |
|    clip_fraction        | 0.113        |
|    clip_range           | 0.2          |
|    entropy_loss         | -0.532       |
|    explained_variance   | 0.976        |
|    learning_rate        | 0.0003       |
|    loss                 | 0.0489       |
|    n_updates            | 300          |
|    policy_gradient_loss | -0.000719    |
|    std                  | 0.411        |
|    value_loss           | 0.304        |
------------------------------------------
ppo_attn_learned_cf_obs20_dense_shuffle_v7_seed1 obs shape: (20, 5) action space: Box(-1.0, 1.0, (1,), float32)
Using cpu device
Logging to runs/tb/ppo_attn_learned_cf_obs20_dense_shuffle_v7_seed1_1
---------------------------------
| rollout/           |          |
|    ep_len_mean     | 12       |
|    ep_rew_mean     | -0.838   |
| time/              |          |
|    fps             | 269      |
|    iterations      | 1        |
|    time_elapsed    | 60       |
|    total_timesteps | 16384    |
---------------------------------
------------------------------------------
| rollout/                |              |
|    ep_len_mean          | 12           |
|    ep_rew_mean          | -0.917       |
| time/                   |              |
|    fps                  | 254          |
|    iterations           | 2            |
|    time_elapsed         | 128          |
|    total_timesteps      | 32768        |
| train/                  |              |
|    approx_kl            | 0.0043506515 |
|    clip_fraction        | 0.0209       |
|    clip_range           | 0.2          |
|    entropy_loss         | -1.41        |
|    explained_variance   | 0.000488     |
|    learning_rate        | 0.0003       |
|    loss                 | 0.108        |
|    n_updates            | 10           |
|    policy_gradient_loss | -0.000828    |
|    std                  | 0.978        |
|    value_loss           | 1.1          |
------------------------------------------
-----------------------------------------
| rollout/                |             |
|    ep_len_mean          | 12.4        |
|    ep_rew_mean          | -0.881      |
| time/                   |             |
|    fps                  | 249         |
|    iterations           | 3           |
|    time_elapsed         | 197         |
|    total_timesteps      | 49152       |
| train/                  |             |
|    approx_kl            | 0.013633255 |
|    clip_fraction        | 0.166       |
|    clip_range           | 0.2         |
|    entropy_loss         | -1.42       |
|    explained_variance   | 0.981       |
|    learning_rate        | 0.0003      |
|    loss                 | 0.0182      |
|    n_updates            | 20          |
|    policy_gradient_loss | -0.0142     |
|    std                  | 1.01        |
|    value_loss           | 0.0853      |
-----------------------------------------
-----------------------------------------
| rollout/                |             |
|    ep_len_mean          | 13          |
|    ep_rew_mean          | -0.796      |
| time/                   |             |
|    fps                  | 247         |
|    iterations           | 4           |
|    time_elapsed         | 265         |
|    total_timesteps      | 65536       |
| train/                  |             |
|    approx_kl            | 0.010288218 |
|    clip_fraction        | 0.165       |
|    clip_range           | 0.2         |
|    entropy_loss         | -1.43       |
|    explained_variance   | 0.993       |
|    learning_rate        | 0.0003      |
|    loss                 | 0.0341      |
|    n_updates            | 30          |
|    policy_gradient_loss | -0.0189     |
|    std                  | 1.01        |
|    value_loss           | 0.0668      |
-----------------------------------------
-----------------------------------------
| rollout/                |             |
|    ep_len_mean          | 13.8        |
|    ep_rew_mean          | -0.513      |
| time/                   |             |
|    fps                  | 246         |
|    iterations           | 5           |
|    time_elapsed         | 332         |
|    total_timesteps      | 81920       |
| train/                  |             |
|    approx_kl            | 0.017296009 |
|    clip_fraction        | 0.196       |
|    clip_range           | 0.2         |
|    entropy_loss         | -1.38       |
|    explained_variance   | 0.994       |
|    learning_rate        | 0.0003      |
|    loss                 | 0.028       |
|    n_updates            | 40          |
|    policy_gradient_loss | -0.0225     |
|    std                  | 0.954       |
|    value_loss           | 0.0659      |
-----------------------------------------
-----------------------------------------
| rollout/                |             |
|    ep_len_mean          | 13.9        |
|    ep_rew_mean          | -0.601      |
| time/                   |             |
|    fps                  | 245         |
|    iterations           | 6           |
|    time_elapsed         | 400         |
|    total_timesteps      | 98304       |
| train/                  |             |
|    approx_kl            | 0.017947737 |
|    clip_fraction        | 0.2         |
|    clip_range           | 0.2         |
|    entropy_loss         | -1.33       |
|    explained_variance   | 0.995       |
|    learning_rate        | 0.0003      |
|    loss                 | 0.00257     |
|    n_updates            | 50          |
|    policy_gradient_loss | -0.0206     |
|    std                  | 0.905       |
|    value_loss           | 0.0607      |
-----------------------------------------
---------------------------------------
| rollout/                |           |
|    ep_len_mean          | 15        |
|    ep_rew_mean          | -0.415    |
| time/                   |           |
|    fps                  | 245       |
|    iterations           | 7         |
|    time_elapsed         | 466       |
|    total_timesteps      | 114688    |
| train/                  |           |
|    approx_kl            | 0.0188993 |
|    clip_fraction        | 0.205     |
|    clip_range           | 0.2       |
|    entropy_loss         | -1.26     |
|    explained_variance   | 0.994     |
|    learning_rate        | 0.0003    |
|    loss                 | 0.00624   |
|    n_updates            | 60        |
|    policy_gradient_loss | -0.022    |
|    std                  | 0.845     |
|    value_loss           | 0.0592    |
---------------------------------------
-----------------------------------------
| rollout/                |             |
|    ep_len_mean          | 15.4        |
|    ep_rew_mean          | -0.487      |
| time/                   |             |
|    fps                  | 245         |
|    iterations           | 8           |
|    time_elapsed         | 534         |
|    total_timesteps      | 131072      |
| train/                  |             |
|    approx_kl            | 0.019595394 |
|    clip_fraction        | 0.203       |
|    clip_range           | 0.2         |
|    entropy_loss         | -1.2        |
|    explained_variance   | 0.994       |
|    learning_rate        | 0.0003      |
|    loss                 | 0.000934    |
|    n_updates            | 70          |
|    policy_gradient_loss | -0.0218     |
|    std                  | 0.792       |
|    value_loss           | 0.0655      |
-----------------------------------------
-----------------------------------------
| rollout/                |             |
|    ep_len_mean          | 16.1        |
|    ep_rew_mean          | -0.448      |
| time/                   |             |
|    fps                  | 245         |
|    iterations           | 9           |
|    time_elapsed         | 601         |
|    total_timesteps      | 147456      |
| train/                  |             |
|    approx_kl            | 0.015202838 |
|    clip_fraction        | 0.168       |
|    clip_range           | 0.2         |
|    entropy_loss         | -1.13       |
|    explained_variance   | 0.994       |
|    learning_rate        | 0.0003      |
|    loss                 | 0.0409      |
|    n_updates            | 80          |
|    policy_gradient_loss | -0.018      |
|    std                  | 0.74        |
|    value_loss           | 0.0675      |
-----------------------------------------
-----------------------------------------
| rollout/                |             |
|    ep_len_mean          | 18.4        |
|    ep_rew_mean          | -0.893      |
| time/                   |             |
|    fps                  | 245         |
|    iterations           | 10          |
|    time_elapsed         | 667         |
|    total_timesteps      | 163840      |
| train/                  |             |
|    approx_kl            | 0.016097803 |
|    clip_fraction        | 0.159       |
|    clip_range           | 0.2         |
|    entropy_loss         | -1.07       |
|    explained_variance   | 0.994       |
|    learning_rate        | 0.0003      |
|    loss                 | 0.0183      |
|    n_updates            | 90          |
|    policy_gradient_loss | -0.0144     |
|    std                  | 0.701       |
|    value_loss           | 0.0722      |
-----------------------------------------
----------------------------------------
| rollout/                |            |
|    ep_len_mean          | 22.6       |
|    ep_rew_mean          | -1.76      |
| time/                   |            |
|    fps                  | 245        |
|    iterations           | 11         |
|    time_elapsed         | 734        |
|    total_timesteps      | 180224     |
| train/                  |            |
|    approx_kl            | 0.01325448 |
|    clip_fraction        | 0.139      |
|    clip_range           | 0.2        |
|    entropy_loss         | -1.04      |
|    explained_variance   | 0.749      |
|    learning_rate        | 0.0003     |
|    loss                 | 0.063      |
|    n_updates            | 100        |
|    policy_gradient_loss | -0.00337   |
|    std                  | 0.676      |
|    value_loss           | 0.241      |
----------------------------------------
-----------------------------------------
| rollout/                |             |
|    ep_len_mean          | 20.9        |
|    ep_rew_mean          | -1.1        |
| time/                   |             |
|    fps                  | 245         |
|    iterations           | 12          |
|    time_elapsed         | 801         |
|    total_timesteps      | 196608      |
| train/                  |             |
|    approx_kl            | 0.009782513 |
|    clip_fraction        | 0.0999      |
|    clip_range           | 0.2         |
|    entropy_loss         | -1          |
|    explained_variance   | 0.656       |
|    learning_rate        | 0.0003      |
|    loss                 | 0.32        |
|    n_updates            | 110         |
|    policy_gradient_loss | -0.00119    |
|    std                  | 0.661       |
|    value_loss           | 0.403       |
-----------------------------------------
-----------------------------------------
| rollout/                |             |
|    ep_len_mean          | 22.5        |
|    ep_rew_mean          | -1.62       |
| time/                   |             |
|    fps                  | 245         |
|    iterations           | 13          |
|    time_elapsed         | 867         |
|    total_timesteps      | 212992      |
| train/                  |             |
|    approx_kl            | 0.010315874 |
|    clip_fraction        | 0.115       |
|    clip_range           | 0.2         |
|    entropy_loss         | -0.98       |
|    explained_variance   | 0.878       |
|    learning_rate        | 0.0003      |
|    loss                 | 0.101       |
|    n_updates            | 120         |
|    policy_gradient_loss | -0.000901   |
|    std                  | 0.639       |
|    value_loss           | 0.256       |
-----------------------------------------
-----------------------------------------
| rollout/                |             |
|    ep_len_mean          | 22.4        |
|    ep_rew_mean          | -0.951      |
| time/                   |             |
|    fps                  | 245         |
|    iterations           | 14          |
|    time_elapsed         | 933         |
|    total_timesteps      | 229376      |
| train/                  |             |
|    approx_kl            | 0.011153752 |
|    clip_fraction        | 0.12        |
|    clip_range           | 0.2         |
|    entropy_loss         | -0.944      |
|    explained_variance   | 0.941       |
|    learning_rate        | 0.0003      |
|    loss                 | 0.0283      |
|    n_updates            | 130         |
|    policy_gradient_loss | -0.000953   |
|    std                  | 0.614       |
|    value_loss           | 0.289       |
-----------------------------------------
-----------------------------------------
| rollout/                |             |
|    ep_len_mean          | 18.8        |
|    ep_rew_mean          | -0.187      |
| time/                   |             |
|    fps                  | 246         |
|    iterations           | 15          |
|    time_elapsed         | 998         |
|    total_timesteps      | 245760      |
| train/                  |             |
|    approx_kl            | 0.010312675 |
|    clip_fraction        | 0.0823      |
|    clip_range           | 0.2         |
|    entropy_loss         | -0.931      |
|    explained_variance   | 0.96        |
|    learning_rate        | 0.0003      |
|    loss                 | 0.151       |
|    n_updates            | 140         |
|    policy_gradient_loss | -0.000202   |
|    std                  | 0.609       |
|    value_loss           | 0.614       |
-----------------------------------------
-----------------------------------------
| rollout/                |             |
|    ep_len_mean          | 20.7        |
|    ep_rew_mean          | -0.542      |
| time/                   |             |
|    fps                  | 246         |
|    iterations           | 16          |
|    time_elapsed         | 1065        |
|    total_timesteps      | 262144      |
| train/                  |             |
|    approx_kl            | 0.010083707 |
|    clip_fraction        | 0.0894      |
|    clip_range           | 0.2         |
|    entropy_loss         | -0.916      |
|    explained_variance   | 0.977       |
|    learning_rate        | 0.0003      |
|    loss                 | 0.459       |
|    n_updates            | 150         |
|    policy_gradient_loss | -0.000297   |
|    std                  | 0.603       |
|    value_loss           | 0.739       |
-----------------------------------------
-----------------------------------------
| rollout/                |             |
|    ep_len_mean          | 18.9        |
|    ep_rew_mean          | -0.205      |
| time/                   |             |
|    fps                  | 246         |
|    iterations           | 17          |
|    time_elapsed         | 1131        |
|    total_timesteps      | 278528      |
| train/                  |             |
|    approx_kl            | 0.014794936 |
|    clip_fraction        | 0.126       |
|    clip_range           | 0.2         |
|    entropy_loss         | -0.898      |
|    explained_variance   | 0.977       |
|    learning_rate        | 0.0003      |
|    loss                 | 0.948       |
|    n_updates            | 160         |
|    policy_gradient_loss | 0.00131     |
|    std                  | 0.596       |
|    value_loss           | 0.482       |
-----------------------------------------
-----------------------------------------
| rollout/                |             |
|    ep_len_mean          | 24          |
|    ep_rew_mean          | -1.33       |
| time/                   |             |
|    fps                  | 246         |
|    iterations           | 18          |
|    time_elapsed         | 1198        |
|    total_timesteps      | 294912      |
| train/                  |             |
|    approx_kl            | 0.011399938 |
|    clip_fraction        | 0.116       |
|    clip_range           | 0.2         |
|    entropy_loss         | -0.855      |
|    explained_variance   | 0.986       |
|    learning_rate        | 0.0003      |
|    loss                 | 0.03        |
|    n_updates            | 170         |
|    policy_gradient_loss | -0.00114    |
|    std                  | 0.565       |
|    value_loss           | 0.212       |
-----------------------------------------
-----------------------------------------
| rollout/                |             |
|    ep_len_mean          | 19.2        |
|    ep_rew_mean          | -0.108      |
| time/                   |             |
|    fps                  | 246         |
|    iterations           | 19          |
|    time_elapsed         | 1265        |
|    total_timesteps      | 311296      |
| train/                  |             |
|    approx_kl            | 0.014034648 |
|    clip_fraction        | 0.115       |
|    clip_range           | 0.2         |
|    entropy_loss         | -0.825      |
|    explained_variance   | 0.979       |
|    learning_rate        | 0.0003      |
|    loss                 | 0.137       |
|    n_updates            | 180         |
|    policy_gradient_loss | -0.00166    |
|    std                  | 0.546       |
|    value_loss           | 0.426       |
-----------------------------------------
-----------------------------------------
| rollout/                |             |
|    ep_len_mean          | 19.6        |
|    ep_rew_mean          | -0.0935     |
| time/                   |             |
|    fps                  | 246         |
|    iterations           | 20          |
|    time_elapsed         | 1331        |
|    total_timesteps      | 327680      |
| train/                  |             |
|    approx_kl            | 0.010438338 |
|    clip_fraction        | 0.116       |
|    clip_range           | 0.2         |
|    entropy_loss         | -0.784      |
|    explained_variance   | 0.991       |
|    learning_rate        | 0.0003      |
|    loss                 | 0.0173      |
|    n_updates            | 190         |
|    policy_gradient_loss | -0.00327    |
|    std                  | 0.529       |
|    value_loss           | 0.0713      |
-----------------------------------------
----------------------------------------
| rollout/                |            |
|    ep_len_mean          | 20.3       |
|    ep_rew_mean          | -0.00851   |
| time/                   |            |
|    fps                  | 246        |
|    iterations           | 21         |
|    time_elapsed         | 1397       |
|    total_timesteps      | 344064     |
| train/                  |            |
|    approx_kl            | 0.01108169 |
|    clip_fraction        | 0.111      |
|    clip_range           | 0.2        |
|    entropy_loss         | -0.751     |
|    explained_variance   | 0.991      |
|    learning_rate        | 0.0003     |
|    loss                 | 0.0303     |
|    n_updates            | 200        |
|    policy_gradient_loss | -0.00296   |
|    std                  | 0.513      |
|    value_loss           | 0.0902     |
----------------------------------------
-----------------------------------------
| rollout/                |             |
|    ep_len_mean          | 20.4        |
|    ep_rew_mean          | -0.0292     |
| time/                   |             |
|    fps                  | 246         |
|    iterations           | 22          |
|    time_elapsed         | 1464        |
|    total_timesteps      | 360448      |
| train/                  |             |
|    approx_kl            | 0.013524359 |
|    clip_fraction        | 0.12        |
|    clip_range           | 0.2         |
|    entropy_loss         | -0.73       |
|    explained_variance   | 0.992       |
|    learning_rate        | 0.0003      |
|    loss                 | 0.0601      |
|    n_updates            | 210         |
|    policy_gradient_loss | -0.0046     |
|    std                  | 0.5         |
|    value_loss           | 0.0952      |
-----------------------------------------
-----------------------------------------
| rollout/                |             |
|    ep_len_mean          | 20.5        |
|    ep_rew_mean          | -0.0515     |
| time/                   |             |
|    fps                  | 246         |
|    iterations           | 23          |
|    time_elapsed         | 1530        |
|    total_timesteps      | 376832      |
| train/                  |             |
|    approx_kl            | 0.009925375 |
|    clip_fraction        | 0.101       |
|    clip_range           | 0.2         |
|    entropy_loss         | -0.703      |
|    explained_variance   | 0.991       |
|    learning_rate        | 0.0003      |
|    loss                 | 0.0685      |
|    n_updates            | 220         |
|    policy_gradient_loss | -0.00343    |
|    std                  | 0.485       |
|    value_loss           | 0.111       |
-----------------------------------------
-----------------------------------------
| rollout/                |             |
|    ep_len_mean          | 21.4        |
|    ep_rew_mean          | 0.178       |
| time/                   |             |
|    fps                  | 246         |
|    iterations           | 24          |
|    time_elapsed         | 1596        |
|    total_timesteps      | 393216      |
| train/                  |             |
|    approx_kl            | 0.012967812 |
|    clip_fraction        | 0.119       |
|    clip_range           | 0.2         |
|    entropy_loss         | -0.674      |
|    explained_variance   | 0.987       |
|    learning_rate        | 0.0003      |
|    loss                 | 0.0465      |
|    n_updates            | 230         |
|    policy_gradient_loss | -0.00362    |
|    std                  | 0.47        |
|    value_loss           | 0.134       |
-----------------------------------------
-----------------------------------------
| rollout/                |             |
|    ep_len_mean          | 21.6        |
|    ep_rew_mean          | 0.161       |
| time/                   |             |
|    fps                  | 246         |
|    iterations           | 25          |
|    time_elapsed         | 1663        |
|    total_timesteps      | 409600      |
| train/                  |             |
|    approx_kl            | 0.011765829 |
|    clip_fraction        | 0.116       |
|    clip_range           | 0.2         |
|    entropy_loss         | -0.63       |
|    explained_variance   | 0.99        |
|    learning_rate        | 0.0003      |
|    loss                 | 0.0211      |
|    n_updates            | 240         |
|    policy_gradient_loss | -0.00333    |
|    std                  | 0.45        |
|    value_loss           | 0.119       |
-----------------------------------------
-----------------------------------------
| rollout/                |             |
|    ep_len_mean          | 23.8        |
|    ep_rew_mean          | 0.194       |
| time/                   |             |
|    fps                  | 246         |
|    iterations           | 26          |
|    time_elapsed         | 1728        |
|    total_timesteps      | 425984      |
| train/                  |             |
|    approx_kl            | 0.015107874 |
|    clip_fraction        | 0.115       |
|    clip_range           | 0.2         |
|    entropy_loss         | -0.596      |
|    explained_variance   | 0.989       |
|    learning_rate        | 0.0003      |
|    loss                 | 0.0822      |
|    n_updates            | 250         |
|    policy_gradient_loss | -0.00245    |
|    std                  | 0.438       |
|    value_loss           | 0.128       |
-----------------------------------------
-----------------------------------------
| rollout/                |             |
|    ep_len_mean          | 24.7        |
|    ep_rew_mean          | 0.415       |
| time/                   |             |
|    fps                  | 246         |
|    iterations           | 27          |
|    time_elapsed         | 1793        |
|    total_timesteps      | 442368      |
| train/                  |             |
|    approx_kl            | 0.013201919 |
|    clip_fraction        | 0.126       |
|    clip_range           | 0.2         |
|    entropy_loss         | -0.565      |
|    explained_variance   | 0.971       |
|    learning_rate        | 0.0003      |
|    loss                 | 0.143       |
|    n_updates            | 260         |
|    policy_gradient_loss | -0.00134    |
|    std                  | 0.422       |
|    value_loss           | 0.228       |
-----------------------------------------
-----------------------------------------
| rollout/                |             |
|    ep_len_mean          | 30.9        |
|    ep_rew_mean          | 1.05        |
| time/                   |             |
|    fps                  | 246         |
|    iterations           | 28          |
|    time_elapsed         | 1857        |
|    total_timesteps      | 458752      |
| train/                  |             |
|    approx_kl            | 0.013629643 |
|    clip_fraction        | 0.132       |
|    clip_range           | 0.2         |
|    entropy_loss         | -0.522      |
|    explained_variance   | 0.877       |
|    learning_rate        | 0.0003      |
|    loss                 | 0.381       |
|    n_updates            | 270         |
|    policy_gradient_loss | -0.00213    |
|    std                  | 0.404       |
|    value_loss           | 0.693       |
-----------------------------------------
-----------------------------------------
| rollout/                |             |
|    ep_len_mean          | 39.9        |
|    ep_rew_mean          | 1.89        |
| time/                   |             |
|    fps                  | 247         |
|    iterations           | 29          |
|    time_elapsed         | 1920        |
|    total_timesteps      | 475136      |
| train/                  |             |
|    approx_kl            | 0.012568693 |
|    clip_fraction        | 0.107       |
|    clip_range           | 0.2         |
|    entropy_loss         | -0.495      |
|    explained_variance   | 0.886       |
|    learning_rate        | 0.0003      |
|    loss                 | 0.306       |
|    n_updates            | 280         |
|    policy_gradient_loss | 0.000243    |
|    std                  | 0.395       |
|    value_loss           | 0.558       |
-----------------------------------------
----------------------------------------
| rollout/                |            |
|    ep_len_mean          | 47.3       |
|    ep_rew_mean          | 2.71       |
| time/                   |            |
|    fps                  | 247        |
|    iterations           | 30         |
|    time_elapsed         | 1984       |
|    total_timesteps      | 491520     |
| train/                  |            |
|    approx_kl            | 0.01531649 |
|    clip_fraction        | 0.11       |
|    clip_range           | 0.2        |
|    entropy_loss         | -0.47      |
|    explained_variance   | 0.887      |
|    learning_rate        | 0.0003     |
|    loss                 | 0.169      |
|    n_updates            | 290        |
|    policy_gradient_loss | 0.00451    |
|    std                  | 0.387      |
|    value_loss           | 0.639      |
----------------------------------------
-----------------------------------------
| rollout/                |             |
|    ep_len_mean          | 47.2        |
|    ep_rew_mean          | 2.64        |
| time/                   |             |
|    fps                  | 248         |
|    iterations           | 31          |
|    time_elapsed         | 2047        |
|    total_timesteps      | 507904      |
| train/                  |             |
|    approx_kl            | 0.017954443 |
|    clip_fraction        | 0.113       |
|    clip_range           | 0.2         |
|    entropy_loss         | -0.451      |
|    explained_variance   | 0.879       |
|    learning_rate        | 0.0003      |
|    loss                 | 0.842       |
|    n_updates            | 300         |
|    policy_gradient_loss | 0.0032      |
|    std                  | 0.378       |
|    value_loss           | 0.934       |
-----------------------------------------
ppo_attn_learned_cf_obs20_dense_shuffle_v7_seed2 obs shape: (20, 5) action space: Box(-1.0, 1.0, (1,), float32)
Using cpu device
Logging to runs/tb/ppo_attn_learned_cf_obs20_dense_shuffle_v7_seed2_1
---------------------------------
| rollout/           |          |
|    ep_len_mean     | 12.1     |
|    ep_rew_mean     | -0.777   |
| time/              |          |
|    fps             | 270      |
|    iterations      | 1        |
|    time_elapsed    | 60       |
|    total_timesteps | 16384    |
---------------------------------
------------------------------------------
| rollout/                |              |
|    ep_len_mean          | 12.2         |
|    ep_rew_mean          | -0.819       |
| time/                   |              |
|    fps                  | 254          |
|    iterations           | 2            |
|    time_elapsed         | 128          |
|    total_timesteps      | 32768        |
| train/                  |              |
|    approx_kl            | 0.0024336127 |
|    clip_fraction        | 0.0183       |
|    clip_range           | 0.2          |
|    entropy_loss         | -1.42        |
|    explained_variance   | -0.0051      |
|    learning_rate        | 0.0003       |
|    loss                 | 0.0324       |
|    n_updates            | 10           |
|    policy_gradient_loss | -0.00126     |
|    std                  | 0.994        |
|    value_loss           | 1.03         |
------------------------------------------
-----------------------------------------
| rollout/                |             |
|    ep_len_mean          | 12.6        |
|    ep_rew_mean          | -0.883      |
| time/                   |             |
|    fps                  | 249         |
|    iterations           | 3           |
|    time_elapsed         | 196         |
|    total_timesteps      | 49152       |
| train/                  |             |
|    approx_kl            | 0.011844525 |
|    clip_fraction        | 0.135       |
|    clip_range           | 0.2         |
|    entropy_loss         | -1.43       |
|    explained_variance   | 0.974       |
|    learning_rate        | 0.0003      |
|    loss                 | 0.00837     |
|    n_updates            | 20          |
|    policy_gradient_loss | -0.0105     |
|    std                  | 1.03        |
|    value_loss           | 0.0955      |
-----------------------------------------
-----------------------------------------
| rollout/                |             |
|    ep_len_mean          | 13.1        |
|    ep_rew_mean          | -0.77       |
| time/                   |             |
|    fps                  | 247         |
|    iterations           | 4           |
|    time_elapsed         | 264         |
|    total_timesteps      | 65536       |
| train/                  |             |
|    approx_kl            | 0.010750698 |
|    clip_fraction        | 0.149       |
|    clip_range           | 0.2         |
|    entropy_loss         | -1.46       |
|    explained_variance   | 0.991       |
|    learning_rate        | 0.0003      |
|    loss                 | 0.0303      |
|    n_updates            | 30          |
|    policy_gradient_loss | -0.0163     |
|    std                  | 1.04        |
|    value_loss           | 0.0755      |
-----------------------------------------
-----------------------------------------
| rollout/                |             |
|    ep_len_mean          | 13.9        |
|    ep_rew_mean          | -0.571      |
| time/                   |             |
|    fps                  | 246         |
|    iterations           | 5           |
|    time_elapsed         | 332         |
|    total_timesteps      | 81920       |
| train/                  |             |
|    approx_kl            | 0.018915597 |
|    clip_fraction        | 0.192       |
|    clip_range           | 0.2         |
|    entropy_loss         | -1.4        |
|    explained_variance   | 0.993       |
|    learning_rate        | 0.0003      |
|    loss                 | -0.0124     |
|    n_updates            | 40          |
|    policy_gradient_loss | -0.021      |
|    std                  | 0.968       |
|    value_loss           | 0.0657      |
-----------------------------------------
-----------------------------------------
| rollout/                |             |
|    ep_len_mean          | 14.5        |
|    ep_rew_mean          | -0.551      |
| time/                   |             |
|    fps                  | 246         |
|    iterations           | 6           |
|    time_elapsed         | 399         |
|    total_timesteps      | 98304       |
| train/                  |             |
|    approx_kl            | 0.017001707 |
|    clip_fraction        | 0.192       |
|    clip_range           | 0.2         |
|    entropy_loss         | -1.34       |
|    explained_variance   | 0.995       |
|    learning_rate        | 0.0003      |
|    loss                 | -0.00592    |
|    n_updates            | 50          |
|    policy_gradient_loss | -0.021      |
|    std                  | 0.916       |
|    value_loss           | 0.07        |
-----------------------------------------
-----------------------------------------
| rollout/                |             |
|    ep_len_mean          | 15.1        |
|    ep_rew_mean          | -0.537      |
| time/                   |             |
|    fps                  | 245         |
|    iterations           | 7           |
|    time_elapsed         | 466         |
|    total_timesteps      | 114688      |
| train/                  |             |
|    approx_kl            | 0.019052945 |
|    clip_fraction        | 0.212       |
|    clip_range           | 0.2         |
|    entropy_loss         | -1.27       |
|    explained_variance   | 0.995       |
|    learning_rate        | 0.0003      |
|    loss                 | -0.0167     |
|    n_updates            | 60          |
|    policy_gradient_loss | -0.023      |
|    std                  | 0.855       |
|    value_loss           | 0.0584      |
-----------------------------------------
----------------------------------------
| rollout/                |            |
|    ep_len_mean          | 15.8       |
|    ep_rew_mean          | -0.477     |
| time/                   |            |
|    fps                  | 245        |
|    iterations           | 8          |
|    time_elapsed         | 534        |
|    total_timesteps      | 131072     |
| train/                  |            |
|    approx_kl            | 0.01980501 |
|    clip_fraction        | 0.197      |
|    clip_range           | 0.2        |
|    entropy_loss         | -1.2       |
|    explained_variance   | 0.993      |
|    learning_rate        | 0.0003     |
|    loss                 | 0.00942    |
|    n_updates            | 70         |
|    policy_gradient_loss | -0.0201    |
|    std                  | 0.795      |
|    value_loss           | 0.0649     |
----------------------------------------
-----------------------------------------
| rollout/                |             |
|    ep_len_mean          | 16.8        |
|    ep_rew_mean          | -0.429      |
| time/                   |             |
|    fps                  | 246         |
|    iterations           | 9           |
|    time_elapsed         | 599         |
|    total_timesteps      | 147456      |
| train/                  |             |
|    approx_kl            | 0.018080305 |
|    clip_fraction        | 0.158       |
|    clip_range           | 0.2         |
|    entropy_loss         | -1.13       |
|    explained_variance   | 0.991       |
|    learning_rate        | 0.0003      |
|    loss                 | 0.0303      |
|    n_updates            | 80          |
|    policy_gradient_loss | -0.0154     |
|    std                  | 0.735       |
|    value_loss           | 0.0704      |
-----------------------------------------
-----------------------------------------
| rollout/                |             |
|    ep_len_mean          | 17.3        |
|    ep_rew_mean          | -0.263      |
| time/                   |             |
|    fps                  | 246         |
|    iterations           | 10          |
|    time_elapsed         | 664         |
|    total_timesteps      | 163840      |
| train/                  |             |
|    approx_kl            | 0.014312297 |
|    clip_fraction        | 0.149       |
|    clip_range           | 0.2         |
|    entropy_loss         | -1.07       |
|    explained_variance   | 0.85        |
|    learning_rate        | 0.0003      |
|    loss                 | 0.041       |
|    n_updates            | 90          |
|    policy_gradient_loss | -0.00682    |
|    std                  | 0.695       |
|    value_loss           | 0.152       |
-----------------------------------------
-----------------------------------------
| rollout/                |             |
|    ep_len_mean          | 19.9        |
|    ep_rew_mean          | -0.603      |
| time/                   |             |
|    fps                  | 246         |
|    iterations           | 11          |
|    time_elapsed         | 730         |
|    total_timesteps      | 180224      |
| train/                  |             |
|    approx_kl            | 0.012401508 |
|    clip_fraction        | 0.135       |
|    clip_range           | 0.2         |
|    entropy_loss         | -1.03       |
|    explained_variance   | 0.874       |
|    learning_rate        | 0.0003      |
|    loss                 | 0.177       |
|    n_updates            | 100         |
|    policy_gradient_loss | -0.00413    |
|    std                  | 0.672       |
|    value_loss           | 0.157       |
-----------------------------------------
-----------------------------------------
| rollout/                |             |
|    ep_len_mean          | 24.7        |
|    ep_rew_mean          | -2.09       |
| time/                   |             |
|    fps                  | 247         |
|    iterations           | 12          |
|    time_elapsed         | 795         |
|    total_timesteps      | 196608      |
| train/                  |             |
|    approx_kl            | 0.007316104 |
|    clip_fraction        | 0.0669      |
|    clip_range           | 0.2         |
|    entropy_loss         | -0.998      |
|    explained_variance   | 0.872       |
|    learning_rate        | 0.0003      |
|    loss                 | 0.0915      |
|    n_updates            | 110         |
|    policy_gradient_loss | -0.000611   |
|    std                  | 0.647       |
|    value_loss           | 0.468       |
-----------------------------------------
------------------------------------------
| rollout/                |              |
|    ep_len_mean          | 25.3         |
|    ep_rew_mean          | -1.78        |
| time/                   |              |
|    fps                  | 248          |
|    iterations           | 13           |
|    time_elapsed         | 857          |
|    total_timesteps      | 212992       |
| train/                  |              |
|    approx_kl            | 0.0067760265 |
|    clip_fraction        | 0.0579       |
|    clip_range           | 0.2          |
|    entropy_loss         | -0.971       |
|    explained_variance   | 0.942        |
|    learning_rate        | 0.0003       |
|    loss                 | 0.336        |
|    n_updates            | 120          |
|    policy_gradient_loss | -0.000476    |
|    std                  | 0.635        |
|    value_loss           | 0.512        |
------------------------------------------
-----------------------------------------
| rollout/                |             |
|    ep_len_mean          | 20.2        |
|    ep_rew_mean          | -0.587      |
| time/                   |             |
|    fps                  | 249         |
|    iterations           | 14          |
|    time_elapsed         | 920         |
|    total_timesteps      | 229376      |
| train/                  |             |
|    approx_kl            | 0.004102513 |
|    clip_fraction        | 0.0582      |
|    clip_range           | 0.2         |
|    entropy_loss         | -0.968      |
|    explained_variance   | 0.97        |
|    learning_rate        | 0.0003      |
|    loss                 | 0.5         |
|    n_updates            | 130         |
|    policy_gradient_loss | 9.68e-05    |
|    std                  | 0.637       |
|    value_loss           | 0.57        |
-----------------------------------------
-----------------------------------------
| rollout/                |             |
|    ep_len_mean          | 22.4        |
|    ep_rew_mean          | -0.902      |
| time/                   |             |
|    fps                  | 250         |
|    iterations           | 15          |
|    time_elapsed         | 982         |
|    total_timesteps      | 245760      |
| train/                  |             |
|    approx_kl            | 0.008435266 |
|    clip_fraction        | 0.105       |
|    clip_range           | 0.2         |
|    entropy_loss         | -0.947      |
|    explained_variance   | 0.98        |
|    learning_rate        | 0.0003      |
|    loss                 | 0.398       |
|    n_updates            | 140         |
|    policy_gradient_loss | 0.000962    |
|    std                  | 0.618       |
|    value_loss           | 0.385       |
-----------------------------------------
-----------------------------------------
| rollout/                |             |
|    ep_len_mean          | 21.1        |
|    ep_rew_mean          | -0.487      |
| time/                   |             |
|    fps                  | 250         |
|    iterations           | 16          |
|    time_elapsed         | 1045        |
|    total_timesteps      | 262144      |
| train/                  |             |
|    approx_kl            | 0.009332807 |
|    clip_fraction        | 0.0878      |
|    clip_range           | 0.2         |
|    entropy_loss         | -0.933      |
|    explained_variance   | 0.977       |
|    learning_rate        | 0.0003      |
|    loss                 | 0.415       |
|    n_updates            | 150         |
|    policy_gradient_loss | -0.00188    |
|    std                  | 0.614       |
|    value_loss           | 1.25        |
-----------------------------------------
------------------------------------------
| rollout/                |              |
|    ep_len_mean          | 19.1         |
|    ep_rew_mean          | -0.0656      |
| time/                   |              |
|    fps                  | 251          |
|    iterations           | 17           |
|    time_elapsed         | 1108         |
|    total_timesteps      | 278528       |
| train/                  |              |
|    approx_kl            | 0.0095743155 |
|    clip_fraction        | 0.0974       |
|    clip_range           | 0.2          |
|    entropy_loss         | -0.922       |
|    explained_variance   | 0.975        |
|    learning_rate        | 0.0003       |
|    loss                 | 0.981        |
|    n_updates            | 160          |
|    policy_gradient_loss | -0.00156     |
|    std                  | 0.605        |
|    value_loss           | 1.28         |
------------------------------------------
------------------------------------------
| rollout/                |              |
|    ep_len_mean          | 19.2         |
|    ep_rew_mean          | -0.0733      |
| time/                   |              |
|    fps                  | 251          |
|    iterations           | 18           |
|    time_elapsed         | 1171         |
|    total_timesteps      | 294912       |
| train/                  |              |
|    approx_kl            | 0.0112111475 |
|    clip_fraction        | 0.113        |
|    clip_range           | 0.2          |
|    entropy_loss         | -0.879       |
|    explained_variance   | 0.978        |
|    learning_rate        | 0.0003       |
|    loss                 | 0.0396       |
|    n_updates            | 170          |
|    policy_gradient_loss | -0.00289     |
|    std                  | 0.58         |
|    value_loss           | 0.255        |
------------------------------------------
-----------------------------------------
| rollout/                |             |
|    ep_len_mean          | 20.3        |
|    ep_rew_mean          | -0.0162     |
| time/                   |             |
|    fps                  | 252         |
|    iterations           | 19          |
|    time_elapsed         | 1234        |
|    total_timesteps      | 311296      |
| train/                  |             |
|    approx_kl            | 0.010938455 |
|    clip_fraction        | 0.115       |
|    clip_range           | 0.2         |
|    entropy_loss         | -0.832      |
|    explained_variance   | 0.988       |
|    learning_rate        | 0.0003      |
|    loss                 | 0.0403      |
|    n_updates            | 180         |
|    policy_gradient_loss | -0.005      |
|    std                  | 0.554       |
|    value_loss           | 0.0906      |
-----------------------------------------
-----------------------------------------
| rollout/                |             |
|    ep_len_mean          | 20.7        |
|    ep_rew_mean          | -0.0532     |
| time/                   |             |
|    fps                  | 252         |
|    iterations           | 20          |
|    time_elapsed         | 1297        |
|    total_timesteps      | 327680      |
| train/                  |             |
|    approx_kl            | 0.012111047 |
|    clip_fraction        | 0.123       |
|    clip_range           | 0.2         |
|    entropy_loss         | -0.787      |
|    explained_variance   | 0.987       |
|    learning_rate        | 0.0003      |
|    loss                 | 0.0397      |
|    n_updates            | 190         |
|    policy_gradient_loss | -0.00766    |
|    std                  | 0.528       |
|    value_loss           | 0.0971      |
-----------------------------------------
-----------------------------------------
| rollout/                |             |
|    ep_len_mean          | 20.9        |
|    ep_rew_mean          | -0.00431    |
| time/                   |             |
|    fps                  | 252         |
|    iterations           | 21          |
|    time_elapsed         | 1361        |
|    total_timesteps      | 344064      |
| train/                  |             |
|    approx_kl            | 0.013800604 |
|    clip_fraction        | 0.113       |
|    clip_range           | 0.2         |
|    entropy_loss         | -0.74       |
|    explained_variance   | 0.99        |
|    learning_rate        | 0.0003      |
|    loss                 | 0.0534      |
|    n_updates            | 200         |
|    policy_gradient_loss | -0.00706    |
|    std                  | 0.501       |
|    value_loss           | 0.109       |
-----------------------------------------
-----------------------------------------
| rollout/                |             |
|    ep_len_mean          | 21.4        |
|    ep_rew_mean          | 0.00761     |
| time/                   |             |
|    fps                  | 253         |
|    iterations           | 22          |
|    time_elapsed         | 1424        |
|    total_timesteps      | 360448      |
| train/                  |             |
|    approx_kl            | 0.013045199 |
|    clip_fraction        | 0.114       |
|    clip_range           | 0.2         |
|    entropy_loss         | -0.681      |
|    explained_variance   | 0.991       |
|    learning_rate        | 0.0003      |
|    loss                 | 0.038       |
|    n_updates            | 210         |
|    policy_gradient_loss | -0.00634    |
|    std                  | 0.471       |
|    value_loss           | 0.115       |
-----------------------------------------
-----------------------------------------
| rollout/                |             |
|    ep_len_mean          | 22.3        |
|    ep_rew_mean          | 0.16        |
| time/                   |             |
|    fps                  | 253         |
|    iterations           | 23          |
|    time_elapsed         | 1486        |
|    total_timesteps      | 376832      |
| train/                  |             |
|    approx_kl            | 0.010899605 |
|    clip_fraction        | 0.109       |
|    clip_range           | 0.2         |
|    entropy_loss         | -0.623      |
|    explained_variance   | 0.99        |
|    learning_rate        | 0.0003      |
|    loss                 | 0.0437      |
|    n_updates            | 220         |
|    policy_gradient_loss | -0.00549    |
|    std                  | 0.447       |
|    value_loss           | 0.122       |
-----------------------------------------
-----------------------------------------
| rollout/                |             |
|    ep_len_mean          | 21.8        |
|    ep_rew_mean          | -0.0532     |
| time/                   |             |
|    fps                  | 253         |
|    iterations           | 24          |
|    time_elapsed         | 1550        |
|    total_timesteps      | 393216      |
| train/                  |             |
|    approx_kl            | 0.009212083 |
|    clip_fraction        | 0.109       |
|    clip_range           | 0.2         |
|    entropy_loss         | -0.588      |
|    explained_variance   | 0.989       |
|    learning_rate        | 0.0003      |
|    loss                 | 0.0428      |
|    n_updates            | 230         |
|    policy_gradient_loss | -0.00429    |
|    std                  | 0.433       |
|    value_loss           | 0.142       |
-----------------------------------------
-----------------------------------------
| rollout/                |             |
|    ep_len_mean          | 23.4        |
|    ep_rew_mean          | 0.175       |
| time/                   |             |
|    fps                  | 253         |
|    iterations           | 25          |
|    time_elapsed         | 1613        |
|    total_timesteps      | 409600      |
| train/                  |             |
|    approx_kl            | 0.012120141 |
|    clip_fraction        | 0.123       |
|    clip_range           | 0.2         |
|    entropy_loss         | -0.543      |
|    explained_variance   | 0.988       |
|    learning_rate        | 0.0003      |
|    loss                 | 0.0529      |
|    n_updates            | 240         |
|    policy_gradient_loss | -0.00555    |
|    std                  | 0.411       |
|    value_loss           | 0.163       |
-----------------------------------------
------------------------------------------
| rollout/                |              |
|    ep_len_mean          | 24.8         |
|    ep_rew_mean          | 0.112        |
| time/                   |              |
|    fps                  | 254          |
|    iterations           | 26           |
|    time_elapsed         | 1675         |
|    total_timesteps      | 425984       |
| train/                  |              |
|    approx_kl            | 0.0123462435 |
|    clip_fraction        | 0.115        |
|    clip_range           | 0.2          |
|    entropy_loss         | -0.488       |
|    explained_variance   | 0.985        |
|    learning_rate        | 0.0003       |
|    loss                 | 0.0684       |
|    n_updates            | 250          |
|    policy_gradient_loss | -0.0052      |
|    std                  | 0.389        |
|    value_loss           | 0.2          |
------------------------------------------
-----------------------------------------
| rollout/                |             |
|    ep_len_mean          | 29.3        |
|    ep_rew_mean          | 0.51        |
| time/                   |             |
|    fps                  | 254         |
|    iterations           | 27          |
|    time_elapsed         | 1737        |
|    total_timesteps      | 442368      |
| train/                  |             |
|    approx_kl            | 0.014371558 |
|    clip_fraction        | 0.13        |
|    clip_range           | 0.2         |
|    entropy_loss         | -0.437      |
|    explained_variance   | 0.966       |
|    learning_rate        | 0.0003      |
|    loss                 | 0.143       |
|    n_updates            | 260         |
|    policy_gradient_loss | -0.00681    |
|    std                  | 0.371       |
|    value_loss           | 0.371       |
-----------------------------------------
-----------------------------------------
| rollout/                |             |
|    ep_len_mean          | 44.8        |
|    ep_rew_mean          | 2.33        |
| time/                   |             |
|    fps                  | 255         |
|    iterations           | 28          |
|    time_elapsed         | 1797        |
|    total_timesteps      | 458752      |
| train/                  |             |
|    approx_kl            | 0.012360242 |
|    clip_fraction        | 0.135       |
|    clip_range           | 0.2         |
|    entropy_loss         | -0.411      |
|    explained_variance   | 0.915       |
|    learning_rate        | 0.0003      |
|    loss                 | 0.425       |
|    n_updates            | 270         |
|    policy_gradient_loss | -0.00499    |
|    std                  | 0.362       |
|    value_loss           | 0.937       |
-----------------------------------------
-----------------------------------------
| rollout/                |             |
|    ep_len_mean          | 65.1        |
|    ep_rew_mean          | 4.47        |
| time/                   |             |
|    fps                  | 255         |
|    iterations           | 29          |
|    time_elapsed         | 1857        |
|    total_timesteps      | 475136      |
| train/                  |             |
|    approx_kl            | 0.013751882 |
|    clip_fraction        | 0.135       |
|    clip_range           | 0.2         |
|    entropy_loss         | -0.38       |
|    explained_variance   | 0.844       |
|    learning_rate        | 0.0003      |
|    loss                 | 0.374       |
|    n_updates            | 280         |
|    policy_gradient_loss | -0.00279    |
|    std                  | 0.352       |
|    value_loss           | 0.751       |
-----------------------------------------
-----------------------------------------
| rollout/                |             |
|    ep_len_mean          | 60.1        |
|    ep_rew_mean          | 3.79        |
| time/                   |             |
|    fps                  | 256         |
|    iterations           | 30          |
|    time_elapsed         | 1917        |
|    total_timesteps      | 491520      |
| train/                  |             |
|    approx_kl            | 0.011080309 |
|    clip_fraction        | 0.106       |
|    clip_range           | 0.2         |
|    entropy_loss         | -0.357      |
|    explained_variance   | 0.859       |
|    learning_rate        | 0.0003      |
|    loss                 | 0.274       |
|    n_updates            | 290         |
|    policy_gradient_loss | 0.00171     |
|    std                  | 0.344       |
|    value_loss           | 0.679       |
-----------------------------------------
-----------------------------------------
| rollout/                |             |
|    ep_len_mean          | 52.5        |
|    ep_rew_mean          | 3.05        |
| time/                   |             |
|    fps                  | 256         |
|    iterations           | 31          |
|    time_elapsed         | 1979        |
|    total_timesteps      | 507904      |
| train/                  |             |
|    approx_kl            | 0.009848386 |
|    clip_fraction        | 0.0971      |
|    clip_range           | 0.2         |
|    entropy_loss         | -0.337      |
|    explained_variance   | 0.875       |
|    learning_rate        | 0.0003      |
|    loss                 | 0.755       |
|    n_updates            | 300         |
|    policy_gradient_loss | 0.00271     |
|    std                  | 0.337       |
|    value_loss           | 0.788       |
-----------------------------------------


###############################################################################
TCHPC Cluster: callan
Job 166072 (attn_learned_cf_obs20_dense_shuffle_ne8_500000_v7) for User 'hadjitot' in Account 'callan_hadjitot'
Finished at: Fri Mar 13 17:04:59 GMT 2026

Job efficiency estimates:
=========================

Job ID: 166072
Cluster: callan
User/Group: hadjitot/hadjitot
State: COMPLETED (exit code 0)
Nodes: 1
Cores per node: 16
CPU Utilized: 10:10:22
CPU Efficiency: 37.05% of 1-03:27:12 core-walltime
Job Wall-clock time: 01:42:57
Memory Utilized: 3.23 GB
Memory Efficiency: 10.09% of 32.00 GB (32.00 GB/node)

Job completion status:
======================

JobID           JobName AllocCPUS NTasks NNodes     MaxRSS    MaxRSSNode  MaxDiskRead MaxDiskWrite    Elapsed      State ExitCode 
------------ ---------- --------- ------ ------ ---------- ------------- ------------ ------------ ---------- ---------- -------- 
166072       attn_lear+        16             1                                                      01:42:57  COMPLETED      0:0 
166072.batch      batch        16      1      1   3384896K    callan-n12     2596.23M     1740.62M   01:42:57  COMPLETED      0:0 
166072.exte+     extern        16      1      1                                                      01:42:57  COMPLETED      0:0 


Job details:
============

JobId=166072 JobName=attn_learned_cf_obs20_dense_shuffle_ne8_500000_v7
   UserId=hadjitot(2357) GroupId=hadjitot(2300) MCS_label=N/A
   Priority=109035 Nice=0 Account=callan_hadjitot QOS=normal
   JobState=COMPLETING Reason=None Dependency=(null)
   Requeue=0 Restarts=0 BatchFlag=1 Reboot=0 ExitCode=0:0
   DerivedExitCode=0:0
   RunTime=01:42:57 TimeLimit=2-00:00:00 TimeMin=N/A
   SubmitTime=2026-03-12T17:41:09 EligibleTime=2026-03-12T17:41:09
   AccrueTime=2026-03-12T17:41:09
   StartTime=2026-03-13T15:22:02 EndTime=2026-03-13T17:04:59 Deadline=N/A
   SuspendTime=None SecsPreSuspend=0 LastSchedEval=2026-03-13T15:22:02 Scheduler=Backfill
   Partition=compute AllocNode:Sid=callan01:1943781
   ReqNodeList=(null) ExcNodeList=(null)
   NodeList=
   BatchHost=callan-n12
   NumNodes=1 NumCPUs=16 NumTasks=1 CPUs/Task=16 ReqB:S:C:T=0:0:*:*
   ReqTRES=cpu=16,mem=32G,node=1,billing=16
   AllocTRES=cpu=16,mem=32G,node=1,billing=16
   Socks/Node=* NtasksPerN:B:S:C=0:0:*:* CoreSpec=*
   JOB_GRES=(null)
     Nodes=callan-n12 CPU_IDs=7-22 Mem=32768 GRES=
   MinCPUsNode=16 MinMemoryNode=32G MinTmpDiskNode=0
   Features=(null) DelayBoot=00:00:00
   OverSubscribe=OK Contiguous=0 Licenses=(null) LicensesAlloc=(null) Network=(null)
   Command=/home/users/hadjitot/fyp/HighwayEnv/slurm/train_attention.sbatch
   WorkDir=/home/users/hadjitot/fyp/HighwayEnv
   StdErr=/home/users/hadjitot/fyp/HighwayEnv/slurm_out/attn_learned_cf_obs20_dense_shuffle_ne8_500000_v7_166072.err
   StdIn=/dev/null
   StdOut=/home/users/hadjitot/fyp/HighwayEnv/slurm_out/attn_learned_cf_obs20_dense_shuffle_ne8_500000_v7_166072.out
   TresPerTask=cpu=16
   


Disk quota details:
===================

                         Block Limits                                    |                     File Limits
Name       type             MB      quota      limit   in_doubt    grace |    files   quota    limit in_doubt    grace
root       USR         4838822          0          0        940     none |   390733       0        0      565     none
root       FILESET     4867309          0          0       4030     none |  9909162       0        0     1231     none


SLURM Bank Statement:
=====================

User           Usage |        Account     Usage | Account Limit Available (CPU hrs)
---------- --------- + -------------- --------- + ------------- ---------
hadjitot      17,312 | CALLAN_HADJITOT    17,312 |       300,000   282,688


Acknowledgements:
=================

Note that usage of TCHPC Resources *must* be acknowledged in all publications.

Please see this page for details relevant to this cluster:

http://www.tchpc.tcd.ie/resources/acknowledgementpolicy

################################################################################
