Loading Anaconda 3 2024.02-1
SCENARIO_NAME=cf_obs20_dense
EXP_VERSION=v6
TOTAL_TIMESTEPS=1000000
N_ENVS=8
ATTN_MODE=learned
X_INDEX=1
VX_INDEX=3
ORACLE_RULE=leader_x
TTC_EPS=1e-6
ppo_attn_learned_cf_obs20_dense_v6_seed0 obs shape: (20, 5) action space: Box(-1.0, 1.0, (1,), float32)
Using cpu device
Logging to runs/tb/ppo_attn_learned_cf_obs20_dense_v6_seed0_3
---------------------------------
| rollout/           |          |
|    ep_len_mean     | 15.3     |
|    ep_rew_mean     | 9.49     |
| time/              |          |
|    fps             | 13       |
|    iterations      | 1        |
|    time_elapsed    | 1232     |
|    total_timesteps | 16384    |
---------------------------------
------------------------------------------
| rollout/                |              |
|    ep_len_mean          | 36.9         |
|    ep_rew_mean          | 23.7         |
| time/                   |              |
|    fps                  | 13           |
|    iterations           | 2            |
|    time_elapsed         | 2437         |
|    total_timesteps      | 32768        |
| train/                  |              |
|    approx_kl            | 0.0077469824 |
|    clip_fraction        | 0.109        |
|    clip_range           | 0.2          |
|    entropy_loss         | -1.41        |
|    explained_variance   | 0.00478      |
|    learning_rate        | 0.0003       |
|    loss                 | 3.8          |
|    n_updates            | 10           |
|    policy_gradient_loss | -0.0113      |
|    std                  | 0.996        |
|    value_loss           | 8.89         |
------------------------------------------
-----------------------------------------
| rollout/                |             |
|    ep_len_mean          | 47.8        |
|    ep_rew_mean          | 33.5        |
| time/                   |             |
|    fps                  | 13          |
|    iterations           | 3           |
|    time_elapsed         | 3672        |
|    total_timesteps      | 49152       |
| train/                  |             |
|    approx_kl            | 0.011354551 |
|    clip_fraction        | 0.139       |
|    clip_range           | 0.2         |
|    entropy_loss         | -1.4        |
|    explained_variance   | 0.582       |
|    learning_rate        | 0.0003      |
|    loss                 | 4.6         |
|    n_updates            | 20          |
|    policy_gradient_loss | -0.0186     |
|    std                  | 0.968       |
|    value_loss           | 16.1        |
-----------------------------------------
-----------------------------------------
| rollout/                |             |
|    ep_len_mean          | 86          |
|    ep_rew_mean          | 64.4        |
| time/                   |             |
|    fps                  | 13          |
|    iterations           | 4           |
|    time_elapsed         | 4884        |
|    total_timesteps      | 65536       |
| train/                  |             |
|    approx_kl            | 0.011147225 |
|    clip_fraction        | 0.131       |
|    clip_range           | 0.2         |
|    entropy_loss         | -1.35       |
|    explained_variance   | 0.616       |
|    learning_rate        | 0.0003      |
|    loss                 | 5.5         |
|    n_updates            | 30          |
|    policy_gradient_loss | -0.0181     |
|    std                  | 0.921       |
|    value_loss           | 20.2        |
-----------------------------------------
-----------------------------------------
| rollout/                |             |
|    ep_len_mean          | 92.2        |
|    ep_rew_mean          | 68.7        |
| time/                   |             |
|    fps                  | 13          |
|    iterations           | 5           |
|    time_elapsed         | 6057        |
|    total_timesteps      | 81920       |
| train/                  |             |
|    approx_kl            | 0.009618795 |
|    clip_fraction        | 0.128       |
|    clip_range           | 0.2         |
|    entropy_loss         | -1.31       |
|    explained_variance   | 0.33        |
|    learning_rate        | 0.0003      |
|    loss                 | 5.68        |
|    n_updates            | 40          |
|    policy_gradient_loss | -0.00912    |
|    std                  | 0.883       |
|    value_loss           | 15.7        |
-----------------------------------------
-----------------------------------------
| rollout/                |             |
|    ep_len_mean          | 85.2        |
|    ep_rew_mean          | 63.7        |
| time/                   |             |
|    fps                  | 13          |
|    iterations           | 6           |
|    time_elapsed         | 7252        |
|    total_timesteps      | 98304       |
| train/                  |             |
|    approx_kl            | 0.007518124 |
|    clip_fraction        | 0.0919      |
|    clip_range           | 0.2         |
|    entropy_loss         | -1.28       |
|    explained_variance   | 0.465       |
|    learning_rate        | 0.0003      |
|    loss                 | 2.03        |
|    n_updates            | 50          |
|    policy_gradient_loss | -0.0053     |
|    std                  | 0.867       |
|    value_loss           | 12          |
-----------------------------------------
-----------------------------------------
| rollout/                |             |
|    ep_len_mean          | 103         |
|    ep_rew_mean          | 78.3        |
| time/                   |             |
|    fps                  | 13          |
|    iterations           | 7           |
|    time_elapsed         | 8486        |
|    total_timesteps      | 114688      |
| train/                  |             |
|    approx_kl            | 0.005558522 |
|    clip_fraction        | 0.0796      |
|    clip_range           | 0.2         |
|    entropy_loss         | -1.27       |
|    explained_variance   | 0.288       |
|    learning_rate        | 0.0003      |
|    loss                 | 13.4        |
|    n_updates            | 60          |
|    policy_gradient_loss | -0.00472    |
|    std                  | 0.86        |
|    value_loss           | 16.2        |
-----------------------------------------
-----------------------------------------
| rollout/                |             |
|    ep_len_mean          | 102         |
|    ep_rew_mean          | 78          |
| time/                   |             |
|    fps                  | 13          |
|    iterations           | 8           |
|    time_elapsed         | 9725        |
|    total_timesteps      | 131072      |
| train/                  |             |
|    approx_kl            | 0.007341163 |
|    clip_fraction        | 0.0836      |
|    clip_range           | 0.2         |
|    entropy_loss         | -1.24       |
|    explained_variance   | 0.291       |
|    learning_rate        | 0.0003      |
|    loss                 | 0.815       |
|    n_updates            | 70          |
|    policy_gradient_loss | -0.00406    |
|    std                  | 0.831       |
|    value_loss           | 12          |
-----------------------------------------
-----------------------------------------
| rollout/                |             |
|    ep_len_mean          | 107         |
|    ep_rew_mean          | 82.2        |
| time/                   |             |
|    fps                  | 13          |
|    iterations           | 9           |
|    time_elapsed         | 10938       |
|    total_timesteps      | 147456      |
| train/                  |             |
|    approx_kl            | 0.008394683 |
|    clip_fraction        | 0.0948      |
|    clip_range           | 0.2         |
|    entropy_loss         | -1.23       |
|    explained_variance   | 0.377       |
|    learning_rate        | 0.0003      |
|    loss                 | 1.34        |
|    n_updates            | 80          |
|    policy_gradient_loss | -0.00405    |
|    std                  | 0.823       |
|    value_loss           | 10.4        |
-----------------------------------------
------------------------------------------
| rollout/                |              |
|    ep_len_mean          | 107          |
|    ep_rew_mean          | 82.6         |
| time/                   |              |
|    fps                  | 13           |
|    iterations           | 10           |
|    time_elapsed         | 12163        |
|    total_timesteps      | 163840       |
| train/                  |              |
|    approx_kl            | 0.0074924114 |
|    clip_fraction        | 0.0744       |
|    clip_range           | 0.2          |
|    entropy_loss         | -1.21        |
|    explained_variance   | 0.448        |
|    learning_rate        | 0.0003       |
|    loss                 | 0.838        |
|    n_updates            | 90           |
|    policy_gradient_loss | -0.0024      |
|    std                  | 0.802        |
|    value_loss           | 12.7         |
------------------------------------------
-----------------------------------------
| rollout/                |             |
|    ep_len_mean          | 108         |
|    ep_rew_mean          | 84          |
| time/                   |             |
|    fps                  | 13          |
|    iterations           | 11          |
|    time_elapsed         | 13399       |
|    total_timesteps      | 180224      |
| train/                  |             |
|    approx_kl            | 0.008711729 |
|    clip_fraction        | 0.0959      |
|    clip_range           | 0.2         |
|    entropy_loss         | -1.18       |
|    explained_variance   | 0.441       |
|    learning_rate        | 0.0003      |
|    loss                 | 1.57        |
|    n_updates            | 100         |
|    policy_gradient_loss | -0.00257    |
|    std                  | 0.786       |
|    value_loss           | 7.22        |
-----------------------------------------
-----------------------------------------
| rollout/                |             |
|    ep_len_mean          | 116         |
|    ep_rew_mean          | 91          |
| time/                   |             |
|    fps                  | 13          |
|    iterations           | 12          |
|    time_elapsed         | 14642       |
|    total_timesteps      | 196608      |
| train/                  |             |
|    approx_kl            | 0.008692121 |
|    clip_fraction        | 0.1         |
|    clip_range           | 0.2         |
|    entropy_loss         | -1.17       |
|    explained_variance   | 0.231       |
|    learning_rate        | 0.0003      |
|    loss                 | 0.44        |
|    n_updates            | 110         |
|    policy_gradient_loss | -0.00112    |
|    std                  | 0.777       |
|    value_loss           | 14.6        |
-----------------------------------------
------------------------------------------
| rollout/                |              |
|    ep_len_mean          | 113          |
|    ep_rew_mean          | 89.4         |
| time/                   |              |
|    fps                  | 13           |
|    iterations           | 13           |
|    time_elapsed         | 15878        |
|    total_timesteps      | 212992       |
| train/                  |              |
|    approx_kl            | 0.0072232755 |
|    clip_fraction        | 0.0903       |
|    clip_range           | 0.2          |
|    entropy_loss         | -1.15        |
|    explained_variance   | 0.408        |
|    learning_rate        | 0.0003       |
|    loss                 | 0.456        |
|    n_updates            | 120          |
|    policy_gradient_loss | -0.00117     |
|    std                  | 0.758        |
|    value_loss           | 5.34         |
------------------------------------------
-----------------------------------------
| rollout/                |             |
|    ep_len_mean          | 112         |
|    ep_rew_mean          | 88.6        |
| time/                   |             |
|    fps                  | 13          |
|    iterations           | 14          |
|    time_elapsed         | 17121       |
|    total_timesteps      | 229376      |
| train/                  |             |
|    approx_kl            | 0.009722167 |
|    clip_fraction        | 0.101       |
|    clip_range           | 0.2         |
|    entropy_loss         | -1.14       |
|    explained_variance   | 0.304       |
|    learning_rate        | 0.0003      |
|    loss                 | 0.261       |
|    n_updates            | 130         |
|    policy_gradient_loss | -0.000937   |
|    std                  | 0.753       |
|    value_loss           | 7.55        |
-----------------------------------------
-----------------------------------------
| rollout/                |             |
|    ep_len_mean          | 112         |
|    ep_rew_mean          | 88.8        |
| time/                   |             |
|    fps                  | 13          |
|    iterations           | 15          |
|    time_elapsed         | 18363       |
|    total_timesteps      | 245760      |
| train/                  |             |
|    approx_kl            | 0.009956529 |
|    clip_fraction        | 0.112       |
|    clip_range           | 0.2         |
|    entropy_loss         | -1.11       |
|    explained_variance   | 0.327       |
|    learning_rate        | 0.0003      |
|    loss                 | 0.332       |
|    n_updates            | 140         |
|    policy_gradient_loss | 0.000336    |
|    std                  | 0.739       |
|    value_loss           | 9.73        |
-----------------------------------------
----------------------------------------
| rollout/                |            |
|    ep_len_mean          | 118        |
|    ep_rew_mean          | 94.2       |
| time/                   |            |
|    fps                  | 13         |
|    iterations           | 16         |
|    time_elapsed         | 19608      |
|    total_timesteps      | 262144     |
| train/                  |            |
|    approx_kl            | 0.00982448 |
|    clip_fraction        | 0.109      |
|    clip_range           | 0.2        |
|    entropy_loss         | -1.12      |
|    explained_variance   | 0.388      |
|    learning_rate        | 0.0003     |
|    loss                 | 7.46       |
|    n_updates            | 150        |
|    policy_gradient_loss | -0.00036   |
|    std                  | 0.746      |
|    value_loss           | 15.1       |
----------------------------------------
-----------------------------------------
| rollout/                |             |
|    ep_len_mean          | 116         |
|    ep_rew_mean          | 92.9        |
| time/                   |             |
|    fps                  | 13          |
|    iterations           | 17          |
|    time_elapsed         | 20841       |
|    total_timesteps      | 278528      |
| train/                  |             |
|    approx_kl            | 0.008274347 |
|    clip_fraction        | 0.104       |
|    clip_range           | 0.2         |
|    entropy_loss         | -1.11       |
|    explained_variance   | 0.494       |
|    learning_rate        | 0.0003      |
|    loss                 | 0.576       |
|    n_updates            | 160         |
|    policy_gradient_loss | -0.000115   |
|    std                  | 0.737       |
|    value_loss           | 7.27        |
-----------------------------------------
----------------------------------------
| rollout/                |            |
|    ep_len_mean          | 119        |
|    ep_rew_mean          | 94.8       |
| time/                   |            |
|    fps                  | 13         |
|    iterations           | 18         |
|    time_elapsed         | 22030      |
|    total_timesteps      | 294912     |
| train/                  |            |
|    approx_kl            | 0.01056858 |
|    clip_fraction        | 0.11       |
|    clip_range           | 0.2        |
|    entropy_loss         | -1.1       |
|    explained_variance   | 0.423      |
|    learning_rate        | 0.0003     |
|    loss                 | 10         |
|    n_updates            | 170        |
|    policy_gradient_loss | -6.66e-05  |
|    std                  | 0.723      |
|    value_loss           | 9.6        |
----------------------------------------
-----------------------------------------
| rollout/                |             |
|    ep_len_mean          | 115         |
|    ep_rew_mean          | 92.7        |
| time/                   |             |
|    fps                  | 13          |
|    iterations           | 19          |
|    time_elapsed         | 23210       |
|    total_timesteps      | 311296      |
| train/                  |             |
|    approx_kl            | 0.011429422 |
|    clip_fraction        | 0.119       |
|    clip_range           | 0.2         |
|    entropy_loss         | -1.08       |
|    explained_variance   | 0.61        |
|    learning_rate        | 0.0003      |
|    loss                 | 0.0704      |
|    n_updates            | 180         |
|    policy_gradient_loss | -0.00145    |
|    std                  | 0.711       |
|    value_loss           | 4           |
-----------------------------------------
----------------------------------------
| rollout/                |            |
|    ep_len_mean          | 114        |
|    ep_rew_mean          | 91.9       |
| time/                   |            |
|    fps                  | 13         |
|    iterations           | 20         |
|    time_elapsed         | 24375      |
|    total_timesteps      | 327680     |
| train/                  |            |
|    approx_kl            | 0.00990849 |
|    clip_fraction        | 0.119      |
|    clip_range           | 0.2        |
|    entropy_loss         | -1.07      |
|    explained_variance   | 0.411      |
|    learning_rate        | 0.0003     |
|    loss                 | 14.4       |
|    n_updates            | 190        |
|    policy_gradient_loss | 0.000386   |
|    std                  | 0.697      |
|    value_loss           | 8.75       |
----------------------------------------
-----------------------------------------
| rollout/                |             |
|    ep_len_mean          | 112         |
|    ep_rew_mean          | 90.5        |
| time/                   |             |
|    fps                  | 13          |
|    iterations           | 21          |
|    time_elapsed         | 25494       |
|    total_timesteps      | 344064      |
| train/                  |             |
|    approx_kl            | 0.011384491 |
|    clip_fraction        | 0.122       |
|    clip_range           | 0.2         |
|    entropy_loss         | -1.05       |
|    explained_variance   | 0.321       |
|    learning_rate        | 0.0003      |
|    loss                 | 0.117       |
|    n_updates            | 200         |
|    policy_gradient_loss | 0.00133     |
|    std                  | 0.692       |
|    value_loss           | 13.1        |
-----------------------------------------
-----------------------------------------
| rollout/                |             |
|    ep_len_mean          | 114         |
|    ep_rew_mean          | 91.9        |
| time/                   |             |
|    fps                  | 13          |
|    iterations           | 22          |
|    time_elapsed         | 26594       |
|    total_timesteps      | 360448      |
| train/                  |             |
|    approx_kl            | 0.016699824 |
|    clip_fraction        | 0.123       |
|    clip_range           | 0.2         |
|    entropy_loss         | -1.04       |
|    explained_variance   | 0.272       |
|    learning_rate        | 0.0003      |
|    loss                 | 1.58        |
|    n_updates            | 210         |
|    policy_gradient_loss | 0.000743    |
|    std                  | 0.681       |
|    value_loss           | 17.7        |
-----------------------------------------
-----------------------------------------
| rollout/                |             |
|    ep_len_mean          | 114         |
|    ep_rew_mean          | 92.2        |
| time/                   |             |
|    fps                  | 13          |
|    iterations           | 23          |
|    time_elapsed         | 27701       |
|    total_timesteps      | 376832      |
| train/                  |             |
|    approx_kl            | 0.014044711 |
|    clip_fraction        | 0.134       |
|    clip_range           | 0.2         |
|    entropy_loss         | -1.03       |
|    explained_variance   | 0.304       |
|    learning_rate        | 0.0003      |
|    loss                 | 0.176       |
|    n_updates            | 220         |
|    policy_gradient_loss | 0.00114     |
|    std                  | 0.681       |
|    value_loss           | 31.1        |
-----------------------------------------
------------------------------------------
| rollout/                |              |
|    ep_len_mean          | 106          |
|    ep_rew_mean          | 85.1         |
| time/                   |              |
|    fps                  | 13           |
|    iterations           | 24           |
|    time_elapsed         | 28793        |
|    total_timesteps      | 393216       |
| train/                  |              |
|    approx_kl            | 0.0135400975 |
|    clip_fraction        | 0.131        |
|    clip_range           | 0.2          |
|    entropy_loss         | -1.02        |
|    explained_variance   | 0.211        |
|    learning_rate        | 0.0003       |
|    loss                 | 2.79         |
|    n_updates            | 230          |
|    policy_gradient_loss | 0.00138      |
|    std                  | 0.673        |
|    value_loss           | 31           |
------------------------------------------
-----------------------------------------
| rollout/                |             |
|    ep_len_mean          | 112         |
|    ep_rew_mean          | 90          |
| time/                   |             |
|    fps                  | 13          |
|    iterations           | 25          |
|    time_elapsed         | 29887       |
|    total_timesteps      | 409600      |
| train/                  |             |
|    approx_kl            | 0.015452506 |
|    clip_fraction        | 0.148       |
|    clip_range           | 0.2         |
|    entropy_loss         | -1.02       |
|    explained_variance   | 0.246       |
|    learning_rate        | 0.0003      |
|    loss                 | 47.9        |
|    n_updates            | 240         |
|    policy_gradient_loss | 0.000153    |
|    std                  | 0.675       |
|    value_loss           | 32.1        |
-----------------------------------------
-----------------------------------------
| rollout/                |             |
|    ep_len_mean          | 114         |
|    ep_rew_mean          | 91.2        |
| time/                   |             |
|    fps                  | 13          |
|    iterations           | 26          |
|    time_elapsed         | 30980       |
|    total_timesteps      | 425984      |
| train/                  |             |
|    approx_kl            | 0.015155146 |
|    clip_fraction        | 0.156       |
|    clip_range           | 0.2         |
|    entropy_loss         | -1.02       |
|    explained_variance   | 0.299       |
|    learning_rate        | 0.0003      |
|    loss                 | 17.4        |
|    n_updates            | 250         |
|    policy_gradient_loss | 0.00278     |
|    std                  | 0.669       |
|    value_loss           | 28.2        |
-----------------------------------------
-----------------------------------------
| rollout/                |             |
|    ep_len_mean          | 108         |
|    ep_rew_mean          | 86.8        |
| time/                   |             |
|    fps                  | 13          |
|    iterations           | 27          |
|    time_elapsed         | 32067       |
|    total_timesteps      | 442368      |
| train/                  |             |
|    approx_kl            | 0.013706308 |
|    clip_fraction        | 0.144       |
|    clip_range           | 0.2         |
|    entropy_loss         | -1          |
|    explained_variance   | 0.255       |
|    learning_rate        | 0.0003      |
|    loss                 | 0.214       |
|    n_updates            | 260         |
|    policy_gradient_loss | 0.00277     |
|    std                  | 0.659       |
|    value_loss           | 16.3        |
-----------------------------------------
-----------------------------------------
| rollout/                |             |
|    ep_len_mean          | 110         |
|    ep_rew_mean          | 89.1        |
| time/                   |             |
|    fps                  | 13          |
|    iterations           | 28          |
|    time_elapsed         | 33152       |
|    total_timesteps      | 458752      |
| train/                  |             |
|    approx_kl            | 0.020719262 |
|    clip_fraction        | 0.167       |
|    clip_range           | 0.2         |
|    entropy_loss         | -0.987      |
|    explained_variance   | 0.258       |
|    learning_rate        | 0.0003      |
|    loss                 | 3.23        |
|    n_updates            | 270         |
|    policy_gradient_loss | 0.00345     |
|    std                  | 0.646       |
|    value_loss           | 25.9        |
-----------------------------------------
-----------------------------------------
| rollout/                |             |
|    ep_len_mean          | 102         |
|    ep_rew_mean          | 83          |
| time/                   |             |
|    fps                  | 13          |
|    iterations           | 29          |
|    time_elapsed         | 34200       |
|    total_timesteps      | 475136      |
| train/                  |             |
|    approx_kl            | 0.016389811 |
|    clip_fraction        | 0.149       |
|    clip_range           | 0.2         |
|    entropy_loss         | -0.983      |
|    explained_variance   | 0.217       |
|    learning_rate        | 0.0003      |
|    loss                 | 34          |
|    n_updates            | 280         |
|    policy_gradient_loss | 0.00252     |
|    std                  | 0.646       |
|    value_loss           | 50.4        |
-----------------------------------------
-----------------------------------------
| rollout/                |             |
|    ep_len_mean          | 115         |
|    ep_rew_mean          | 92.6        |
| time/                   |             |
|    fps                  | 13          |
|    iterations           | 30          |
|    time_elapsed         | 35232       |
|    total_timesteps      | 491520      |
| train/                  |             |
|    approx_kl            | 0.015469661 |
|    clip_fraction        | 0.158       |
|    clip_range           | 0.2         |
|    entropy_loss         | -0.982      |
|    explained_variance   | 0.228       |
|    learning_rate        | 0.0003      |
|    loss                 | 20.7        |
|    n_updates            | 290         |
|    policy_gradient_loss | 0.00111     |
|    std                  | 0.645       |
|    value_loss           | 56.2        |
-----------------------------------------
-----------------------------------------
| rollout/                |             |
|    ep_len_mean          | 111         |
|    ep_rew_mean          | 89.3        |
| time/                   |             |
|    fps                  | 14          |
|    iterations           | 31          |
|    time_elapsed         | 36259       |
|    total_timesteps      | 507904      |
| train/                  |             |
|    approx_kl            | 0.018446617 |
|    clip_fraction        | 0.162       |
|    clip_range           | 0.2         |
|    entropy_loss         | -0.967      |
|    explained_variance   | 0.115       |
|    learning_rate        | 0.0003      |
|    loss                 | 1.65        |
|    n_updates            | 300         |
|    policy_gradient_loss | 0.00281     |
|    std                  | 0.631       |
|    value_loss           | 13          |
-----------------------------------------
------------------------------------------
| rollout/                |              |
|    ep_len_mean          | 111          |
|    ep_rew_mean          | 89.5         |
| time/                   |              |
|    fps                  | 14           |
|    iterations           | 32           |
|    time_elapsed         | 37272        |
|    total_timesteps      | 524288       |
| train/                  |              |
|    approx_kl            | 0.0147638675 |
|    clip_fraction        | 0.134        |
|    clip_range           | 0.2          |
|    entropy_loss         | -0.949       |
|    explained_variance   | 0.366        |
|    learning_rate        | 0.0003       |
|    loss                 | 6.24         |
|    n_updates            | 310          |
|    policy_gradient_loss | 0.0025       |
|    std                  | 0.621        |
|    value_loss           | 18.2         |
------------------------------------------
----------------------------------------
| rollout/                |            |
|    ep_len_mean          | 116        |
|    ep_rew_mean          | 93.9       |
| time/                   |            |
|    fps                  | 14         |
|    iterations           | 33         |
|    time_elapsed         | 38285      |
|    total_timesteps      | 540672     |
| train/                  |            |
|    approx_kl            | 0.01625558 |
|    clip_fraction        | 0.151      |
|    clip_range           | 0.2        |
|    entropy_loss         | -0.936     |
|    explained_variance   | 0.533      |
|    learning_rate        | 0.0003     |
|    loss                 | 0.223      |
|    n_updates            | 320        |
|    policy_gradient_loss | 0.00138    |
|    std                  | 0.618      |
|    value_loss           | 12.7       |
----------------------------------------
-----------------------------------------
| rollout/                |             |
|    ep_len_mean          | 115         |
|    ep_rew_mean          | 93.8        |
| time/                   |             |
|    fps                  | 14          |
|    iterations           | 34          |
|    time_elapsed         | 39299       |
|    total_timesteps      | 557056      |
| train/                  |             |
|    approx_kl            | 0.022403449 |
|    clip_fraction        | 0.164       |
|    clip_range           | 0.2         |
|    entropy_loss         | -0.919      |
|    explained_variance   | 0.328       |
|    learning_rate        | 0.0003      |
|    loss                 | 1.84        |
|    n_updates            | 330         |
|    policy_gradient_loss | 0.00111     |
|    std                  | 0.602       |
|    value_loss           | 15.8        |
-----------------------------------------
-----------------------------------------
| rollout/                |             |
|    ep_len_mean          | 114         |
|    ep_rew_mean          | 92.9        |
| time/                   |             |
|    fps                  | 14          |
|    iterations           | 35          |
|    time_elapsed         | 40314       |
|    total_timesteps      | 573440      |
| train/                  |             |
|    approx_kl            | 0.022763181 |
|    clip_fraction        | 0.172       |
|    clip_range           | 0.2         |
|    entropy_loss         | -0.891      |
|    explained_variance   | 0.337       |
|    learning_rate        | 0.0003      |
|    loss                 | 1.84        |
|    n_updates            | 340         |
|    policy_gradient_loss | 0.00342     |
|    std                  | 0.575       |
|    value_loss           | 16.8        |
-----------------------------------------
-----------------------------------------
| rollout/                |             |
|    ep_len_mean          | 108         |
|    ep_rew_mean          | 87.9        |
| time/                   |             |
|    fps                  | 14          |
|    iterations           | 36          |
|    time_elapsed         | 41329       |
|    total_timesteps      | 589824      |
| train/                  |             |
|    approx_kl            | 0.017855037 |
|    clip_fraction        | 0.16        |
|    clip_range           | 0.2         |
|    entropy_loss         | -0.86       |
|    explained_variance   | 0.294       |
|    learning_rate        | 0.0003      |
|    loss                 | 0.329       |
|    n_updates            | 350         |
|    policy_gradient_loss | 0.00141     |
|    std                  | 0.572       |
|    value_loss           | 16.5        |
-----------------------------------------
-----------------------------------------
| rollout/                |             |
|    ep_len_mean          | 112         |
|    ep_rew_mean          | 90.8        |
| time/                   |             |
|    fps                  | 14          |
|    iterations           | 37          |
|    time_elapsed         | 42345       |
|    total_timesteps      | 606208      |
| train/                  |             |
|    approx_kl            | 0.017661983 |
|    clip_fraction        | 0.161       |
|    clip_range           | 0.2         |
|    entropy_loss         | -0.838      |
|    explained_variance   | 0.337       |
|    learning_rate        | 0.0003      |
|    loss                 | 0.0552      |
|    n_updates            | 360         |
|    policy_gradient_loss | -0.000485   |
|    std                  | 0.557       |
|    value_loss           | 16.1        |
-----------------------------------------
----------------------------------------
| rollout/                |            |
|    ep_len_mean          | 108        |
|    ep_rew_mean          | 88.1       |
| time/                   |            |
|    fps                  | 14         |
|    iterations           | 38         |
|    time_elapsed         | 43362      |
|    total_timesteps      | 622592     |
| train/                  |            |
|    approx_kl            | 0.02151401 |
|    clip_fraction        | 0.151      |
|    clip_range           | 0.2        |
|    entropy_loss         | -0.828     |
|    explained_variance   | 0.383      |
|    learning_rate        | 0.0003     |
|    loss                 | 53.1       |
|    n_updates            | 370        |
|    policy_gradient_loss | 0.00272    |
|    std                  | 0.55       |
|    value_loss           | 19.4       |
----------------------------------------
-----------------------------------------
| rollout/                |             |
|    ep_len_mean          | 113         |
|    ep_rew_mean          | 92          |
| time/                   |             |
|    fps                  | 14          |
|    iterations           | 39          |
|    time_elapsed         | 44379       |
|    total_timesteps      | 638976      |
| train/                  |             |
|    approx_kl            | 0.030366156 |
|    clip_fraction        | 0.183       |
|    clip_range           | 0.2         |
|    entropy_loss         | -0.822      |
|    explained_variance   | 0.268       |
|    learning_rate        | 0.0003      |
|    loss                 | 14.4        |
|    n_updates            | 380         |
|    policy_gradient_loss | 0.0028      |
|    std                  | 0.552       |
|    value_loss           | 32.3        |
-----------------------------------------
-----------------------------------------
| rollout/                |             |
|    ep_len_mean          | 109         |
|    ep_rew_mean          | 88.3        |
| time/                   |             |
|    fps                  | 14          |
|    iterations           | 40          |
|    time_elapsed         | 45393       |
|    total_timesteps      | 655360      |
| train/                  |             |
|    approx_kl            | 0.025284937 |
|    clip_fraction        | 0.198       |
|    clip_range           | 0.2         |
|    entropy_loss         | -0.815      |
|    explained_variance   | 0.386       |
|    learning_rate        | 0.0003      |
|    loss                 | 2.89        |
|    n_updates            | 390         |
|    policy_gradient_loss | 0.00404     |
|    std                  | 0.543       |
|    value_loss           | 31.3        |
-----------------------------------------
-----------------------------------------
| rollout/                |             |
|    ep_len_mean          | 114         |
|    ep_rew_mean          | 91.6        |
| time/                   |             |
|    fps                  | 14          |
|    iterations           | 41          |
|    time_elapsed         | 46407       |
|    total_timesteps      | 671744      |
| train/                  |             |
|    approx_kl            | 0.023858204 |
|    clip_fraction        | 0.186       |
|    clip_range           | 0.2         |
|    entropy_loss         | -0.805      |
|    explained_variance   | 0.0383      |
|    learning_rate        | 0.0003      |
|    loss                 | 4.42        |
|    n_updates            | 400         |
|    policy_gradient_loss | 0.0028      |
|    std                  | 0.538       |
|    value_loss           | 57.1        |
-----------------------------------------
-----------------------------------------
| rollout/                |             |
|    ep_len_mean          | 112         |
|    ep_rew_mean          | 91          |
| time/                   |             |
|    fps                  | 14          |
|    iterations           | 42          |
|    time_elapsed         | 47419       |
|    total_timesteps      | 688128      |
| train/                  |             |
|    approx_kl            | 0.020832371 |
|    clip_fraction        | 0.185       |
|    clip_range           | 0.2         |
|    entropy_loss         | -0.8        |
|    explained_variance   | 0.273       |
|    learning_rate        | 0.0003      |
|    loss                 | 0.53        |
|    n_updates            | 410         |
|    policy_gradient_loss | 0.00382     |
|    std                  | 0.534       |
|    value_loss           | 17.2        |
-----------------------------------------
---------------------------------------
| rollout/                |           |
|    ep_len_mean          | 117       |
|    ep_rew_mean          | 95.1      |
| time/                   |           |
|    fps                  | 14        |
|    iterations           | 43        |
|    time_elapsed         | 48430     |
|    total_timesteps      | 704512    |
| train/                  |           |
|    approx_kl            | 0.0179471 |
|    clip_fraction        | 0.159     |
|    clip_range           | 0.2       |
|    entropy_loss         | -0.786    |
|    explained_variance   | 0.203     |
|    learning_rate        | 0.0003    |
|    loss                 | 0.0765    |
|    n_updates            | 420       |
|    policy_gradient_loss | 0.0044    |
|    std                  | 0.532     |
|    value_loss           | 18.3      |
---------------------------------------
----------------------------------------
| rollout/                |            |
|    ep_len_mean          | 112        |
|    ep_rew_mean          | 90.7       |
| time/                   |            |
|    fps                  | 14         |
|    iterations           | 44         |
|    time_elapsed         | 49442      |
|    total_timesteps      | 720896     |
| train/                  |            |
|    approx_kl            | 0.01828203 |
|    clip_fraction        | 0.147      |
|    clip_range           | 0.2        |
|    entropy_loss         | -0.781     |
|    explained_variance   | 0.189      |
|    learning_rate        | 0.0003     |
|    loss                 | 19.9       |
|    n_updates            | 430        |
|    policy_gradient_loss | 0.00193    |
|    std                  | 0.532      |
|    value_loss           | 18.9       |
----------------------------------------
-----------------------------------------
| rollout/                |             |
|    ep_len_mean          | 110         |
|    ep_rew_mean          | 90          |
| time/                   |             |
|    fps                  | 14          |
|    iterations           | 45          |
|    time_elapsed         | 50454       |
|    total_timesteps      | 737280      |
| train/                  |             |
|    approx_kl            | 0.020781847 |
|    clip_fraction        | 0.166       |
|    clip_range           | 0.2         |
|    entropy_loss         | -0.788      |
|    explained_variance   | 0.118       |
|    learning_rate        | 0.0003      |
|    loss                 | 42.4        |
|    n_updates            | 440         |
|    policy_gradient_loss | 0.00404     |
|    std                  | 0.533       |
|    value_loss           | 25.4        |
-----------------------------------------
-----------------------------------------
| rollout/                |             |
|    ep_len_mean          | 112         |
|    ep_rew_mean          | 91.5        |
| time/                   |             |
|    fps                  | 14          |
|    iterations           | 46          |
|    time_elapsed         | 51465       |
|    total_timesteps      | 753664      |
| train/                  |             |
|    approx_kl            | 0.018489145 |
|    clip_fraction        | 0.161       |
|    clip_range           | 0.2         |
|    entropy_loss         | -0.775      |
|    explained_variance   | 0.228       |
|    learning_rate        | 0.0003      |
|    loss                 | 18.3        |
|    n_updates            | 450         |
|    policy_gradient_loss | 0.00141     |
|    std                  | 0.521       |
|    value_loss           | 20.3        |
-----------------------------------------
-----------------------------------------
| rollout/                |             |
|    ep_len_mean          | 108         |
|    ep_rew_mean          | 87.6        |
| time/                   |             |
|    fps                  | 14          |
|    iterations           | 47          |
|    time_elapsed         | 52477       |
|    total_timesteps      | 770048      |
| train/                  |             |
|    approx_kl            | 0.024071552 |
|    clip_fraction        | 0.148       |
|    clip_range           | 0.2         |
|    entropy_loss         | -0.783      |
|    explained_variance   | 0.136       |
|    learning_rate        | 0.0003      |
|    loss                 | 0.133       |
|    n_updates            | 460         |
|    policy_gradient_loss | 0.00175     |
|    std                  | 0.534       |
|    value_loss           | 24.6        |
-----------------------------------------
----------------------------------------
| rollout/                |            |
|    ep_len_mean          | 112        |
|    ep_rew_mean          | 91.7       |
| time/                   |            |
|    fps                  | 14         |
|    iterations           | 48         |
|    time_elapsed         | 53490      |
|    total_timesteps      | 786432     |
| train/                  |            |
|    approx_kl            | 0.03426736 |
|    clip_fraction        | 0.181      |
|    clip_range           | 0.2        |
|    entropy_loss         | -0.791     |
|    explained_variance   | 0.0963     |
|    learning_rate        | 0.0003     |
|    loss                 | 2.71       |
|    n_updates            | 470        |
|    policy_gradient_loss | 0.00377    |
|    std                  | 0.535      |
|    value_loss           | 31.9       |
----------------------------------------
-----------------------------------------
| rollout/                |             |
|    ep_len_mean          | 109         |
|    ep_rew_mean          | 88.4        |
| time/                   |             |
|    fps                  | 14          |
|    iterations           | 49          |
|    time_elapsed         | 54500       |
|    total_timesteps      | 802816      |
| train/                  |             |
|    approx_kl            | 0.020153044 |
|    clip_fraction        | 0.174       |
|    clip_range           | 0.2         |
|    entropy_loss         | -0.797      |
|    explained_variance   | 0.0739      |
|    learning_rate        | 0.0003      |
|    loss                 | 0.365       |
|    n_updates            | 480         |
|    policy_gradient_loss | 0.005       |
|    std                  | 0.535       |
|    value_loss           | 23.7        |
-----------------------------------------
-----------------------------------------
| rollout/                |             |
|    ep_len_mean          | 113         |
|    ep_rew_mean          | 92.2        |
| time/                   |             |
|    fps                  | 14          |
|    iterations           | 50          |
|    time_elapsed         | 55511       |
|    total_timesteps      | 819200      |
| train/                  |             |
|    approx_kl            | 0.019573797 |
|    clip_fraction        | 0.156       |
|    clip_range           | 0.2         |
|    entropy_loss         | -0.794      |
|    explained_variance   | 0.0765      |
|    learning_rate        | 0.0003      |
|    loss                 | 50.6        |
|    n_updates            | 490         |
|    policy_gradient_loss | 0.00176     |
|    std                  | 0.536       |
|    value_loss           | 34.9        |
-----------------------------------------
-----------------------------------------
| rollout/                |             |
|    ep_len_mean          | 116         |
|    ep_rew_mean          | 93.3        |
| time/                   |             |
|    fps                  | 14          |
|    iterations           | 51          |
|    time_elapsed         | 56520       |
|    total_timesteps      | 835584      |
| train/                  |             |
|    approx_kl            | 0.016925048 |
|    clip_fraction        | 0.162       |
|    clip_range           | 0.2         |
|    entropy_loss         | -0.779      |
|    explained_variance   | 0.297       |
|    learning_rate        | 0.0003      |
|    loss                 | 0.21        |
|    n_updates            | 500         |
|    policy_gradient_loss | 0.00227     |
|    std                  | 0.521       |
|    value_loss           | 6.3         |
-----------------------------------------
---------------------------------------
| rollout/                |           |
|    ep_len_mean          | 118       |
|    ep_rew_mean          | 94.8      |
| time/                   |           |
|    fps                  | 14        |
|    iterations           | 52        |
|    time_elapsed         | 57527     |
|    total_timesteps      | 851968    |
| train/                  |           |
|    approx_kl            | 0.0177974 |
|    clip_fraction        | 0.154     |
|    clip_range           | 0.2       |
|    entropy_loss         | -0.766    |
|    explained_variance   | 0.217     |
|    learning_rate        | 0.0003    |
|    loss                 | 0.175     |
|    n_updates            | 510       |
|    policy_gradient_loss | 0.00125   |
|    std                  | 0.522     |
|    value_loss           | 4.55      |
---------------------------------------
-----------------------------------------
| rollout/                |             |
|    ep_len_mean          | 115         |
|    ep_rew_mean          | 93.1        |
| time/                   |             |
|    fps                  | 14          |
|    iterations           | 53          |
|    time_elapsed         | 58535       |
|    total_timesteps      | 868352      |
| train/                  |             |
|    approx_kl            | 0.019349769 |
|    clip_fraction        | 0.148       |
|    clip_range           | 0.2         |
|    entropy_loss         | -0.778      |
|    explained_variance   | 0.159       |
|    learning_rate        | 0.0003      |
|    loss                 | 31.8        |
|    n_updates            | 520         |
|    policy_gradient_loss | 0.00108     |
|    std                  | 0.529       |
|    value_loss           | 16.8        |
-----------------------------------------
-----------------------------------------
| rollout/                |             |
|    ep_len_mean          | 119         |
|    ep_rew_mean          | 97.5        |
| time/                   |             |
|    fps                  | 14          |
|    iterations           | 54          |
|    time_elapsed         | 59542       |
|    total_timesteps      | 884736      |
| train/                  |             |
|    approx_kl            | 0.020996038 |
|    clip_fraction        | 0.156       |
|    clip_range           | 0.2         |
|    entropy_loss         | -0.779      |
|    explained_variance   | 0.341       |
|    learning_rate        | 0.0003      |
|    loss                 | 0.756       |
|    n_updates            | 530         |
|    policy_gradient_loss | 0.00235     |
|    std                  | 0.527       |
|    value_loss           | 11.8        |
-----------------------------------------
-----------------------------------------
| rollout/                |             |
|    ep_len_mean          | 117         |
|    ep_rew_mean          | 95          |
| time/                   |             |
|    fps                  | 14          |
|    iterations           | 55          |
|    time_elapsed         | 60547       |
|    total_timesteps      | 901120      |
| train/                  |             |
|    approx_kl            | 0.017364264 |
|    clip_fraction        | 0.143       |
|    clip_range           | 0.2         |
|    entropy_loss         | -0.759      |
|    explained_variance   | 0.415       |
|    learning_rate        | 0.0003      |
|    loss                 | 0.026       |
|    n_updates            | 540         |
|    policy_gradient_loss | 0.003       |
|    std                  | 0.513       |
|    value_loss           | 1.88        |
-----------------------------------------
----------------------------------------
| rollout/                |            |
|    ep_len_mean          | 116        |
|    ep_rew_mean          | 93.9       |
| time/                   |            |
|    fps                  | 14         |
|    iterations           | 56         |
|    time_elapsed         | 61553      |
|    total_timesteps      | 917504     |
| train/                  |            |
|    approx_kl            | 0.02651975 |
|    clip_fraction        | 0.14       |
|    clip_range           | 0.2        |
|    entropy_loss         | -0.753     |
|    explained_variance   | 0.677      |
|    learning_rate        | 0.0003     |
|    loss                 | 0.412      |
|    n_updates            | 550        |
|    policy_gradient_loss | -1.38e-06  |
|    std                  | 0.507      |
|    value_loss           | 3.77       |
----------------------------------------
-----------------------------------------
| rollout/                |             |
|    ep_len_mean          | 117         |
|    ep_rew_mean          | 95.5        |
| time/                   |             |
|    fps                  | 14          |
|    iterations           | 57          |
|    time_elapsed         | 62561       |
|    total_timesteps      | 933888      |
| train/                  |             |
|    approx_kl            | 0.030533224 |
|    clip_fraction        | 0.153       |
|    clip_range           | 0.2         |
|    entropy_loss         | -0.742      |
|    explained_variance   | 0.329       |
|    learning_rate        | 0.0003      |
|    loss                 | 9.25        |
|    n_updates            | 560         |
|    policy_gradient_loss | 0.00288     |
|    std                  | 0.507       |
|    value_loss           | 9.2         |
-----------------------------------------
-----------------------------------------
| rollout/                |             |
|    ep_len_mean          | 113         |
|    ep_rew_mean          | 92.6        |
| time/                   |             |
|    fps                  | 14          |
|    iterations           | 58          |
|    time_elapsed         | 63566       |
|    total_timesteps      | 950272      |
| train/                  |             |
|    approx_kl            | 0.016191557 |
|    clip_fraction        | 0.15        |
|    clip_range           | 0.2         |
|    entropy_loss         | -0.72       |
|    explained_variance   | 0.572       |
|    learning_rate        | 0.0003      |
|    loss                 | 17.6        |
|    n_updates            | 570         |
|    policy_gradient_loss | 0.00123     |
|    std                  | 0.496       |
|    value_loss           | 8.23        |
-----------------------------------------
-----------------------------------------
| rollout/                |             |
|    ep_len_mean          | 118         |
|    ep_rew_mean          | 97.7        |
| time/                   |             |
|    fps                  | 14          |
|    iterations           | 59          |
|    time_elapsed         | 64574       |
|    total_timesteps      | 966656      |
| train/                  |             |
|    approx_kl            | 0.026528526 |
|    clip_fraction        | 0.171       |
|    clip_range           | 0.2         |
|    entropy_loss         | -0.716      |
|    explained_variance   | 0.108       |
|    learning_rate        | 0.0003      |
|    loss                 | 0.15        |
|    n_updates            | 580         |
|    policy_gradient_loss | 0.00608     |
|    std                  | 0.494       |
|    value_loss           | 22.9        |
-----------------------------------------
-----------------------------------------
| rollout/                |             |
|    ep_len_mean          | 111         |
|    ep_rew_mean          | 91.2        |
| time/                   |             |
|    fps                  | 14          |
|    iterations           | 60          |
|    time_elapsed         | 65582       |
|    total_timesteps      | 983040      |
| train/                  |             |
|    approx_kl            | 0.018409716 |
|    clip_fraction        | 0.152       |
|    clip_range           | 0.2         |
|    entropy_loss         | -0.706      |
|    explained_variance   | 0.396       |
|    learning_rate        | 0.0003      |
|    loss                 | 0.0425      |
|    n_updates            | 590         |
|    policy_gradient_loss | 0.0026      |
|    std                  | 0.491       |
|    value_loss           | 3.33        |
-----------------------------------------
-----------------------------------------
| rollout/                |             |
|    ep_len_mean          | 107         |
|    ep_rew_mean          | 87.9        |
| time/                   |             |
|    fps                  | 15          |
|    iterations           | 61          |
|    time_elapsed         | 66593       |
|    total_timesteps      | 999424      |
| train/                  |             |
|    approx_kl            | 0.019211762 |
|    clip_fraction        | 0.155       |
|    clip_range           | 0.2         |
|    entropy_loss         | -0.717      |
|    explained_variance   | 0.0713      |
|    learning_rate        | 0.0003      |
|    loss                 | 7.59        |
|    n_updates            | 600         |
|    policy_gradient_loss | 0.000825    |
|    std                  | 0.499       |
|    value_loss           | 32.7        |
-----------------------------------------
-----------------------------------------
| rollout/                |             |
|    ep_len_mean          | 115         |
|    ep_rew_mean          | 93.7        |
| time/                   |             |
|    fps                  | 15          |
|    iterations           | 62          |
|    time_elapsed         | 67610       |
|    total_timesteps      | 1015808     |
| train/                  |             |
|    approx_kl            | 0.031052932 |
|    clip_fraction        | 0.169       |
|    clip_range           | 0.2         |
|    entropy_loss         | -0.721      |
|    explained_variance   | 0.0382      |
|    learning_rate        | 0.0003      |
|    loss                 | 18.4        |
|    n_updates            | 610         |
|    policy_gradient_loss | 0.00394     |
|    std                  | 0.495       |
|    value_loss           | 62.7        |
-----------------------------------------


###############################################################################
TCHPC Cluster: callan
Job 164721 (attn_learned_cf_obs20_dense_seed0_ne8_1000000_v6) for User 'hadjitot' in Account 'callan_hadjitot'
Finished at: Wed Mar 11 09:26:41 GMT 2026

Job efficiency estimates:
=========================

Job ID: 164721
Cluster: callan
User/Group: hadjitot/hadjitot
State: COMPLETED (exit code 0)
Nodes: 1
Cores per node: 16
CPU Utilized: 6-01:20:29
CPU Efficiency: 48.33% of 12-12:44:00 core-walltime
Job Wall-clock time: 18:47:45
Memory Utilized: 3.37 GB
Memory Efficiency: 10.52% of 32.00 GB (32.00 GB/node)

Job completion status:
======================

JobID           JobName AllocCPUS NTasks NNodes     MaxRSS    MaxRSSNode  MaxDiskRead MaxDiskWrite    Elapsed      State ExitCode 
------------ ---------- --------- ------ ------ ---------- ------------- ------------ ------------ ---------- ---------- -------- 
164721       attn_lear+        16             1                                                      18:47:45  COMPLETED      0:0 
164721.batch      batch        16      1      1   3528572K    callan-n07     1468.04M     1140.76M   18:47:45  COMPLETED      0:0 
164721.exte+     extern        16      1      1                                                      18:47:45  COMPLETED      0:0 


Job details:
============

JobId=164721 JobName=attn_learned_cf_obs20_dense_seed0_ne8_1000000_v6
   UserId=hadjitot(2357) GroupId=hadjitot(2300) MCS_label=N/A
   Priority=102912 Nice=0 Account=callan_hadjitot QOS=normal
   JobState=COMPLETING Reason=None Dependency=(null)
   Requeue=0 Restarts=0 BatchFlag=1 Reboot=0 ExitCode=0:0
   DerivedExitCode=0:0
   RunTime=18:47:45 TimeLimit=2-00:00:00 TimeMin=N/A
   SubmitTime=2026-03-10T14:38:31 EligibleTime=2026-03-10T14:38:31
   AccrueTime=2026-03-10T14:38:31
   StartTime=2026-03-10T14:38:56 EndTime=2026-03-11T09:26:41 Deadline=N/A
   SuspendTime=None SecsPreSuspend=0 LastSchedEval=2026-03-10T14:38:56 Scheduler=Backfill
   Partition=compute AllocNode:Sid=callan01:3539149
   ReqNodeList=(null) ExcNodeList=(null)
   NodeList=callan-n07
   BatchHost=callan-n07
   NumNodes=1 NumCPUs=16 NumTasks=1 CPUs/Task=16 ReqB:S:C:T=0:0:*:*
   ReqTRES=cpu=16,mem=32G,node=1,billing=16
   AllocTRES=cpu=16,mem=32G,node=1,billing=16
   Socks/Node=* NtasksPerN:B:S:C=0:0:*:* CoreSpec=*
   JOB_GRES=(null)
     Nodes=callan-n07 CPU_IDs=21,32-46 Mem=32768 GRES=
   MinCPUsNode=16 MinMemoryNode=32G MinTmpDiskNode=0
   Features=(null) DelayBoot=00:00:00
   OverSubscribe=OK Contiguous=0 Licenses=(null) LicensesAlloc=(null) Network=(null)
   Command=/home/users/hadjitot/fyp/HighwayEnv/slurm/train_attention.sbatch
   WorkDir=/home/users/hadjitot/fyp/HighwayEnv
   StdErr=/home/users/hadjitot/fyp/HighwayEnv/slurm_out/attn_learned_cf_obs20_dense_seed0_ne8_1000000_v6_164721.err
   StdIn=/dev/null
   StdOut=/home/users/hadjitot/fyp/HighwayEnv/slurm_out/attn_learned_cf_obs20_dense_seed0_ne8_1000000_v6_164721.out
   TresPerTask=cpu=16
   


Disk quota details:
===================

                         Block Limits                                    |                     File Limits
Name       type             MB      quota      limit   in_doubt    grace |    files   quota    limit in_doubt    grace
root       USR         4829731          0          0         68     none |   388996       0        0      108     none
root       FILESET     4769538          0          0       3044     none |  9908774       0        0     1016     none


SLURM Bank Statement:
=====================

User           Usage |        Account     Usage | Account Limit Available (CPU hrs)
---------- --------- + -------------- --------- + ------------- ---------
hadjitot      17,997 | CALLAN_HADJITOT    17,997 |       300,000   282,003


Acknowledgements:
=================

Note that usage of TCHPC Resources *must* be acknowledged in all publications.

Please see this page for details relevant to this cluster:

http://www.tchpc.tcd.ie/resources/acknowledgementpolicy

################################################################################
