Loading Anaconda 3 2024.02-1
SCENARIO_NAME=cf_obs15_stopgo
SEED=0
EXP_VERSION=v10
ATTN_MODE=learned
CONTROLLED_VEHICLES=2
MODEL_DIR=runs/models
MODEL_PATH=runs/models/ppo_shared_attn_learned_cf_obs15_stopgo_v10_cv2_seed0.zip
STEPS=5000
OUT_DIR=runs/attn_logs_shared/learned/cf_obs15_stopgo/cv2/seed0
SCENARIO_NAME=cf_obs15_stopgo SEED=0 ATTN_MODE=learned CONTROLLED_VEHICLES=2
Resolved MODEL_PATH=/home/users/hadjitot/fyp/HighwayEnv/runs/models/ppo_shared_attn_learned_cf_obs15_stopgo_v10_cv2_seed0.zip
Per-agent env obs shape: (15, 5)
Model obs shape: (15, 5)
Attention log steps: 5000
Saved: (5000, 2, 14) (5000, 2, 14) (5000, 2, 14) (5000, 2, 14)
steps=5000 agents=2 neighbours=14
log_dir=runs/attn_logs_shared/learned/cf_obs15_stopgo/cv2/seed0
AGGREGATE
  T: 10000 N: 14
  argmax==leader hit rate: 0.9919
  mean attention on leader: 0.31097993
  mean attention entropy: 1.6786124
  argmax==ttc_critical hit rate: 0.8657
  mean attention on ttc_critical: 0.28896904
  fraction steps with closing TTC candidate: 0.6178
  mean min TTC (closing steps only): 56.82364273071289
AGENT 0
  T: 5000 N: 14
  argmax==leader hit rate: 0.9922
  mean attention on leader: 0.29781052
  mean attention entropy: 1.7276844
  argmax==ttc_critical hit rate: 0.7878
  mean attention on ttc_critical: 0.25881785
  fraction steps with closing TTC candidate: 0.6482
  mean min TTC (closing steps only): 59.55997085571289
AGENT 1
  T: 5000 N: 14
  argmax==leader hit rate: 0.9916
  mean attention on leader: 0.3241493
  mean attention entropy: 1.6295404
  argmax==ttc_critical hit rate: 0.9436
  mean attention on ttc_critical: 0.31912023
  fraction steps with closing TTC candidate: 0.5874
  mean min TTC (closing steps only): 53.80409240722656


###############################################################################
TCHPC Cluster: callan
Job 168027 (attnlog_cf_obs15_stopgo_seed0_cv2_v10) for User 'hadjitot' in Account 'callan_hadjitot'
Finished at: Tue Mar 17 15:43:46 GMT 2026

Job efficiency estimates:
=========================

Job ID: 168027
Cluster: callan
User/Group: hadjitot/hadjitot
State: COMPLETED (exit code 0)
Nodes: 1
Cores per node: 8
CPU Utilized: 00:01:55
CPU Efficiency: 11.06% of 00:17:20 core-walltime
Job Wall-clock time: 00:02:10
Memory Utilized: 471.38 MB
Memory Efficiency: 2.88% of 16.00 GB (16.00 GB/node)

Job completion status:
======================

JobID           JobName AllocCPUS NTasks NNodes     MaxRSS    MaxRSSNode  MaxDiskRead MaxDiskWrite    Elapsed      State ExitCode 
------------ ---------- --------- ------ ------ ---------- ------------- ------------ ------------ ---------- ---------- -------- 
168027       attnlog_c+         8             1                                                      00:02:10  COMPLETED      0:0 
168027.batch      batch         8      1      1    482688K    callan-n12       61.05M        0.01M   00:02:10  COMPLETED      0:0 
168027.exte+     extern         8      1      1                                                      00:02:10  COMPLETED      0:0 


Job details:
============

JobId=168027 JobName=attnlog_cf_obs15_stopgo_seed0_cv2_v10
   UserId=hadjitot(2357) GroupId=hadjitot(2300) MCS_label=N/A
   Priority=106922 Nice=0 Account=callan_hadjitot QOS=normal
   JobState=COMPLETING Reason=None Dependency=(null)
   Requeue=0 Restarts=0 BatchFlag=1 Reboot=0 ExitCode=0:0
   DerivedExitCode=0:0
   RunTime=00:02:10 TimeLimit=1-00:00:00 TimeMin=N/A
   SubmitTime=2026-03-17T02:37:42 EligibleTime=2026-03-17T10:58:46
   AccrueTime=2026-03-17T10:58:46
   StartTime=2026-03-17T15:41:36 EndTime=2026-03-17T15:43:46 Deadline=N/A
   SuspendTime=None SecsPreSuspend=0 LastSchedEval=2026-03-17T15:41:36 Scheduler=Backfill
   Partition=compute AllocNode:Sid=callan01:713343
   ReqNodeList=(null) ExcNodeList=(null)
   NodeList=callan-n12
   BatchHost=callan-n12
   NumNodes=1 NumCPUs=8 NumTasks=1 CPUs/Task=8 ReqB:S:C:T=0:0:*:*
   ReqTRES=cpu=8,mem=16G,node=1,billing=8
   AllocTRES=cpu=8,mem=16G,node=1,billing=8
   Socks/Node=* NtasksPerN:B:S:C=0:0:*:* CoreSpec=*
   JOB_GRES=(null)
     Nodes=callan-n12 CPU_IDs=5-6,15-19,25 Mem=16384 GRES=
   MinCPUsNode=8 MinMemoryNode=16G MinTmpDiskNode=0
   Features=(null) DelayBoot=00:00:00
   OverSubscribe=OK Contiguous=0 Licenses=(null) LicensesAlloc=(null) Network=(null)
   Command=/home/users/hadjitot/fyp/HighwayEnv/slurm/eval_shared_attention.sbatch
   WorkDir=/home/users/hadjitot/fyp/HighwayEnv
   StdErr=/home/users/hadjitot/fyp/HighwayEnv/slurm_out/attnlog_cf_obs15_stopgo_seed0_cv2_v10_168027.err
   StdIn=/dev/null
   StdOut=/home/users/hadjitot/fyp/HighwayEnv/slurm_out/attnlog_cf_obs15_stopgo_seed0_cv2_v10_168027.out
   TresPerTask=cpu=8
   


Disk quota details:
===================

                         Block Limits                                    |                     File Limits
Name       type             MB      quota      limit   in_doubt    grace |    files   quota    limit in_doubt    grace
root       USR         4850081          0          0        682     none |   392450       0        0      454     none
root       FILESET     4907496          0          0       3025     none |  9911317       0        0      865     none


SLURM Bank Statement:
=====================

User           Usage |        Account     Usage | Account Limit Available (CPU hrs)
---------- --------- + -------------- --------- + ------------- ---------
hadjitot      15,556 | CALLAN_HADJITOT    15,556 |       300,000   284,444


Acknowledgements:
=================

Note that usage of TCHPC Resources *must* be acknowledged in all publications.

Please see this page for details relevant to this cluster:

http://www.tchpc.tcd.ie/resources/acknowledgementpolicy

################################################################################
