Loading Anaconda 3 2024.02-1
SCENARIO_NAME=highway_lanechange_dense_obs20
SEED=0
EXP_VERSION=v10_diag
ATTN_MODE=uniform
CONTROLLED_VEHICLES=2
MODEL_DIR=runs/models
MODEL_PATH=runs/models/ppo_shared_attn_uniform_highway_lanechange_dense_obs20_v10_diag_cv2_seed0.zip
STEPS=5000
OUT_DIR=runs/attn_logs_shared/uniform/highway_lanechange_dense_obs20/cv2/seed0
SCENARIO_NAME=highway_lanechange_dense_obs20 SEED=0 ATTN_MODE=uniform CONTROLLED_VEHICLES=2
Resolved MODEL_PATH=/home/users/hadjitot/fyp/HighwayEnv/runs/models/ppo_shared_attn_uniform_highway_lanechange_dense_obs20_v10_diag_cv2_seed0.zip
Per-agent env obs shape: (20, 5)
Model obs shape: (20, 5)
Attention log steps: 5000
Saved: (5000, 2, 19) (5000, 2, 19) (5000, 2, 19) (5000, 2, 19)
steps=5000 agents=2 neighbours=19
log_dir=runs/attn_logs_shared/uniform/highway_lanechange_dense_obs20/cv2/seed0
AGGREGATE
  T: 10000 N: 19
  argmax==leader hit rate: 0.6263
  mean attention on leader: 0.070217624
  mean attention entropy: 2.6879547
  argmax==ttc_critical hit rate: 0.5092
  mean attention on ttc_critical: 0.070217624
  fraction steps with closing TTC candidate: 1.0
  mean min TTC (closing steps only): 0.8002389073371887
AGENT 0
  T: 5000 N: 19
  argmax==leader hit rate: 0.6506
  mean attention on leader: 0.068372265
  mean attention entropy: 2.7096028
  argmax==ttc_critical hit rate: 0.5248
  mean attention on ttc_critical: 0.068372265
  fraction steps with closing TTC candidate: 1.0
  mean min TTC (closing steps only): 0.8564116954803467
AGENT 1
  T: 5000 N: 19
  argmax==leader hit rate: 0.602
  mean attention on leader: 0.07206297
  mean attention entropy: 2.6663067
  argmax==ttc_critical hit rate: 0.4936
  mean attention on ttc_critical: 0.07206297
  fraction steps with closing TTC candidate: 1.0
  mean min TTC (closing steps only): 0.7440662384033203


###############################################################################
TCHPC Cluster: callan
Job 168865 (attnlog_uniform_highway_lanechange_dense_obs20_seed0_cv2_v10_diag) for User 'hadjitot' in Account 'callan_hadjitot'
Finished at: Fri Mar 20 13:25:50 GMT 2026

Job efficiency estimates:
=========================

Job ID: 168865
Cluster: callan
User/Group: hadjitot/hadjitot
State: COMPLETED (exit code 0)
Nodes: 1
Cores per node: 8
CPU Utilized: 00:04:14
CPU Efficiency: 3.95% of 01:47:04 core-walltime
Job Wall-clock time: 00:13:23
Memory Utilized: 426.30 MB
Memory Efficiency: 2.60% of 16.00 GB (16.00 GB/node)

Job completion status:
======================

JobID           JobName AllocCPUS NTasks NNodes     MaxRSS    MaxRSSNode  MaxDiskRead MaxDiskWrite    Elapsed      State ExitCode 
------------ ---------- --------- ------ ------ ---------- ------------- ------------ ------------ ---------- ---------- -------- 
168865       attnlog_u+         8             1                                                      00:13:23  COMPLETED      0:0 
168865.batch      batch         8      1      1    436528K    callan-n12       61.03M        0.01M   00:13:23  COMPLETED      0:0 
168865.exte+     extern         8      1      1                                                      00:13:23  COMPLETED      0:0 


Job details:
============

JobId=168865 JobName=attnlog_uniform_highway_lanechange_dense_obs20_seed0_cv2_v10_diag
   UserId=hadjitot(2357) GroupId=hadjitot(2300) MCS_label=N/A
   Priority=102131 Nice=0 Account=callan_hadjitot QOS=normal
   JobState=COMPLETING Reason=None Dependency=(null)
   Requeue=0 Restarts=0 BatchFlag=1 Reboot=0 ExitCode=0:0
   DerivedExitCode=0:0
   RunTime=00:13:23 TimeLimit=1-00:00:00 TimeMin=N/A
   SubmitTime=2026-03-19T20:18:40 EligibleTime=2026-03-20T13:12:27
   AccrueTime=Unknown
   StartTime=2026-03-20T13:12:27 EndTime=2026-03-20T13:25:50 Deadline=N/A
   SuspendTime=None SecsPreSuspend=0 LastSchedEval=2026-03-20T13:12:27 Scheduler=Backfill
   Partition=compute AllocNode:Sid=callan01:191490
   ReqNodeList=(null) ExcNodeList=(null)
   NodeList=callan-n12
   BatchHost=callan-n12
   NumNodes=1 NumCPUs=8 NumTasks=1 CPUs/Task=8 ReqB:S:C:T=0:0:*:*
   ReqTRES=cpu=8,mem=16G,node=1,billing=8
   AllocTRES=cpu=8,mem=16G,node=1,billing=8
   Socks/Node=* NtasksPerN:B:S:C=0:0:*:* CoreSpec=*
   JOB_GRES=(null)
     Nodes=callan-n12 CPU_IDs=52-59 Mem=16384 GRES=
   MinCPUsNode=8 MinMemoryNode=16G MinTmpDiskNode=0
   Features=(null) DelayBoot=00:00:00
   OverSubscribe=OK Contiguous=0 Licenses=(null) LicensesAlloc=(null) Network=(null)
   Command=/home/users/hadjitot/fyp/HighwayEnv/slurm/eval_shared_attention.sbatch
   WorkDir=/home/users/hadjitot/fyp/HighwayEnv
   StdErr=/home/users/hadjitot/fyp/HighwayEnv/slurm_out/attnlog_uniform_highway_lanechange_dense_obs20_seed0_cv2_v10_diag_168865.err
   StdIn=/dev/null
   StdOut=/home/users/hadjitot/fyp/HighwayEnv/slurm_out/attnlog_uniform_highway_lanechange_dense_obs20_seed0_cv2_v10_diag_168865.out
   TresPerTask=cpu=8
   


Disk quota details:
===================

                         Block Limits                                    |                     File Limits
Name       type             MB      quota      limit   in_doubt    grace |    files   quota    limit in_doubt    grace
root       USR         4873471          0          0       1772     none |   393937       0        0      852     none
root       FILESET     4867152          0          0       3448     none |  9862717       0        0     1055     none


SLURM Bank Statement:
=====================

User           Usage |        Account     Usage | Account Limit Available (CPU hrs)
---------- --------- + -------------- --------- + ------------- ---------
hadjitot      14,728 | CALLAN_HADJITOT    14,728 |       300,000   285,272


Acknowledgements:
=================

Note that usage of TCHPC Resources *must* be acknowledged in all publications.

Please see this page for details relevant to this cluster:

http://www.tchpc.tcd.ie/resources/acknowledgementpolicy

################################################################################
