Loading Anaconda 3 2024.02-1
SCENARIO_NAME=highway_lanechange_dense_obs20
EXP_VERSION=v6
TOTAL_TIMESTEPS=1000000
N_ENVS=8
ATTN_MODE=learned
X_INDEX=1
VX_INDEX=3
ORACLE_RULE=leader_x
TTC_EPS=1e-6
ppo_attn_learned_highway_lanechange_dense_obs20_v6_seed2 obs shape: (20, 5) action space: Box(-1.0, 1.0, (2,), float32)
Using cpu device
Logging to runs/tb/ppo_attn_learned_highway_lanechange_dense_obs20_v6_seed2_2
---------------------------------
| rollout/           |          |
|    ep_len_mean     | 157      |
|    ep_rew_mean     | 7.13     |
| time/              |          |
|    fps             | 13       |
|    iterations      | 1        |
|    time_elapsed    | 1254     |
|    total_timesteps | 16384    |
---------------------------------
-----------------------------------------
| rollout/                |             |
|    ep_len_mean          | 154         |
|    ep_rew_mean          | 7.68        |
| time/                   |             |
|    fps                  | 13          |
|    iterations           | 2           |
|    time_elapsed         | 2517        |
|    total_timesteps      | 32768       |
| train/                  |             |
|    approx_kl            | 0.003606996 |
|    clip_fraction        | 0.0227      |
|    clip_range           | 0.2         |
|    entropy_loss         | -2.83       |
|    explained_variance   | -0.000237   |
|    learning_rate        | 0.0003      |
|    loss                 | 0.349       |
|    n_updates            | 10          |
|    policy_gradient_loss | -0.00169    |
|    std                  | 0.996       |
|    value_loss           | 0.832       |
-----------------------------------------
------------------------------------------
| rollout/                |              |
|    ep_len_mean          | 157          |
|    ep_rew_mean          | 8.71         |
| time/                   |              |
|    fps                  | 12           |
|    iterations           | 3            |
|    time_elapsed         | 3800         |
|    total_timesteps      | 49152        |
| train/                  |              |
|    approx_kl            | 0.0046175467 |
|    clip_fraction        | 0.0435       |
|    clip_range           | 0.2          |
|    entropy_loss         | -2.84        |
|    explained_variance   | 0.224        |
|    learning_rate        | 0.0003       |
|    loss                 | 0.526        |
|    n_updates            | 20           |
|    policy_gradient_loss | -0.00312     |
|    std                  | 1            |
|    value_loss           | 1.45         |
------------------------------------------
------------------------------------------
| rollout/                |              |
|    ep_len_mean          | 149          |
|    ep_rew_mean          | 10.4         |
| time/                   |              |
|    fps                  | 12           |
|    iterations           | 4            |
|    time_elapsed         | 5087         |
|    total_timesteps      | 65536        |
| train/                  |              |
|    approx_kl            | 0.0074920636 |
|    clip_fraction        | 0.0813       |
|    clip_range           | 0.2          |
|    entropy_loss         | -2.82        |
|    explained_variance   | 0.259        |
|    learning_rate        | 0.0003       |
|    loss                 | 1.17         |
|    n_updates            | 30           |
|    policy_gradient_loss | -0.0055      |
|    std                  | 0.985        |
|    value_loss           | 1.59         |
------------------------------------------
------------------------------------------
| rollout/                |              |
|    ep_len_mean          | 150          |
|    ep_rew_mean          | 11.8         |
| time/                   |              |
|    fps                  | 12           |
|    iterations           | 5            |
|    time_elapsed         | 6369         |
|    total_timesteps      | 81920        |
| train/                  |              |
|    approx_kl            | 0.0060655214 |
|    clip_fraction        | 0.0622       |
|    clip_range           | 0.2          |
|    entropy_loss         | -2.79        |
|    explained_variance   | 0.293        |
|    learning_rate        | 0.0003       |
|    loss                 | 1.03         |
|    n_updates            | 40           |
|    policy_gradient_loss | -0.00316     |
|    std                  | 0.971        |
|    value_loss           | 2.16         |
------------------------------------------
-----------------------------------------
| rollout/                |             |
|    ep_len_mean          | 155         |
|    ep_rew_mean          | 14.1        |
| time/                   |             |
|    fps                  | 12          |
|    iterations           | 6           |
|    time_elapsed         | 7648        |
|    total_timesteps      | 98304       |
| train/                  |             |
|    approx_kl            | 0.007648049 |
|    clip_fraction        | 0.0905      |
|    clip_range           | 0.2         |
|    entropy_loss         | -2.77       |
|    explained_variance   | 0.317       |
|    learning_rate        | 0.0003      |
|    loss                 | 1.46        |
|    n_updates            | 50          |
|    policy_gradient_loss | -0.00548    |
|    std                  | 0.965       |
|    value_loss           | 2.14        |
-----------------------------------------
------------------------------------------
| rollout/                |              |
|    ep_len_mean          | 158          |
|    ep_rew_mean          | 17.5         |
| time/                   |              |
|    fps                  | 12           |
|    iterations           | 7            |
|    time_elapsed         | 8920         |
|    total_timesteps      | 114688       |
| train/                  |              |
|    approx_kl            | 0.0077836434 |
|    clip_fraction        | 0.0914       |
|    clip_range           | 0.2          |
|    entropy_loss         | -2.75        |
|    explained_variance   | 0.358        |
|    learning_rate        | 0.0003       |
|    loss                 | 1.58         |
|    n_updates            | 60           |
|    policy_gradient_loss | -0.00619     |
|    std                  | 0.958        |
|    value_loss           | 2.64         |
------------------------------------------
-----------------------------------------
| rollout/                |             |
|    ep_len_mean          | 155         |
|    ep_rew_mean          | 20.3        |
| time/                   |             |
|    fps                  | 12          |
|    iterations           | 8           |
|    time_elapsed         | 10193       |
|    total_timesteps      | 131072      |
| train/                  |             |
|    approx_kl            | 0.010209229 |
|    clip_fraction        | 0.111       |
|    clip_range           | 0.2         |
|    entropy_loss         | -2.72       |
|    explained_variance   | 0.343       |
|    learning_rate        | 0.0003      |
|    loss                 | 1.39        |
|    n_updates            | 70          |
|    policy_gradient_loss | -0.00558    |
|    std                  | 0.941       |
|    value_loss           | 3.39        |
-----------------------------------------
---------------------------------------
| rollout/                |           |
|    ep_len_mean          | 157       |
|    ep_rew_mean          | 27.1      |
| time/                   |           |
|    fps                  | 12        |
|    iterations           | 9         |
|    time_elapsed         | 11457     |
|    total_timesteps      | 147456    |
| train/                  |           |
|    approx_kl            | 0.0115878 |
|    clip_fraction        | 0.128     |
|    clip_range           | 0.2       |
|    entropy_loss         | -2.68     |
|    explained_variance   | 0.377     |
|    learning_rate        | 0.0003    |
|    loss                 | 1.56      |
|    n_updates            | 80        |
|    policy_gradient_loss | -0.0081   |
|    std                  | 0.919     |
|    value_loss           | 4.11      |
---------------------------------------
-----------------------------------------
| rollout/                |             |
|    ep_len_mean          | 157         |
|    ep_rew_mean          | 34.7        |
| time/                   |             |
|    fps                  | 12          |
|    iterations           | 10          |
|    time_elapsed         | 12713       |
|    total_timesteps      | 163840      |
| train/                  |             |
|    approx_kl            | 0.014037037 |
|    clip_fraction        | 0.161       |
|    clip_range           | 0.2         |
|    entropy_loss         | -2.63       |
|    explained_variance   | 0.37        |
|    learning_rate        | 0.0003      |
|    loss                 | 2.95        |
|    n_updates            | 90          |
|    policy_gradient_loss | -0.0104     |
|    std                  | 0.899       |
|    value_loss           | 5.42        |
-----------------------------------------
-----------------------------------------
| rollout/                |             |
|    ep_len_mean          | 158         |
|    ep_rew_mean          | 39.4        |
| time/                   |             |
|    fps                  | 12          |
|    iterations           | 11          |
|    time_elapsed         | 13975       |
|    total_timesteps      | 180224      |
| train/                  |             |
|    approx_kl            | 0.016366303 |
|    clip_fraction        | 0.183       |
|    clip_range           | 0.2         |
|    entropy_loss         | -2.58       |
|    explained_variance   | 0.396       |
|    learning_rate        | 0.0003      |
|    loss                 | 3.26        |
|    n_updates            | 100         |
|    policy_gradient_loss | -0.0108     |
|    std                  | 0.877       |
|    value_loss           | 6.49        |
-----------------------------------------
----------------------------------------
| rollout/                |            |
|    ep_len_mean          | 155        |
|    ep_rew_mean          | 51.8       |
| time/                   |            |
|    fps                  | 12         |
|    iterations           | 12         |
|    time_elapsed         | 15240      |
|    total_timesteps      | 196608     |
| train/                  |            |
|    approx_kl            | 0.01816537 |
|    clip_fraction        | 0.209      |
|    clip_range           | 0.2        |
|    entropy_loss         | -2.52      |
|    explained_variance   | 0.395      |
|    learning_rate        | 0.0003     |
|    loss                 | 3.37       |
|    n_updates            | 110        |
|    policy_gradient_loss | -0.0123    |
|    std                  | 0.849      |
|    value_loss           | 7.25       |
----------------------------------------
-----------------------------------------
| rollout/                |             |
|    ep_len_mean          | 155         |
|    ep_rew_mean          | 54.8        |
| time/                   |             |
|    fps                  | 12          |
|    iterations           | 13          |
|    time_elapsed         | 16501       |
|    total_timesteps      | 212992      |
| train/                  |             |
|    approx_kl            | 0.018530086 |
|    clip_fraction        | 0.203       |
|    clip_range           | 0.2         |
|    entropy_loss         | -2.45       |
|    explained_variance   | 0.362       |
|    learning_rate        | 0.0003      |
|    loss                 | 4.29        |
|    n_updates            | 120         |
|    policy_gradient_loss | -0.00988    |
|    std                  | 0.819       |
|    value_loss           | 7.35        |
-----------------------------------------
-----------------------------------------
| rollout/                |             |
|    ep_len_mean          | 155         |
|    ep_rew_mean          | 63.3        |
| time/                   |             |
|    fps                  | 12          |
|    iterations           | 14          |
|    time_elapsed         | 17759       |
|    total_timesteps      | 229376      |
| train/                  |             |
|    approx_kl            | 0.020760901 |
|    clip_fraction        | 0.224       |
|    clip_range           | 0.2         |
|    entropy_loss         | -2.38       |
|    explained_variance   | 0.463       |
|    learning_rate        | 0.0003      |
|    loss                 | 4.7         |
|    n_updates            | 130         |
|    policy_gradient_loss | -0.00705    |
|    std                  | 0.793       |
|    value_loss           | 7.73        |
-----------------------------------------
-----------------------------------------
| rollout/                |             |
|    ep_len_mean          | 158         |
|    ep_rew_mean          | 74.9        |
| time/                   |             |
|    fps                  | 12          |
|    iterations           | 15          |
|    time_elapsed         | 19021       |
|    total_timesteps      | 245760      |
| train/                  |             |
|    approx_kl            | 0.023194298 |
|    clip_fraction        | 0.233       |
|    clip_range           | 0.2         |
|    entropy_loss         | -2.32       |
|    explained_variance   | 0.636       |
|    learning_rate        | 0.0003      |
|    loss                 | 2.57        |
|    n_updates            | 140         |
|    policy_gradient_loss | -0.00382    |
|    std                  | 0.772       |
|    value_loss           | 7.13        |
-----------------------------------------
-----------------------------------------
| rollout/                |             |
|    ep_len_mean          | 160         |
|    ep_rew_mean          | 86.7        |
| time/                   |             |
|    fps                  | 12          |
|    iterations           | 16          |
|    time_elapsed         | 20276       |
|    total_timesteps      | 262144      |
| train/                  |             |
|    approx_kl            | 0.025248522 |
|    clip_fraction        | 0.253       |
|    clip_range           | 0.2         |
|    entropy_loss         | -2.25       |
|    explained_variance   | 0.65        |
|    learning_rate        | 0.0003      |
|    loss                 | 2.47        |
|    n_updates            | 150         |
|    policy_gradient_loss | -0.00423    |
|    std                  | 0.743       |
|    value_loss           | 5.93        |
-----------------------------------------
----------------------------------------
| rollout/                |            |
|    ep_len_mean          | 159        |
|    ep_rew_mean          | 91.2       |
| time/                   |            |
|    fps                  | 12         |
|    iterations           | 17         |
|    time_elapsed         | 21536      |
|    total_timesteps      | 278528     |
| train/                  |            |
|    approx_kl            | 0.02644229 |
|    clip_fraction        | 0.251      |
|    clip_range           | 0.2        |
|    entropy_loss         | -2.18      |
|    explained_variance   | 0.691      |
|    learning_rate        | 0.0003     |
|    loss                 | 1.61       |
|    n_updates            | 160        |
|    policy_gradient_loss | -0.00311   |
|    std                  | 0.719      |
|    value_loss           | 5.65       |
----------------------------------------
----------------------------------------
| rollout/                |            |
|    ep_len_mean          | 160        |
|    ep_rew_mean          | 99.5       |
| time/                   |            |
|    fps                  | 12         |
|    iterations           | 18         |
|    time_elapsed         | 22794      |
|    total_timesteps      | 294912     |
| train/                  |            |
|    approx_kl            | 0.02629361 |
|    clip_fraction        | 0.257      |
|    clip_range           | 0.2        |
|    entropy_loss         | -2.11      |
|    explained_variance   | 0.681      |
|    learning_rate        | 0.0003     |
|    loss                 | 1.91       |
|    n_updates            | 170        |
|    policy_gradient_loss | -0.00297   |
|    std                  | 0.694      |
|    value_loss           | 5.95       |
----------------------------------------
-----------------------------------------
| rollout/                |             |
|    ep_len_mean          | 160         |
|    ep_rew_mean          | 100         |
| time/                   |             |
|    fps                  | 12          |
|    iterations           | 19          |
|    time_elapsed         | 24057       |
|    total_timesteps      | 311296      |
| train/                  |             |
|    approx_kl            | 0.029877324 |
|    clip_fraction        | 0.263       |
|    clip_range           | 0.2         |
|    entropy_loss         | -2.03       |
|    explained_variance   | 0.757       |
|    learning_rate        | 0.0003      |
|    loss                 | 4.38        |
|    n_updates            | 180         |
|    policy_gradient_loss | -0.00119    |
|    std                  | 0.665       |
|    value_loss           | 4.18        |
-----------------------------------------
-----------------------------------------
| rollout/                |             |
|    ep_len_mean          | 160         |
|    ep_rew_mean          | 107         |
| time/                   |             |
|    fps                  | 12          |
|    iterations           | 20          |
|    time_elapsed         | 25320       |
|    total_timesteps      | 327680      |
| train/                  |             |
|    approx_kl            | 0.024533609 |
|    clip_fraction        | 0.223       |
|    clip_range           | 0.2         |
|    entropy_loss         | -1.98       |
|    explained_variance   | 0.86        |
|    learning_rate        | 0.0003      |
|    loss                 | 1.22        |
|    n_updates            | 190         |
|    policy_gradient_loss | 0.000981    |
|    std                  | 0.648       |
|    value_loss           | 4.8         |
-----------------------------------------
-----------------------------------------
| rollout/                |             |
|    ep_len_mean          | 160         |
|    ep_rew_mean          | 109         |
| time/                   |             |
|    fps                  | 12          |
|    iterations           | 21          |
|    time_elapsed         | 26585       |
|    total_timesteps      | 344064      |
| train/                  |             |
|    approx_kl            | 0.022883393 |
|    clip_fraction        | 0.231       |
|    clip_range           | 0.2         |
|    entropy_loss         | -1.9        |
|    explained_variance   | 0.724       |
|    learning_rate        | 0.0003      |
|    loss                 | 1.27        |
|    n_updates            | 200         |
|    policy_gradient_loss | 0.000192    |
|    std                  | 0.622       |
|    value_loss           | 1.8         |
-----------------------------------------
-----------------------------------------
| rollout/                |             |
|    ep_len_mean          | 160         |
|    ep_rew_mean          | 109         |
| time/                   |             |
|    fps                  | 12          |
|    iterations           | 22          |
|    time_elapsed         | 27850       |
|    total_timesteps      | 360448      |
| train/                  |             |
|    approx_kl            | 0.021215767 |
|    clip_fraction        | 0.213       |
|    clip_range           | 0.2         |
|    entropy_loss         | -1.83       |
|    explained_variance   | 0.788       |
|    learning_rate        | 0.0003      |
|    loss                 | 0.301       |
|    n_updates            | 210         |
|    policy_gradient_loss | 0.000586    |
|    std                  | 0.605       |
|    value_loss           | 1.24        |
-----------------------------------------
-----------------------------------------
| rollout/                |             |
|    ep_len_mean          | 160         |
|    ep_rew_mean          | 110         |
| time/                   |             |
|    fps                  | 12          |
|    iterations           | 23          |
|    time_elapsed         | 29113       |
|    total_timesteps      | 376832      |
| train/                  |             |
|    approx_kl            | 0.023056066 |
|    clip_fraction        | 0.213       |
|    clip_range           | 0.2         |
|    entropy_loss         | -1.78       |
|    explained_variance   | 0.894       |
|    learning_rate        | 0.0003      |
|    loss                 | 0.427       |
|    n_updates            | 220         |
|    policy_gradient_loss | 0.00359     |
|    std                  | 0.587       |
|    value_loss           | 1.67        |
-----------------------------------------
-----------------------------------------
| rollout/                |             |
|    ep_len_mean          | 160         |
|    ep_rew_mean          | 110         |
| time/                   |             |
|    fps                  | 12          |
|    iterations           | 24          |
|    time_elapsed         | 30379       |
|    total_timesteps      | 393216      |
| train/                  |             |
|    approx_kl            | 0.027376149 |
|    clip_fraction        | 0.234       |
|    clip_range           | 0.2         |
|    entropy_loss         | -1.75       |
|    explained_variance   | 0.676       |
|    learning_rate        | 0.0003      |
|    loss                 | 0.464       |
|    n_updates            | 230         |
|    policy_gradient_loss | 0.00541     |
|    std                  | 0.58        |
|    value_loss           | 2.16        |
-----------------------------------------
----------------------------------------
| rollout/                |            |
|    ep_len_mean          | 160        |
|    ep_rew_mean          | 109        |
| time/                   |            |
|    fps                  | 12         |
|    iterations           | 25         |
|    time_elapsed         | 31645      |
|    total_timesteps      | 409600     |
| train/                  |            |
|    approx_kl            | 0.03078501 |
|    clip_fraction        | 0.222      |
|    clip_range           | 0.2        |
|    entropy_loss         | -1.71      |
|    explained_variance   | 0.846      |
|    learning_rate        | 0.0003     |
|    loss                 | 0.671      |
|    n_updates            | 240        |
|    policy_gradient_loss | 0.00312    |
|    std                  | 0.569      |
|    value_loss           | 1.92       |
----------------------------------------
----------------------------------------
| rollout/                |            |
|    ep_len_mean          | 160        |
|    ep_rew_mean          | 109        |
| time/                   |            |
|    fps                  | 12         |
|    iterations           | 26         |
|    time_elapsed         | 32909      |
|    total_timesteps      | 425984     |
| train/                  |            |
|    approx_kl            | 0.03343743 |
|    clip_fraction        | 0.242      |
|    clip_range           | 0.2        |
|    entropy_loss         | -1.7       |
|    explained_variance   | 0.849      |
|    learning_rate        | 0.0003     |
|    loss                 | 0.351      |
|    n_updates            | 250        |
|    policy_gradient_loss | 0.00621    |
|    std                  | 0.566      |
|    value_loss           | 2.99       |
----------------------------------------
----------------------------------------
| rollout/                |            |
|    ep_len_mean          | 160        |
|    ep_rew_mean          | 112        |
| time/                   |            |
|    fps                  | 12         |
|    iterations           | 27         |
|    time_elapsed         | 34171      |
|    total_timesteps      | 442368     |
| train/                  |            |
|    approx_kl            | 0.03523936 |
|    clip_fraction        | 0.198      |
|    clip_range           | 0.2        |
|    entropy_loss         | -1.69      |
|    explained_variance   | 0.953      |
|    learning_rate        | 0.0003     |
|    loss                 | 0.078      |
|    n_updates            | 260        |
|    policy_gradient_loss | 0.000401   |
|    std                  | 0.562      |
|    value_loss           | 1.56       |
----------------------------------------
-----------------------------------------
| rollout/                |             |
|    ep_len_mean          | 159         |
|    ep_rew_mean          | 111         |
| time/                   |             |
|    fps                  | 12          |
|    iterations           | 28          |
|    time_elapsed         | 35429       |
|    total_timesteps      | 458752      |
| train/                  |             |
|    approx_kl            | 0.030774938 |
|    clip_fraction        | 0.234       |
|    clip_range           | 0.2         |
|    entropy_loss         | -1.66       |
|    explained_variance   | 0.654       |
|    learning_rate        | 0.0003      |
|    loss                 | 0.0926      |
|    n_updates            | 270         |
|    policy_gradient_loss | 0.00732     |
|    std                  | 0.553       |
|    value_loss           | 3.14        |
-----------------------------------------
----------------------------------------
| rollout/                |            |
|    ep_len_mean          | 160        |
|    ep_rew_mean          | 112        |
| time/                   |            |
|    fps                  | 12         |
|    iterations           | 29         |
|    time_elapsed         | 36691      |
|    total_timesteps      | 475136     |
| train/                  |            |
|    approx_kl            | 0.04905126 |
|    clip_fraction        | 0.232      |
|    clip_range           | 0.2        |
|    entropy_loss         | -1.64      |
|    explained_variance   | 0.778      |
|    learning_rate        | 0.0003     |
|    loss                 | 0.577      |
|    n_updates            | 280        |
|    policy_gradient_loss | 0.00649    |
|    std                  | 0.549      |
|    value_loss           | 1.34       |
----------------------------------------
-----------------------------------------
| rollout/                |             |
|    ep_len_mean          | 158         |
|    ep_rew_mean          | 111         |
| time/                   |             |
|    fps                  | 12          |
|    iterations           | 30          |
|    time_elapsed         | 37955       |
|    total_timesteps      | 491520      |
| train/                  |             |
|    approx_kl            | 0.026318574 |
|    clip_fraction        | 0.235       |
|    clip_range           | 0.2         |
|    entropy_loss         | -1.59       |
|    explained_variance   | 0.419       |
|    learning_rate        | 0.0003      |
|    loss                 | 0.0648      |
|    n_updates            | 290         |
|    policy_gradient_loss | 0.000495    |
|    std                  | 0.536       |
|    value_loss           | 0.619       |
-----------------------------------------
-----------------------------------------
| rollout/                |             |
|    ep_len_mean          | 160         |
|    ep_rew_mean          | 112         |
| time/                   |             |
|    fps                  | 12          |
|    iterations           | 31          |
|    time_elapsed         | 39217       |
|    total_timesteps      | 507904      |
| train/                  |             |
|    approx_kl            | 0.024569191 |
|    clip_fraction        | 0.232       |
|    clip_range           | 0.2         |
|    entropy_loss         | -1.57       |
|    explained_variance   | 0.477       |
|    learning_rate        | 0.0003      |
|    loss                 | 0.455       |
|    n_updates            | 300         |
|    policy_gradient_loss | 0.00316     |
|    std                  | 0.529       |
|    value_loss           | 0.931       |
-----------------------------------------
-----------------------------------------
| rollout/                |             |
|    ep_len_mean          | 160         |
|    ep_rew_mean          | 113         |
| time/                   |             |
|    fps                  | 12          |
|    iterations           | 32          |
|    time_elapsed         | 40480       |
|    total_timesteps      | 524288      |
| train/                  |             |
|    approx_kl            | 0.022728696 |
|    clip_fraction        | 0.223       |
|    clip_range           | 0.2         |
|    entropy_loss         | -1.54       |
|    explained_variance   | 0.164       |
|    learning_rate        | 0.0003      |
|    loss                 | 0.0359      |
|    n_updates            | 310         |
|    policy_gradient_loss | 0.00115     |
|    std                  | 0.522       |
|    value_loss           | 0.135       |
-----------------------------------------
-----------------------------------------
| rollout/                |             |
|    ep_len_mean          | 160         |
|    ep_rew_mean          | 113         |
| time/                   |             |
|    fps                  | 12          |
|    iterations           | 33          |
|    time_elapsed         | 41747       |
|    total_timesteps      | 540672      |
| train/                  |             |
|    approx_kl            | 0.017699704 |
|    clip_fraction        | 0.207       |
|    clip_range           | 0.2         |
|    entropy_loss         | -1.51       |
|    explained_variance   | 0.25        |
|    learning_rate        | 0.0003      |
|    loss                 | 0.045       |
|    n_updates            | 320         |
|    policy_gradient_loss | -0.000852   |
|    std                  | 0.515       |
|    value_loss           | 0.0603      |
-----------------------------------------
-----------------------------------------
| rollout/                |             |
|    ep_len_mean          | 160         |
|    ep_rew_mean          | 113         |
| time/                   |             |
|    fps                  | 12          |
|    iterations           | 34          |
|    time_elapsed         | 43005       |
|    total_timesteps      | 557056      |
| train/                  |             |
|    approx_kl            | 0.021662898 |
|    clip_fraction        | 0.213       |
|    clip_range           | 0.2         |
|    entropy_loss         | -1.5        |
|    explained_variance   | 0.125       |
|    learning_rate        | 0.0003      |
|    loss                 | 0.0129      |
|    n_updates            | 330         |
|    policy_gradient_loss | -0.00263    |
|    std                  | 0.512       |
|    value_loss           | 0.0533      |
-----------------------------------------
-----------------------------------------
| rollout/                |             |
|    ep_len_mean          | 160         |
|    ep_rew_mean          | 113         |
| time/                   |             |
|    fps                  | 12          |
|    iterations           | 35          |
|    time_elapsed         | 44263       |
|    total_timesteps      | 573440      |
| train/                  |             |
|    approx_kl            | 0.025001872 |
|    clip_fraction        | 0.211       |
|    clip_range           | 0.2         |
|    entropy_loss         | -1.49       |
|    explained_variance   | 0.493       |
|    learning_rate        | 0.0003      |
|    loss                 | 0.0322      |
|    n_updates            | 340         |
|    policy_gradient_loss | -0.00183    |
|    std                  | 0.51        |
|    value_loss           | 0.077       |
-----------------------------------------
-----------------------------------------
| rollout/                |             |
|    ep_len_mean          | 160         |
|    ep_rew_mean          | 113         |
| time/                   |             |
|    fps                  | 12          |
|    iterations           | 36          |
|    time_elapsed         | 45517       |
|    total_timesteps      | 589824      |
| train/                  |             |
|    approx_kl            | 0.027178183 |
|    clip_fraction        | 0.215       |
|    clip_range           | 0.2         |
|    entropy_loss         | -1.47       |
|    explained_variance   | 0.682       |
|    learning_rate        | 0.0003      |
|    loss                 | 0.00535     |
|    n_updates            | 350         |
|    policy_gradient_loss | -0.00164    |
|    std                  | 0.503       |
|    value_loss           | 0.336       |
-----------------------------------------
----------------------------------------
| rollout/                |            |
|    ep_len_mean          | 160        |
|    ep_rew_mean          | 114        |
| time/                   |            |
|    fps                  | 12         |
|    iterations           | 37         |
|    time_elapsed         | 46771      |
|    total_timesteps      | 606208     |
| train/                  |            |
|    approx_kl            | 0.03151427 |
|    clip_fraction        | 0.247      |
|    clip_range           | 0.2        |
|    entropy_loss         | -1.43      |
|    explained_variance   | 0.855      |
|    learning_rate        | 0.0003     |
|    loss                 | 0.0811     |
|    n_updates            | 360        |
|    policy_gradient_loss | 0.00276    |
|    std                  | 0.492      |
|    value_loss           | 0.393      |
----------------------------------------
-----------------------------------------
| rollout/                |             |
|    ep_len_mean          | 160         |
|    ep_rew_mean          | 115         |
| time/                   |             |
|    fps                  | 12          |
|    iterations           | 38          |
|    time_elapsed         | 48025       |
|    total_timesteps      | 622592      |
| train/                  |             |
|    approx_kl            | 0.021127064 |
|    clip_fraction        | 0.234       |
|    clip_range           | 0.2         |
|    entropy_loss         | -1.4        |
|    explained_variance   | -1.9        |
|    learning_rate        | 0.0003      |
|    loss                 | 0.0163      |
|    n_updates            | 370         |
|    policy_gradient_loss | -0.00414    |
|    std                  | 0.488       |
|    value_loss           | 0.0377      |
-----------------------------------------
-----------------------------------------
| rollout/                |             |
|    ep_len_mean          | 160         |
|    ep_rew_mean          | 115         |
| time/                   |             |
|    fps                  | 12          |
|    iterations           | 39          |
|    time_elapsed         | 49282       |
|    total_timesteps      | 638976      |
| train/                  |             |
|    approx_kl            | 0.027544245 |
|    clip_fraction        | 0.247       |
|    clip_range           | 0.2         |
|    entropy_loss         | -1.37       |
|    explained_variance   | 0.763       |
|    learning_rate        | 0.0003      |
|    loss                 | -0.0425     |
|    n_updates            | 380         |
|    policy_gradient_loss | -0.00738    |
|    std                  | 0.478       |
|    value_loss           | 0.0576      |
-----------------------------------------
----------------------------------------
| rollout/                |            |
|    ep_len_mean          | 160        |
|    ep_rew_mean          | 115        |
| time/                   |            |
|    fps                  | 12         |
|    iterations           | 40         |
|    time_elapsed         | 50538      |
|    total_timesteps      | 655360     |
| train/                  |            |
|    approx_kl            | 0.02497417 |
|    clip_fraction        | 0.263      |
|    clip_range           | 0.2        |
|    entropy_loss         | -1.32      |
|    explained_variance   | 0.0683     |
|    learning_rate        | 0.0003     |
|    loss                 | -0.0156    |
|    n_updates            | 390        |
|    policy_gradient_loss | -0.00691   |
|    std                  | 0.469      |
|    value_loss           | 0.0271     |
----------------------------------------
----------------------------------------
| rollout/                |            |
|    ep_len_mean          | 160        |
|    ep_rew_mean          | 116        |
| time/                   |            |
|    fps                  | 12         |
|    iterations           | 41         |
|    time_elapsed         | 51799      |
|    total_timesteps      | 671744     |
| train/                  |            |
|    approx_kl            | 0.02767738 |
|    clip_fraction        | 0.252      |
|    clip_range           | 0.2        |
|    entropy_loss         | -1.28      |
|    explained_variance   | 0.852      |
|    learning_rate        | 0.0003     |
|    loss                 | 0.00565    |
|    n_updates            | 400        |
|    policy_gradient_loss | -0.00216   |
|    std                  | 0.456      |
|    value_loss           | 0.0837     |
----------------------------------------
-----------------------------------------
| rollout/                |             |
|    ep_len_mean          | 160         |
|    ep_rew_mean          | 116         |
| time/                   |             |
|    fps                  | 12          |
|    iterations           | 42          |
|    time_elapsed         | 53061       |
|    total_timesteps      | 688128      |
| train/                  |             |
|    approx_kl            | 0.024377123 |
|    clip_fraction        | 0.249       |
|    clip_range           | 0.2         |
|    entropy_loss         | -1.23       |
|    explained_variance   | 0.349       |
|    learning_rate        | 0.0003      |
|    loss                 | 2e-05       |
|    n_updates            | 410         |
|    policy_gradient_loss | -0.00145    |
|    std                  | 0.447       |
|    value_loss           | 0.138       |
-----------------------------------------
-----------------------------------------
| rollout/                |             |
|    ep_len_mean          | 160         |
|    ep_rew_mean          | 116         |
| time/                   |             |
|    fps                  | 12          |
|    iterations           | 43          |
|    time_elapsed         | 54325       |
|    total_timesteps      | 704512      |
| train/                  |             |
|    approx_kl            | 0.025075417 |
|    clip_fraction        | 0.254       |
|    clip_range           | 0.2         |
|    entropy_loss         | -1.18       |
|    explained_variance   | 0.787       |
|    learning_rate        | 0.0003      |
|    loss                 | -0.00626    |
|    n_updates            | 420         |
|    policy_gradient_loss | -0.00497    |
|    std                  | 0.434       |
|    value_loss           | 0.0195      |
-----------------------------------------
-----------------------------------------
| rollout/                |             |
|    ep_len_mean          | 160         |
|    ep_rew_mean          | 116         |
| time/                   |             |
|    fps                  | 12          |
|    iterations           | 44          |
|    time_elapsed         | 55592       |
|    total_timesteps      | 720896      |
| train/                  |             |
|    approx_kl            | 0.028582301 |
|    clip_fraction        | 0.265       |
|    clip_range           | 0.2         |
|    entropy_loss         | -1.13       |
|    explained_variance   | 0.789       |
|    learning_rate        | 0.0003      |
|    loss                 | -0.0308     |
|    n_updates            | 430         |
|    policy_gradient_loss | -0.000766   |
|    std                  | 0.427       |
|    value_loss           | 0.0195      |
-----------------------------------------
----------------------------------------
| rollout/                |            |
|    ep_len_mean          | 160        |
|    ep_rew_mean          | 117        |
| time/                   |            |
|    fps                  | 12         |
|    iterations           | 45         |
|    time_elapsed         | 56859      |
|    total_timesteps      | 737280     |
| train/                  |            |
|    approx_kl            | 0.05315391 |
|    clip_fraction        | 0.235      |
|    clip_range           | 0.2        |
|    entropy_loss         | -1.08      |
|    explained_variance   | 0.433      |
|    learning_rate        | 0.0003     |
|    loss                 | -0.0196    |
|    n_updates            | 440        |
|    policy_gradient_loss | -0.000174  |
|    std                  | 0.411      |
|    value_loss           | 0.0295     |
----------------------------------------
-----------------------------------------
| rollout/                |             |
|    ep_len_mean          | 160         |
|    ep_rew_mean          | 117         |
| time/                   |             |
|    fps                  | 12          |
|    iterations           | 46          |
|    time_elapsed         | 58119       |
|    total_timesteps      | 753664      |
| train/                  |             |
|    approx_kl            | 0.027381638 |
|    clip_fraction        | 0.236       |
|    clip_range           | 0.2         |
|    entropy_loss         | -1.02       |
|    explained_variance   | 0.681       |
|    learning_rate        | 0.0003      |
|    loss                 | -0.00802    |
|    n_updates            | 450         |
|    policy_gradient_loss | 3.2e-05     |
|    std                  | 0.403       |
|    value_loss           | 0.018       |
-----------------------------------------
----------------------------------------
| rollout/                |            |
|    ep_len_mean          | 160        |
|    ep_rew_mean          | 117        |
| time/                   |            |
|    fps                  | 12         |
|    iterations           | 47         |
|    time_elapsed         | 59379      |
|    total_timesteps      | 770048     |
| train/                  |            |
|    approx_kl            | 0.02405172 |
|    clip_fraction        | 0.243      |
|    clip_range           | 0.2        |
|    entropy_loss         | -0.969     |
|    explained_variance   | 0.641      |
|    learning_rate        | 0.0003     |
|    loss                 | 0.0439     |
|    n_updates            | 460        |
|    policy_gradient_loss | 0.00129    |
|    std                  | 0.392      |
|    value_loss           | 0.00837    |
----------------------------------------
-----------------------------------------
| rollout/                |             |
|    ep_len_mean          | 160         |
|    ep_rew_mean          | 116         |
| time/                   |             |
|    fps                  | 12          |
|    iterations           | 48          |
|    time_elapsed         | 60638       |
|    total_timesteps      | 786432      |
| train/                  |             |
|    approx_kl            | 0.029122557 |
|    clip_fraction        | 0.245       |
|    clip_range           | 0.2         |
|    entropy_loss         | -0.946      |
|    explained_variance   | 0.863       |
|    learning_rate        | 0.0003      |
|    loss                 | 0.0147      |
|    n_updates            | 470         |
|    policy_gradient_loss | 0.00302     |
|    std                  | 0.388       |
|    value_loss           | 0.00838     |
-----------------------------------------
----------------------------------------
| rollout/                |            |
|    ep_len_mean          | 159        |
|    ep_rew_mean          | 116        |
| time/                   |            |
|    fps                  | 12         |
|    iterations           | 49         |
|    time_elapsed         | 61904      |
|    total_timesteps      | 802816     |
| train/                  |            |
|    approx_kl            | 0.11434546 |
|    clip_fraction        | 0.245      |
|    clip_range           | 0.2        |
|    entropy_loss         | -0.878     |
|    explained_variance   | 0.705      |
|    learning_rate        | 0.0003     |
|    loss                 | 0.028      |
|    n_updates            | 480        |
|    policy_gradient_loss | -0.00927   |
|    std                  | 0.374      |
|    value_loss           | 0.0339     |
----------------------------------------
-----------------------------------------
| rollout/                |             |
|    ep_len_mean          | 157         |
|    ep_rew_mean          | 115         |
| time/                   |             |
|    fps                  | 12          |
|    iterations           | 50          |
|    time_elapsed         | 63163       |
|    total_timesteps      | 819200      |
| train/                  |             |
|    approx_kl            | 0.037356656 |
|    clip_fraction        | 0.264       |
|    clip_range           | 0.2         |
|    entropy_loss         | -0.829      |
|    explained_variance   | 0.119       |
|    learning_rate        | 0.0003      |
|    loss                 | -0.0221     |
|    n_updates            | 490         |
|    policy_gradient_loss | 0.00277     |
|    std                  | 0.363       |
|    value_loss           | 0.276       |
-----------------------------------------
-----------------------------------------
| rollout/                |             |
|    ep_len_mean          | 160         |
|    ep_rew_mean          | 116         |
| time/                   |             |
|    fps                  | 12          |
|    iterations           | 51          |
|    time_elapsed         | 64428       |
|    total_timesteps      | 835584      |
| train/                  |             |
|    approx_kl            | 0.050573297 |
|    clip_fraction        | 0.275       |
|    clip_range           | 0.2         |
|    entropy_loss         | -0.778      |
|    explained_variance   | 0.765       |
|    learning_rate        | 0.0003      |
|    loss                 | 0.071       |
|    n_updates            | 500         |
|    policy_gradient_loss | 0.00646     |
|    std                  | 0.355       |
|    value_loss           | 0.671       |
-----------------------------------------
----------------------------------------
| rollout/                |            |
|    ep_len_mean          | 159        |
|    ep_rew_mean          | 115        |
| time/                   |            |
|    fps                  | 12         |
|    iterations           | 52         |
|    time_elapsed         | 65692      |
|    total_timesteps      | 851968     |
| train/                  |            |
|    approx_kl            | 0.03229424 |
|    clip_fraction        | 0.246      |
|    clip_range           | 0.2        |
|    entropy_loss         | -0.728     |
|    explained_variance   | 0.959      |
|    learning_rate        | 0.0003     |
|    loss                 | 0.315      |
|    n_updates            | 510        |
|    policy_gradient_loss | 0.0123     |
|    std                  | 0.346      |
|    value_loss           | 0.665      |
----------------------------------------
-----------------------------------------
| rollout/                |             |
|    ep_len_mean          | 157         |
|    ep_rew_mean          | 115         |
| time/                   |             |
|    fps                  | 12          |
|    iterations           | 53          |
|    time_elapsed         | 66957       |
|    total_timesteps      | 868352      |
| train/                  |             |
|    approx_kl            | 0.050197713 |
|    clip_fraction        | 0.244       |
|    clip_range           | 0.2         |
|    entropy_loss         | -0.705      |
|    explained_variance   | 0.885       |
|    learning_rate        | 0.0003      |
|    loss                 | 0.015       |
|    n_updates            | 520         |
|    policy_gradient_loss | 0.00785     |
|    std                  | 0.343       |
|    value_loss           | 1.47        |
-----------------------------------------
-----------------------------------------
| rollout/                |             |
|    ep_len_mean          | 159         |
|    ep_rew_mean          | 114         |
| time/                   |             |
|    fps                  | 12          |
|    iterations           | 54          |
|    time_elapsed         | 68218       |
|    total_timesteps      | 884736      |
| train/                  |             |
|    approx_kl            | 0.030832114 |
|    clip_fraction        | 0.261       |
|    clip_range           | 0.2         |
|    entropy_loss         | -0.645      |
|    explained_variance   | 0.794       |
|    learning_rate        | 0.0003      |
|    loss                 | 0.0382      |
|    n_updates            | 530         |
|    policy_gradient_loss | 0.00818     |
|    std                  | 0.331       |
|    value_loss           | 1.91        |
-----------------------------------------
----------------------------------------
| rollout/                |            |
|    ep_len_mean          | 160        |
|    ep_rew_mean          | 117        |
| time/                   |            |
|    fps                  | 12         |
|    iterations           | 55         |
|    time_elapsed         | 69482      |
|    total_timesteps      | 901120     |
| train/                  |            |
|    approx_kl            | 0.09590006 |
|    clip_fraction        | 0.23       |
|    clip_range           | 0.2        |
|    entropy_loss         | -0.594     |
|    explained_variance   | 0.941      |
|    learning_rate        | 0.0003     |
|    loss                 | 0.00504    |
|    n_updates            | 540        |
|    policy_gradient_loss | -0.00156   |
|    std                  | 0.321      |
|    value_loss           | 1.04       |
----------------------------------------
-----------------------------------------
| rollout/                |             |
|    ep_len_mean          | 160         |
|    ep_rew_mean          | 116         |
| time/                   |             |
|    fps                  | 12          |
|    iterations           | 56          |
|    time_elapsed         | 70742       |
|    total_timesteps      | 917504      |
| train/                  |             |
|    approx_kl            | 0.025346484 |
|    clip_fraction        | 0.261       |
|    clip_range           | 0.2         |
|    entropy_loss         | -0.518      |
|    explained_variance   | -0.427      |
|    learning_rate        | 0.0003      |
|    loss                 | 0.04        |
|    n_updates            | 550         |
|    policy_gradient_loss | 0.00359     |
|    std                  | 0.311       |
|    value_loss           | 0.00319     |
-----------------------------------------
----------------------------------------
| rollout/                |            |
|    ep_len_mean          | 160        |
|    ep_rew_mean          | 116        |
| time/                   |            |
|    fps                  | 12         |
|    iterations           | 57         |
|    time_elapsed         | 71998      |
|    total_timesteps      | 933888     |
| train/                  |            |
|    approx_kl            | 0.03424705 |
|    clip_fraction        | 0.249      |
|    clip_range           | 0.2        |
|    entropy_loss         | -0.472     |
|    explained_variance   | 0.978      |
|    learning_rate        | 0.0003     |
|    loss                 | -0.0113    |
|    n_updates            | 560        |
|    policy_gradient_loss | 0.0111     |
|    std                  | 0.303      |
|    value_loss           | 0.516      |
----------------------------------------
--------------------------------------
| rollout/                |          |
|    ep_len_mean          | 160      |
|    ep_rew_mean          | 116      |
| time/                   |          |
|    fps                  | 12       |
|    iterations           | 58       |
|    time_elapsed         | 73254    |
|    total_timesteps      | 950272   |
| train/                  |          |
|    approx_kl            | 0.13213  |
|    clip_fraction        | 0.268    |
|    clip_range           | 0.2      |
|    entropy_loss         | -0.407   |
|    explained_variance   | 0.964    |
|    learning_rate        | 0.0003   |
|    loss                 | -0.00447 |
|    n_updates            | 570      |
|    policy_gradient_loss | 0.00648  |
|    std                  | 0.293    |
|    value_loss           | 0.827    |
--------------------------------------
-----------------------------------------
| rollout/                |             |
|    ep_len_mean          | 160         |
|    ep_rew_mean          | 116         |
| time/                   |             |
|    fps                  | 12          |
|    iterations           | 59          |
|    time_elapsed         | 74510       |
|    total_timesteps      | 966656      |
| train/                  |             |
|    approx_kl            | 0.040130354 |
|    clip_fraction        | 0.314       |
|    clip_range           | 0.2         |
|    entropy_loss         | -0.363      |
|    explained_variance   | 0.878       |
|    learning_rate        | 0.0003      |
|    loss                 | 1.44        |
|    n_updates            | 580         |
|    policy_gradient_loss | 0.0137      |
|    std                  | 0.291       |
|    value_loss           | 0.951       |
-----------------------------------------
-----------------------------------------
| rollout/                |             |
|    ep_len_mean          | 160         |
|    ep_rew_mean          | 117         |
| time/                   |             |
|    fps                  | 12          |
|    iterations           | 60          |
|    time_elapsed         | 75767       |
|    total_timesteps      | 983040      |
| train/                  |             |
|    approx_kl            | 0.057333272 |
|    clip_fraction        | 0.275       |
|    clip_range           | 0.2         |
|    entropy_loss         | -0.336      |
|    explained_variance   | 0.911       |
|    learning_rate        | 0.0003      |
|    loss                 | -0.00983    |
|    n_updates            | 590         |
|    policy_gradient_loss | 0.00903     |
|    std                  | 0.283       |
|    value_loss           | 1.29        |
-----------------------------------------
-----------------------------------------
| rollout/                |             |
|    ep_len_mean          | 160         |
|    ep_rew_mean          | 117         |
| time/                   |             |
|    fps                  | 12          |
|    iterations           | 61          |
|    time_elapsed         | 77014       |
|    total_timesteps      | 999424      |
| train/                  |             |
|    approx_kl            | 0.049607247 |
|    clip_fraction        | 0.283       |
|    clip_range           | 0.2         |
|    entropy_loss         | -0.273      |
|    explained_variance   | 0.0976      |
|    learning_rate        | 0.0003      |
|    loss                 | 0.0201      |
|    n_updates            | 600         |
|    policy_gradient_loss | 0.00571     |
|    std                  | 0.275       |
|    value_loss           | 0.0723      |
-----------------------------------------
----------------------------------------
| rollout/                |            |
|    ep_len_mean          | 160        |
|    ep_rew_mean          | 117        |
| time/                   |            |
|    fps                  | 12         |
|    iterations           | 62         |
|    time_elapsed         | 78255      |
|    total_timesteps      | 1015808    |
| train/                  |            |
|    approx_kl            | 0.04129882 |
|    clip_fraction        | 0.276      |
|    clip_range           | 0.2        |
|    entropy_loss         | -0.222     |
|    explained_variance   | 0.306      |
|    learning_rate        | 0.0003     |
|    loss                 | 0.0163     |
|    n_updates            | 610        |
|    policy_gradient_loss | 0.00924    |
|    std                  | 0.268      |
|    value_loss           | 0.857      |
----------------------------------------


###############################################################################
TCHPC Cluster: callan
Job 164732 (attn_learned_highway_lanechange_dense_obs20_seed2_ne8_1000000_v6) for User 'hadjitot' in Account 'callan_hadjitot'
Finished at: Wed Mar 11 16:45:14 GMT 2026

Job efficiency estimates:
=========================

Job ID: 164732
Cluster: callan
User/Group: hadjitot/hadjitot
State: COMPLETED (exit code 0)
Nodes: 1
Cores per node: 16
CPU Utilized: 7-00:15:30
CPU Efficiency: 48.34% of 14-12:02:40 core-walltime
Job Wall-clock time: 21:45:10
Memory Utilized: 3.37 GB
Memory Efficiency: 10.53% of 32.00 GB (32.00 GB/node)

Job completion status:
======================

JobID           JobName AllocCPUS NTasks NNodes     MaxRSS    MaxRSSNode  MaxDiskRead MaxDiskWrite    Elapsed      State ExitCode 
------------ ---------- --------- ------ ------ ---------- ------------- ------------ ------------ ---------- ---------- -------- 
164732       attn_lear+        16             1                                                      21:45:10  COMPLETED      0:0 
164732.batch      batch        16      1      1   3531656K    callan-n09     1477.76M     1150.39M   21:45:10  COMPLETED      0:0 
164732.exte+     extern        16      1      1                                                      21:45:10  COMPLETED      0:0 


Job details:
============

JobId=164732 JobName=attn_learned_highway_lanechange_dense_obs20_seed2_ne8_1000000_v6
   UserId=hadjitot(2357) GroupId=hadjitot(2300) MCS_label=N/A
   Priority=104205 Nice=0 Account=callan_hadjitot QOS=normal
   JobState=COMPLETING Reason=None Dependency=(null)
   Requeue=0 Restarts=0 BatchFlag=1 Reboot=0 ExitCode=0:0
   DerivedExitCode=0:0
   RunTime=21:45:10 TimeLimit=2-00:00:00 TimeMin=N/A
   SubmitTime=2026-03-10T14:38:31 EligibleTime=2026-03-10T14:38:31
   AccrueTime=2026-03-10T14:38:31
   StartTime=2026-03-10T19:00:04 EndTime=2026-03-11T16:45:14 Deadline=N/A
   SuspendTime=None SecsPreSuspend=0 LastSchedEval=2026-03-10T19:00:04 Scheduler=Backfill
   Partition=compute AllocNode:Sid=callan01:3539149
   ReqNodeList=(null) ExcNodeList=(null)
   NodeList=callan-n09
   BatchHost=callan-n09
   NumNodes=1 NumCPUs=16 NumTasks=1 CPUs/Task=16 ReqB:S:C:T=0:0:*:*
   ReqTRES=cpu=16,mem=32G,node=1,billing=16
   AllocTRES=cpu=16,mem=32G,node=1,billing=16
   Socks/Node=* NtasksPerN:B:S:C=0:0:*:* CoreSpec=*
   JOB_GRES=(null)
     Nodes=callan-n09 CPU_IDs=48-63 Mem=32768 GRES=
   MinCPUsNode=16 MinMemoryNode=32G MinTmpDiskNode=0
   Features=(null) DelayBoot=00:00:00
   OverSubscribe=OK Contiguous=0 Licenses=(null) LicensesAlloc=(null) Network=(null)
   Command=/home/users/hadjitot/fyp/HighwayEnv/slurm/train_attention.sbatch
   WorkDir=/home/users/hadjitot/fyp/HighwayEnv
   StdErr=/home/users/hadjitot/fyp/HighwayEnv/slurm_out/attn_learned_highway_lanechange_dense_obs20_seed2_ne8_1000000_v6_164732.err
   StdIn=/dev/null
   StdOut=/home/users/hadjitot/fyp/HighwayEnv/slurm_out/attn_learned_highway_lanechange_dense_obs20_seed2_ne8_1000000_v6_164732.out
   TresPerTask=cpu=16
   


Disk quota details:
===================

                         Block Limits                                    |                     File Limits
Name       type             MB      quota      limit   in_doubt    grace |    files   quota    limit in_doubt    grace
root       USR         4831286          0          0        750     none |   389280       0        0      540     none
root       FILESET     4785813          0          0       2937     none |  9906436       0        0      766     none


SLURM Bank Statement:
=====================

User           Usage |        Account     Usage | Account Limit Available (CPU hrs)
---------- --------- + -------------- --------- + ------------- ---------
hadjitot      18,445 | CALLAN_HADJITOT    18,445 |       300,000   281,555


Acknowledgements:
=================

Note that usage of TCHPC Resources *must* be acknowledged in all publications.

Please see this page for details relevant to this cluster:

http://www.tchpc.tcd.ie/resources/acknowledgementpolicy

################################################################################
