Loading Anaconda 3 2024.02-1
SCENARIO_NAME=highway_lanechange_dense_obs20
SEED=0
EXP_VERSION=v12
ATTN_MODE=learned
MODEL_PATH=runs/models/ppo_attn_learned_highway_lanechange_dense_obs20_v12_seed0.zip
STEPS=5000
OUT_DIR=runs/attn_logs/v12/learned/highway_lanechange_dense_obs20/seed0
SCENARIO_NAME=highway_lanechange_dense_obs20 SEED=0 ATTN_MODE=learned
Resolved MODEL_PATH=/home/users/hadjitot/fyp/HighwayEnv/runs/models/ppo_attn_learned_highway_lanechange_dense_obs20_v12_seed0.zip
Env obs shape: (20, 5)
Model obs shape: (20, 5)
Attention log steps: 5000
Saved: (5000, 19) (5000, 19) (5000, 19) (5000, 19)
T: 5000 N: 19
argmax==leader hit rate: 0.0148
mean attention on leader: 0.05391474
mean attention entropy: 1.8591816
argmax==ttc_critical hit rate: 0.0218
mean attention on ttc_critical: 0.062235158
fraction steps with closing TTC candidate: 1.0
mean min TTC (closing steps only): 0.3637484014034271


###############################################################################
TCHPC Cluster: callan
Job 171155 (attnlog_learned_highway_lanechange_dense_obs20_seed0_v12) for User 'hadjitot' in Account 'callan_hadjitot'
Finished at: Sat Mar 28 19:08:58 GMT 2026

Job efficiency estimates:
=========================

Job ID: 171155
Cluster: callan
User/Group: hadjitot/hadjitot
State: COMPLETED (exit code 0)
Nodes: 1
Cores per node: 16
CPU Utilized: 00:03:15
CPU Efficiency: 4.60% of 01:10:40 core-walltime
Job Wall-clock time: 00:04:25
Memory Utilized: 488.95 MB
Memory Efficiency: 1.49% of 32.00 GB (32.00 GB/node)

Job completion status:
======================

JobID           JobName AllocCPUS NTasks NNodes     MaxRSS    MaxRSSNode  MaxDiskRead MaxDiskWrite    Elapsed      State ExitCode 
------------ ---------- --------- ------ ------ ---------- ------------- ------------ ------------ ---------- ---------- -------- 
171155       attnlog_l+        16             1                                                      00:04:25  COMPLETED      0:0 
171155.batch      batch        16      1      1    500684K    callan-n02       61.30M        0.01M   00:04:25  COMPLETED      0:0 
171155.exte+     extern        16      1      1                                                      00:04:25  COMPLETED      0:0 


Job details:
============

JobId=171155 JobName=attnlog_learned_highway_lanechange_dense_obs20_seed0_v12
   UserId=hadjitot(2357) GroupId=hadjitot(2300) MCS_label=N/A
   Priority=100067 Nice=0 Account=callan_hadjitot QOS=normal
   JobState=COMPLETING Reason=None Dependency=(null)
   Requeue=0 Restarts=0 BatchFlag=1 Reboot=0 ExitCode=0:0
   DerivedExitCode=0:0
   RunTime=00:04:25 TimeLimit=2-00:00:00 TimeMin=N/A
   SubmitTime=2026-03-27T20:37:56 EligibleTime=2026-03-28T17:09:27
   AccrueTime=2026-03-28T17:09:27
   StartTime=2026-03-28T19:04:33 EndTime=2026-03-28T19:08:58 Deadline=N/A
   SuspendTime=None SecsPreSuspend=0 LastSchedEval=2026-03-28T19:04:33 Scheduler=Backfill
   Partition=compute AllocNode:Sid=callan01:1076092
   ReqNodeList=(null) ExcNodeList=(null)
   NodeList=callan-n02
   BatchHost=callan-n02
   NumNodes=1 NumCPUs=16 NumTasks=1 CPUs/Task=16 ReqB:S:C:T=0:0:*:*
   ReqTRES=cpu=16,mem=32G,node=1,billing=16
   AllocTRES=cpu=16,mem=32G,node=1,billing=16
   Socks/Node=* NtasksPerN:B:S:C=0:0:*:* CoreSpec=*
   JOB_GRES=(null)
     Nodes=callan-n02 CPU_IDs=10-15,19,28-31,42-46 Mem=32768 GRES=
   MinCPUsNode=16 MinMemoryNode=32G MinTmpDiskNode=0
   Features=(null) DelayBoot=00:00:00
   OverSubscribe=OK Contiguous=0 Licenses=(null) LicensesAlloc=(null) Network=(null)
   Command=/home/users/hadjitot/fyp/HighwayEnv/slurm/eval_attention.sbatch
   WorkDir=/home/users/hadjitot/fyp/HighwayEnv
   StdErr=/home/users/hadjitot/fyp/HighwayEnv/slurm_out/attnlog_learned_highway_lanechange_dense_obs20_seed0_v12_171155.err
   StdIn=/dev/null
   StdOut=/home/users/hadjitot/fyp/HighwayEnv/slurm_out/attnlog_learned_highway_lanechange_dense_obs20_seed0_v12_171155.out
   TresPerTask=cpu=16
   


Disk quota details:
===================

                         Block Limits                                    |                     File Limits
Name       type             MB      quota      limit   in_doubt    grace |    files   quota    limit in_doubt    grace
root       USR         4978135          0          0       2090     none |   398421       0        0      929     none
root       FILESET     5323805          0          0       4576     none |  9918480       0        0     1638     none


SLURM Bank Statement:
=====================

User           Usage |        Account     Usage | Account Limit Available (CPU hrs)
---------- --------- + -------------- --------- + ------------- ---------
hadjitot      13,151 | CALLAN_HADJITOT    13,151 |       300,000   286,849


Acknowledgements:
=================

Note that usage of TCHPC Resources *must* be acknowledged in all publications.

Please see this page for details relevant to this cluster:

http://www.tchpc.tcd.ie/resources/acknowledgementpolicy

################################################################################
