Loading Anaconda 3 2024.02-1
SCENARIO_NAME=highway_lanechange_dense_obs20
EXP_VERSION=v6
TOTAL_TIMESTEPS=1000000
N_ENVS=8
ATTN_MODE=learned
X_INDEX=1
VX_INDEX=3
ORACLE_RULE=leader_x
TTC_EPS=1e-6
ppo_attn_learned_highway_lanechange_dense_obs20_v6_seed0 obs shape: (20, 5) action space: Box(-1.0, 1.0, (2,), float32)
Using cpu device
Logging to runs/tb/ppo_attn_learned_highway_lanechange_dense_obs20_v6_seed0_2
---------------------------------
| rollout/           |          |
|    ep_len_mean     | 155      |
|    ep_rew_mean     | 7.58     |
| time/              |          |
|    fps             | 13       |
|    iterations      | 1        |
|    time_elapsed    | 1251     |
|    total_timesteps | 16384    |
---------------------------------
-----------------------------------------
| rollout/                |             |
|    ep_len_mean          | 154         |
|    ep_rew_mean          | 7.68        |
| time/                   |             |
|    fps                  | 13          |
|    iterations           | 2           |
|    time_elapsed         | 2509        |
|    total_timesteps      | 32768       |
| train/                  |             |
|    approx_kl            | 0.004627843 |
|    clip_fraction        | 0.0338      |
|    clip_range           | 0.2         |
|    entropy_loss         | -2.84       |
|    explained_variance   | -0.084      |
|    learning_rate        | 0.0003      |
|    loss                 | 0.408       |
|    n_updates            | 10          |
|    policy_gradient_loss | -0.00192    |
|    std                  | 1           |
|    value_loss           | 1.06        |
-----------------------------------------
-----------------------------------------
| rollout/                |             |
|    ep_len_mean          | 155         |
|    ep_rew_mean          | 9.72        |
| time/                   |             |
|    fps                  | 13          |
|    iterations           | 3           |
|    time_elapsed         | 3765        |
|    total_timesteps      | 49152       |
| train/                  |             |
|    approx_kl            | 0.005254656 |
|    clip_fraction        | 0.049       |
|    clip_range           | 0.2         |
|    entropy_loss         | -2.82       |
|    explained_variance   | 0.27        |
|    learning_rate        | 0.0003      |
|    loss                 | 1.14        |
|    n_updates            | 20          |
|    policy_gradient_loss | -0.00353    |
|    std                  | 0.988       |
|    value_loss           | 1.47        |
-----------------------------------------
-----------------------------------------
| rollout/                |             |
|    ep_len_mean          | 157         |
|    ep_rew_mean          | 8.53        |
| time/                   |             |
|    fps                  | 13          |
|    iterations           | 4           |
|    time_elapsed         | 5021        |
|    total_timesteps      | 65536       |
| train/                  |             |
|    approx_kl            | 0.005882753 |
|    clip_fraction        | 0.0597      |
|    clip_range           | 0.2         |
|    entropy_loss         | -2.8        |
|    explained_variance   | 0.3         |
|    learning_rate        | 0.0003      |
|    loss                 | 0.961       |
|    n_updates            | 30          |
|    policy_gradient_loss | -0.00332    |
|    std                  | 0.979       |
|    value_loss           | 2.19        |
-----------------------------------------
-----------------------------------------
| rollout/                |             |
|    ep_len_mean          | 149         |
|    ep_rew_mean          | 12.4        |
| time/                   |             |
|    fps                  | 13          |
|    iterations           | 5           |
|    time_elapsed         | 6276        |
|    total_timesteps      | 81920       |
| train/                  |             |
|    approx_kl            | 0.008361935 |
|    clip_fraction        | 0.0899      |
|    clip_range           | 0.2         |
|    entropy_loss         | -2.76       |
|    explained_variance   | 0.319       |
|    learning_rate        | 0.0003      |
|    loss                 | 0.385       |
|    n_updates            | 40          |
|    policy_gradient_loss | -0.00497    |
|    std                  | 0.956       |
|    value_loss           | 1.67        |
-----------------------------------------
------------------------------------------
| rollout/                |              |
|    ep_len_mean          | 157          |
|    ep_rew_mean          | 13.8         |
| time/                   |              |
|    fps                  | 13           |
|    iterations           | 6            |
|    time_elapsed         | 7533         |
|    total_timesteps      | 98304        |
| train/                  |              |
|    approx_kl            | 0.0072770733 |
|    clip_fraction        | 0.0747       |
|    clip_range           | 0.2          |
|    entropy_loss         | -2.73        |
|    explained_variance   | 0.319        |
|    learning_rate        | 0.0003       |
|    loss                 | 1.05         |
|    n_updates            | 50           |
|    policy_gradient_loss | -0.00359     |
|    std                  | 0.941        |
|    value_loss           | 2.5          |
------------------------------------------
-----------------------------------------
| rollout/                |             |
|    ep_len_mean          | 157         |
|    ep_rew_mean          | 15.3        |
| time/                   |             |
|    fps                  | 13          |
|    iterations           | 7           |
|    time_elapsed         | 8789        |
|    total_timesteps      | 114688      |
| train/                  |             |
|    approx_kl            | 0.009118474 |
|    clip_fraction        | 0.0991      |
|    clip_range           | 0.2         |
|    entropy_loss         | -2.69       |
|    explained_variance   | 0.356       |
|    learning_rate        | 0.0003      |
|    loss                 | 1.79        |
|    n_updates            | 60          |
|    policy_gradient_loss | -0.00625    |
|    std                  | 0.924       |
|    value_loss           | 2.78        |
-----------------------------------------
-----------------------------------------
| rollout/                |             |
|    ep_len_mean          | 153         |
|    ep_rew_mean          | 20          |
| time/                   |             |
|    fps                  | 13          |
|    iterations           | 8           |
|    time_elapsed         | 10040       |
|    total_timesteps      | 131072      |
| train/                  |             |
|    approx_kl            | 0.009254091 |
|    clip_fraction        | 0.115       |
|    clip_range           | 0.2         |
|    entropy_loss         | -2.66       |
|    explained_variance   | 0.445       |
|    learning_rate        | 0.0003      |
|    loss                 | 2.22        |
|    n_updates            | 70          |
|    policy_gradient_loss | -0.0062     |
|    std                  | 0.912       |
|    value_loss           | 3.01        |
-----------------------------------------
-----------------------------------------
| rollout/                |             |
|    ep_len_mean          | 149         |
|    ep_rew_mean          | 25.5        |
| time/                   |             |
|    fps                  | 13          |
|    iterations           | 9           |
|    time_elapsed         | 11288       |
|    total_timesteps      | 147456      |
| train/                  |             |
|    approx_kl            | 0.011323429 |
|    clip_fraction        | 0.125       |
|    clip_range           | 0.2         |
|    entropy_loss         | -2.63       |
|    explained_variance   | 0.414       |
|    learning_rate        | 0.0003      |
|    loss                 | 1.86        |
|    n_updates            | 80          |
|    policy_gradient_loss | -0.00743    |
|    std                  | 0.896       |
|    value_loss           | 4.32        |
-----------------------------------------
-----------------------------------------
| rollout/                |             |
|    ep_len_mean          | 158         |
|    ep_rew_mean          | 34.5        |
| time/                   |             |
|    fps                  | 13          |
|    iterations           | 10          |
|    time_elapsed         | 12528       |
|    total_timesteps      | 163840      |
| train/                  |             |
|    approx_kl            | 0.013680203 |
|    clip_fraction        | 0.159       |
|    clip_range           | 0.2         |
|    entropy_loss         | -2.58       |
|    explained_variance   | 0.437       |
|    learning_rate        | 0.0003      |
|    loss                 | 2.07        |
|    n_updates            | 90          |
|    policy_gradient_loss | -0.00969    |
|    std                  | 0.879       |
|    value_loss           | 5.14        |
-----------------------------------------
-----------------------------------------
| rollout/                |             |
|    ep_len_mean          | 158         |
|    ep_rew_mean          | 40.5        |
| time/                   |             |
|    fps                  | 13          |
|    iterations           | 11          |
|    time_elapsed         | 13763       |
|    total_timesteps      | 180224      |
| train/                  |             |
|    approx_kl            | 0.014715457 |
|    clip_fraction        | 0.17        |
|    clip_range           | 0.2         |
|    entropy_loss         | -2.54       |
|    explained_variance   | 0.469       |
|    learning_rate        | 0.0003      |
|    loss                 | 2.77        |
|    n_updates            | 100         |
|    policy_gradient_loss | -0.011      |
|    std                  | 0.859       |
|    value_loss           | 5.8         |
-----------------------------------------
----------------------------------------
| rollout/                |            |
|    ep_len_mean          | 157        |
|    ep_rew_mean          | 50.5       |
| time/                   |            |
|    fps                  | 13         |
|    iterations           | 12         |
|    time_elapsed         | 14999      |
|    total_timesteps      | 196608     |
| train/                  |            |
|    approx_kl            | 0.01707476 |
|    clip_fraction        | 0.198      |
|    clip_range           | 0.2        |
|    entropy_loss         | -2.49      |
|    explained_variance   | 0.502      |
|    learning_rate        | 0.0003     |
|    loss                 | 3.05       |
|    n_updates            | 110        |
|    policy_gradient_loss | -0.0104    |
|    std                  | 0.838      |
|    value_loss           | 6.4        |
----------------------------------------
----------------------------------------
| rollout/                |            |
|    ep_len_mean          | 157        |
|    ep_rew_mean          | 57.2       |
| time/                   |            |
|    fps                  | 13         |
|    iterations           | 13         |
|    time_elapsed         | 16236      |
|    total_timesteps      | 212992     |
| train/                  |            |
|    approx_kl            | 0.01932503 |
|    clip_fraction        | 0.213      |
|    clip_range           | 0.2        |
|    entropy_loss         | -2.43      |
|    explained_variance   | 0.548      |
|    learning_rate        | 0.0003     |
|    loss                 | 5.04       |
|    n_updates            | 120        |
|    policy_gradient_loss | -0.0116    |
|    std                  | 0.816      |
|    value_loss           | 6.96       |
----------------------------------------
-----------------------------------------
| rollout/                |             |
|    ep_len_mean          | 154         |
|    ep_rew_mean          | 61.2        |
| time/                   |             |
|    fps                  | 13          |
|    iterations           | 14          |
|    time_elapsed         | 17473       |
|    total_timesteps      | 229376      |
| train/                  |             |
|    approx_kl            | 0.019680504 |
|    clip_fraction        | 0.196       |
|    clip_range           | 0.2         |
|    entropy_loss         | -2.38       |
|    explained_variance   | 0.552       |
|    learning_rate        | 0.0003      |
|    loss                 | 3.76        |
|    n_updates            | 130         |
|    policy_gradient_loss | -0.00597    |
|    std                  | 0.793       |
|    value_loss           | 7.35        |
-----------------------------------------
-----------------------------------------
| rollout/                |             |
|    ep_len_mean          | 157         |
|    ep_rew_mean          | 61.1        |
| time/                   |             |
|    fps                  | 13          |
|    iterations           | 15          |
|    time_elapsed         | 18708       |
|    total_timesteps      | 245760      |
| train/                  |             |
|    approx_kl            | 0.018582283 |
|    clip_fraction        | 0.212       |
|    clip_range           | 0.2         |
|    entropy_loss         | -2.32       |
|    explained_variance   | 0.613       |
|    learning_rate        | 0.0003      |
|    loss                 | 2.5         |
|    n_updates            | 140         |
|    policy_gradient_loss | -0.00437    |
|    std                  | 0.77        |
|    value_loss           | 7.24        |
-----------------------------------------
-----------------------------------------
| rollout/                |             |
|    ep_len_mean          | 158         |
|    ep_rew_mean          | 75.2        |
| time/                   |             |
|    fps                  | 13          |
|    iterations           | 16          |
|    time_elapsed         | 19941       |
|    total_timesteps      | 262144      |
| train/                  |             |
|    approx_kl            | 0.020418452 |
|    clip_fraction        | 0.22        |
|    clip_range           | 0.2         |
|    entropy_loss         | -2.27       |
|    explained_variance   | 0.713       |
|    learning_rate        | 0.0003      |
|    loss                 | 2.27        |
|    n_updates            | 150         |
|    policy_gradient_loss | -0.0018     |
|    std                  | 0.752       |
|    value_loss           | 7.72        |
-----------------------------------------
----------------------------------------
| rollout/                |            |
|    ep_len_mean          | 160        |
|    ep_rew_mean          | 78.5       |
| time/                   |            |
|    fps                  | 13         |
|    iterations           | 17         |
|    time_elapsed         | 21173      |
|    total_timesteps      | 278528     |
| train/                  |            |
|    approx_kl            | 0.02471145 |
|    clip_fraction        | 0.255      |
|    clip_range           | 0.2        |
|    entropy_loss         | -2.21      |
|    explained_variance   | 0.621      |
|    learning_rate        | 0.0003     |
|    loss                 | 1.77       |
|    n_updates            | 160        |
|    policy_gradient_loss | -0.00102   |
|    std                  | 0.727      |
|    value_loss           | 7.02       |
----------------------------------------
-----------------------------------------
| rollout/                |             |
|    ep_len_mean          | 160         |
|    ep_rew_mean          | 85          |
| time/                   |             |
|    fps                  | 13          |
|    iterations           | 18          |
|    time_elapsed         | 22412       |
|    total_timesteps      | 294912      |
| train/                  |             |
|    approx_kl            | 0.025257995 |
|    clip_fraction        | 0.24        |
|    clip_range           | 0.2         |
|    entropy_loss         | -2.16       |
|    explained_variance   | 0.748       |
|    learning_rate        | 0.0003      |
|    loss                 | 3.96        |
|    n_updates            | 170         |
|    policy_gradient_loss | 0.000539    |
|    std                  | 0.709       |
|    value_loss           | 8.05        |
-----------------------------------------
-----------------------------------------
| rollout/                |             |
|    ep_len_mean          | 160         |
|    ep_rew_mean          | 90.9        |
| time/                   |             |
|    fps                  | 13          |
|    iterations           | 19          |
|    time_elapsed         | 23648       |
|    total_timesteps      | 311296      |
| train/                  |             |
|    approx_kl            | 0.028791832 |
|    clip_fraction        | 0.275       |
|    clip_range           | 0.2         |
|    entropy_loss         | -2.07       |
|    explained_variance   | 0.737       |
|    learning_rate        | 0.0003      |
|    loss                 | 2.43        |
|    n_updates            | 180         |
|    policy_gradient_loss | 0.00129     |
|    std                  | 0.681       |
|    value_loss           | 6.22        |
-----------------------------------------
----------------------------------------
| rollout/                |            |
|    ep_len_mean          | 158        |
|    ep_rew_mean          | 89.1       |
| time/                   |            |
|    fps                  | 13         |
|    iterations           | 20         |
|    time_elapsed         | 24885      |
|    total_timesteps      | 327680     |
| train/                  |            |
|    approx_kl            | 0.02533367 |
|    clip_fraction        | 0.259      |
|    clip_range           | 0.2        |
|    entropy_loss         | -2.02      |
|    explained_variance   | 0.702      |
|    learning_rate        | 0.0003     |
|    loss                 | 9.13       |
|    n_updates            | 190        |
|    policy_gradient_loss | 0.00179    |
|    std                  | 0.663      |
|    value_loss           | 6.76       |
----------------------------------------
-----------------------------------------
| rollout/                |             |
|    ep_len_mean          | 160         |
|    ep_rew_mean          | 98.6        |
| time/                   |             |
|    fps                  | 13          |
|    iterations           | 21          |
|    time_elapsed         | 26122       |
|    total_timesteps      | 344064      |
| train/                  |             |
|    approx_kl            | 0.028085817 |
|    clip_fraction        | 0.268       |
|    clip_range           | 0.2         |
|    entropy_loss         | -1.96       |
|    explained_variance   | 0.808       |
|    learning_rate        | 0.0003      |
|    loss                 | 1.2         |
|    n_updates            | 200         |
|    policy_gradient_loss | 0.000774    |
|    std                  | 0.64        |
|    value_loss           | 6           |
-----------------------------------------
-----------------------------------------
| rollout/                |             |
|    ep_len_mean          | 160         |
|    ep_rew_mean          | 98.8        |
| time/                   |             |
|    fps                  | 13          |
|    iterations           | 22          |
|    time_elapsed         | 27358       |
|    total_timesteps      | 360448      |
| train/                  |             |
|    approx_kl            | 0.029411497 |
|    clip_fraction        | 0.277       |
|    clip_range           | 0.2         |
|    entropy_loss         | -1.9        |
|    explained_variance   | 0.74        |
|    learning_rate        | 0.0003      |
|    loss                 | 0.862       |
|    n_updates            | 210         |
|    policy_gradient_loss | -0.00141    |
|    std                  | 0.62        |
|    value_loss           | 3.6         |
-----------------------------------------
-----------------------------------------
| rollout/                |             |
|    ep_len_mean          | 158         |
|    ep_rew_mean          | 103         |
| time/                   |             |
|    fps                  | 13          |
|    iterations           | 23          |
|    time_elapsed         | 28597       |
|    total_timesteps      | 376832      |
| train/                  |             |
|    approx_kl            | 0.028688198 |
|    clip_fraction        | 0.267       |
|    clip_range           | 0.2         |
|    entropy_loss         | -1.84       |
|    explained_variance   | 0.8         |
|    learning_rate        | 0.0003      |
|    loss                 | 2.38        |
|    n_updates            | 220         |
|    policy_gradient_loss | 0.000918    |
|    std                  | 0.602       |
|    value_loss           | 5.71        |
-----------------------------------------
----------------------------------------
| rollout/                |            |
|    ep_len_mean          | 160        |
|    ep_rew_mean          | 106        |
| time/                   |            |
|    fps                  | 13         |
|    iterations           | 24         |
|    time_elapsed         | 29835      |
|    total_timesteps      | 393216     |
| train/                  |            |
|    approx_kl            | 0.02821884 |
|    clip_fraction        | 0.277      |
|    clip_range           | 0.2        |
|    entropy_loss         | -1.78      |
|    explained_variance   | 0.748      |
|    learning_rate        | 0.0003     |
|    loss                 | 0.779      |
|    n_updates            | 230        |
|    policy_gradient_loss | 0.000474   |
|    std                  | 0.586      |
|    value_loss           | 2.93       |
----------------------------------------
-----------------------------------------
| rollout/                |             |
|    ep_len_mean          | 160         |
|    ep_rew_mean          | 107         |
| time/                   |             |
|    fps                  | 13          |
|    iterations           | 25          |
|    time_elapsed         | 31071       |
|    total_timesteps      | 409600      |
| train/                  |             |
|    approx_kl            | 0.040527113 |
|    clip_fraction        | 0.275       |
|    clip_range           | 0.2         |
|    entropy_loss         | -1.73       |
|    explained_variance   | 0.82        |
|    learning_rate        | 0.0003      |
|    loss                 | 0.563       |
|    n_updates            | 240         |
|    policy_gradient_loss | -0.000117   |
|    std                  | 0.574       |
|    value_loss           | 1.45        |
-----------------------------------------
-----------------------------------------
| rollout/                |             |
|    ep_len_mean          | 160         |
|    ep_rew_mean          | 108         |
| time/                   |             |
|    fps                  | 13          |
|    iterations           | 26          |
|    time_elapsed         | 32310       |
|    total_timesteps      | 425984      |
| train/                  |             |
|    approx_kl            | 0.028378397 |
|    clip_fraction        | 0.246       |
|    clip_range           | 0.2         |
|    entropy_loss         | -1.71       |
|    explained_variance   | 0.865       |
|    learning_rate        | 0.0003      |
|    loss                 | 0.217       |
|    n_updates            | 250         |
|    policy_gradient_loss | 0.00226     |
|    std                  | 0.567       |
|    value_loss           | 1.51        |
-----------------------------------------
-----------------------------------------
| rollout/                |             |
|    ep_len_mean          | 160         |
|    ep_rew_mean          | 110         |
| time/                   |             |
|    fps                  | 13          |
|    iterations           | 27          |
|    time_elapsed         | 33548       |
|    total_timesteps      | 442368      |
| train/                  |             |
|    approx_kl            | 0.033894263 |
|    clip_fraction        | 0.28        |
|    clip_range           | 0.2         |
|    entropy_loss         | -1.67       |
|    explained_variance   | 0.891       |
|    learning_rate        | 0.0003      |
|    loss                 | 0.183       |
|    n_updates            | 260         |
|    policy_gradient_loss | -0.00067    |
|    std                  | 0.554       |
|    value_loss           | 1.05        |
-----------------------------------------
-----------------------------------------
| rollout/                |             |
|    ep_len_mean          | 160         |
|    ep_rew_mean          | 111         |
| time/                   |             |
|    fps                  | 13          |
|    iterations           | 28          |
|    time_elapsed         | 34787       |
|    total_timesteps      | 458752      |
| train/                  |             |
|    approx_kl            | 0.031849407 |
|    clip_fraction        | 0.287       |
|    clip_range           | 0.2         |
|    entropy_loss         | -1.63       |
|    explained_variance   | 0.841       |
|    learning_rate        | 0.0003      |
|    loss                 | 0.178       |
|    n_updates            | 270         |
|    policy_gradient_loss | -0.00292    |
|    std                  | 0.542       |
|    value_loss           | 0.745       |
-----------------------------------------
-----------------------------------------
| rollout/                |             |
|    ep_len_mean          | 160         |
|    ep_rew_mean          | 111         |
| time/                   |             |
|    fps                  | 13          |
|    iterations           | 29          |
|    time_elapsed         | 36019       |
|    total_timesteps      | 475136      |
| train/                  |             |
|    approx_kl            | 0.034262165 |
|    clip_fraction        | 0.273       |
|    clip_range           | 0.2         |
|    entropy_loss         | -1.59       |
|    explained_variance   | 0.853       |
|    learning_rate        | 0.0003      |
|    loss                 | 0.132       |
|    n_updates            | 280         |
|    policy_gradient_loss | -0.00279    |
|    std                  | 0.532       |
|    value_loss           | 0.593       |
-----------------------------------------
-----------------------------------------
| rollout/                |             |
|    ep_len_mean          | 160         |
|    ep_rew_mean          | 112         |
| time/                   |             |
|    fps                  | 13          |
|    iterations           | 30          |
|    time_elapsed         | 37247       |
|    total_timesteps      | 491520      |
| train/                  |             |
|    approx_kl            | 0.028299488 |
|    clip_fraction        | 0.251       |
|    clip_range           | 0.2         |
|    entropy_loss         | -1.55       |
|    explained_variance   | 0.702       |
|    learning_rate        | 0.0003      |
|    loss                 | 0.245       |
|    n_updates            | 290         |
|    policy_gradient_loss | -0.00381    |
|    std                  | 0.523       |
|    value_loss           | 0.282       |
-----------------------------------------
-----------------------------------------
| rollout/                |             |
|    ep_len_mean          | 158         |
|    ep_rew_mean          | 111         |
| time/                   |             |
|    fps                  | 13          |
|    iterations           | 31          |
|    time_elapsed         | 38481       |
|    total_timesteps      | 507904      |
| train/                  |             |
|    approx_kl            | 0.023532413 |
|    clip_fraction        | 0.248       |
|    clip_range           | 0.2         |
|    entropy_loss         | -1.52       |
|    explained_variance   | 0.72        |
|    learning_rate        | 0.0003      |
|    loss                 | 0.0037      |
|    n_updates            | 300         |
|    policy_gradient_loss | -0.00366    |
|    std                  | 0.514       |
|    value_loss           | 0.14        |
-----------------------------------------
-----------------------------------------
| rollout/                |             |
|    ep_len_mean          | 160         |
|    ep_rew_mean          | 112         |
| time/                   |             |
|    fps                  | 13          |
|    iterations           | 32          |
|    time_elapsed         | 39711       |
|    total_timesteps      | 524288      |
| train/                  |             |
|    approx_kl            | 0.022284143 |
|    clip_fraction        | 0.235       |
|    clip_range           | 0.2         |
|    entropy_loss         | -1.5        |
|    explained_variance   | 0.27        |
|    learning_rate        | 0.0003      |
|    loss                 | 0.0667      |
|    n_updates            | 310         |
|    policy_gradient_loss | 0.000786    |
|    std                  | 0.509       |
|    value_loss           | 0.557       |
-----------------------------------------
----------------------------------------
| rollout/                |            |
|    ep_len_mean          | 160        |
|    ep_rew_mean          | 112        |
| time/                   |            |
|    fps                  | 13         |
|    iterations           | 33         |
|    time_elapsed         | 40942      |
|    total_timesteps      | 540672     |
| train/                  |            |
|    approx_kl            | 0.02888897 |
|    clip_fraction        | 0.234      |
|    clip_range           | 0.2        |
|    entropy_loss         | -1.46      |
|    explained_variance   | 0.144      |
|    learning_rate        | 0.0003     |
|    loss                 | 0.0576     |
|    n_updates            | 320        |
|    policy_gradient_loss | 0.0017     |
|    std                  | 0.499      |
|    value_loss           | 0.126      |
----------------------------------------
-----------------------------------------
| rollout/                |             |
|    ep_len_mean          | 157         |
|    ep_rew_mean          | 110         |
| time/                   |             |
|    fps                  | 13          |
|    iterations           | 34          |
|    time_elapsed         | 42176       |
|    total_timesteps      | 557056      |
| train/                  |             |
|    approx_kl            | 0.020659734 |
|    clip_fraction        | 0.223       |
|    clip_range           | 0.2         |
|    entropy_loss         | -1.43       |
|    explained_variance   | 0.428       |
|    learning_rate        | 0.0003      |
|    loss                 | 0.0383      |
|    n_updates            | 330         |
|    policy_gradient_loss | 0.00061     |
|    std                  | 0.491       |
|    value_loss           | 0.0829      |
-----------------------------------------
---------------------------------------
| rollout/                |           |
|    ep_len_mean          | 160       |
|    ep_rew_mean          | 112       |
| time/                   |           |
|    fps                  | 13        |
|    iterations           | 35        |
|    time_elapsed         | 43406     |
|    total_timesteps      | 573440    |
| train/                  |           |
|    approx_kl            | 0.0315993 |
|    clip_fraction        | 0.225     |
|    clip_range           | 0.2       |
|    entropy_loss         | -1.39     |
|    explained_variance   | 0.41      |
|    learning_rate        | 0.0003    |
|    loss                 | 0.0425    |
|    n_updates            | 340       |
|    policy_gradient_loss | 0.000766  |
|    std                  | 0.48      |
|    value_loss           | 0.93      |
---------------------------------------
----------------------------------------
| rollout/                |            |
|    ep_len_mean          | 160        |
|    ep_rew_mean          | 111        |
| time/                   |            |
|    fps                  | 13         |
|    iterations           | 36         |
|    time_elapsed         | 44631      |
|    total_timesteps      | 589824     |
| train/                  |            |
|    approx_kl            | 0.09327387 |
|    clip_fraction        | 0.224      |
|    clip_range           | 0.2        |
|    entropy_loss         | -1.36      |
|    explained_variance   | 0.922      |
|    learning_rate        | 0.0003     |
|    loss                 | 0.0686     |
|    n_updates            | 350        |
|    policy_gradient_loss | 0.00595    |
|    std                  | 0.472      |
|    value_loss           | 0.241      |
----------------------------------------
----------------------------------------
| rollout/                |            |
|    ep_len_mean          | 160        |
|    ep_rew_mean          | 114        |
| time/                   |            |
|    fps                  | 13         |
|    iterations           | 37         |
|    time_elapsed         | 45863      |
|    total_timesteps      | 606208     |
| train/                  |            |
|    approx_kl            | 0.09575632 |
|    clip_fraction        | 0.216      |
|    clip_range           | 0.2        |
|    entropy_loss         | -1.31      |
|    explained_variance   | 0.76       |
|    learning_rate        | 0.0003     |
|    loss                 | -0.00685   |
|    n_updates            | 360        |
|    policy_gradient_loss | -0.000546  |
|    std                  | 0.458      |
|    value_loss           | 0.296      |
----------------------------------------
-----------------------------------------
| rollout/                |             |
|    ep_len_mean          | 160         |
|    ep_rew_mean          | 113         |
| time/                   |             |
|    fps                  | 13          |
|    iterations           | 38          |
|    time_elapsed         | 47090       |
|    total_timesteps      | 622592      |
| train/                  |             |
|    approx_kl            | 0.023826845 |
|    clip_fraction        | 0.221       |
|    clip_range           | 0.2         |
|    entropy_loss         | -1.25       |
|    explained_variance   | 0.197       |
|    learning_rate        | 0.0003      |
|    loss                 | -0.0104     |
|    n_updates            | 370         |
|    policy_gradient_loss | 0.000952    |
|    std                  | 0.451       |
|    value_loss           | 0.06        |
-----------------------------------------
----------------------------------------
| rollout/                |            |
|    ep_len_mean          | 160        |
|    ep_rew_mean          | 114        |
| time/                   |            |
|    fps                  | 13         |
|    iterations           | 39         |
|    time_elapsed         | 48320      |
|    total_timesteps      | 638976     |
| train/                  |            |
|    approx_kl            | 0.07619586 |
|    clip_fraction        | 0.229      |
|    clip_range           | 0.2        |
|    entropy_loss         | -1.21      |
|    explained_variance   | 0.901      |
|    learning_rate        | 0.0003     |
|    loss                 | 0.0426     |
|    n_updates            | 380        |
|    policy_gradient_loss | -0.00279   |
|    std                  | 0.436      |
|    value_loss           | 0.16       |
----------------------------------------
-----------------------------------------
| rollout/                |             |
|    ep_len_mean          | 160         |
|    ep_rew_mean          | 114         |
| time/                   |             |
|    fps                  | 13          |
|    iterations           | 40          |
|    time_elapsed         | 49550       |
|    total_timesteps      | 655360      |
| train/                  |             |
|    approx_kl            | 0.028555248 |
|    clip_fraction        | 0.245       |
|    clip_range           | 0.2         |
|    entropy_loss         | -1.16       |
|    explained_variance   | 0.795       |
|    learning_rate        | 0.0003      |
|    loss                 | -0.00459    |
|    n_updates            | 390         |
|    policy_gradient_loss | 0.0025      |
|    std                  | 0.43        |
|    value_loss           | 0.13        |
-----------------------------------------
-----------------------------------------
| rollout/                |             |
|    ep_len_mean          | 158         |
|    ep_rew_mean          | 114         |
| time/                   |             |
|    fps                  | 13          |
|    iterations           | 41          |
|    time_elapsed         | 50779       |
|    total_timesteps      | 671744      |
| train/                  |             |
|    approx_kl            | 0.030514572 |
|    clip_fraction        | 0.232       |
|    clip_range           | 0.2         |
|    entropy_loss         | -1.12       |
|    explained_variance   | 0.739       |
|    learning_rate        | 0.0003      |
|    loss                 | 0.0426      |
|    n_updates            | 400         |
|    policy_gradient_loss | 0.00663     |
|    std                  | 0.421       |
|    value_loss           | 0.15        |
-----------------------------------------
-----------------------------------------
| rollout/                |             |
|    ep_len_mean          | 160         |
|    ep_rew_mean          | 115         |
| time/                   |             |
|    fps                  | 13          |
|    iterations           | 42          |
|    time_elapsed         | 52009       |
|    total_timesteps      | 688128      |
| train/                  |             |
|    approx_kl            | 0.035559345 |
|    clip_fraction        | 0.237       |
|    clip_range           | 0.2         |
|    entropy_loss         | -1.09       |
|    explained_variance   | -0.138      |
|    learning_rate        | 0.0003      |
|    loss                 | -0.0104     |
|    n_updates            | 410         |
|    policy_gradient_loss | 0.00443     |
|    std                  | 0.418       |
|    value_loss           | 0.839       |
-----------------------------------------
-----------------------------------------
| rollout/                |             |
|    ep_len_mean          | 160         |
|    ep_rew_mean          | 115         |
| time/                   |             |
|    fps                  | 13          |
|    iterations           | 43          |
|    time_elapsed         | 53242       |
|    total_timesteps      | 704512      |
| train/                  |             |
|    approx_kl            | 0.030524224 |
|    clip_fraction        | 0.248       |
|    clip_range           | 0.2         |
|    entropy_loss         | -1.07       |
|    explained_variance   | 0.121       |
|    learning_rate        | 0.0003      |
|    loss                 | 0.0233      |
|    n_updates            | 420         |
|    policy_gradient_loss | 0.00299     |
|    std                  | 0.413       |
|    value_loss           | 0.102       |
-----------------------------------------
-----------------------------------------
| rollout/                |             |
|    ep_len_mean          | 160         |
|    ep_rew_mean          | 114         |
| time/                   |             |
|    fps                  | 13          |
|    iterations           | 44          |
|    time_elapsed         | 54470       |
|    total_timesteps      | 720896      |
| train/                  |             |
|    approx_kl            | 0.030484814 |
|    clip_fraction        | 0.254       |
|    clip_range           | 0.2         |
|    entropy_loss         | -1.04       |
|    explained_variance   | 0.162       |
|    learning_rate        | 0.0003      |
|    loss                 | 0.467       |
|    n_updates            | 430         |
|    policy_gradient_loss | 0.0024      |
|    std                  | 0.405       |
|    value_loss           | 0.077       |
-----------------------------------------
----------------------------------------
| rollout/                |            |
|    ep_len_mean          | 160        |
|    ep_rew_mean          | 115        |
| time/                   |            |
|    fps                  | 13         |
|    iterations           | 45         |
|    time_elapsed         | 55705      |
|    total_timesteps      | 737280     |
| train/                  |            |
|    approx_kl            | 0.11403555 |
|    clip_fraction        | 0.224      |
|    clip_range           | 0.2        |
|    entropy_loss         | -0.989     |
|    explained_variance   | 0.653      |
|    learning_rate        | 0.0003     |
|    loss                 | 0.0159     |
|    n_updates            | 440        |
|    policy_gradient_loss | -0.00578   |
|    std                  | 0.391      |
|    value_loss           | 0.155      |
----------------------------------------
-----------------------------------------
| rollout/                |             |
|    ep_len_mean          | 160         |
|    ep_rew_mean          | 115         |
| time/                   |             |
|    fps                  | 13          |
|    iterations           | 46          |
|    time_elapsed         | 56937       |
|    total_timesteps      | 753664      |
| train/                  |             |
|    approx_kl            | 0.066411905 |
|    clip_fraction        | 0.249       |
|    clip_range           | 0.2         |
|    entropy_loss         | -0.902      |
|    explained_variance   | 0.867       |
|    learning_rate        | 0.0003      |
|    loss                 | 0.0117      |
|    n_updates            | 450         |
|    policy_gradient_loss | -0.000273   |
|    std                  | 0.377       |
|    value_loss           | 0.105       |
-----------------------------------------
----------------------------------------
| rollout/                |            |
|    ep_len_mean          | 160        |
|    ep_rew_mean          | 116        |
| time/                   |            |
|    fps                  | 13         |
|    iterations           | 47         |
|    time_elapsed         | 58172      |
|    total_timesteps      | 770048     |
| train/                  |            |
|    approx_kl            | 0.06101161 |
|    clip_fraction        | 0.233      |
|    clip_range           | 0.2        |
|    entropy_loss         | -0.829     |
|    explained_variance   | 0.921      |
|    learning_rate        | 0.0003     |
|    loss                 | 0.0521     |
|    n_updates            | 460        |
|    policy_gradient_loss | -0.00189   |
|    std                  | 0.363      |
|    value_loss           | 0.225      |
----------------------------------------
----------------------------------------
| rollout/                |            |
|    ep_len_mean          | 160        |
|    ep_rew_mean          | 116        |
| time/                   |            |
|    fps                  | 13         |
|    iterations           | 48         |
|    time_elapsed         | 59403      |
|    total_timesteps      | 786432     |
| train/                  |            |
|    approx_kl            | 0.07152758 |
|    clip_fraction        | 0.249      |
|    clip_range           | 0.2        |
|    entropy_loss         | -0.773     |
|    explained_variance   | 0.932      |
|    learning_rate        | 0.0003     |
|    loss                 | 0.000523   |
|    n_updates            | 470        |
|    policy_gradient_loss | 0.00215    |
|    std                  | 0.355      |
|    value_loss           | 0.14       |
----------------------------------------
-----------------------------------------
| rollout/                |             |
|    ep_len_mean          | 160         |
|    ep_rew_mean          | 115         |
| time/                   |             |
|    fps                  | 13          |
|    iterations           | 49          |
|    time_elapsed         | 60638       |
|    total_timesteps      | 802816      |
| train/                  |             |
|    approx_kl            | 0.039141834 |
|    clip_fraction        | 0.262       |
|    clip_range           | 0.2         |
|    entropy_loss         | -0.757      |
|    explained_variance   | 0.175       |
|    learning_rate        | 0.0003      |
|    loss                 | -0.0126     |
|    n_updates            | 480         |
|    policy_gradient_loss | 0.00765     |
|    std                  | 0.353       |
|    value_loss           | 0.145       |
-----------------------------------------
----------------------------------------
| rollout/                |            |
|    ep_len_mean          | 160        |
|    ep_rew_mean          | 115        |
| time/                   |            |
|    fps                  | 13         |
|    iterations           | 50         |
|    time_elapsed         | 61873      |
|    total_timesteps      | 819200     |
| train/                  |            |
|    approx_kl            | 0.10335922 |
|    clip_fraction        | 0.256      |
|    clip_range           | 0.2        |
|    entropy_loss         | -0.732     |
|    explained_variance   | 0.859      |
|    learning_rate        | 0.0003     |
|    loss                 | 0.0022     |
|    n_updates            | 490        |
|    policy_gradient_loss | 0.00851    |
|    std                  | 0.344      |
|    value_loss           | 0.682      |
----------------------------------------
----------------------------------------
| rollout/                |            |
|    ep_len_mean          | 160        |
|    ep_rew_mean          | 116        |
| time/                   |            |
|    fps                  | 13         |
|    iterations           | 51         |
|    time_elapsed         | 63101      |
|    total_timesteps      | 835584     |
| train/                  |            |
|    approx_kl            | 0.07168492 |
|    clip_fraction        | 0.261      |
|    clip_range           | 0.2        |
|    entropy_loss         | -0.684     |
|    explained_variance   | 0.881      |
|    learning_rate        | 0.0003     |
|    loss                 | -0.00525   |
|    n_updates            | 500        |
|    policy_gradient_loss | 0.00811    |
|    std                  | 0.338      |
|    value_loss           | 0.28       |
----------------------------------------
----------------------------------------
| rollout/                |            |
|    ep_len_mean          | 160        |
|    ep_rew_mean          | 115        |
| time/                   |            |
|    fps                  | 13         |
|    iterations           | 52         |
|    time_elapsed         | 64318      |
|    total_timesteps      | 851968     |
| train/                  |            |
|    approx_kl            | 0.05035749 |
|    clip_fraction        | 0.282      |
|    clip_range           | 0.2        |
|    entropy_loss         | -0.631     |
|    explained_variance   | 0.0337     |
|    learning_rate        | 0.0003     |
|    loss                 | -0.0236    |
|    n_updates            | 510        |
|    policy_gradient_loss | 0.00847    |
|    std                  | 0.33       |
|    value_loss           | 0.267      |
----------------------------------------
----------------------------------------
| rollout/                |            |
|    ep_len_mean          | 160        |
|    ep_rew_mean          | 117        |
| time/                   |            |
|    fps                  | 13         |
|    iterations           | 53         |
|    time_elapsed         | 65538      |
|    total_timesteps      | 868352     |
| train/                  |            |
|    approx_kl            | 0.08628166 |
|    clip_fraction        | 0.265      |
|    clip_range           | 0.2        |
|    entropy_loss         | -0.563     |
|    explained_variance   | 0.901      |
|    learning_rate        | 0.0003     |
|    loss                 | -0.0215    |
|    n_updates            | 520        |
|    policy_gradient_loss | 0.00186    |
|    std                  | 0.315      |
|    value_loss           | 0.35       |
----------------------------------------
-----------------------------------------
| rollout/                |             |
|    ep_len_mean          | 160         |
|    ep_rew_mean          | 115         |
| time/                   |             |
|    fps                  | 13          |
|    iterations           | 54          |
|    time_elapsed         | 66786       |
|    total_timesteps      | 884736      |
| train/                  |             |
|    approx_kl            | 0.046478778 |
|    clip_fraction        | 0.253       |
|    clip_range           | 0.2         |
|    entropy_loss         | -0.515      |
|    explained_variance   | 0.963       |
|    learning_rate        | 0.0003      |
|    loss                 | 0.157       |
|    n_updates            | 530         |
|    policy_gradient_loss | 0.00256     |
|    std                  | 0.311       |
|    value_loss           | 0.0595      |
-----------------------------------------
---------------------------------------
| rollout/                |           |
|    ep_len_mean          | 160       |
|    ep_rew_mean          | 116       |
| time/                   |           |
|    fps                  | 13        |
|    iterations           | 55        |
|    time_elapsed         | 68014     |
|    total_timesteps      | 901120    |
| train/                  |           |
|    approx_kl            | 0.1476129 |
|    clip_fraction        | 0.277     |
|    clip_range           | 0.2       |
|    entropy_loss         | -0.449    |
|    explained_variance   | 0.933     |
|    learning_rate        | 0.0003    |
|    loss                 | 0.0143    |
|    n_updates            | 540       |
|    policy_gradient_loss | -0.00167  |
|    std                  | 0.301     |
|    value_loss           | 0.768     |
---------------------------------------
-----------------------------------------
| rollout/                |             |
|    ep_len_mean          | 160         |
|    ep_rew_mean          | 116         |
| time/                   |             |
|    fps                  | 13          |
|    iterations           | 56          |
|    time_elapsed         | 69426       |
|    total_timesteps      | 917504      |
| train/                  |             |
|    approx_kl            | 0.043679677 |
|    clip_fraction        | 0.294       |
|    clip_range           | 0.2         |
|    entropy_loss         | -0.411      |
|    explained_variance   | 0.357       |
|    learning_rate        | 0.0003      |
|    loss                 | 0.0156      |
|    n_updates            | 550         |
|    policy_gradient_loss | 0.0108      |
|    std                  | 0.297       |
|    value_loss           | 0.0204      |
-----------------------------------------
-----------------------------------------
| rollout/                |             |
|    ep_len_mean          | 160         |
|    ep_rew_mean          | 114         |
| time/                   |             |
|    fps                  | 13          |
|    iterations           | 57          |
|    time_elapsed         | 70898       |
|    total_timesteps      | 933888      |
| train/                  |             |
|    approx_kl            | 0.058599148 |
|    clip_fraction        | 0.24        |
|    clip_range           | 0.2         |
|    entropy_loss         | -0.367      |
|    explained_variance   | 0.965       |
|    learning_rate        | 0.0003      |
|    loss                 | 0.115       |
|    n_updates            | 560         |
|    policy_gradient_loss | 0.00217     |
|    std                  | 0.288       |
|    value_loss           | 0.218       |
-----------------------------------------
----------------------------------------
| rollout/                |            |
|    ep_len_mean          | 160        |
|    ep_rew_mean          | 115        |
| time/                   |            |
|    fps                  | 13         |
|    iterations           | 58         |
|    time_elapsed         | 72380      |
|    total_timesteps      | 950272     |
| train/                  |            |
|    approx_kl            | 0.24256314 |
|    clip_fraction        | 0.251      |
|    clip_range           | 0.2        |
|    entropy_loss         | -0.294     |
|    explained_variance   | 0.949      |
|    learning_rate        | 0.0003     |
|    loss                 | -0.0188    |
|    n_updates            | 570        |
|    policy_gradient_loss | -0.00693   |
|    std                  | 0.278      |
|    value_loss           | 0.706      |
----------------------------------------
---------------------------------------
| rollout/                |           |
|    ep_len_mean          | 160       |
|    ep_rew_mean          | 114       |
| time/                   |           |
|    fps                  | 13        |
|    iterations           | 59        |
|    time_elapsed         | 73859     |
|    total_timesteps      | 966656    |
| train/                  |           |
|    approx_kl            | 0.1489586 |
|    clip_fraction        | 0.293     |
|    clip_range           | 0.2       |
|    entropy_loss         | -0.249    |
|    explained_variance   | 0.89      |
|    learning_rate        | 0.0003    |
|    loss                 | 0.226     |
|    n_updates            | 580       |
|    policy_gradient_loss | 0.00641   |
|    std                  | 0.272     |
|    value_loss           | 0.968     |
---------------------------------------
----------------------------------------
| rollout/                |            |
|    ep_len_mean          | 160        |
|    ep_rew_mean          | 116        |
| time/                   |            |
|    fps                  | 13         |
|    iterations           | 60         |
|    time_elapsed         | 75336      |
|    total_timesteps      | 983040     |
| train/                  |            |
|    approx_kl            | 0.25661385 |
|    clip_fraction        | 0.324      |
|    clip_range           | 0.2        |
|    entropy_loss         | -0.26      |
|    explained_variance   | 0.779      |
|    learning_rate        | 0.0003     |
|    loss                 | 0.315      |
|    n_updates            | 590        |
|    policy_gradient_loss | 0.0227     |
|    std                  | 0.275      |
|    value_loss           | 3.72       |
----------------------------------------
----------------------------------------
| rollout/                |            |
|    ep_len_mean          | 160        |
|    ep_rew_mean          | 116        |
| time/                   |            |
|    fps                  | 13         |
|    iterations           | 61         |
|    time_elapsed         | 76817      |
|    total_timesteps      | 999424     |
| train/                  |            |
|    approx_kl            | 0.09820614 |
|    clip_fraction        | 0.312      |
|    clip_range           | 0.2        |
|    entropy_loss         | -0.247     |
|    explained_variance   | -0.187     |
|    learning_rate        | 0.0003     |
|    loss                 | 0.0158     |
|    n_updates            | 600        |
|    policy_gradient_loss | 0.0156     |
|    std                  | 0.272      |
|    value_loss           | 0.249      |
----------------------------------------
----------------------------------------
| rollout/                |            |
|    ep_len_mean          | 160        |
|    ep_rew_mean          | 116        |
| time/                   |            |
|    fps                  | 12         |
|    iterations           | 62         |
|    time_elapsed         | 78301      |
|    total_timesteps      | 1015808    |
| train/                  |            |
|    approx_kl            | 0.04800495 |
|    clip_fraction        | 0.288      |
|    clip_range           | 0.2        |
|    entropy_loss         | -0.224     |
|    explained_variance   | 0.567      |
|    learning_rate        | 0.0003     |
|    loss                 | 0.00391    |
|    n_updates            | 610        |
|    policy_gradient_loss | 0.0109     |
|    std                  | 0.269      |
|    value_loss           | 0.232      |
----------------------------------------


###############################################################################
TCHPC Cluster: callan
Job 164728 (attn_learned_highway_lanechange_dense_obs20_seed0_ne8_1000000_v6) for User 'hadjitot' in Account 'callan_hadjitot'
Finished at: Wed Mar 11 12:59:49 GMT 2026

Job efficiency estimates:
=========================

Job ID: 164728
Cluster: callan
User/Group: hadjitot/hadjitot
State: COMPLETED (exit code 0)
Nodes: 1
Cores per node: 16
CPU Utilized: 7-00:51:19
CPU Efficiency: 48.49% of 14-12:13:52 core-walltime
Job Wall-clock time: 21:45:52
Memory Utilized: 3.37 GB
Memory Efficiency: 10.53% of 32.00 GB (32.00 GB/node)

Job completion status:
======================

JobID           JobName AllocCPUS NTasks NNodes     MaxRSS    MaxRSSNode  MaxDiskRead MaxDiskWrite    Elapsed      State ExitCode 
------------ ---------- --------- ------ ------ ---------- ------------- ------------ ------------ ---------- ---------- -------- 
164728       attn_lear+        16             1                                                      21:45:52  COMPLETED      0:0 
164728.batch      batch        16      1      1   3533756K    callan-n06     1477.65M     1150.27M   21:45:52  COMPLETED      0:0 
164728.exte+     extern        16      1      1                                                      21:45:52  COMPLETED      0:0 


Job details:
============

JobId=164728 JobName=attn_learned_highway_lanechange_dense_obs20_seed0_ne8_1000000_v6
   UserId=hadjitot(2357) GroupId=hadjitot(2300) MCS_label=N/A
   Priority=103084 Nice=0 Account=callan_hadjitot QOS=normal
   JobState=COMPLETING Reason=None Dependency=(null)
   Requeue=0 Restarts=0 BatchFlag=1 Reboot=0 ExitCode=0:0
   DerivedExitCode=0:0
   RunTime=21:45:52 TimeLimit=2-00:00:00 TimeMin=N/A
   SubmitTime=2026-03-10T14:38:31 EligibleTime=2026-03-10T14:38:31
   AccrueTime=2026-03-10T14:38:31
   StartTime=2026-03-10T15:13:57 EndTime=2026-03-11T12:59:49 Deadline=N/A
   SuspendTime=None SecsPreSuspend=0 LastSchedEval=2026-03-10T15:13:57 Scheduler=Backfill
   Partition=compute AllocNode:Sid=callan01:3539149
   ReqNodeList=(null) ExcNodeList=(null)
   NodeList=callan-n06
   BatchHost=callan-n06
   NumNodes=1 NumCPUs=16 NumTasks=1 CPUs/Task=16 ReqB:S:C:T=0:0:*:*
   ReqTRES=cpu=16,mem=32G,node=1,billing=16
   AllocTRES=cpu=16,mem=32G,node=1,billing=16
   Socks/Node=* NtasksPerN:B:S:C=0:0:*:* CoreSpec=*
   JOB_GRES=(null)
     Nodes=callan-n06 CPU_IDs=48-63 Mem=32768 GRES=
   MinCPUsNode=16 MinMemoryNode=32G MinTmpDiskNode=0
   Features=(null) DelayBoot=00:00:00
   OverSubscribe=OK Contiguous=0 Licenses=(null) LicensesAlloc=(null) Network=(null)
   Command=/home/users/hadjitot/fyp/HighwayEnv/slurm/train_attention.sbatch
   WorkDir=/home/users/hadjitot/fyp/HighwayEnv
   StdErr=/home/users/hadjitot/fyp/HighwayEnv/slurm_out/attn_learned_highway_lanechange_dense_obs20_seed0_ne8_1000000_v6_164728.err
   StdIn=/dev/null
   StdOut=/home/users/hadjitot/fyp/HighwayEnv/slurm_out/attn_learned_highway_lanechange_dense_obs20_seed0_ne8_1000000_v6_164728.out
   TresPerTask=cpu=16
   


Disk quota details:
===================

                         Block Limits                                    |                     File Limits
Name       type             MB      quota      limit   in_doubt    grace |    files   quota    limit in_doubt    grace
root       USR         4830687          0          0        418     none |   389193       0        0      258     none
root       FILESET     4826672          0          0       2627     none |  9907300       0        0      667     none


SLURM Bank Statement:
=====================

User           Usage |        Account     Usage | Account Limit Available (CPU hrs)
---------- --------- + -------------- --------- + ------------- ---------
hadjitot      18,318 | CALLAN_HADJITOT    18,318 |       300,000   281,682


Acknowledgements:
=================

Note that usage of TCHPC Resources *must* be acknowledged in all publications.

Please see this page for details relevant to this cluster:

http://www.tchpc.tcd.ie/resources/acknowledgementpolicy

################################################################################
