Loading Anaconda 3 2024.02-1
SCENARIO_NAME=highway_lanechange_dense_obs20
SEED=0
EXP_VERSION=v10
ATTN_MODE=learned
CONTROLLED_VEHICLES=2
MODEL_DIR=runs/models
MODEL_PATH=runs/models/ppo_shared_attn_learned_highway_lanechange_dense_obs20_v10_cv2_seed0.zip
STEPS=5000
OUT_DIR=runs/attn_logs_shared/learned/highway_lanechange_dense_obs20/cv2/seed0
SCENARIO_NAME=highway_lanechange_dense_obs20 SEED=0 ATTN_MODE=learned CONTROLLED_VEHICLES=2
Resolved MODEL_PATH=/home/users/hadjitot/fyp/HighwayEnv/runs/models/ppo_shared_attn_learned_highway_lanechange_dense_obs20_v10_cv2_seed0.zip
Per-agent env obs shape: (20, 5)
Model obs shape: (20, 5)
Attention log steps: 5000
Saved: (5000, 2, 19) (5000, 2, 19) (5000, 2, 19) (5000, 2, 19)
steps=5000 agents=2 neighbours=19
log_dir=runs/attn_logs_shared/learned/highway_lanechange_dense_obs20/cv2/seed0
AGGREGATE
  T: 10000 N: 19
  argmax==leader hit rate: 0.0952
  mean attention on leader: 0.08907773
  mean attention entropy: 2.5667264
  argmax==ttc_critical hit rate: 0.0353
  mean attention on ttc_critical: 0.07846736
  fraction steps with closing TTC candidate: 1.0
  mean min TTC (closing steps only): 0.8873636722564697
AGENT 0
  T: 5000 N: 19
  argmax==leader hit rate: 0.0668
  mean attention on leader: 0.08608399
  mean attention entropy: 2.5763388
  argmax==ttc_critical hit rate: 0.0122
  mean attention on ttc_critical: 0.074920096
  fraction steps with closing TTC candidate: 1.0
  mean min TTC (closing steps only): 0.9545849561691284
AGENT 1
  T: 5000 N: 19
  argmax==leader hit rate: 0.1236
  mean attention on leader: 0.09207146
  mean attention entropy: 2.5571144
  argmax==ttc_critical hit rate: 0.0584
  mean attention on ttc_critical: 0.08201463
  fraction steps with closing TTC candidate: 1.0
  mean min TTC (closing steps only): 0.820142388343811


###############################################################################
TCHPC Cluster: callan
Job 168037 (attnlog_highway_lanechange_dense_obs20_seed0_cv2_v10) for User 'hadjitot' in Account 'callan_hadjitot'
Finished at: Tue Mar 17 22:38:17 GMT 2026

Job efficiency estimates:
=========================

Job ID: 168037
Cluster: callan
User/Group: hadjitot/hadjitot
State: RUNNING
Nodes: 1
Cores per node: 8
CPU Utilized: 00:03:17
CPU Efficiency: 13.76% of 00:23:52 core-walltime
Job Wall-clock time: 00:02:59
Memory Utilized: 626.68 MB
Memory Efficiency: 3.82% of 16.00 GB (16.00 GB/node)
WARNING: Efficiency statistics can only be obtained after the job has ended as seff tool is based on the accounting database data.

Job completion status:
======================

JobID           JobName AllocCPUS NTasks NNodes     MaxRSS    MaxRSSNode  MaxDiskRead MaxDiskWrite    Elapsed      State ExitCode 
------------ ---------- --------- ------ ------ ---------- ------------- ------------ ------------ ---------- ---------- -------- 
168037       attnlog_h+         8             1                                                      00:03:34  COMPLETED      0:0 
168037.batch      batch         8      1      1    641720K    callan-n10       61.05M        0.01M   00:03:34  COMPLETED      0:0 
168037.exte+     extern         8      1      1                                                      00:03:34  COMPLETED      0:0 


Job details:
============

JobId=168037 JobName=attnlog_highway_lanechange_dense_obs20_seed0_cv2_v10
   UserId=hadjitot(2357) GroupId=hadjitot(2300) MCS_label=N/A
   Priority=108911 Nice=0 Account=callan_hadjitot QOS=normal
   JobState=COMPLETING Reason=None Dependency=(null)
   Requeue=0 Restarts=0 BatchFlag=1 Reboot=0 ExitCode=0:0
   DerivedExitCode=0:0
   RunTime=00:03:34 TimeLimit=1-00:00:00 TimeMin=N/A
   SubmitTime=2026-03-17T02:37:42 EligibleTime=2026-03-17T22:34:43
   AccrueTime=Unknown
   StartTime=2026-03-17T22:34:43 EndTime=2026-03-17T22:38:17 Deadline=N/A
   SuspendTime=None SecsPreSuspend=0 LastSchedEval=2026-03-17T22:34:43 Scheduler=Backfill
   Partition=compute AllocNode:Sid=callan01:713343
   ReqNodeList=(null) ExcNodeList=(null)
   NodeList=callan-n10
   BatchHost=callan-n10
   NumNodes=1 NumCPUs=8 NumTasks=1 CPUs/Task=8 ReqB:S:C:T=0:0:*:*
   ReqTRES=cpu=8,mem=16G,node=1,billing=8
   AllocTRES=cpu=8,mem=16G,node=1,billing=8
   Socks/Node=* NtasksPerN:B:S:C=0:0:*:* CoreSpec=*
   JOB_GRES=(null)
     Nodes=callan-n10 CPU_IDs=32-33,54-59 Mem=16384 GRES=
   MinCPUsNode=8 MinMemoryNode=16G MinTmpDiskNode=0
   Features=(null) DelayBoot=00:00:00
   OverSubscribe=OK Contiguous=0 Licenses=(null) LicensesAlloc=(null) Network=(null)
   Command=/home/users/hadjitot/fyp/HighwayEnv/slurm/eval_shared_attention.sbatch
   WorkDir=/home/users/hadjitot/fyp/HighwayEnv
   StdErr=/home/users/hadjitot/fyp/HighwayEnv/slurm_out/attnlog_highway_lanechange_dense_obs20_seed0_cv2_v10_168037.err
   StdIn=/dev/null
   StdOut=/home/users/hadjitot/fyp/HighwayEnv/slurm_out/attnlog_highway_lanechange_dense_obs20_seed0_cv2_v10_168037.out
   TresPerTask=cpu=8
   


Disk quota details:
===================

                         Block Limits                                    |                     File Limits
Name       type             MB      quota      limit   in_doubt    grace |    files   quota    limit in_doubt    grace
root       USR         4851708          0          0       1082     none |   392552       0        0      505     none
root       FILESET     4915784          0          0       2847     none |  9911377       0        0      883     none


SLURM Bank Statement:
=====================

User           Usage |        Account     Usage | Account Limit Available (CPU hrs)
---------- --------- + -------------- --------- + ------------- ---------
hadjitot      15,769 | CALLAN_HADJITOT    15,769 |       300,000   284,231


Acknowledgements:
=================

Note that usage of TCHPC Resources *must* be acknowledged in all publications.

Please see this page for details relevant to this cluster:

http://www.tchpc.tcd.ie/resources/acknowledgementpolicy

################################################################################
