Loading Anaconda 3 2024.02-1
SCENARIO_NAME=cf_obs15
EXP_VERSION=v11_mappo_attn
SEED=0
ATTN_MODE=learned
CONTROLLED_VEHICLES=2
MODEL_DIR=runs/models
MODEL_PATH=
STEPS=5000
DEVICE=cpu


###############################################################################
TCHPC Cluster: callan
Job 169730 (attnlog_mappo_cf_obs15_seed0_cv2_v11_mappo_attn) for User 'hadjitot' in Account 'callan_hadjitot'
Finished at: Wed Mar 25 09:51:39 GMT 2026

Job efficiency estimates:
=========================

Job ID: 169730
Cluster: callan
User/Group: hadjitot/hadjitot
State: RUNNING
Nodes: 1
Cores per node: 4
CPU Utilized: 00:00:00
CPU Efficiency: 0.00% of 00:00:00 core-walltime
Job Wall-clock time: 00:00:00
Memory Utilized: 0.00 MB
Memory Efficiency: 0.00% of 8.00 GB (8.00 GB/node)
WARNING: Efficiency statistics can only be obtained after the job has ended as seff tool is based on the accounting database data.

Job completion status:
======================

JobID           JobName AllocCPUS NTasks NNodes     MaxRSS    MaxRSSNode  MaxDiskRead MaxDiskWrite    Elapsed      State ExitCode 
------------ ---------- --------- ------ ------ ---------- ------------- ------------ ------------ ---------- ---------- -------- 
169730       attnlog_m+         4             1                                                      00:00:00    RUNNING      0:0 
169730.batch      batch         4      1      1    583868K    callan-n09            0        0.00M   00:00:21     FAILED      1:0 
169730.exte+     extern         4      1      1                                                      00:00:00    RUNNING      0:0 


Job details:
============

JobId=169730 JobName=attnlog_mappo_cf_obs15_seed0_cv2_v11_mappo_attn
   UserId=hadjitot(2357) GroupId=hadjitot(2300) MCS_label=N/A
   Priority=111750 Nice=0 Account=callan_hadjitot QOS=normal
   JobState=COMPLETING Reason=NonZeroExitCode Dependency=(null)
   Requeue=0 Restarts=0 BatchFlag=1 Reboot=0 ExitCode=1:0
   DerivedExitCode=0:0
   RunTime=00:00:21 TimeLimit=12:00:00 TimeMin=N/A
   SubmitTime=2026-03-21T18:18:12 EligibleTime=2026-03-24T14:57:19
   AccrueTime=2026-03-24T14:57:19
   StartTime=2026-03-25T09:51:18 EndTime=2026-03-25T09:51:39 Deadline=N/A
   SuspendTime=None SecsPreSuspend=0 LastSchedEval=2026-03-25T09:51:18 Scheduler=Backfill
   Partition=compute AllocNode:Sid=callan01:87215
   ReqNodeList=(null) ExcNodeList=(null)
   NodeList=callan-n09
   BatchHost=callan-n09
   NumNodes=1 NumCPUs=4 NumTasks=1 CPUs/Task=4 ReqB:S:C:T=0:0:*:*
   ReqTRES=cpu=4,mem=8G,node=1,billing=4
   AllocTRES=cpu=4,mem=8G,node=1,billing=4
   Socks/Node=* NtasksPerN:B:S:C=0:0:*:* CoreSpec=*
   JOB_GRES=(null)
     Nodes=callan-n09 CPU_IDs=30-31,62-63 Mem=8192 GRES=
   MinCPUsNode=4 MinMemoryNode=8G MinTmpDiskNode=0
   Features=(null) DelayBoot=00:00:00
   OverSubscribe=OK Contiguous=0 Licenses=(null) LicensesAlloc=(null) Network=(null)
   Command=/home/users/hadjitot/fyp/HighwayEnv/slurm/eval_mappo_attention.sbatch
   WorkDir=/home/users/hadjitot/fyp/HighwayEnv
   StdErr=/home/users/hadjitot/fyp/HighwayEnv/slurm_out/attnlog_mappo_cf_obs15_seed0_cv2_v11_mappo_attn_169730.err
   StdIn=/dev/null
   StdOut=/home/users/hadjitot/fyp/HighwayEnv/slurm_out/attnlog_mappo_cf_obs15_seed0_cv2_v11_mappo_attn_169730.out
   TresPerTask=cpu=4
   


Disk quota details:
===================

                         Block Limits                                    |                     File Limits
Name       type             MB      quota      limit   in_doubt    grace |    files   quota    limit in_doubt    grace
root       USR         4907734          0          0       1132     none |   395373       0        0      532     none
root       FILESET     5151048          0          0       3576     none |  9898307       0        0     1146     none


SLURM Bank Statement:
=====================

User           Usage |        Account     Usage | Account Limit Available (CPU hrs)
---------- --------- + -------------- --------- + ------------- ---------
hadjitot      12,353 | CALLAN_HADJITOT    12,353 |       300,000   287,647


Acknowledgements:
=================

Note that usage of TCHPC Resources *must* be acknowledged in all publications.

Please see this page for details relevant to this cluster:

http://www.tchpc.tcd.ie/resources/acknowledgementpolicy

################################################################################
