Loading Anaconda 3 2024.02-1
SCENARIO_NAME=highway_lanechange_dense_obs20
SEED=1
EXP_VERSION=v12
ATTN_MODE=learned
MODEL_PATH=runs/models/ppo_attn_learned_highway_lanechange_dense_obs20_v12_seed1.zip
STEPS=5000
OUT_DIR=runs/attn_logs/v12/learned/highway_lanechange_dense_obs20/seed1
SCENARIO_NAME=highway_lanechange_dense_obs20 SEED=1 ATTN_MODE=learned
Resolved MODEL_PATH=/home/users/hadjitot/fyp/HighwayEnv/runs/models/ppo_attn_learned_highway_lanechange_dense_obs20_v12_seed1.zip
Env obs shape: (20, 5)
Model obs shape: (20, 5)
Attention log steps: 5000
Saved: (5000, 19) (5000, 19) (5000, 19) (5000, 19)
T: 5000 N: 19
argmax==leader hit rate: 0.0534
mean attention on leader: 0.063708596
mean attention entropy: 2.24427
argmax==ttc_critical hit rate: 0.0052
mean attention on ttc_critical: 0.047649927
fraction steps with closing TTC candidate: 1.0
mean min TTC (closing steps only): 0.7966895699501038


###############################################################################
TCHPC Cluster: callan
Job 172752 (attnlog_learned_highway_lanechange_dense_obs20_seed1_v12) for User 'hadjitot' in Account 'callan_hadjitot'
Finished at: Thu Apr  2 15:52:30 IST 2026

Job efficiency estimates:
=========================

Job ID: 172752
Cluster: callan
User/Group: hadjitot/hadjitot
State: COMPLETED (exit code 0)
Nodes: 1
Cores per node: 16
CPU Utilized: 00:02:44
CPU Efficiency: 5.66% of 00:48:16 core-walltime
Job Wall-clock time: 00:03:01
Memory Utilized: 417.37 MB
Memory Efficiency: 1.27% of 32.00 GB (32.00 GB/node)

Job completion status:
======================

JobID           JobName AllocCPUS NTasks NNodes     MaxRSS    MaxRSSNode  MaxDiskRead MaxDiskWrite    Elapsed      State ExitCode 
------------ ---------- --------- ------ ------ ---------- ------------- ------------ ------------ ---------- ---------- -------- 
172752       attnlog_l+        16             1                                                      00:03:01  COMPLETED      0:0 
172752.batch      batch        16      1      1    427388K    callan-n05       61.30M        0.01M   00:03:01  COMPLETED      0:0 
172752.exte+     extern        16      1      1                                                      00:03:01  COMPLETED      0:0 


Job details:
============

JobId=172752 JobName=attnlog_learned_highway_lanechange_dense_obs20_seed1_v12
   UserId=hadjitot(2357) GroupId=hadjitot(2300) MCS_label=N/A
   Priority=109421 Nice=0 Account=callan_hadjitot QOS=normal
   JobState=COMPLETING Reason=None Dependency=(null)
   Requeue=0 Restarts=0 BatchFlag=1 Reboot=0 ExitCode=0:0
   DerivedExitCode=0:0
   RunTime=00:03:01 TimeLimit=2-00:00:00 TimeMin=N/A
   SubmitTime=2026-04-02T15:43:04 EligibleTime=2026-04-02T15:43:04
   AccrueTime=2026-04-02T15:43:04
   StartTime=2026-04-02T15:49:29 EndTime=2026-04-02T15:52:30 Deadline=N/A
   SuspendTime=None SecsPreSuspend=0 LastSchedEval=2026-04-02T15:49:29 Scheduler=Backfill
   Partition=compute AllocNode:Sid=callan01:3480659
   ReqNodeList=(null) ExcNodeList=(null)
   NodeList=callan-n05
   BatchHost=callan-n05
   NumNodes=1 NumCPUs=16 NumTasks=1 CPUs/Task=16 ReqB:S:C:T=0:0:*:*
   ReqTRES=cpu=16,mem=32G,node=1,billing=16
   AllocTRES=cpu=16,mem=32G,node=1,billing=16
   Socks/Node=* NtasksPerN:B:S:C=0:0:*:* CoreSpec=*
   JOB_GRES=(null)
     Nodes=callan-n05 CPU_IDs=2-17 Mem=32768 GRES=
   MinCPUsNode=16 MinMemoryNode=32G MinTmpDiskNode=0
   Features=(null) DelayBoot=00:00:00
   OverSubscribe=OK Contiguous=0 Licenses=(null) LicensesAlloc=(null) Network=(null)
   Command=/home/users/hadjitot/fyp/HighwayEnv/slurm/eval_attention.sbatch
   WorkDir=/home/users/hadjitot/fyp/HighwayEnv
   StdErr=/home/users/hadjitot/fyp/HighwayEnv/slurm_out/attnlog_learned_highway_lanechange_dense_obs20_seed1_v12_172752.err
   StdIn=/dev/null
   StdOut=/home/users/hadjitot/fyp/HighwayEnv/slurm_out/attnlog_learned_highway_lanechange_dense_obs20_seed1_v12_172752.out
   TresPerTask=cpu=16
   


Disk quota details:
===================

                         Block Limits                                    |                     File Limits
Name       type             MB      quota      limit   in_doubt    grace |    files   quota    limit in_doubt    grace
root       USR         5060954          0          0       1850     none |   401824       0        0      839     none
root       FILESET     4877753          0          0       4209     none |  9955901       0        0     1491     none


SLURM Bank Statement:
=====================

User           Usage |        Account     Usage | Account Limit Available (CPU hrs)
---------- --------- + -------------- --------- + ------------- ---------
hadjitot      11,223 | CALLAN_HADJITOT    11,223 |       300,000   288,777


Acknowledgements:
=================

Note that usage of TCHPC Resources *must* be acknowledged in all publications.

Please see this page for details relevant to this cluster:

http://www.tchpc.tcd.ie/resources/acknowledgementpolicy

################################################################################
