Loading Anaconda 3 2024.02-1
SCENARIO_NAME=cf_obs20_dense
SEED=2
EXP_VERSION=v5
ATTN_MODE=learned
MODEL_PATH=runs/models/ppo_attn_learned_cf_obs20_dense_v5_seed2.zip
STEPS=100000
OUT_DIR=runs/attn_logs/learned/cf_obs20_dense/seed2
SCENARIO_NAME=cf_obs20_dense SEED=2 ATTN_MODE=learned
Resolved MODEL_PATH=/home/users/hadjitot/fyp/HighwayEnv/runs/models/ppo_attn_learned_cf_obs20_dense_v5_seed2.zip
Env obs shape: (20, 5)
Model obs shape: (20, 5)
Saved: (100000, 19) (100000, 19) (100000, 19) (100000, 19)
T: 100000 N: 19
argmax==leader hit rate: 0.77206
mean attention on leader: 0.13526511
mean attention entropy: 0.86047935
argmax==ttc_critical hit rate: 0.79458
mean attention on ttc_critical: 0.1408966
fraction steps with closing TTC candidate: 0.27532
mean min TTC (closing steps only): 5.743659019470215


###############################################################################
TCHPC Cluster: callan
Job 155887 (attnlog_learned_cf_obs20_dense_seed2_v5) for User 'hadjitot' in Account 'callan_hadjitot'
Finished at: Thu Mar  5 03:52:18 GMT 2026

Job efficiency estimates:
=========================

Job ID: 155887
Cluster: callan
User/Group: hadjitot/hadjitot
State: RUNNING
Nodes: 1
Cores per node: 16
CPU Utilized: 13:52:59
CPU Efficiency: 6.23% of 9-06:52:00 core-walltime
Job Wall-clock time: 13:55:45
Memory Utilized: 718.33 MB
Memory Efficiency: 2.19% of 32.00 GB (32.00 GB/node)
WARNING: Efficiency statistics can only be obtained after the job has ended as seff tool is based on the accounting database data.

Job completion status:
======================

JobID           JobName AllocCPUS NTasks NNodes     MaxRSS    MaxRSSNode  MaxDiskRead MaxDiskWrite    Elapsed      State ExitCode 
------------ ---------- --------- ------ ------ ---------- ------------- ------------ ------------ ---------- ---------- -------- 
155887       attnlog_l+        16             1                                                      13:56:20  COMPLETED      0:0 
155887.batch      batch        16      1      1    735572K    callan-n01       61.28M        0.01M   13:56:20  COMPLETED      0:0 
155887.exte+     extern        16      1      1                                                      13:56:20  COMPLETED      0:0 


Job details:
============

JobId=155887 JobName=attnlog_learned_cf_obs20_dense_seed2_v5
   UserId=hadjitot(2357) GroupId=hadjitot(2300) MCS_label=N/A
   Priority=100774 Nice=0 Account=callan_hadjitot QOS=normal
   JobState=COMPLETING Reason=None Dependency=(null)
   Requeue=0 Restarts=0 BatchFlag=1 Reboot=0 ExitCode=0:0
   DerivedExitCode=0:0
   RunTime=13:56:20 TimeLimit=2-00:00:00 TimeMin=N/A
   SubmitTime=2026-03-04T13:55:36 EligibleTime=2026-03-04T13:55:36
   AccrueTime=2026-03-04T13:55:36
   StartTime=2026-03-04T13:55:58 EndTime=2026-03-05T03:52:18 Deadline=N/A
   SuspendTime=None SecsPreSuspend=0 LastSchedEval=2026-03-04T13:55:58 Scheduler=Backfill
   Partition=compute AllocNode:Sid=callan01:3513000
   ReqNodeList=(null) ExcNodeList=(null)
   NodeList=callan-n01
   BatchHost=callan-n01
   NumNodes=1 NumCPUs=16 NumTasks=1 CPUs/Task=16 ReqB:S:C:T=0:0:*:*
   ReqTRES=cpu=16,mem=32G,node=1,billing=16
   AllocTRES=cpu=16,mem=32G,node=1,billing=16
   Socks/Node=* NtasksPerN:B:S:C=0:0:*:* CoreSpec=*
   JOB_GRES=(null)
     Nodes=callan-n01 CPU_IDs=47-59,61-63 Mem=32768 GRES=
   MinCPUsNode=16 MinMemoryNode=32G MinTmpDiskNode=0
   Features=(null) DelayBoot=00:00:00
   OverSubscribe=OK Contiguous=0 Licenses=(null) LicensesAlloc=(null) Network=(null)
   Command=/home/users/hadjitot/fyp/HighwayEnv/slurm/eval_attention.sbatch
   WorkDir=/home/users/hadjitot/fyp/HighwayEnv
   StdErr=/home/users/hadjitot/fyp/HighwayEnv/slurm_out/attnlog_learned_cf_obs20_dense_seed2_v5_155887.err
   StdIn=/dev/null
   StdOut=/home/users/hadjitot/fyp/HighwayEnv/slurm_out/attnlog_learned_cf_obs20_dense_seed2_v5_155887.out
   TresPerTask=cpu=16
   


Disk quota details:
===================

                         Block Limits                                    |                     File Limits
Name       type             MB      quota      limit   in_doubt    grace |    files   quota    limit in_doubt    grace
root       USR         4822071          0          0          0     none |   380119       0        0        0     none
root       FILESET     4586685          0          0       2112     none |  9825192       0        0      567     none


SLURM Bank Statement:
=====================

User           Usage |        Account     Usage | Account Limit Available (CPU hrs)
---------- --------- + -------------- --------- + ------------- ---------
hadjitot      16,084 | CALLAN_HADJITOT    16,084 |       300,000   283,916


Acknowledgements:
=================

Note that usage of TCHPC Resources *must* be acknowledged in all publications.

Please see this page for details relevant to this cluster:

http://www.tchpc.tcd.ie/resources/acknowledgementpolicy

################################################################################
