Loading Anaconda 3 2024.02-1
Loading Anaconda 3 2024.02-1
SCENARIO_NAME=cf_v2
SEED=2
EXP_VERSION=v2
MODEL_PATH=runs/models/ppo_attn_cf_v2_v2_seed2.zip
STEPS=100000
OUT_DIR=runs/attn_logs/cf_v2/seed2
SCENARIO_NAME=cf_v2 SEED=2
Resolved MODEL_PATH=/home/users/hadjitot/fyp/HighwayEnv/runs/models/ppo_attn_cf_v2_v2_seed2.zip
Env obs shape: (5, 5)
Model obs shape: (5, 5)
Saved: (100000, 4) (100000, 4) (100000, 4)
T: 100000 N: 4
argmax==leader hit rate: 0.85822
mean attention on leader: 0.439671
mean attention entropy: 0.9349821


###############################################################################
TCHPC Cluster: callan
Job 140895 (attnlog_cf_v2_seed2_v2) for User 'hadjitot' in Account 'callan_hadjitot'
Finished at: Thu Feb 19 01:37:02 GMT 2026

Job efficiency estimates:
=========================

Job ID: 140895
Cluster: callan
User/Group: hadjitot/hadjitot
State: COMPLETED (exit code 0)
Nodes: 1
Cores per node: 16
CPU Utilized: 05:54:47
CPU Efficiency: 6.23% of 3-22:52:32 core-walltime
Job Wall-clock time: 05:55:47
Memory Utilized: 754.96 MB
Memory Efficiency: 2.30% of 32.00 GB (32.00 GB/node)

Job completion status:
======================

JobID           JobName AllocCPUS NTasks NNodes     MaxRSS    MaxRSSNode  MaxDiskRead MaxDiskWrite    Elapsed      State ExitCode 
------------ ---------- --------- ------ ------ ---------- ------------- ------------ ------------ ---------- ---------- -------- 
140895       attnlog_c+        16             1                                                      05:55:47  COMPLETED      0:0 
140895.batch      batch        16      1      1    773076K    callan-n06       61.28M        0.01M   05:55:47  COMPLETED      0:0 
140895.exte+     extern        16      1      1                                                      05:55:47  COMPLETED      0:0 


Job details:
============

JobId=140895 JobName=attnlog_cf_v2_seed2_v2
   UserId=hadjitot(2357) GroupId=hadjitot(2300) MCS_label=N/A
   Priority=112704 Nice=0 Account=callan_hadjitot QOS=normal
   JobState=COMPLETING Reason=None Dependency=(null)
   Requeue=0 Restarts=0 BatchFlag=1 Reboot=0 ExitCode=0:0
   DerivedExitCode=0:0
   RunTime=05:55:47 TimeLimit=2-00:00:00 TimeMin=N/A
   SubmitTime=2026-02-18T19:22:20 EligibleTime=2026-02-18T19:22:20
   AccrueTime=2026-02-18T19:22:20
   StartTime=2026-02-18T19:41:15 EndTime=2026-02-19T01:37:02 Deadline=N/A
   SuspendTime=None SecsPreSuspend=0 LastSchedEval=2026-02-18T19:41:15 Scheduler=Main
   Partition=compute AllocNode:Sid=callan01:3896046
   ReqNodeList=(null) ExcNodeList=(null)
   NodeList=callan-n06
   BatchHost=callan-n06
   NumNodes=1 NumCPUs=16 NumTasks=1 CPUs/Task=16 ReqB:S:C:T=0:0:*:*
   ReqTRES=cpu=16,mem=32G,node=1,billing=16
   AllocTRES=cpu=16,mem=32G,node=1,billing=16
   Socks/Node=* NtasksPerN:B:S:C=0:0:*:* CoreSpec=*
   JOB_GRES=(null)
     Nodes=callan-n06 CPU_IDs=24-34,42-46 Mem=32768 GRES=
   MinCPUsNode=16 MinMemoryNode=32G MinTmpDiskNode=0
   Features=(null) DelayBoot=00:00:00
   OverSubscribe=OK Contiguous=0 Licenses=(null) LicensesAlloc=(null) Network=(null)
   Command=/home/users/hadjitot/fyp/HighwayEnv/slurm/eval_attention.sbatch
   WorkDir=/home/users/hadjitot/fyp/HighwayEnv
   StdErr=/home/users/hadjitot/fyp/HighwayEnv/slurm_out/attnlog_cf_v2_seed2_v2_140895.err
   StdIn=/dev/null
   StdOut=/home/users/hadjitot/fyp/HighwayEnv/slurm_out/attnlog_cf_v2_seed2_v2_140895.out
   TresPerTask=cpu=16
   


Disk quota details:
===================

                         Block Limits                                    |                     File Limits
Name       type             MB      quota      limit   in_doubt    grace |    files   quota    limit in_doubt    grace
root       USR         4779094          0          0        238     none |   364104       0        0      259     none
root       FILESET     4826968          0          0       2464     none |  9484806       0        0      742     none


SLURM Bank Statement:
=====================

User           Usage |        Account     Usage | Account Limit Available (CPU hrs)
---------- --------- + -------------- --------- + ------------- ---------
hadjitot       8,761 | CALLAN_HADJITOT     8,761 |       300,000   291,239


Acknowledgements:
=================

Note that usage of TCHPC Resources *must* be acknowledged in all publications.

Please see this page for details relevant to this cluster:

http://www.tchpc.tcd.ie/resources/acknowledgementpolicy

################################################################################
