Loading Anaconda 3 2024.02-1
SCENARIO_NAME=highway_lanechange_dense_obs20
EXP_VERSION=v8
TOTAL_TIMESTEPS=1000000
N_ENVS=8
ATTN_MODE=learned
X_INDEX=1
VX_INDEX=3
ORACLE_RULE=leader_x
TTC_EPS=1e-6
ppo_attn_learned_highway_lanechange_dense_obs20_v8_seed1 obs shape: (20, 5) action space: Box(-1.0, 1.0, (2,), float32)
Using cpu device
Logging to runs/tb/ppo_attn_learned_highway_lanechange_dense_obs20_v8_seed1_1
---------------------------------
| rollout/           |          |
|    ep_len_mean     | 4.78     |
|    ep_rew_mean     | -0.796   |
|    success_rate    | 0        |
| time/              |          |
|    fps             | 170      |
|    iterations      | 1        |
|    time_elapsed    | 96       |
|    total_timesteps | 16384    |
---------------------------------
-----------------------------------------
| rollout/                |             |
|    ep_len_mean          | 4.51        |
|    ep_rew_mean          | -0.699      |
|    success_rate         | 0           |
| time/                   |             |
|    fps                  | 163         |
|    iterations           | 2           |
|    time_elapsed         | 200         |
|    total_timesteps      | 32768       |
| train/                  |             |
|    approx_kl            | 0.013765102 |
|    clip_fraction        | 0.19        |
|    clip_range           | 0.2         |
|    entropy_loss         | -2.83       |
|    explained_variance   | 0.00669     |
|    learning_rate        | 0.0003      |
|    loss                 | 6.66        |
|    n_updates            | 10          |
|    policy_gradient_loss | -0.0229     |
|    std                  | 1           |
|    value_loss           | 13.1        |
-----------------------------------------
---------------------------------------
| rollout/                |           |
|    ep_len_mean          | 4.03      |
|    ep_rew_mean          | 0.611     |
|    success_rate         | 0         |
| time/                   |           |
|    fps                  | 160       |
|    iterations           | 3         |
|    time_elapsed         | 306       |
|    total_timesteps      | 49152     |
| train/                  |           |
|    approx_kl            | 0.0171725 |
|    clip_fraction        | 0.238     |
|    clip_range           | 0.2       |
|    entropy_loss         | -2.82     |
|    explained_variance   | 0.165     |
|    learning_rate        | 0.0003    |
|    loss                 | 6.12      |
|    n_updates            | 20        |
|    policy_gradient_loss | -0.029    |
|    std                  | 0.989     |
|    value_loss           | 9.82      |
---------------------------------------
-----------------------------------------
| rollout/                |             |
|    ep_len_mean          | 4.23        |
|    ep_rew_mean          | 0.995       |
|    success_rate         | 0           |
| time/                   |             |
|    fps                  | 159         |
|    iterations           | 4           |
|    time_elapsed         | 410         |
|    total_timesteps      | 65536       |
| train/                  |             |
|    approx_kl            | 0.015252445 |
|    clip_fraction        | 0.146       |
|    clip_range           | 0.2         |
|    entropy_loss         | -2.77       |
|    explained_variance   | 0.184       |
|    learning_rate        | 0.0003      |
|    loss                 | 3.69        |
|    n_updates            | 30          |
|    policy_gradient_loss | -0.0184     |
|    std                  | 0.962       |
|    value_loss           | 6.12        |
-----------------------------------------
-----------------------------------------
| rollout/                |             |
|    ep_len_mean          | 4.63        |
|    ep_rew_mean          | 1.12        |
|    success_rate         | 0           |
| time/                   |             |
|    fps                  | 159         |
|    iterations           | 5           |
|    time_elapsed         | 514         |
|    total_timesteps      | 81920       |
| train/                  |             |
|    approx_kl            | 0.032405127 |
|    clip_fraction        | 0.287       |
|    clip_range           | 0.2         |
|    entropy_loss         | -2.67       |
|    explained_variance   | 0.18        |
|    learning_rate        | 0.0003      |
|    loss                 | 0.827       |
|    n_updates            | 40          |
|    policy_gradient_loss | -0.0196     |
|    std                  | 0.918       |
|    value_loss           | 3.09        |
-----------------------------------------
-----------------------------------------
| rollout/                |             |
|    ep_len_mean          | 6.9         |
|    ep_rew_mean          | 1.91        |
|    success_rate         | 0           |
| time/                   |             |
|    fps                  | 159         |
|    iterations           | 6           |
|    time_elapsed         | 617         |
|    total_timesteps      | 98304       |
| train/                  |             |
|    approx_kl            | 0.052707903 |
|    clip_fraction        | 0.408       |
|    clip_range           | 0.2         |
|    entropy_loss         | -2.59       |
|    explained_variance   | 0.147       |
|    learning_rate        | 0.0003      |
|    loss                 | 0.338       |
|    n_updates            | 50          |
|    policy_gradient_loss | -0.0289     |
|    std                  | 0.88        |
|    value_loss           | 2.15        |
-----------------------------------------
-----------------------------------------
| rollout/                |             |
|    ep_len_mean          | 8.17        |
|    ep_rew_mean          | 2.31        |
|    success_rate         | 0           |
| time/                   |             |
|    fps                  | 159         |
|    iterations           | 7           |
|    time_elapsed         | 717         |
|    total_timesteps      | 114688      |
| train/                  |             |
|    approx_kl            | 0.043959193 |
|    clip_fraction        | 0.284       |
|    clip_range           | 0.2         |
|    entropy_loss         | -2.51       |
|    explained_variance   | 0.082       |
|    learning_rate        | 0.0003      |
|    loss                 | 2.2         |
|    n_updates            | 60          |
|    policy_gradient_loss | -0.0141     |
|    std                  | 0.845       |
|    value_loss           | 5.19        |
-----------------------------------------
-----------------------------------------
| rollout/                |             |
|    ep_len_mean          | 11.2        |
|    ep_rew_mean          | 3.56        |
|    success_rate         | 0           |
| time/                   |             |
|    fps                  | 160         |
|    iterations           | 8           |
|    time_elapsed         | 816         |
|    total_timesteps      | 131072      |
| train/                  |             |
|    approx_kl            | 0.041710388 |
|    clip_fraction        | 0.323       |
|    clip_range           | 0.2         |
|    entropy_loss         | -2.41       |
|    explained_variance   | 0.129       |
|    learning_rate        | 0.0003      |
|    loss                 | 2.81        |
|    n_updates            | 70          |
|    policy_gradient_loss | -0.0197     |
|    std                  | 0.821       |
|    value_loss           | 3.23        |
-----------------------------------------
----------------------------------------
| rollout/                |            |
|    ep_len_mean          | 18.5       |
|    ep_rew_mean          | 5.63       |
|    success_rate         | 0          |
| time/                   |            |
|    fps                  | 161        |
|    iterations           | 9          |
|    time_elapsed         | 912        |
|    total_timesteps      | 147456     |
| train/                  |            |
|    approx_kl            | 0.04151606 |
|    clip_fraction        | 0.301      |
|    clip_range           | 0.2        |
|    entropy_loss         | -2.34      |
|    explained_variance   | 0.194      |
|    learning_rate        | 0.0003     |
|    loss                 | 1.65       |
|    n_updates            | 80         |
|    policy_gradient_loss | -0.0182    |
|    std                  | 0.8        |
|    value_loss           | 4.04       |
----------------------------------------
----------------------------------------
| rollout/                |            |
|    ep_len_mean          | 23.4       |
|    ep_rew_mean          | 8.06       |
|    success_rate         | 0          |
| time/                   |            |
|    fps                  | 162        |
|    iterations           | 10         |
|    time_elapsed         | 1008       |
|    total_timesteps      | 163840     |
| train/                  |            |
|    approx_kl            | 0.03408128 |
|    clip_fraction        | 0.246      |
|    clip_range           | 0.2        |
|    entropy_loss         | -2.28      |
|    explained_variance   | 0.233      |
|    learning_rate        | 0.0003     |
|    loss                 | 2.37       |
|    n_updates            | 90         |
|    policy_gradient_loss | -0.0157    |
|    std                  | 0.778      |
|    value_loss           | 7.29       |
----------------------------------------
----------------------------------------
| rollout/                |            |
|    ep_len_mean          | 36.3       |
|    ep_rew_mean          | 11.6       |
|    success_rate         | 0          |
| time/                   |            |
|    fps                  | 163        |
|    iterations           | 11         |
|    time_elapsed         | 1100       |
|    total_timesteps      | 180224     |
| train/                  |            |
|    approx_kl            | 0.02741209 |
|    clip_fraction        | 0.22       |
|    clip_range           | 0.2        |
|    entropy_loss         | -2.2       |
|    explained_variance   | 0.342      |
|    learning_rate        | 0.0003     |
|    loss                 | 4.13       |
|    n_updates            | 100        |
|    policy_gradient_loss | -0.00928   |
|    std                  | 0.757      |
|    value_loss           | 7.61       |
----------------------------------------
-----------------------------------------
| rollout/                |             |
|    ep_len_mean          | 56.4        |
|    ep_rew_mean          | 17.4        |
|    success_rate         | 0           |
| time/                   |             |
|    fps                  | 165         |
|    iterations           | 12          |
|    time_elapsed         | 1191        |
|    total_timesteps      | 196608      |
| train/                  |             |
|    approx_kl            | 0.020688798 |
|    clip_fraction        | 0.179       |
|    clip_range           | 0.2         |
|    entropy_loss         | -2.15       |
|    explained_variance   | 0.478       |
|    learning_rate        | 0.0003      |
|    loss                 | 4.14        |
|    n_updates            | 110         |
|    policy_gradient_loss | -0.00494    |
|    std                  | 0.74        |
|    value_loss           | 8.41        |
-----------------------------------------
----------------------------------------
| rollout/                |            |
|    ep_len_mean          | 83.2       |
|    ep_rew_mean          | 22.1       |
|    success_rate         | 0          |
| time/                   |            |
|    fps                  | 166        |
|    iterations           | 13         |
|    time_elapsed         | 1281       |
|    total_timesteps      | 212992     |
| train/                  |            |
|    approx_kl            | 0.01921523 |
|    clip_fraction        | 0.173      |
|    clip_range           | 0.2        |
|    entropy_loss         | -2.08      |
|    explained_variance   | 0.603      |
|    learning_rate        | 0.0003     |
|    loss                 | 1.93       |
|    n_updates            | 120        |
|    policy_gradient_loss | -0.000824  |
|    std                  | 0.728      |
|    value_loss           | 7.74       |
----------------------------------------
----------------------------------------
| rollout/                |            |
|    ep_len_mean          | 86.5       |
|    ep_rew_mean          | 25.8       |
|    success_rate         | 0          |
| time/                   |            |
|    fps                  | 167        |
|    iterations           | 14         |
|    time_elapsed         | 1369       |
|    total_timesteps      | 229376     |
| train/                  |            |
|    approx_kl            | 0.02004817 |
|    clip_fraction        | 0.198      |
|    clip_range           | 0.2        |
|    entropy_loss         | -2.03      |
|    explained_variance   | 0.653      |
|    learning_rate        | 0.0003     |
|    loss                 | 3.4        |
|    n_updates            | 130        |
|    policy_gradient_loss | -0.000799  |
|    std                  | 0.711      |
|    value_loss           | 7.52       |
----------------------------------------
----------------------------------------
| rollout/                |            |
|    ep_len_mean          | 112        |
|    ep_rew_mean          | 31.8       |
|    success_rate         | 0          |
| time/                   |            |
|    fps                  | 168        |
|    iterations           | 15         |
|    time_elapsed         | 1458       |
|    total_timesteps      | 245760     |
| train/                  |            |
|    approx_kl            | 0.01953249 |
|    clip_fraction        | 0.206      |
|    clip_range           | 0.2        |
|    entropy_loss         | -1.97      |
|    explained_variance   | 0.751      |
|    learning_rate        | 0.0003     |
|    loss                 | 1.71       |
|    n_updates            | 140        |
|    policy_gradient_loss | -0.000976  |
|    std                  | 0.695      |
|    value_loss           | 6.08       |
----------------------------------------
-----------------------------------------
| rollout/                |             |
|    ep_len_mean          | 129         |
|    ep_rew_mean          | 36.4        |
|    success_rate         | 0           |
| time/                   |             |
|    fps                  | 169         |
|    iterations           | 16          |
|    time_elapsed         | 1547        |
|    total_timesteps      | 262144      |
| train/                  |             |
|    approx_kl            | 0.016765652 |
|    clip_fraction        | 0.186       |
|    clip_range           | 0.2         |
|    entropy_loss         | -1.93       |
|    explained_variance   | 0.789       |
|    learning_rate        | 0.0003      |
|    loss                 | 2.03        |
|    n_updates            | 150         |
|    policy_gradient_loss | -0.00176    |
|    std                  | 0.679       |
|    value_loss           | 4.08        |
-----------------------------------------
-----------------------------------------
| rollout/                |             |
|    ep_len_mean          | 157         |
|    ep_rew_mean          | 42.8        |
|    success_rate         | 0           |
| time/                   |             |
|    fps                  | 170         |
|    iterations           | 17          |
|    time_elapsed         | 1635        |
|    total_timesteps      | 278528      |
| train/                  |             |
|    approx_kl            | 0.015636146 |
|    clip_fraction        | 0.188       |
|    clip_range           | 0.2         |
|    entropy_loss         | -1.88       |
|    explained_variance   | 0.695       |
|    learning_rate        | 0.0003      |
|    loss                 | 5.55        |
|    n_updates            | 160         |
|    policy_gradient_loss | 0.00373     |
|    std                  | 0.665       |
|    value_loss           | 6.96        |
-----------------------------------------
-----------------------------------------
| rollout/                |             |
|    ep_len_mean          | 127         |
|    ep_rew_mean          | 35.5        |
|    success_rate         | 0           |
| time/                   |             |
|    fps                  | 170         |
|    iterations           | 18          |
|    time_elapsed         | 1724        |
|    total_timesteps      | 294912      |
| train/                  |             |
|    approx_kl            | 0.015507689 |
|    clip_fraction        | 0.207       |
|    clip_range           | 0.2         |
|    entropy_loss         | -1.85       |
|    explained_variance   | 0.751       |
|    learning_rate        | 0.0003      |
|    loss                 | 0.824       |
|    n_updates            | 170         |
|    policy_gradient_loss | 0.00662     |
|    std                  | 0.656       |
|    value_loss           | 4.15        |
-----------------------------------------
-----------------------------------------
| rollout/                |             |
|    ep_len_mean          | 129         |
|    ep_rew_mean          | 37          |
|    success_rate         | 0           |
| time/                   |             |
|    fps                  | 171         |
|    iterations           | 19          |
|    time_elapsed         | 1813        |
|    total_timesteps      | 311296      |
| train/                  |             |
|    approx_kl            | 0.021186193 |
|    clip_fraction        | 0.228       |
|    clip_range           | 0.2         |
|    entropy_loss         | -1.82       |
|    explained_variance   | 0.642       |
|    learning_rate        | 0.0003      |
|    loss                 | 1.3         |
|    n_updates            | 180         |
|    policy_gradient_loss | 0.00511     |
|    std                  | 0.648       |
|    value_loss           | 6.89        |
-----------------------------------------
-----------------------------------------
| rollout/                |             |
|    ep_len_mean          | 144         |
|    ep_rew_mean          | 40.7        |
|    success_rate         | 0           |
| time/                   |             |
|    fps                  | 172         |
|    iterations           | 20          |
|    time_elapsed         | 1901        |
|    total_timesteps      | 327680      |
| train/                  |             |
|    approx_kl            | 0.018739011 |
|    clip_fraction        | 0.207       |
|    clip_range           | 0.2         |
|    entropy_loss         | -1.79       |
|    explained_variance   | 0.567       |
|    learning_rate        | 0.0003      |
|    loss                 | 2.52        |
|    n_updates            | 190         |
|    policy_gradient_loss | 0.00427     |
|    std                  | 0.641       |
|    value_loss           | 8.94        |
-----------------------------------------
-----------------------------------------
| rollout/                |             |
|    ep_len_mean          | 152         |
|    ep_rew_mean          | 44.3        |
|    success_rate         | 0           |
| time/                   |             |
|    fps                  | 172         |
|    iterations           | 21          |
|    time_elapsed         | 1991        |
|    total_timesteps      | 344064      |
| train/                  |             |
|    approx_kl            | 0.020793982 |
|    clip_fraction        | 0.216       |
|    clip_range           | 0.2         |
|    entropy_loss         | -1.76       |
|    explained_variance   | 0.591       |
|    learning_rate        | 0.0003      |
|    loss                 | 3.65        |
|    n_updates            | 200         |
|    policy_gradient_loss | 0.0061      |
|    std                  | 0.636       |
|    value_loss           | 6.76        |
-----------------------------------------
-----------------------------------------
| rollout/                |             |
|    ep_len_mean          | 141         |
|    ep_rew_mean          | 39.8        |
|    success_rate         | 0           |
| time/                   |             |
|    fps                  | 173         |
|    iterations           | 22          |
|    time_elapsed         | 2079        |
|    total_timesteps      | 360448      |
| train/                  |             |
|    approx_kl            | 0.017948177 |
|    clip_fraction        | 0.217       |
|    clip_range           | 0.2         |
|    entropy_loss         | -1.74       |
|    explained_variance   | 0.625       |
|    learning_rate        | 0.0003      |
|    loss                 | 4.35        |
|    n_updates            | 210         |
|    policy_gradient_loss | 0.007       |
|    std                  | 0.625       |
|    value_loss           | 6.11        |
-----------------------------------------
-----------------------------------------
| rollout/                |             |
|    ep_len_mean          | 141         |
|    ep_rew_mean          | 40.8        |
|    success_rate         | 0           |
| time/                   |             |
|    fps                  | 173         |
|    iterations           | 23          |
|    time_elapsed         | 2168        |
|    total_timesteps      | 376832      |
| train/                  |             |
|    approx_kl            | 0.020679574 |
|    clip_fraction        | 0.207       |
|    clip_range           | 0.2         |
|    entropy_loss         | -1.69       |
|    explained_variance   | 0.562       |
|    learning_rate        | 0.0003      |
|    loss                 | 6.34        |
|    n_updates            | 220         |
|    policy_gradient_loss | 0.00415     |
|    std                  | 0.613       |
|    value_loss           | 8.81        |
-----------------------------------------
----------------------------------------
| rollout/                |            |
|    ep_len_mean          | 162        |
|    ep_rew_mean          | 45.1       |
|    success_rate         | 0          |
| time/                   |            |
|    fps                  | 174        |
|    iterations           | 24         |
|    time_elapsed         | 2257       |
|    total_timesteps      | 393216     |
| train/                  |            |
|    approx_kl            | 0.01894958 |
|    clip_fraction        | 0.212      |
|    clip_range           | 0.2        |
|    entropy_loss         | -1.64      |
|    explained_variance   | 0.653      |
|    learning_rate        | 0.0003     |
|    loss                 | 2.84       |
|    n_updates            | 230        |
|    policy_gradient_loss | 0.00704    |
|    std                  | 0.607      |
|    value_loss           | 6.42       |
----------------------------------------
-----------------------------------------
| rollout/                |             |
|    ep_len_mean          | 157         |
|    ep_rew_mean          | 43.7        |
|    success_rate         | 0           |
| time/                   |             |
|    fps                  | 174         |
|    iterations           | 25          |
|    time_elapsed         | 2346        |
|    total_timesteps      | 409600      |
| train/                  |             |
|    approx_kl            | 0.022360941 |
|    clip_fraction        | 0.21        |
|    clip_range           | 0.2         |
|    entropy_loss         | -1.62       |
|    explained_variance   | 0.701       |
|    learning_rate        | 0.0003      |
|    loss                 | 0.343       |
|    n_updates            | 240         |
|    policy_gradient_loss | 0.00614     |
|    std                  | 0.598       |
|    value_loss           | 4.94        |
-----------------------------------------
-----------------------------------------
| rollout/                |             |
|    ep_len_mean          | 145         |
|    ep_rew_mean          | 40.6        |
|    success_rate         | 0           |
| time/                   |             |
|    fps                  | 174         |
|    iterations           | 26          |
|    time_elapsed         | 2436        |
|    total_timesteps      | 425984      |
| train/                  |             |
|    approx_kl            | 0.017519925 |
|    clip_fraction        | 0.21        |
|    clip_range           | 0.2         |
|    entropy_loss         | -1.6        |
|    explained_variance   | 0.689       |
|    learning_rate        | 0.0003      |
|    loss                 | 1.84        |
|    n_updates            | 250         |
|    policy_gradient_loss | 0.00576     |
|    std                  | 0.598       |
|    value_loss           | 5.29        |
-----------------------------------------
-----------------------------------------
| rollout/                |             |
|    ep_len_mean          | 141         |
|    ep_rew_mean          | 40.1        |
|    success_rate         | 0           |
| time/                   |             |
|    fps                  | 175         |
|    iterations           | 27          |
|    time_elapsed         | 2524        |
|    total_timesteps      | 442368      |
| train/                  |             |
|    approx_kl            | 0.021725312 |
|    clip_fraction        | 0.234       |
|    clip_range           | 0.2         |
|    entropy_loss         | -1.6        |
|    explained_variance   | 0.566       |
|    learning_rate        | 0.0003      |
|    loss                 | 4.02        |
|    n_updates            | 260         |
|    policy_gradient_loss | 0.00617     |
|    std                  | 0.595       |
|    value_loss           | 10.1        |
-----------------------------------------
----------------------------------------
| rollout/                |            |
|    ep_len_mean          | 156        |
|    ep_rew_mean          | 45.7       |
|    success_rate         | 0          |
| time/                   |            |
|    fps                  | 175        |
|    iterations           | 28         |
|    time_elapsed         | 2613       |
|    total_timesteps      | 458752     |
| train/                  |            |
|    approx_kl            | 0.01966567 |
|    clip_fraction        | 0.199      |
|    clip_range           | 0.2        |
|    entropy_loss         | -1.58      |
|    explained_variance   | 0.57       |
|    learning_rate        | 0.0003     |
|    loss                 | 4.07       |
|    n_updates            | 270        |
|    policy_gradient_loss | 0.00562    |
|    std                  | 0.588      |
|    value_loss           | 11.7       |
----------------------------------------
----------------------------------------
| rollout/                |            |
|    ep_len_mean          | 164        |
|    ep_rew_mean          | 48.4       |
|    success_rate         | 0          |
| time/                   |            |
|    fps                  | 175        |
|    iterations           | 29         |
|    time_elapsed         | 2700       |
|    total_timesteps      | 475136     |
| train/                  |            |
|    approx_kl            | 0.02590143 |
|    clip_fraction        | 0.22       |
|    clip_range           | 0.2        |
|    entropy_loss         | -1.56      |
|    explained_variance   | 0.742      |
|    learning_rate        | 0.0003     |
|    loss                 | 6.21       |
|    n_updates            | 280        |
|    policy_gradient_loss | 0.00927    |
|    std                  | 0.588      |
|    value_loss           | 5.38       |
----------------------------------------
----------------------------------------
| rollout/                |            |
|    ep_len_mean          | 163        |
|    ep_rew_mean          | 49         |
|    success_rate         | 0          |
| time/                   |            |
|    fps                  | 176        |
|    iterations           | 30         |
|    time_elapsed         | 2788       |
|    total_timesteps      | 491520     |
| train/                  |            |
|    approx_kl            | 0.01828904 |
|    clip_fraction        | 0.228      |
|    clip_range           | 0.2        |
|    entropy_loss         | -1.54      |
|    explained_variance   | 0.728      |
|    learning_rate        | 0.0003     |
|    loss                 | 0.967      |
|    n_updates            | 290        |
|    policy_gradient_loss | 0.00679    |
|    std                  | 0.58       |
|    value_loss           | 6.09       |
----------------------------------------
----------------------------------------
| rollout/                |            |
|    ep_len_mean          | 156        |
|    ep_rew_mean          | 46.8       |
|    success_rate         | 0          |
| time/                   |            |
|    fps                  | 176        |
|    iterations           | 31         |
|    time_elapsed         | 2877       |
|    total_timesteps      | 507904     |
| train/                  |            |
|    approx_kl            | 0.02416731 |
|    clip_fraction        | 0.233      |
|    clip_range           | 0.2        |
|    entropy_loss         | -1.54      |
|    explained_variance   | 0.765      |
|    learning_rate        | 0.0003     |
|    loss                 | 1.83       |
|    n_updates            | 300        |
|    policy_gradient_loss | 0.00617    |
|    std                  | 0.579      |
|    value_loss           | 4.99       |
----------------------------------------
----------------------------------------
| rollout/                |            |
|    ep_len_mean          | 149        |
|    ep_rew_mean          | 43.3       |
|    success_rate         | 0          |
| time/                   |            |
|    fps                  | 176        |
|    iterations           | 32         |
|    time_elapsed         | 2966       |
|    total_timesteps      | 524288     |
| train/                  |            |
|    approx_kl            | 0.01972656 |
|    clip_fraction        | 0.203      |
|    clip_range           | 0.2        |
|    entropy_loss         | -1.51      |
|    explained_variance   | 0.702      |
|    learning_rate        | 0.0003     |
|    loss                 | 1.99       |
|    n_updates            | 310        |
|    policy_gradient_loss | 0.00529    |
|    std                  | 0.572      |
|    value_loss           | 6.73       |
----------------------------------------
-----------------------------------------
| rollout/                |             |
|    ep_len_mean          | 158         |
|    ep_rew_mean          | 48.9        |
|    success_rate         | 0           |
| time/                   |             |
|    fps                  | 176         |
|    iterations           | 33          |
|    time_elapsed         | 3054        |
|    total_timesteps      | 540672      |
| train/                  |             |
|    approx_kl            | 0.026678963 |
|    clip_fraction        | 0.256       |
|    clip_range           | 0.2         |
|    entropy_loss         | -1.49       |
|    explained_variance   | 0.551       |
|    learning_rate        | 0.0003      |
|    loss                 | 4.45        |
|    n_updates            | 320         |
|    policy_gradient_loss | 0.00889     |
|    std                  | 0.568       |
|    value_loss           | 13.2        |
-----------------------------------------
-----------------------------------------
| rollout/                |             |
|    ep_len_mean          | 158         |
|    ep_rew_mean          | 50.3        |
|    success_rate         | 0           |
| time/                   |             |
|    fps                  | 177         |
|    iterations           | 34          |
|    time_elapsed         | 3144        |
|    total_timesteps      | 557056      |
| train/                  |             |
|    approx_kl            | 0.026087169 |
|    clip_fraction        | 0.255       |
|    clip_range           | 0.2         |
|    entropy_loss         | -1.47       |
|    explained_variance   | 0.711       |
|    learning_rate        | 0.0003      |
|    loss                 | 9.01        |
|    n_updates            | 330         |
|    policy_gradient_loss | 0.00887     |
|    std                  | 0.565       |
|    value_loss           | 8.01        |
-----------------------------------------
-----------------------------------------
| rollout/                |             |
|    ep_len_mean          | 159         |
|    ep_rew_mean          | 51.3        |
|    success_rate         | 0           |
| time/                   |             |
|    fps                  | 177         |
|    iterations           | 35          |
|    time_elapsed         | 3232        |
|    total_timesteps      | 573440      |
| train/                  |             |
|    approx_kl            | 0.020012707 |
|    clip_fraction        | 0.242       |
|    clip_range           | 0.2         |
|    entropy_loss         | -1.45       |
|    explained_variance   | 0.723       |
|    learning_rate        | 0.0003      |
|    loss                 | 5.77        |
|    n_updates            | 340         |
|    policy_gradient_loss | 0.00848     |
|    std                  | 0.558       |
|    value_loss           | 8.26        |
-----------------------------------------
-----------------------------------------
| rollout/                |             |
|    ep_len_mean          | 139         |
|    ep_rew_mean          | 43.8        |
|    success_rate         | 0           |
| time/                   |             |
|    fps                  | 177         |
|    iterations           | 36          |
|    time_elapsed         | 3321        |
|    total_timesteps      | 589824      |
| train/                  |             |
|    approx_kl            | 0.027896803 |
|    clip_fraction        | 0.262       |
|    clip_range           | 0.2         |
|    entropy_loss         | -1.43       |
|    explained_variance   | 0.737       |
|    learning_rate        | 0.0003      |
|    loss                 | 1.9         |
|    n_updates            | 350         |
|    policy_gradient_loss | 0.0117      |
|    std                  | 0.555       |
|    value_loss           | 7.95        |
-----------------------------------------
-----------------------------------------
| rollout/                |             |
|    ep_len_mean          | 136         |
|    ep_rew_mean          | 43.9        |
|    success_rate         | 0           |
| time/                   |             |
|    fps                  | 177         |
|    iterations           | 37          |
|    time_elapsed         | 3410        |
|    total_timesteps      | 606208      |
| train/                  |             |
|    approx_kl            | 0.027769694 |
|    clip_fraction        | 0.26        |
|    clip_range           | 0.2         |
|    entropy_loss         | -1.41       |
|    explained_variance   | 0.56        |
|    learning_rate        | 0.0003      |
|    loss                 | 7.24        |
|    n_updates            | 360         |
|    policy_gradient_loss | 0.00944     |
|    std                  | 0.546       |
|    value_loss           | 19          |
-----------------------------------------
-----------------------------------------
| rollout/                |             |
|    ep_len_mean          | 141         |
|    ep_rew_mean          | 46.3        |
|    success_rate         | 0           |
| time/                   |             |
|    fps                  | 177         |
|    iterations           | 38          |
|    time_elapsed         | 3498        |
|    total_timesteps      | 622592      |
| train/                  |             |
|    approx_kl            | 0.046084136 |
|    clip_fraction        | 0.246       |
|    clip_range           | 0.2         |
|    entropy_loss         | -1.37       |
|    explained_variance   | 0.614       |
|    learning_rate        | 0.0003      |
|    loss                 | 2.13        |
|    n_updates            | 370         |
|    policy_gradient_loss | 0.00695     |
|    std                  | 0.544       |
|    value_loss           | 14.9        |
-----------------------------------------
-----------------------------------------
| rollout/                |             |
|    ep_len_mean          | 130         |
|    ep_rew_mean          | 48.5        |
|    success_rate         | 0           |
| time/                   |             |
|    fps                  | 178         |
|    iterations           | 39          |
|    time_elapsed         | 3588        |
|    total_timesteps      | 638976      |
| train/                  |             |
|    approx_kl            | 0.031775147 |
|    clip_fraction        | 0.26        |
|    clip_range           | 0.2         |
|    entropy_loss         | -1.35       |
|    explained_variance   | 0.632       |
|    learning_rate        | 0.0003      |
|    loss                 | 2.52        |
|    n_updates            | 380         |
|    policy_gradient_loss | 0.00684     |
|    std                  | 0.541       |
|    value_loss           | 13.8        |
-----------------------------------------
----------------------------------------
| rollout/                |            |
|    ep_len_mean          | 126        |
|    ep_rew_mean          | 45         |
|    success_rate         | 0          |
| time/                   |            |
|    fps                  | 178        |
|    iterations           | 40         |
|    time_elapsed         | 3677       |
|    total_timesteps      | 655360     |
| train/                  |            |
|    approx_kl            | 0.03491015 |
|    clip_fraction        | 0.299      |
|    clip_range           | 0.2        |
|    entropy_loss         | -1.34      |
|    explained_variance   | 0.688      |
|    learning_rate        | 0.0003     |
|    loss                 | 7.5        |
|    n_updates            | 390        |
|    policy_gradient_loss | 0.0146     |
|    std                  | 0.538      |
|    value_loss           | 15         |
----------------------------------------
-----------------------------------------
| rollout/                |             |
|    ep_len_mean          | 133         |
|    ep_rew_mean          | 48          |
|    success_rate         | 0           |
| time/                   |             |
|    fps                  | 178         |
|    iterations           | 41          |
|    time_elapsed         | 3765        |
|    total_timesteps      | 671744      |
| train/                  |             |
|    approx_kl            | 0.029116657 |
|    clip_fraction        | 0.288       |
|    clip_range           | 0.2         |
|    entropy_loss         | -1.3        |
|    explained_variance   | 0.691       |
|    learning_rate        | 0.0003      |
|    loss                 | 6.04        |
|    n_updates            | 400         |
|    policy_gradient_loss | 0.0106      |
|    std                  | 0.526       |
|    value_loss           | 17          |
-----------------------------------------
-----------------------------------------
| rollout/                |             |
|    ep_len_mean          | 130         |
|    ep_rew_mean          | 46.6        |
|    success_rate         | 0           |
| time/                   |             |
|    fps                  | 178         |
|    iterations           | 42          |
|    time_elapsed         | 3856        |
|    total_timesteps      | 688128      |
| train/                  |             |
|    approx_kl            | 0.034803502 |
|    clip_fraction        | 0.292       |
|    clip_range           | 0.2         |
|    entropy_loss         | -1.27       |
|    explained_variance   | 0.7         |
|    learning_rate        | 0.0003      |
|    loss                 | 1.76        |
|    n_updates            | 410         |
|    policy_gradient_loss | 0.0143      |
|    std                  | 0.525       |
|    value_loss           | 13.8        |
-----------------------------------------
----------------------------------------
| rollout/                |            |
|    ep_len_mean          | 123        |
|    ep_rew_mean          | 43.4       |
|    success_rate         | 0          |
| time/                   |            |
|    fps                  | 178        |
|    iterations           | 43         |
|    time_elapsed         | 3945       |
|    total_timesteps      | 704512     |
| train/                  |            |
|    approx_kl            | 0.04137823 |
|    clip_fraction        | 0.31       |
|    clip_range           | 0.2        |
|    entropy_loss         | -1.25      |
|    explained_variance   | 0.704      |
|    learning_rate        | 0.0003     |
|    loss                 | 5.1        |
|    n_updates            | 420        |
|    policy_gradient_loss | 0.0116     |
|    std                  | 0.519      |
|    value_loss           | 15.8       |
----------------------------------------
-----------------------------------------
| rollout/                |             |
|    ep_len_mean          | 142         |
|    ep_rew_mean          | 51.1        |
|    success_rate         | 0           |
| time/                   |             |
|    fps                  | 178         |
|    iterations           | 44          |
|    time_elapsed         | 4035        |
|    total_timesteps      | 720896      |
| train/                  |             |
|    approx_kl            | 0.041313834 |
|    clip_fraction        | 0.278       |
|    clip_range           | 0.2         |
|    entropy_loss         | -1.22       |
|    explained_variance   | 0.685       |
|    learning_rate        | 0.0003      |
|    loss                 | 3.83        |
|    n_updates            | 430         |
|    policy_gradient_loss | 0.00993     |
|    std                  | 0.512       |
|    value_loss           | 19.4        |
-----------------------------------------
-----------------------------------------
| rollout/                |             |
|    ep_len_mean          | 137         |
|    ep_rew_mean          | 50.4        |
|    success_rate         | 0           |
| time/                   |             |
|    fps                  | 178         |
|    iterations           | 45          |
|    time_elapsed         | 4125        |
|    total_timesteps      | 737280      |
| train/                  |             |
|    approx_kl            | 0.036239102 |
|    clip_fraction        | 0.32        |
|    clip_range           | 0.2         |
|    entropy_loss         | -1.2        |
|    explained_variance   | 0.719       |
|    learning_rate        | 0.0003      |
|    loss                 | 3.74        |
|    n_updates            | 440         |
|    policy_gradient_loss | 0.0162      |
|    std                  | 0.511       |
|    value_loss           | 14          |
-----------------------------------------
-----------------------------------------
| rollout/                |             |
|    ep_len_mean          | 151         |
|    ep_rew_mean          | 52.8        |
|    success_rate         | 0           |
| time/                   |             |
|    fps                  | 178         |
|    iterations           | 46          |
|    time_elapsed         | 4213        |
|    total_timesteps      | 753664      |
| train/                  |             |
|    approx_kl            | 0.027731989 |
|    clip_fraction        | 0.294       |
|    clip_range           | 0.2         |
|    entropy_loss         | -1.18       |
|    explained_variance   | 0.791       |
|    learning_rate        | 0.0003      |
|    loss                 | 5.26        |
|    n_updates            | 450         |
|    policy_gradient_loss | 0.0135      |
|    std                  | 0.508       |
|    value_loss           | 10.1        |
-----------------------------------------
-----------------------------------------
| rollout/                |             |
|    ep_len_mean          | 129         |
|    ep_rew_mean          | 44.1        |
|    success_rate         | 0           |
| time/                   |             |
|    fps                  | 178         |
|    iterations           | 47          |
|    time_elapsed         | 4304        |
|    total_timesteps      | 770048      |
| train/                  |             |
|    approx_kl            | 0.026820838 |
|    clip_fraction        | 0.26        |
|    clip_range           | 0.2         |
|    entropy_loss         | -1.16       |
|    explained_variance   | 0.826       |
|    learning_rate        | 0.0003      |
|    loss                 | 2.14        |
|    n_updates            | 460         |
|    policy_gradient_loss | 0.00822     |
|    std                  | 0.508       |
|    value_loss           | 7.24        |
-----------------------------------------
-----------------------------------------
| rollout/                |             |
|    ep_len_mean          | 139         |
|    ep_rew_mean          | 48.4        |
|    success_rate         | 0           |
| time/                   |             |
|    fps                  | 178         |
|    iterations           | 48          |
|    time_elapsed         | 4393        |
|    total_timesteps      | 786432      |
| train/                  |             |
|    approx_kl            | 0.036909133 |
|    clip_fraction        | 0.301       |
|    clip_range           | 0.2         |
|    entropy_loss         | -1.16       |
|    explained_variance   | 0.71        |
|    learning_rate        | 0.0003      |
|    loss                 | 3.67        |
|    n_updates            | 470         |
|    policy_gradient_loss | 0.00931     |
|    std                  | 0.504       |
|    value_loss           | 13.6        |
-----------------------------------------
-----------------------------------------
| rollout/                |             |
|    ep_len_mean          | 153         |
|    ep_rew_mean          | 53.3        |
|    success_rate         | 0           |
| time/                   |             |
|    fps                  | 179         |
|    iterations           | 49          |
|    time_elapsed         | 4482        |
|    total_timesteps      | 802816      |
| train/                  |             |
|    approx_kl            | 0.032870006 |
|    clip_fraction        | 0.315       |
|    clip_range           | 0.2         |
|    entropy_loss         | -1.12       |
|    explained_variance   | 0.751       |
|    learning_rate        | 0.0003      |
|    loss                 | 3.3         |
|    n_updates            | 480         |
|    policy_gradient_loss | 0.0143      |
|    std                  | 0.5         |
|    value_loss           | 12          |
-----------------------------------------
----------------------------------------
| rollout/                |            |
|    ep_len_mean          | 141        |
|    ep_rew_mean          | 48.5       |
|    success_rate         | 0          |
| time/                   |            |
|    fps                  | 179        |
|    iterations           | 50         |
|    time_elapsed         | 4572       |
|    total_timesteps      | 819200     |
| train/                  |            |
|    approx_kl            | 0.03357491 |
|    clip_fraction        | 0.296      |
|    clip_range           | 0.2        |
|    entropy_loss         | -1.12      |
|    explained_variance   | 0.772      |
|    learning_rate        | 0.0003     |
|    loss                 | 1.98       |
|    n_updates            | 490        |
|    policy_gradient_loss | 0.0153     |
|    std                  | 0.503      |
|    value_loss           | 5.81       |
----------------------------------------
----------------------------------------
| rollout/                |            |
|    ep_len_mean          | 143        |
|    ep_rew_mean          | 49.8       |
|    success_rate         | 0          |
| time/                   |            |
|    fps                  | 179        |
|    iterations           | 51         |
|    time_elapsed         | 4660       |
|    total_timesteps      | 835584     |
| train/                  |            |
|    approx_kl            | 0.03102016 |
|    clip_fraction        | 0.307      |
|    clip_range           | 0.2        |
|    entropy_loss         | -1.1       |
|    explained_variance   | 0.683      |
|    learning_rate        | 0.0003     |
|    loss                 | 2.95       |
|    n_updates            | 500        |
|    policy_gradient_loss | 0.0108     |
|    std                  | 0.498      |
|    value_loss           | 13.3       |
----------------------------------------
---------------------------------------
| rollout/                |           |
|    ep_len_mean          | 135       |
|    ep_rew_mean          | 46.1      |
|    success_rate         | 0         |
| time/                   |           |
|    fps                  | 179       |
|    iterations           | 52        |
|    time_elapsed         | 4750      |
|    total_timesteps      | 851968    |
| train/                  |           |
|    approx_kl            | 0.0306996 |
|    clip_fraction        | 0.295     |
|    clip_range           | 0.2       |
|    entropy_loss         | -1.1      |
|    explained_variance   | 0.729     |
|    learning_rate        | 0.0003    |
|    loss                 | 12.6      |
|    n_updates            | 510       |
|    policy_gradient_loss | 0.0117    |
|    std                  | 0.498     |
|    value_loss           | 14.5      |
---------------------------------------
----------------------------------------
| rollout/                |            |
|    ep_len_mean          | 136        |
|    ep_rew_mean          | 47.6       |
|    success_rate         | 0          |
| time/                   |            |
|    fps                  | 179        |
|    iterations           | 53         |
|    time_elapsed         | 4841       |
|    total_timesteps      | 868352     |
| train/                  |            |
|    approx_kl            | 0.04389278 |
|    clip_fraction        | 0.305      |
|    clip_range           | 0.2        |
|    entropy_loss         | -1.1       |
|    explained_variance   | 0.686      |
|    learning_rate        | 0.0003     |
|    loss                 | 4.52       |
|    n_updates            | 520        |
|    policy_gradient_loss | 0.0135     |
|    std                  | 0.499      |
|    value_loss           | 16.6       |
----------------------------------------
----------------------------------------
| rollout/                |            |
|    ep_len_mean          | 137        |
|    ep_rew_mean          | 47         |
|    success_rate         | 0          |
| time/                   |            |
|    fps                  | 179        |
|    iterations           | 54         |
|    time_elapsed         | 4930       |
|    total_timesteps      | 884736     |
| train/                  |            |
|    approx_kl            | 0.03387188 |
|    clip_fraction        | 0.291      |
|    clip_range           | 0.2        |
|    entropy_loss         | -1.07      |
|    explained_variance   | 0.674      |
|    learning_rate        | 0.0003     |
|    loss                 | 9.85       |
|    n_updates            | 530        |
|    policy_gradient_loss | 0.0123     |
|    std                  | 0.491      |
|    value_loss           | 13.3       |
----------------------------------------
-----------------------------------------
| rollout/                |             |
|    ep_len_mean          | 122         |
|    ep_rew_mean          | 40.1        |
|    success_rate         | 0           |
| time/                   |             |
|    fps                  | 179         |
|    iterations           | 55          |
|    time_elapsed         | 5020        |
|    total_timesteps      | 901120      |
| train/                  |             |
|    approx_kl            | 0.033576597 |
|    clip_fraction        | 0.284       |
|    clip_range           | 0.2         |
|    entropy_loss         | -1.05       |
|    explained_variance   | 0.705       |
|    learning_rate        | 0.0003      |
|    loss                 | 5.62        |
|    n_updates            | 540         |
|    policy_gradient_loss | 0.0111      |
|    std                  | 0.486       |
|    value_loss           | 13          |
-----------------------------------------
-----------------------------------------
| rollout/                |             |
|    ep_len_mean          | 133         |
|    ep_rew_mean          | 44.6        |
|    success_rate         | 0           |
| time/                   |             |
|    fps                  | 179         |
|    iterations           | 56          |
|    time_elapsed         | 5109        |
|    total_timesteps      | 917504      |
| train/                  |             |
|    approx_kl            | 0.043867186 |
|    clip_fraction        | 0.306       |
|    clip_range           | 0.2         |
|    entropy_loss         | -1.01       |
|    explained_variance   | 0.56        |
|    learning_rate        | 0.0003      |
|    loss                 | 16.9        |
|    n_updates            | 550         |
|    policy_gradient_loss | 0.0133      |
|    std                  | 0.48        |
|    value_loss           | 16          |
-----------------------------------------
-----------------------------------------
| rollout/                |             |
|    ep_len_mean          | 137         |
|    ep_rew_mean          | 46.8        |
|    success_rate         | 0           |
| time/                   |             |
|    fps                  | 179         |
|    iterations           | 57          |
|    time_elapsed         | 5199        |
|    total_timesteps      | 933888      |
| train/                  |             |
|    approx_kl            | 0.029348034 |
|    clip_fraction        | 0.273       |
|    clip_range           | 0.2         |
|    entropy_loss         | -0.997      |
|    explained_variance   | 0.716       |
|    learning_rate        | 0.0003      |
|    loss                 | 2.97        |
|    n_updates            | 560         |
|    policy_gradient_loss | 0.0118      |
|    std                  | 0.48        |
|    value_loss           | 9.81        |
-----------------------------------------
-----------------------------------------
| rollout/                |             |
|    ep_len_mean          | 125         |
|    ep_rew_mean          | 40.9        |
|    success_rate         | 0           |
| time/                   |             |
|    fps                  | 179         |
|    iterations           | 58          |
|    time_elapsed         | 5288        |
|    total_timesteps      | 950272      |
| train/                  |             |
|    approx_kl            | 0.027693111 |
|    clip_fraction        | 0.268       |
|    clip_range           | 0.2         |
|    entropy_loss         | -0.983      |
|    explained_variance   | 0.799       |
|    learning_rate        | 0.0003      |
|    loss                 | 2.34        |
|    n_updates            | 570         |
|    policy_gradient_loss | 0.011       |
|    std                  | 0.478       |
|    value_loss           | 6.92        |
-----------------------------------------
----------------------------------------
| rollout/                |            |
|    ep_len_mean          | 136        |
|    ep_rew_mean          | 46.4       |
|    success_rate         | 0          |
| time/                   |            |
|    fps                  | 179        |
|    iterations           | 59         |
|    time_elapsed         | 5377       |
|    total_timesteps      | 966656     |
| train/                  |            |
|    approx_kl            | 0.03200786 |
|    clip_fraction        | 0.295      |
|    clip_range           | 0.2        |
|    entropy_loss         | -0.962     |
|    explained_variance   | 0.628      |
|    learning_rate        | 0.0003     |
|    loss                 | 7.06       |
|    n_updates            | 580        |
|    policy_gradient_loss | 0.0139     |
|    std                  | 0.474      |
|    value_loss           | 13.2       |
----------------------------------------
-----------------------------------------
| rollout/                |             |
|    ep_len_mean          | 143         |
|    ep_rew_mean          | 47.8        |
|    success_rate         | 0           |
| time/                   |             |
|    fps                  | 179         |
|    iterations           | 60          |
|    time_elapsed         | 5467        |
|    total_timesteps      | 983040      |
| train/                  |             |
|    approx_kl            | 0.025398804 |
|    clip_fraction        | 0.283       |
|    clip_range           | 0.2         |
|    entropy_loss         | -0.94       |
|    explained_variance   | 0.72        |
|    learning_rate        | 0.0003      |
|    loss                 | 6.99        |
|    n_updates            | 590         |
|    policy_gradient_loss | 0.00959     |
|    std                  | 0.474       |
|    value_loss           | 11.4        |
-----------------------------------------
-----------------------------------------
| rollout/                |             |
|    ep_len_mean          | 155         |
|    ep_rew_mean          | 54.4        |
|    success_rate         | 0           |
| time/                   |             |
|    fps                  | 179         |
|    iterations           | 61          |
|    time_elapsed         | 5555        |
|    total_timesteps      | 999424      |
| train/                  |             |
|    approx_kl            | 0.030618781 |
|    clip_fraction        | 0.263       |
|    clip_range           | 0.2         |
|    entropy_loss         | -0.918      |
|    explained_variance   | 0.736       |
|    learning_rate        | 0.0003      |
|    loss                 | 2.48        |
|    n_updates            | 600         |
|    policy_gradient_loss | 0.00797     |
|    std                  | 0.471       |
|    value_loss           | 9.84        |
-----------------------------------------
---------------------------------------
| rollout/                |           |
|    ep_len_mean          | 146       |
|    ep_rew_mean          | 53.1      |
|    success_rate         | 0         |
| time/                   |           |
|    fps                  | 179       |
|    iterations           | 62        |
|    time_elapsed         | 5644      |
|    total_timesteps      | 1015808   |
| train/                  |           |
|    approx_kl            | 0.0349748 |
|    clip_fraction        | 0.303     |
|    clip_range           | 0.2       |
|    entropy_loss         | -0.924    |
|    explained_variance   | 0.779     |
|    learning_rate        | 0.0003    |
|    loss                 | 5.34      |
|    n_updates            | 610       |
|    policy_gradient_loss | 0.0125    |
|    std                  | 0.477     |
|    value_loss           | 8.48      |
---------------------------------------


###############################################################################
TCHPC Cluster: callan
Job 166697 (attn_learned_highway_lanechange_dense_obs20_seed1_ne8_1000000_v8) for User 'hadjitot' in Account 'callan_hadjitot'
Finished at: Sat Mar 14 05:32:04 GMT 2026

Job efficiency estimates:
=========================

Job ID: 166697
Cluster: callan
User/Group: hadjitot/hadjitot
State: COMPLETED (exit code 0)
Nodes: 1
Cores per node: 16
CPU Utilized: 09:56:44
CPU Efficiency: 39.32% of 1-01:17:36 core-walltime
Job Wall-clock time: 01:34:51
Memory Utilized: 3.43 GB
Memory Efficiency: 10.72% of 32.00 GB (32.00 GB/node)

Job completion status:
======================

JobID           JobName AllocCPUS NTasks NNodes     MaxRSS    MaxRSSNode  MaxDiskRead MaxDiskWrite    Elapsed      State ExitCode 
------------ ---------- --------- ------ ------ ---------- ------------- ------------ ------------ ---------- ---------- -------- 
166697       attn_lear+        16             1                                                      01:34:51  COMPLETED      0:0 
166697.batch      batch        16      1      1   3596036K    callan-n12     1535.83M     1208.95M   01:34:51  COMPLETED      0:0 
166697.exte+     extern        16      1      1                                                      01:34:51  COMPLETED      0:0 


Job details:
============

JobId=166697 JobName=attn_learned_highway_lanechange_dense_obs20_seed1_ne8_1000000_v8
   UserId=hadjitot(2357) GroupId=hadjitot(2300) MCS_label=N/A
   Priority=102792 Nice=0 Account=callan_hadjitot QOS=normal
   JobState=COMPLETING Reason=None Dependency=(null)
   Requeue=0 Restarts=0 BatchFlag=1 Reboot=0 ExitCode=0:0
   DerivedExitCode=0:0
   RunTime=01:34:51 TimeLimit=2-00:00:00 TimeMin=N/A
   SubmitTime=2026-03-14T02:10:39 EligibleTime=2026-03-14T02:10:39
   AccrueTime=2026-03-14T02:10:39
   StartTime=2026-03-14T03:57:13 EndTime=2026-03-14T05:32:04 Deadline=N/A
   SuspendTime=None SecsPreSuspend=0 LastSchedEval=2026-03-14T03:57:13 Scheduler=Backfill
   Partition=compute AllocNode:Sid=callan01:408560
   ReqNodeList=(null) ExcNodeList=(null)
   NodeList=callan-n12
   BatchHost=callan-n12
   NumNodes=1 NumCPUs=16 NumTasks=1 CPUs/Task=16 ReqB:S:C:T=0:0:*:*
   ReqTRES=cpu=16,mem=32G,node=1,billing=16
   AllocTRES=cpu=16,mem=32G,node=1,billing=16
   Socks/Node=* NtasksPerN:B:S:C=0:0:*:* CoreSpec=*
   JOB_GRES=(null)
     Nodes=callan-n12 CPU_IDs=7-22 Mem=32768 GRES=
   MinCPUsNode=16 MinMemoryNode=32G MinTmpDiskNode=0
   Features=(null) DelayBoot=00:00:00
   OverSubscribe=OK Contiguous=0 Licenses=(null) LicensesAlloc=(null) Network=(null)
   Command=/home/users/hadjitot/fyp/HighwayEnv/slurm/train_attention.sbatch
   WorkDir=/home/users/hadjitot/fyp/HighwayEnv
   StdErr=/home/users/hadjitot/fyp/HighwayEnv/slurm_out/attn_learned_highway_lanechange_dense_obs20_seed1_ne8_1000000_v8_166697.err
   StdIn=/dev/null
   StdOut=/home/users/hadjitot/fyp/HighwayEnv/slurm_out/attn_learned_highway_lanechange_dense_obs20_seed1_ne8_1000000_v8_166697.out
   TresPerTask=cpu=16
   


Disk quota details:
===================

                         Block Limits                                    |                     File Limits
Name       type             MB      quota      limit   in_doubt    grace |    files   quota    limit in_doubt    grace
root       USR         4840744          0          0        624     none |   390986       0        0      198     none
root       FILESET     4883484          0          0       3863     none |  9908435       0        0      824     none


SLURM Bank Statement:
=====================

User           Usage |        Account     Usage | Account Limit Available (CPU hrs)
---------- --------- + -------------- --------- + ------------- ---------
hadjitot      17,392 | CALLAN_HADJITOT    17,392 |       300,000   282,608


Acknowledgements:
=================

Note that usage of TCHPC Resources *must* be acknowledged in all publications.

Please see this page for details relevant to this cluster:

http://www.tchpc.tcd.ie/resources/acknowledgementpolicy

################################################################################
