Loading Anaconda 3 2024.02-1
SCENARIO_NAME=highway_lanechange_dense_obs20
SEED=0
EXP_VERSION=v12
ATTN_MODE=uniform
MODEL_PATH=runs/models/ppo_attn_uniform_highway_lanechange_dense_obs20_v12_seed0.zip
STEPS=5000
OUT_DIR=runs/attn_logs/v12/uniform/highway_lanechange_dense_obs20/seed0
SCENARIO_NAME=highway_lanechange_dense_obs20 SEED=0 ATTN_MODE=uniform
Resolved MODEL_PATH=/home/users/hadjitot/fyp/HighwayEnv/runs/models/ppo_attn_uniform_highway_lanechange_dense_obs20_v12_seed0.zip
Env obs shape: (20, 5)
Model obs shape: (20, 5)
Attention log steps: 5000
Saved: (5000, 19) (5000, 19) (5000, 19) (5000, 19)
T: 5000 N: 19
argmax==leader hit rate: 0.5814
mean attention on leader: 0.07312282
mean attention entropy: 2.655895
argmax==ttc_critical hit rate: 0.4962
mean attention on ttc_critical: 0.07312282
fraction steps with closing TTC candidate: 1.0
mean min TTC (closing steps only): 0.7233487367630005


###############################################################################
TCHPC Cluster: callan
Job 171156 (attnlog_uniform_highway_lanechange_dense_obs20_seed0_v12) for User 'hadjitot' in Account 'callan_hadjitot'
Finished at: Sat Mar 28 19:10:17 GMT 2026

Job efficiency estimates:
=========================

Job ID: 171156
Cluster: callan
User/Group: hadjitot/hadjitot
State: COMPLETED (exit code 0)
Nodes: 1
Cores per node: 16
CPU Utilized: 00:03:09
CPU Efficiency: 5.27% of 00:59:44 core-walltime
Job Wall-clock time: 00:03:44
Memory Utilized: 420.83 MB
Memory Efficiency: 1.28% of 32.00 GB (32.00 GB/node)

Job completion status:
======================

JobID           JobName AllocCPUS NTasks NNodes     MaxRSS    MaxRSSNode  MaxDiskRead MaxDiskWrite    Elapsed      State ExitCode 
------------ ---------- --------- ------ ------ ---------- ------------- ------------ ------------ ---------- ---------- -------- 
171156       attnlog_u+        16             1                                                      00:03:44  COMPLETED      0:0 
171156.batch      batch        16      1      1    430928K    callan-n09       61.28M        0.01M   00:03:44  COMPLETED      0:0 
171156.exte+     extern        16      1      1                                                      00:03:44  COMPLETED      0:0 


Job details:
============

JobId=171156 JobName=attnlog_uniform_highway_lanechange_dense_obs20_seed0_v12
   UserId=hadjitot(2357) GroupId=hadjitot(2300) MCS_label=N/A
   Priority=100057 Nice=0 Account=callan_hadjitot QOS=normal
   JobState=COMPLETING Reason=None Dependency=(null)
   Requeue=0 Restarts=0 BatchFlag=1 Reboot=0 ExitCode=0:0
   DerivedExitCode=0:0
   RunTime=00:03:44 TimeLimit=2-00:00:00 TimeMin=N/A
   SubmitTime=2026-03-27T20:37:56 EligibleTime=2026-03-28T17:13:28
   AccrueTime=2026-03-28T17:13:28
   StartTime=2026-03-28T19:06:33 EndTime=2026-03-28T19:10:17 Deadline=N/A
   SuspendTime=None SecsPreSuspend=0 LastSchedEval=2026-03-28T19:06:33 Scheduler=Backfill
   Partition=compute AllocNode:Sid=callan01:1076092
   ReqNodeList=(null) ExcNodeList=(null)
   NodeList=callan-n09
   BatchHost=callan-n09
   NumNodes=1 NumCPUs=16 NumTasks=1 CPUs/Task=16 ReqB:S:C:T=0:0:*:*
   ReqTRES=cpu=16,mem=32G,node=1,billing=16
   AllocTRES=cpu=16,mem=32G,node=1,billing=16
   Socks/Node=* NtasksPerN:B:S:C=0:0:*:* CoreSpec=*
   JOB_GRES=(null)
     Nodes=callan-n09 CPU_IDs=14-26,53,58,61 Mem=32768 GRES=
   MinCPUsNode=16 MinMemoryNode=32G MinTmpDiskNode=0
   Features=(null) DelayBoot=00:00:00
   OverSubscribe=OK Contiguous=0 Licenses=(null) LicensesAlloc=(null) Network=(null)
   Command=/home/users/hadjitot/fyp/HighwayEnv/slurm/eval_attention.sbatch
   WorkDir=/home/users/hadjitot/fyp/HighwayEnv
   StdErr=/home/users/hadjitot/fyp/HighwayEnv/slurm_out/attnlog_uniform_highway_lanechange_dense_obs20_seed0_v12_171156.err
   StdIn=/dev/null
   StdOut=/home/users/hadjitot/fyp/HighwayEnv/slurm_out/attnlog_uniform_highway_lanechange_dense_obs20_seed0_v12_171156.out
   TresPerTask=cpu=16
   


Disk quota details:
===================

                         Block Limits                                    |                     File Limits
Name       type             MB      quota      limit   in_doubt    grace |    files   quota    limit in_doubt    grace
root       USR         4977819          0          0       1920     none |   398430       0        0      922     none
root       FILESET     5326299          0          0       4601     none |  9918604       0        0     1530     none


SLURM Bank Statement:
=====================

User           Usage |        Account     Usage | Account Limit Available (CPU hrs)
---------- --------- + -------------- --------- + ------------- ---------
hadjitot      13,154 | CALLAN_HADJITOT    13,154 |       300,000   286,846


Acknowledgements:
=================

Note that usage of TCHPC Resources *must* be acknowledged in all publications.

Please see this page for details relevant to this cluster:

http://www.tchpc.tcd.ie/resources/acknowledgementpolicy

################################################################################
