Loading Anaconda 3 2024.02-1
SCENARIO_NAME=highway_lanechange_dense_obs20
EXP_VERSION=v11_mappo_diag
SEED=0
ATTN_MODE=learned
CONTROLLED_VEHICLES=2
MODEL_DIR=runs/models
MODEL_PATH=
STEPS=5000
DEVICE=cpu
SCENARIO_NAME=highway_lanechange_dense_obs20 SEED=0 ATTN_MODE=learned CONTROLLED_VEHICLES=2
Resolved MODEL_PATH=/home/users/hadjitot/fyp/HighwayEnv/runs/models/mappo_attn_learned_highway_lanechange_dense_obs20_v11_mappo_diag_cv2_seed0.pt
Per-agent env obs shape: (20, 5)
Checkpoint policy_kind: attn
Attention log steps: 5000
Saved: (5000, 2, 19) (5000, 2, 19) (5000, 2, 19) (5000, 2, 19)


###############################################################################
TCHPC Cluster: callan
Job 170430 (attnlog_mappo_learned_highway_lanechange_dense_obs20_seed0_cv2_v11_mappo_diag) for User 'hadjitot' in Account 'callan_hadjitot'
Finished at: Fri Mar 27 13:16:49 GMT 2026

Job efficiency estimates:
=========================

Job ID: 170430
Cluster: callan
User/Group: hadjitot/hadjitot
State: COMPLETED (exit code 0)
Nodes: 1
Cores per node: 4
CPU Utilized: 00:03:39
CPU Efficiency: 23.00% of 00:15:52 core-walltime
Job Wall-clock time: 00:03:58
Memory Utilized: 364.05 MB
Memory Efficiency: 4.44% of 8.00 GB (8.00 GB/node)

Job completion status:
======================

JobID           JobName AllocCPUS NTasks NNodes     MaxRSS    MaxRSSNode  MaxDiskRead MaxDiskWrite    Elapsed      State ExitCode 
------------ ---------- --------- ------ ------ ---------- ------------- ------------ ------------ ---------- ---------- -------- 
170430       attnlog_m+         4             1                                                      00:03:58  COMPLETED      0:0 
170430.batch      batch         4      1      1    372792K    callan-n09       48.26M        0.01M   00:03:58  COMPLETED      0:0 
170430.exte+     extern         4      1      1                                                      00:03:58  COMPLETED      0:0 


Job details:
============

JobId=170430 JobName=attnlog_mappo_learned_highway_lanechange_dense_obs20_seed0_cv2_v11_mappo_diag
   UserId=hadjitot(2357) GroupId=hadjitot(2300) MCS_label=N/A
   Priority=112951 Nice=0 Account=callan_hadjitot QOS=normal
   JobState=COMPLETING Reason=None Dependency=(null)
   Requeue=0 Restarts=0 BatchFlag=1 Reboot=0 ExitCode=0:0
   DerivedExitCode=0:0
   RunTime=00:03:58 TimeLimit=12:00:00 TimeMin=N/A
   SubmitTime=2026-03-26T23:55:13 EligibleTime=2026-03-27T13:12:51
   AccrueTime=Unknown
   StartTime=2026-03-27T13:12:51 EndTime=2026-03-27T13:16:49 Deadline=N/A
   SuspendTime=None SecsPreSuspend=0 LastSchedEval=2026-03-27T13:12:51 Scheduler=Backfill
   Partition=compute AllocNode:Sid=callan01:1431434
   ReqNodeList=(null) ExcNodeList=(null)
   NodeList=callan-n09
   BatchHost=callan-n09
   NumNodes=1 NumCPUs=4 NumTasks=1 CPUs/Task=4 ReqB:S:C:T=0:0:*:*
   ReqTRES=cpu=4,mem=8G,node=1,billing=4
   AllocTRES=cpu=4,mem=8G,node=1,billing=4
   Socks/Node=* NtasksPerN:B:S:C=0:0:*:* CoreSpec=*
   JOB_GRES=(null)
     Nodes=callan-n09 CPU_IDs=10-13 Mem=8192 GRES=
   MinCPUsNode=4 MinMemoryNode=8G MinTmpDiskNode=0
   Features=(null) DelayBoot=00:00:00
   OverSubscribe=OK Contiguous=0 Licenses=(null) LicensesAlloc=(null) Network=(null)
   Command=/home/users/hadjitot/fyp/HighwayEnv/slurm/eval_mappo_attention.sbatch
   WorkDir=/home/users/hadjitot/fyp/HighwayEnv
   StdErr=/home/users/hadjitot/fyp/HighwayEnv/slurm_out/attnlog_mappo_learned_highway_lanechange_dense_obs20_seed0_cv2_v11_mappo_diag_170430.err
   StdIn=/dev/null
   StdOut=/home/users/hadjitot/fyp/HighwayEnv/slurm_out/attnlog_mappo_learned_highway_lanechange_dense_obs20_seed0_cv2_v11_mappo_diag_170430.out
   TresPerTask=cpu=4
   


Disk quota details:
===================

                         Block Limits                                    |                     File Limits
Name       type             MB      quota      limit   in_doubt    grace |    files   quota    limit in_doubt    grace
root       USR         4952969          0          0       1884     none |   397169       0        0      735     none
root       FILESET     5208067          0          0       5081     none |  9920483       0        0     1796     none


SLURM Bank Statement:
=====================

User           Usage |        Account     Usage | Account Limit Available (CPU hrs)
---------- --------- + -------------- --------- + ------------- ---------
hadjitot      11,676 | CALLAN_HADJITOT    11,676 |       300,000   288,324


Acknowledgements:
=================

Note that usage of TCHPC Resources *must* be acknowledged in all publications.

Please see this page for details relevant to this cluster:

http://www.tchpc.tcd.ie/resources/acknowledgementpolicy

################################################################################
