Loading Anaconda 3 2024.02-1
SCENARIO_NAME=cf_obs20_dense
EXP_VERSION=v12
SEED=0
ATTN_MODE=uniform
CONTROLLED_VEHICLES=2
MODEL_DIR=runs/models
MODEL_PATH=
STEPS=5000
DEVICE=cpu
SCENARIO_NAME=cf_obs20_dense SEED=0 ATTN_MODE=uniform CONTROLLED_VEHICLES=2
Resolved MODEL_PATH=/home/users/hadjitot/fyp/HighwayEnv/runs/models/mappo_attn_uniform_cf_obs20_dense_v12_cv2_seed0.pt
Per-agent env obs shape: (20, 5)
Checkpoint policy_kind: attn
Attention log steps: 5000
Saved: (5000, 2, 19) (5000, 2, 19) (5000, 2, 19) (5000, 2, 19)
steps=5000 agents=2 neighbours=19
log_dir=runs/attn_logs_mappo/v12/uniform/cf_obs20_dense/cv2/seed0
AGGREGATE
  T: 10000 N: 19
  argmax==leader hit rate: 0.9208
  mean attention on leader: 0.21048154
  mean attention entropy: 1.6048495
  argmax==ttc_critical hit rate: 0.9337
  mean attention on ttc_critical: 0.21048154
  fraction steps with closing TTC candidate: 0.5326
  mean min TTC (closing steps only): 567.0986938476562
AGENT 0
  T: 5000 N: 19
  argmax==leader hit rate: 1.0
  mean attention on leader: 0.17930104
  mean attention entropy: 1.5838767
  argmax==ttc_critical hit rate: 0.9886
  mean attention on ttc_critical: 0.17930104
  fraction steps with closing TTC candidate: 0.4968
  mean min TTC (closing steps only): 3.3919734954833984
AGENT 1
  T: 5000 N: 19
  argmax==leader hit rate: 0.8416
  mean attention on leader: 0.24166206
  mean attention entropy: 1.6258221
  argmax==ttc_critical hit rate: 0.8788
  mean attention on ttc_critical: 0.24166206
  fraction steps with closing TTC candidate: 0.5684
  mean min TTC (closing steps only): 1059.796630859375


###############################################################################
TCHPC Cluster: callan
Job 171501 (attnlog_mappo_uniform_cf_obs20_dense_seed0_v12) for User 'hadjitot' in Account 'callan_hadjitot'
Finished at: Sun Mar 29 04:42:42 IST 2026

Job efficiency estimates:
=========================

Job ID: 171501
Cluster: callan
User/Group: hadjitot/hadjitot
State: RUNNING
Nodes: 1
Cores per node: 4
CPU Utilized: 00:02:38
CPU Efficiency: 27.82% of 00:09:28 core-walltime
Job Wall-clock time: 00:02:22
Memory Utilized: 402.97 MB
Memory Efficiency: 4.92% of 8.00 GB (8.00 GB/node)
WARNING: Efficiency statistics can only be obtained after the job has ended as seff tool is based on the accounting database data.

Job completion status:
======================

JobID           JobName AllocCPUS NTasks NNodes     MaxRSS    MaxRSSNode  MaxDiskRead MaxDiskWrite    Elapsed      State ExitCode 
------------ ---------- --------- ------ ------ ---------- ------------- ------------ ------------ ---------- ---------- -------- 
171501       attnlog_m+         4             1                                                      00:02:58  COMPLETED      0:0 
171501.batch      batch         4      1      1    412644K    callan-n08       48.15M        0.01M   00:02:58  COMPLETED      0:0 
171501.exte+     extern         4      1      1                                                      00:02:58  COMPLETED      0:0 


Job details:
============

JobId=171501 JobName=attnlog_mappo_uniform_cf_obs20_dense_seed0_v12
   UserId=hadjitot(2357) GroupId=hadjitot(2300) MCS_label=N/A
   Priority=100075 Nice=0 Account=callan_hadjitot QOS=normal
   JobState=COMPLETING Reason=None Dependency=(null)
   Requeue=0 Restarts=0 BatchFlag=1 Reboot=0 ExitCode=0:0
   DerivedExitCode=0:0
   RunTime=00:02:58 TimeLimit=12:00:00 TimeMin=N/A
   SubmitTime=2026-03-28T20:02:54 EligibleTime=2026-03-29T02:02:40
   AccrueTime=2026-03-29T02:02:40
   StartTime=2026-03-29T04:39:44 EndTime=2026-03-29T04:42:42 Deadline=N/A
   SuspendTime=None SecsPreSuspend=0 LastSchedEval=2026-03-29T04:39:44 Scheduler=Backfill
   Partition=compute AllocNode:Sid=callan01:1182475
   ReqNodeList=(null) ExcNodeList=(null)
   NodeList=callan-n08
   BatchHost=callan-n08
   NumNodes=1 NumCPUs=4 NumTasks=1 CPUs/Task=4 ReqB:S:C:T=0:0:*:*
   ReqTRES=cpu=4,mem=8G,node=1,billing=4
   AllocTRES=cpu=4,mem=8G,node=1,billing=4
   Socks/Node=* NtasksPerN:B:S:C=0:0:*:* CoreSpec=*
   JOB_GRES=(null)
     Nodes=callan-n08 CPU_IDs=55-58 Mem=8192 GRES=
   MinCPUsNode=4 MinMemoryNode=8G MinTmpDiskNode=0
   Features=(null) DelayBoot=00:00:00
   OverSubscribe=OK Contiguous=0 Licenses=(null) LicensesAlloc=(null) Network=(null)
   Command=/home/users/hadjitot/fyp/HighwayEnv/slurm/eval_mappo_attention.sbatch
   WorkDir=/home/users/hadjitot/fyp/HighwayEnv
   StdErr=/home/users/hadjitot/fyp/HighwayEnv/slurm_out/attnlog_mappo_uniform_cf_obs20_dense_seed0_v12_171501.err
   StdIn=/dev/null
   StdOut=/home/users/hadjitot/fyp/HighwayEnv/slurm_out/attnlog_mappo_uniform_cf_obs20_dense_seed0_v12_171501.out
   TresPerTask=cpu=4
   


Disk quota details:
===================

                         Block Limits                                    |                     File Limits
Name       type             MB      quota      limit   in_doubt    grace |    files   quota    limit in_doubt    grace
root       USR         4985628          0          0       1584     none |   398762       0        0      948     none
root       FILESET     5151796          0          0       4444     none |  9900241       0        0     1525     none


SLURM Bank Statement:
=====================

User           Usage |        Account     Usage | Account Limit Available (CPU hrs)
---------- --------- + -------------- --------- + ------------- ---------
hadjitot      13,884 | CALLAN_HADJITOT    13,884 |       300,000   286,116


Acknowledgements:
=================

Note that usage of TCHPC Resources *must* be acknowledged in all publications.

Please see this page for details relevant to this cluster:

http://www.tchpc.tcd.ie/resources/acknowledgementpolicy

################################################################################
