Loading Anaconda 3 2024.02-1
SCENARIO_NAME=merge_dense
SEED=0
EXP_VERSION=v4
ATTN_MODE=oracle
MODEL_PATH=runs/models/ppo_attn_oracle_merge_dense_v4_seed0.zip
STEPS=100000
OUT_DIR=runs/attn_logs/oracle/merge_dense/seed0
SCENARIO_NAME=merge_dense SEED=0 ATTN_MODE=oracle
Resolved MODEL_PATH=/home/users/hadjitot/fyp/HighwayEnv/runs/models/ppo_attn_oracle_merge_dense_v4_seed0.zip
Env obs shape: (15, 5)
Model obs shape: (15, 5)
Saved: (100000, 14) (100000, 14) (100000, 14) (100000, 14)
T: 100000 N: 14
argmax==leader hit rate: 0.99987
mean attention on leader: 0.99979
mean attention entropy: 3.5920553e-10
argmax==ttc_critical hit rate: 1.0
mean attention on ttc_critical: 0.99992
fraction steps with closing TTC candidate: 0.99933
mean min TTC (closing steps only): 37304.890625


###############################################################################
TCHPC Cluster: callan
Job 144558 (attnlog_oracle_merge_dense_seed0_v4) for User 'hadjitot' in Account 'callan_hadjitot'
Finished at: Mon Feb 23 12:43:42 GMT 2026

Job efficiency estimates:
=========================

Job ID: 144558
Cluster: callan
User/Group: hadjitot/hadjitot
State: COMPLETED (exit code 0)
Nodes: 1
Cores per node: 16
CPU Utilized: 00:21:21
CPU Efficiency: 5.94% of 05:59:12 core-walltime
Job Wall-clock time: 00:22:27
Memory Utilized: 733.63 MB
Memory Efficiency: 2.24% of 32.00 GB (32.00 GB/node)

Job completion status:
======================

JobID           JobName AllocCPUS NTasks NNodes     MaxRSS    MaxRSSNode  MaxDiskRead MaxDiskWrite    Elapsed      State ExitCode 
------------ ---------- --------- ------ ------ ---------- ------------- ------------ ------------ ---------- ---------- -------- 
144558       attnlog_o+        16             1                                                      00:22:27  COMPLETED      0:0 
144558.batch      batch        16      1      1    751236K    callan-n02       61.26M        0.01M   00:22:27  COMPLETED      0:0 
144558.exte+     extern        16      1      1                                                      00:22:27  COMPLETED      0:0 


Job details:
============

JobId=144558 JobName=attnlog_oracle_merge_dense_seed0_v4
   UserId=hadjitot(2357) GroupId=hadjitot(2300) MCS_label=N/A
   Priority=102086 Nice=0 Account=callan_hadjitot QOS=normal
   JobState=COMPLETING Reason=None Dependency=(null)
   Requeue=0 Restarts=0 BatchFlag=1 Reboot=0 ExitCode=0:0
   DerivedExitCode=0:0
   RunTime=00:22:27 TimeLimit=2-00:00:00 TimeMin=N/A
   SubmitTime=2026-02-23T12:21:14 EligibleTime=2026-02-23T12:21:14
   AccrueTime=2026-02-23T12:21:14
   StartTime=2026-02-23T12:21:15 EndTime=2026-02-23T12:43:42 Deadline=N/A
   SuspendTime=None SecsPreSuspend=0 LastSchedEval=2026-02-23T12:21:15 Scheduler=Main
   Partition=compute AllocNode:Sid=callan01:2105744
   ReqNodeList=(null) ExcNodeList=(null)
   NodeList=callan-n02
   BatchHost=callan-n02
   NumNodes=1 NumCPUs=16 NumTasks=1 CPUs/Task=16 ReqB:S:C:T=0:0:*:*
   ReqTRES=cpu=16,mem=32G,node=1,billing=16
   AllocTRES=cpu=16,mem=32G,node=1,billing=16
   Socks/Node=* NtasksPerN:B:S:C=0:0:*:* CoreSpec=*
   JOB_GRES=(null)
     Nodes=callan-n02 CPU_IDs=0-15 Mem=32768 GRES=
   MinCPUsNode=16 MinMemoryNode=32G MinTmpDiskNode=0
   Features=(null) DelayBoot=00:00:00
   OverSubscribe=OK Contiguous=0 Licenses=(null) LicensesAlloc=(null) Network=(null)
   Command=/home/users/hadjitot/fyp/HighwayEnv/slurm/eval_attention.sbatch
   WorkDir=/home/users/hadjitot/fyp/HighwayEnv
   StdErr=/home/users/hadjitot/fyp/HighwayEnv/slurm_out/attnlog_oracle_merge_dense_seed0_v4_144558.err
   StdIn=/dev/null
   StdOut=/home/users/hadjitot/fyp/HighwayEnv/slurm_out/attnlog_oracle_merge_dense_seed0_v4_144558.out
   TresPerTask=cpu=16
   


Disk quota details:
===================

                         Block Limits                                    |                     File Limits
Name       type             MB      quota      limit   in_doubt    grace |    files   quota    limit in_doubt    grace
root       USR         4787991          0          0        460     none |   368240       0        0      240     none
root       FILESET     4743151          0          0       3161     none |  9496276       0        0      912     none


SLURM Bank Statement:
=====================

User           Usage |        Account     Usage | Account Limit Available (CPU hrs)
---------- --------- + -------------- --------- + ------------- ---------
hadjitot      11,291 | CALLAN_HADJITOT    11,291 |       300,000   288,709


Acknowledgements:
=================

Note that usage of TCHPC Resources *must* be acknowledged in all publications.

Please see this page for details relevant to this cluster:

http://www.tchpc.tcd.ie/resources/acknowledgementpolicy

################################################################################
