Loading Anaconda 3 2024.02-1
SCENARIO_NAME=cf_obs15_stopgo
EXP_VERSION=v8
TOTAL_TIMESTEPS=1000000
N_ENVS=8
ATTN_MODE=learned
X_INDEX=1
VX_INDEX=3
ORACLE_RULE=leader_x
TTC_EPS=1e-6
ppo_attn_learned_cf_obs15_stopgo_v8_seed2 obs shape: (15, 5) action space: Box(-1.0, 1.0, (1,), float32)
Using cpu device
Logging to runs/tb/ppo_attn_learned_cf_obs15_stopgo_v8_seed2_1
---------------------------------
| rollout/           |          |
|    ep_len_mean     | 14.9     |
|    ep_rew_mean     | 1.37     |
| time/              |          |
|    fps             | 376      |
|    iterations      | 1        |
|    time_elapsed    | 43       |
|    total_timesteps | 16384    |
---------------------------------
------------------------------------------
| rollout/                |              |
|    ep_len_mean          | 15.4         |
|    ep_rew_mean          | 1.46         |
| time/                   |              |
|    fps                  | 341          |
|    iterations           | 2            |
|    time_elapsed         | 95           |
|    total_timesteps      | 32768        |
| train/                  |              |
|    approx_kl            | 0.0026740702 |
|    clip_fraction        | 0.021        |
|    clip_range           | 0.2          |
|    entropy_loss         | -1.42        |
|    explained_variance   | -0.00132     |
|    learning_rate        | 0.0003       |
|    loss                 | 0.103        |
|    n_updates            | 10           |
|    policy_gradient_loss | -0.00165     |
|    std                  | 1.01         |
|    value_loss           | 1.17         |
------------------------------------------
-----------------------------------------
| rollout/                |             |
|    ep_len_mean          | 16.6        |
|    ep_rew_mean          | 1.76        |
| time/                   |             |
|    fps                  | 332         |
|    iterations           | 3           |
|    time_elapsed         | 147         |
|    total_timesteps      | 49152       |
| train/                  |             |
|    approx_kl            | 0.014663957 |
|    clip_fraction        | 0.2         |
|    clip_range           | 0.2         |
|    entropy_loss         | -1.4        |
|    explained_variance   | 0.984       |
|    learning_rate        | 0.0003      |
|    loss                 | 0.155       |
|    n_updates            | 20          |
|    policy_gradient_loss | -0.0212     |
|    std                  | 0.973       |
|    value_loss           | 0.146       |
-----------------------------------------
----------------------------------------
| rollout/                |            |
|    ep_len_mean          | 17.1       |
|    ep_rew_mean          | 1.71       |
| time/                   |            |
|    fps                  | 328        |
|    iterations           | 4          |
|    time_elapsed         | 199        |
|    total_timesteps      | 65536      |
| train/                  |            |
|    approx_kl            | 0.01761723 |
|    clip_fraction        | 0.236      |
|    clip_range           | 0.2        |
|    entropy_loss         | -1.37      |
|    explained_variance   | 0.991      |
|    learning_rate        | 0.0003     |
|    loss                 | 0.0689     |
|    n_updates            | 30         |
|    policy_gradient_loss | -0.0291    |
|    std                  | 0.939      |
|    value_loss           | 0.141      |
----------------------------------------
-----------------------------------------
| rollout/                |             |
|    ep_len_mean          | 21.9        |
|    ep_rew_mean          | 1.51        |
| time/                   |             |
|    fps                  | 326         |
|    iterations           | 5           |
|    time_elapsed         | 250         |
|    total_timesteps      | 81920       |
| train/                  |             |
|    approx_kl            | 0.018030364 |
|    clip_fraction        | 0.231       |
|    clip_range           | 0.2         |
|    entropy_loss         | -1.32       |
|    explained_variance   | 0.94        |
|    learning_rate        | 0.0003      |
|    loss                 | 0.0487      |
|    n_updates            | 40          |
|    policy_gradient_loss | -0.0209     |
|    std                  | 0.896       |
|    value_loss           | 0.211       |
-----------------------------------------
-----------------------------------------
| rollout/                |             |
|    ep_len_mean          | 29.1        |
|    ep_rew_mean          | 1.05        |
| time/                   |             |
|    fps                  | 325         |
|    iterations           | 6           |
|    time_elapsed         | 301         |
|    total_timesteps      | 98304       |
| train/                  |             |
|    approx_kl            | 0.022196176 |
|    clip_fraction        | 0.222       |
|    clip_range           | 0.2         |
|    entropy_loss         | -1.26       |
|    explained_variance   | 0.859       |
|    learning_rate        | 0.0003      |
|    loss                 | 0.23        |
|    n_updates            | 50          |
|    policy_gradient_loss | -0.0122     |
|    std                  | 0.828       |
|    value_loss           | 0.432       |
-----------------------------------------
-----------------------------------------
| rollout/                |             |
|    ep_len_mean          | 59.3        |
|    ep_rew_mean          | -3.33       |
| time/                   |             |
|    fps                  | 326         |
|    iterations           | 7           |
|    time_elapsed         | 351         |
|    total_timesteps      | 114688      |
| train/                  |             |
|    approx_kl            | 0.017006885 |
|    clip_fraction        | 0.174       |
|    clip_range           | 0.2         |
|    entropy_loss         | -1.18       |
|    explained_variance   | 0.852       |
|    learning_rate        | 0.0003      |
|    loss                 | 0.322       |
|    n_updates            | 60          |
|    policy_gradient_loss | -0.00938    |
|    std                  | 0.778       |
|    value_loss           | 1.2         |
-----------------------------------------
-----------------------------------------
| rollout/                |             |
|    ep_len_mean          | 66.4        |
|    ep_rew_mean          | -3.14       |
| time/                   |             |
|    fps                  | 328         |
|    iterations           | 8           |
|    time_elapsed         | 398         |
|    total_timesteps      | 131072      |
| train/                  |             |
|    approx_kl            | 0.008068395 |
|    clip_fraction        | 0.104       |
|    clip_range           | 0.2         |
|    entropy_loss         | -1.15       |
|    explained_variance   | 0.898       |
|    learning_rate        | 0.0003      |
|    loss                 | 0.36        |
|    n_updates            | 70          |
|    policy_gradient_loss | -0.00862    |
|    std                  | 0.765       |
|    value_loss           | 1.68        |
-----------------------------------------
-----------------------------------------
| rollout/                |             |
|    ep_len_mean          | 82.6        |
|    ep_rew_mean          | -1.67       |
| time/                   |             |
|    fps                  | 330         |
|    iterations           | 9           |
|    time_elapsed         | 445         |
|    total_timesteps      | 147456      |
| train/                  |             |
|    approx_kl            | 0.010075007 |
|    clip_fraction        | 0.133       |
|    clip_range           | 0.2         |
|    entropy_loss         | -1.16       |
|    explained_variance   | 0.953       |
|    learning_rate        | 0.0003      |
|    loss                 | 0.508       |
|    n_updates            | 80          |
|    policy_gradient_loss | -0.0127     |
|    std                  | 0.781       |
|    value_loss           | 1.4         |
-----------------------------------------
-----------------------------------------
| rollout/                |             |
|    ep_len_mean          | 73.5        |
|    ep_rew_mean          | 5.57        |
| time/                   |             |
|    fps                  | 332         |
|    iterations           | 10          |
|    time_elapsed         | 492         |
|    total_timesteps      | 163840      |
| train/                  |             |
|    approx_kl            | 0.016082492 |
|    clip_fraction        | 0.211       |
|    clip_range           | 0.2         |
|    entropy_loss         | -1.14       |
|    explained_variance   | 0.965       |
|    learning_rate        | 0.0003      |
|    loss                 | 0.688       |
|    n_updates            | 90          |
|    policy_gradient_loss | -0.0253     |
|    std                  | 0.749       |
|    value_loss           | 1.9         |
-----------------------------------------
-----------------------------------------
| rollout/                |             |
|    ep_len_mean          | 77.4        |
|    ep_rew_mean          | 9.75        |
| time/                   |             |
|    fps                  | 333         |
|    iterations           | 11          |
|    time_elapsed         | 540         |
|    total_timesteps      | 180224      |
| train/                  |             |
|    approx_kl            | 0.018034004 |
|    clip_fraction        | 0.214       |
|    clip_range           | 0.2         |
|    entropy_loss         | -1.08       |
|    explained_variance   | 0.94        |
|    learning_rate        | 0.0003      |
|    loss                 | 0.662       |
|    n_updates            | 100         |
|    policy_gradient_loss | -0.0253     |
|    std                  | 0.71        |
|    value_loss           | 1.95        |
-----------------------------------------
-----------------------------------------
| rollout/                |             |
|    ep_len_mean          | 88.4        |
|    ep_rew_mean          | 13.1        |
| time/                   |             |
|    fps                  | 334         |
|    iterations           | 12          |
|    time_elapsed         | 587         |
|    total_timesteps      | 196608      |
| train/                  |             |
|    approx_kl            | 0.018124403 |
|    clip_fraction        | 0.195       |
|    clip_range           | 0.2         |
|    entropy_loss         | -1.03       |
|    explained_variance   | 0.878       |
|    learning_rate        | 0.0003      |
|    loss                 | 0.565       |
|    n_updates            | 110         |
|    policy_gradient_loss | -0.0188     |
|    std                  | 0.672       |
|    value_loss           | 1.42        |
-----------------------------------------
----------------------------------------
| rollout/                |            |
|    ep_len_mean          | 68.7       |
|    ep_rew_mean          | 9.57       |
| time/                   |            |
|    fps                  | 335        |
|    iterations           | 13         |
|    time_elapsed         | 634        |
|    total_timesteps      | 212992     |
| train/                  |            |
|    approx_kl            | 0.01441866 |
|    clip_fraction        | 0.149      |
|    clip_range           | 0.2        |
|    entropy_loss         | -0.976     |
|    explained_variance   | 0.762      |
|    learning_rate        | 0.0003     |
|    loss                 | 0.887      |
|    n_updates            | 120        |
|    policy_gradient_loss | -0.0109    |
|    std                  | 0.632      |
|    value_loss           | 1.86       |
----------------------------------------
-----------------------------------------
| rollout/                |             |
|    ep_len_mean          | 121         |
|    ep_rew_mean          | 20.4        |
| time/                   |             |
|    fps                  | 336         |
|    iterations           | 14          |
|    time_elapsed         | 681         |
|    total_timesteps      | 229376      |
| train/                  |             |
|    approx_kl            | 0.010242097 |
|    clip_fraction        | 0.11        |
|    clip_range           | 0.2         |
|    entropy_loss         | -0.95       |
|    explained_variance   | 0.743       |
|    learning_rate        | 0.0003      |
|    loss                 | 2.19        |
|    n_updates            | 130         |
|    policy_gradient_loss | -0.00233    |
|    std                  | 0.622       |
|    value_loss           | 3.38        |
-----------------------------------------
-----------------------------------------
| rollout/                |             |
|    ep_len_mean          | 148         |
|    ep_rew_mean          | 25.9        |
| time/                   |             |
|    fps                  | 337         |
|    iterations           | 15          |
|    time_elapsed         | 728         |
|    total_timesteps      | 245760      |
| train/                  |             |
|    approx_kl            | 0.009230863 |
|    clip_fraction        | 0.101       |
|    clip_range           | 0.2         |
|    entropy_loss         | -0.939      |
|    explained_variance   | 0.66        |
|    learning_rate        | 0.0003      |
|    loss                 | 2.52        |
|    n_updates            | 140         |
|    policy_gradient_loss | -0.000675   |
|    std                  | 0.613       |
|    value_loss           | 3.33        |
-----------------------------------------
-----------------------------------------
| rollout/                |             |
|    ep_len_mean          | 159         |
|    ep_rew_mean          | 28.2        |
| time/                   |             |
|    fps                  | 338         |
|    iterations           | 16          |
|    time_elapsed         | 775         |
|    total_timesteps      | 262144      |
| train/                  |             |
|    approx_kl            | 0.016027126 |
|    clip_fraction        | 0.143       |
|    clip_range           | 0.2         |
|    entropy_loss         | -0.908      |
|    explained_variance   | 0.623       |
|    learning_rate        | 0.0003      |
|    loss                 | 0.795       |
|    n_updates            | 150         |
|    policy_gradient_loss | 0.00128     |
|    std                  | 0.601       |
|    value_loss           | 2.48        |
-----------------------------------------
-----------------------------------------
| rollout/                |             |
|    ep_len_mean          | 154         |
|    ep_rew_mean          | 27.7        |
| time/                   |             |
|    fps                  | 338         |
|    iterations           | 17          |
|    time_elapsed         | 822         |
|    total_timesteps      | 278528      |
| train/                  |             |
|    approx_kl            | 0.011279406 |
|    clip_fraction        | 0.147       |
|    clip_range           | 0.2         |
|    entropy_loss         | -0.891      |
|    explained_variance   | 0.68        |
|    learning_rate        | 0.0003      |
|    loss                 | 1.88        |
|    n_updates            | 160         |
|    policy_gradient_loss | 0.00577     |
|    std                  | 0.591       |
|    value_loss           | 1.61        |
-----------------------------------------
------------------------------------------
| rollout/                |              |
|    ep_len_mean          | 150          |
|    ep_rew_mean          | 26.2         |
| time/                   |              |
|    fps                  | 339          |
|    iterations           | 18           |
|    time_elapsed         | 869          |
|    total_timesteps      | 294912       |
| train/                  |              |
|    approx_kl            | 0.0110280495 |
|    clip_fraction        | 0.15         |
|    clip_range           | 0.2          |
|    entropy_loss         | -0.885       |
|    explained_variance   | 0.631        |
|    learning_rate        | 0.0003       |
|    loss                 | 0.911        |
|    n_updates            | 170          |
|    policy_gradient_loss | 0.00607      |
|    std                  | 0.583        |
|    value_loss           | 1.96         |
------------------------------------------
-----------------------------------------
| rollout/                |             |
|    ep_len_mean          | 144         |
|    ep_rew_mean          | 25.2        |
| time/                   |             |
|    fps                  | 339         |
|    iterations           | 19          |
|    time_elapsed         | 916         |
|    total_timesteps      | 311296      |
| train/                  |             |
|    approx_kl            | 0.019893497 |
|    clip_fraction        | 0.146       |
|    clip_range           | 0.2         |
|    entropy_loss         | -0.871      |
|    explained_variance   | 0.588       |
|    learning_rate        | 0.0003      |
|    loss                 | 2.36        |
|    n_updates            | 180         |
|    policy_gradient_loss | 0.00434     |
|    std                  | 0.577       |
|    value_loss           | 2.95        |
-----------------------------------------
-----------------------------------------
| rollout/                |             |
|    ep_len_mean          | 148         |
|    ep_rew_mean          | 26.4        |
| time/                   |             |
|    fps                  | 340         |
|    iterations           | 20          |
|    time_elapsed         | 963         |
|    total_timesteps      | 327680      |
| train/                  |             |
|    approx_kl            | 0.013970171 |
|    clip_fraction        | 0.154       |
|    clip_range           | 0.2         |
|    entropy_loss         | -0.858      |
|    explained_variance   | 0.526       |
|    learning_rate        | 0.0003      |
|    loss                 | 4.27        |
|    n_updates            | 190         |
|    policy_gradient_loss | 0.00157     |
|    std                  | 0.571       |
|    value_loss           | 4.94        |
-----------------------------------------
-----------------------------------------
| rollout/                |             |
|    ep_len_mean          | 154         |
|    ep_rew_mean          | 27.2        |
| time/                   |             |
|    fps                  | 340         |
|    iterations           | 21          |
|    time_elapsed         | 1009        |
|    total_timesteps      | 344064      |
| train/                  |             |
|    approx_kl            | 0.019454151 |
|    clip_fraction        | 0.176       |
|    clip_range           | 0.2         |
|    entropy_loss         | -0.842      |
|    explained_variance   | 0.58        |
|    learning_rate        | 0.0003      |
|    loss                 | 0.479       |
|    n_updates            | 200         |
|    policy_gradient_loss | 0.00665     |
|    std                  | 0.564       |
|    value_loss           | 3.69        |
-----------------------------------------
------------------------------------------
| rollout/                |              |
|    ep_len_mean          | 146          |
|    ep_rew_mean          | 25.4         |
| time/                   |              |
|    fps                  | 341          |
|    iterations           | 22           |
|    time_elapsed         | 1056         |
|    total_timesteps      | 360448       |
| train/                  |              |
|    approx_kl            | 0.0077232234 |
|    clip_fraction        | 0.122        |
|    clip_range           | 0.2          |
|    entropy_loss         | -0.833       |
|    explained_variance   | 0.644        |
|    learning_rate        | 0.0003       |
|    loss                 | 1.07         |
|    n_updates            | 210          |
|    policy_gradient_loss | 0.00367      |
|    std                  | 0.556        |
|    value_loss           | 2.24         |
------------------------------------------
-----------------------------------------
| rollout/                |             |
|    ep_len_mean          | 169         |
|    ep_rew_mean          | 29.9        |
| time/                   |             |
|    fps                  | 341         |
|    iterations           | 23          |
|    time_elapsed         | 1103        |
|    total_timesteps      | 376832      |
| train/                  |             |
|    approx_kl            | 0.013926275 |
|    clip_fraction        | 0.115       |
|    clip_range           | 0.2         |
|    entropy_loss         | -0.828      |
|    explained_variance   | 0.499       |
|    learning_rate        | 0.0003      |
|    loss                 | 1.05        |
|    n_updates            | 220         |
|    policy_gradient_loss | 0.00278     |
|    std                  | 0.55        |
|    value_loss           | 3.64        |
-----------------------------------------
-----------------------------------------
| rollout/                |             |
|    ep_len_mean          | 169         |
|    ep_rew_mean          | 29.8        |
| time/                   |             |
|    fps                  | 341         |
|    iterations           | 24          |
|    time_elapsed         | 1149        |
|    total_timesteps      | 393216      |
| train/                  |             |
|    approx_kl            | 0.017385095 |
|    clip_fraction        | 0.163       |
|    clip_range           | 0.2         |
|    entropy_loss         | -0.788      |
|    explained_variance   | 0.247       |
|    learning_rate        | 0.0003      |
|    loss                 | 0.456       |
|    n_updates            | 230         |
|    policy_gradient_loss | 0.00297     |
|    std                  | 0.525       |
|    value_loss           | 1.1         |
-----------------------------------------
-----------------------------------------
| rollout/                |             |
|    ep_len_mean          | 148         |
|    ep_rew_mean          | 26          |
| time/                   |             |
|    fps                  | 342         |
|    iterations           | 25          |
|    time_elapsed         | 1196        |
|    total_timesteps      | 409600      |
| train/                  |             |
|    approx_kl            | 0.010711265 |
|    clip_fraction        | 0.0986      |
|    clip_range           | 0.2         |
|    entropy_loss         | -0.76       |
|    explained_variance   | 0.616       |
|    learning_rate        | 0.0003      |
|    loss                 | 0.619       |
|    n_updates            | 240         |
|    policy_gradient_loss | 0.00284     |
|    std                  | 0.512       |
|    value_loss           | 1.4         |
-----------------------------------------
-----------------------------------------
| rollout/                |             |
|    ep_len_mean          | 158         |
|    ep_rew_mean          | 28.2        |
| time/                   |             |
|    fps                  | 342         |
|    iterations           | 26          |
|    time_elapsed         | 1243        |
|    total_timesteps      | 425984      |
| train/                  |             |
|    approx_kl            | 0.029962417 |
|    clip_fraction        | 0.179       |
|    clip_range           | 0.2         |
|    entropy_loss         | -0.74       |
|    explained_variance   | 0.432       |
|    learning_rate        | 0.0003      |
|    loss                 | 0.749       |
|    n_updates            | 250         |
|    policy_gradient_loss | 0.00929     |
|    std                  | 0.502       |
|    value_loss           | 4           |
-----------------------------------------
-----------------------------------------
| rollout/                |             |
|    ep_len_mean          | 170         |
|    ep_rew_mean          | 29.9        |
| time/                   |             |
|    fps                  | 342         |
|    iterations           | 27          |
|    time_elapsed         | 1289        |
|    total_timesteps      | 442368      |
| train/                  |             |
|    approx_kl            | 0.010252453 |
|    clip_fraction        | 0.14        |
|    clip_range           | 0.2         |
|    entropy_loss         | -0.725      |
|    explained_variance   | 0.62        |
|    learning_rate        | 0.0003      |
|    loss                 | 1.32        |
|    n_updates            | 260         |
|    policy_gradient_loss | 0.00392     |
|    std                  | 0.496       |
|    value_loss           | 2.64        |
-----------------------------------------
-----------------------------------------
| rollout/                |             |
|    ep_len_mean          | 139         |
|    ep_rew_mean          | 23.7        |
| time/                   |             |
|    fps                  | 343         |
|    iterations           | 28          |
|    time_elapsed         | 1336        |
|    total_timesteps      | 458752      |
| train/                  |             |
|    approx_kl            | 0.011705923 |
|    clip_fraction        | 0.118       |
|    clip_range           | 0.2         |
|    entropy_loss         | -0.697      |
|    explained_variance   | 0.739       |
|    learning_rate        | 0.0003      |
|    loss                 | 0.204       |
|    n_updates            | 270         |
|    policy_gradient_loss | 0.00349     |
|    std                  | 0.484       |
|    value_loss           | 0.805       |
-----------------------------------------
---------------------------------------
| rollout/                |           |
|    ep_len_mean          | 156       |
|    ep_rew_mean          | 27.4      |
| time/                   |           |
|    fps                  | 343       |
|    iterations           | 29        |
|    time_elapsed         | 1384      |
|    total_timesteps      | 475136    |
| train/                  |           |
|    approx_kl            | 0.0160259 |
|    clip_fraction        | 0.146     |
|    clip_range           | 0.2       |
|    entropy_loss         | -0.698    |
|    explained_variance   | 0.367     |
|    learning_rate        | 0.0003    |
|    loss                 | 1.35      |
|    n_updates            | 280       |
|    policy_gradient_loss | 0.00385   |
|    std                  | 0.487     |
|    value_loss           | 4.96      |
---------------------------------------
-----------------------------------------
| rollout/                |             |
|    ep_len_mean          | 160         |
|    ep_rew_mean          | 28.3        |
| time/                   |             |
|    fps                  | 343         |
|    iterations           | 30          |
|    time_elapsed         | 1431        |
|    total_timesteps      | 491520      |
| train/                  |             |
|    approx_kl            | 0.010374699 |
|    clip_fraction        | 0.152       |
|    clip_range           | 0.2         |
|    entropy_loss         | -0.692      |
|    explained_variance   | 0.586       |
|    learning_rate        | 0.0003      |
|    loss                 | 2.66        |
|    n_updates            | 290         |
|    policy_gradient_loss | 0.0037      |
|    std                  | 0.481       |
|    value_loss           | 3.34        |
-----------------------------------------
-----------------------------------------
| rollout/                |             |
|    ep_len_mean          | 173         |
|    ep_rew_mean          | 30.2        |
| time/                   |             |
|    fps                  | 343         |
|    iterations           | 31          |
|    time_elapsed         | 1478        |
|    total_timesteps      | 507904      |
| train/                  |             |
|    approx_kl            | 0.014619535 |
|    clip_fraction        | 0.126       |
|    clip_range           | 0.2         |
|    entropy_loss         | -0.679      |
|    explained_variance   | 0.656       |
|    learning_rate        | 0.0003      |
|    loss                 | 1.27        |
|    n_updates            | 300         |
|    policy_gradient_loss | 0.00249     |
|    std                  | 0.472       |
|    value_loss           | 2.33        |
-----------------------------------------
-----------------------------------------
| rollout/                |             |
|    ep_len_mean          | 170         |
|    ep_rew_mean          | 30          |
| time/                   |             |
|    fps                  | 343         |
|    iterations           | 32          |
|    time_elapsed         | 1525        |
|    total_timesteps      | 524288      |
| train/                  |             |
|    approx_kl            | 0.013341981 |
|    clip_fraction        | 0.122       |
|    clip_range           | 0.2         |
|    entropy_loss         | -0.648      |
|    explained_variance   | 0.759       |
|    learning_rate        | 0.0003      |
|    loss                 | 0.28        |
|    n_updates            | 310         |
|    policy_gradient_loss | 0.00512     |
|    std                  | 0.462       |
|    value_loss           | 0.94        |
-----------------------------------------
-----------------------------------------
| rollout/                |             |
|    ep_len_mean          | 172         |
|    ep_rew_mean          | 30.8        |
| time/                   |             |
|    fps                  | 343         |
|    iterations           | 33          |
|    time_elapsed         | 1571        |
|    total_timesteps      | 540672      |
| train/                  |             |
|    approx_kl            | 0.010473795 |
|    clip_fraction        | 0.119       |
|    clip_range           | 0.2         |
|    entropy_loss         | -0.64       |
|    explained_variance   | 0.71        |
|    learning_rate        | 0.0003      |
|    loss                 | 0.27        |
|    n_updates            | 320         |
|    policy_gradient_loss | 0.00362     |
|    std                  | 0.455       |
|    value_loss           | 1.45        |
-----------------------------------------
-----------------------------------------
| rollout/                |             |
|    ep_len_mean          | 160         |
|    ep_rew_mean          | 27.6        |
| time/                   |             |
|    fps                  | 344         |
|    iterations           | 34          |
|    time_elapsed         | 1619        |
|    total_timesteps      | 557056      |
| train/                  |             |
|    approx_kl            | 0.008076219 |
|    clip_fraction        | 0.122       |
|    clip_range           | 0.2         |
|    entropy_loss         | -0.624      |
|    explained_variance   | 0.743       |
|    learning_rate        | 0.0003      |
|    loss                 | 0.223       |
|    n_updates            | 330         |
|    policy_gradient_loss | 0.00471     |
|    std                  | 0.453       |
|    value_loss           | 0.822       |
-----------------------------------------
-----------------------------------------
| rollout/                |             |
|    ep_len_mean          | 160         |
|    ep_rew_mean          | 28.2        |
| time/                   |             |
|    fps                  | 344         |
|    iterations           | 35          |
|    time_elapsed         | 1666        |
|    total_timesteps      | 573440      |
| train/                  |             |
|    approx_kl            | 0.040575236 |
|    clip_fraction        | 0.234       |
|    clip_range           | 0.2         |
|    entropy_loss         | -0.654      |
|    explained_variance   | 0.444       |
|    learning_rate        | 0.0003      |
|    loss                 | 0.326       |
|    n_updates            | 340         |
|    policy_gradient_loss | 0.0123      |
|    std                  | 0.479       |
|    value_loss           | 3.23        |
-----------------------------------------
-----------------------------------------
| rollout/                |             |
|    ep_len_mean          | 161         |
|    ep_rew_mean          | 28.6        |
| time/                   |             |
|    fps                  | 344         |
|    iterations           | 36          |
|    time_elapsed         | 1713        |
|    total_timesteps      | 589824      |
| train/                  |             |
|    approx_kl            | 0.009526053 |
|    clip_fraction        | 0.11        |
|    clip_range           | 0.2         |
|    entropy_loss         | -0.671      |
|    explained_variance   | 0.545       |
|    learning_rate        | 0.0003      |
|    loss                 | 0.232       |
|    n_updates            | 350         |
|    policy_gradient_loss | 0.00231     |
|    std                  | 0.469       |
|    value_loss           | 2.11        |
-----------------------------------------
-----------------------------------------
| rollout/                |             |
|    ep_len_mean          | 173         |
|    ep_rew_mean          | 30.4        |
| time/                   |             |
|    fps                  | 344         |
|    iterations           | 37          |
|    time_elapsed         | 1760        |
|    total_timesteps      | 606208      |
| train/                  |             |
|    approx_kl            | 0.014802447 |
|    clip_fraction        | 0.141       |
|    clip_range           | 0.2         |
|    entropy_loss         | -0.663      |
|    explained_variance   | 0.575       |
|    learning_rate        | 0.0003      |
|    loss                 | 0.899       |
|    n_updates            | 360         |
|    policy_gradient_loss | 0.00439     |
|    std                  | 0.472       |
|    value_loss           | 3.37        |
-----------------------------------------
-----------------------------------------
| rollout/                |             |
|    ep_len_mean          | 175         |
|    ep_rew_mean          | 31.2        |
| time/                   |             |
|    fps                  | 344         |
|    iterations           | 38          |
|    time_elapsed         | 1808        |
|    total_timesteps      | 622592      |
| train/                  |             |
|    approx_kl            | 0.011155987 |
|    clip_fraction        | 0.117       |
|    clip_range           | 0.2         |
|    entropy_loss         | -0.656      |
|    explained_variance   | 0.727       |
|    learning_rate        | 0.0003      |
|    loss                 | 0.364       |
|    n_updates            | 370         |
|    policy_gradient_loss | 0.00304     |
|    std                  | 0.465       |
|    value_loss           | 0.875       |
-----------------------------------------
-----------------------------------------
| rollout/                |             |
|    ep_len_mean          | 173         |
|    ep_rew_mean          | 30.2        |
| time/                   |             |
|    fps                  | 344         |
|    iterations           | 39          |
|    time_elapsed         | 1855        |
|    total_timesteps      | 638976      |
| train/                  |             |
|    approx_kl            | 0.007889852 |
|    clip_fraction        | 0.0964      |
|    clip_range           | 0.2         |
|    entropy_loss         | -0.644      |
|    explained_variance   | 0.804       |
|    learning_rate        | 0.0003      |
|    loss                 | 0.116       |
|    n_updates            | 380         |
|    policy_gradient_loss | 0.00346     |
|    std                  | 0.458       |
|    value_loss           | 0.564       |
-----------------------------------------
-----------------------------------------
| rollout/                |             |
|    ep_len_mean          | 173         |
|    ep_rew_mean          | 30.6        |
| time/                   |             |
|    fps                  | 344         |
|    iterations           | 40          |
|    time_elapsed         | 1902        |
|    total_timesteps      | 655360      |
| train/                  |             |
|    approx_kl            | 0.009173188 |
|    clip_fraction        | 0.109       |
|    clip_range           | 0.2         |
|    entropy_loss         | -0.641      |
|    explained_variance   | 0.711       |
|    learning_rate        | 0.0003      |
|    loss                 | 0.184       |
|    n_updates            | 390         |
|    policy_gradient_loss | 0.004       |
|    std                  | 0.459       |
|    value_loss           | 1.03        |
-----------------------------------------
-----------------------------------------
| rollout/                |             |
|    ep_len_mean          | 176         |
|    ep_rew_mean          | 30.8        |
| time/                   |             |
|    fps                  | 344         |
|    iterations           | 41          |
|    time_elapsed         | 1949        |
|    total_timesteps      | 671744      |
| train/                  |             |
|    approx_kl            | 0.010670366 |
|    clip_fraction        | 0.121       |
|    clip_range           | 0.2         |
|    entropy_loss         | -0.628      |
|    explained_variance   | 0.778       |
|    learning_rate        | 0.0003      |
|    loss                 | 0.316       |
|    n_updates            | 400         |
|    policy_gradient_loss | 0.00205     |
|    std                  | 0.452       |
|    value_loss           | 0.855       |
-----------------------------------------
-----------------------------------------
| rollout/                |             |
|    ep_len_mean          | 175         |
|    ep_rew_mean          | 31          |
| time/                   |             |
|    fps                  | 344         |
|    iterations           | 42          |
|    time_elapsed         | 1997        |
|    total_timesteps      | 688128      |
| train/                  |             |
|    approx_kl            | 0.009134851 |
|    clip_fraction        | 0.105       |
|    clip_range           | 0.2         |
|    entropy_loss         | -0.624      |
|    explained_variance   | 0.715       |
|    learning_rate        | 0.0003      |
|    loss                 | 0.182       |
|    n_updates            | 410         |
|    policy_gradient_loss | 0.00255     |
|    std                  | 0.452       |
|    value_loss           | 0.469       |
-----------------------------------------
-----------------------------------------
| rollout/                |             |
|    ep_len_mean          | 175         |
|    ep_rew_mean          | 30.6        |
| time/                   |             |
|    fps                  | 344         |
|    iterations           | 43          |
|    time_elapsed         | 2044        |
|    total_timesteps      | 704512      |
| train/                  |             |
|    approx_kl            | 0.008741599 |
|    clip_fraction        | 0.108       |
|    clip_range           | 0.2         |
|    entropy_loss         | -0.617      |
|    explained_variance   | 0.785       |
|    learning_rate        | 0.0003      |
|    loss                 | 0.208       |
|    n_updates            | 420         |
|    policy_gradient_loss | 0.00418     |
|    std                  | 0.447       |
|    value_loss           | 0.713       |
-----------------------------------------
-----------------------------------------
| rollout/                |             |
|    ep_len_mean          | 173         |
|    ep_rew_mean          | 30          |
| time/                   |             |
|    fps                  | 344         |
|    iterations           | 44          |
|    time_elapsed         | 2092        |
|    total_timesteps      | 720896      |
| train/                  |             |
|    approx_kl            | 0.010019895 |
|    clip_fraction        | 0.116       |
|    clip_range           | 0.2         |
|    entropy_loss         | -0.606      |
|    explained_variance   | 0.792       |
|    learning_rate        | 0.0003      |
|    loss                 | 0.245       |
|    n_updates            | 430         |
|    policy_gradient_loss | 0.00278     |
|    std                  | 0.442       |
|    value_loss           | 0.574       |
-----------------------------------------
-----------------------------------------
| rollout/                |             |
|    ep_len_mean          | 176         |
|    ep_rew_mean          | 31.8        |
| time/                   |             |
|    fps                  | 344         |
|    iterations           | 45          |
|    time_elapsed         | 2139        |
|    total_timesteps      | 737280      |
| train/                  |             |
|    approx_kl            | 0.009073251 |
|    clip_fraction        | 0.101       |
|    clip_range           | 0.2         |
|    entropy_loss         | -0.597      |
|    explained_variance   | 0.739       |
|    learning_rate        | 0.0003      |
|    loss                 | 0.168       |
|    n_updates            | 440         |
|    policy_gradient_loss | 0.00248     |
|    std                  | 0.437       |
|    value_loss           | 0.848       |
-----------------------------------------
-----------------------------------------
| rollout/                |             |
|    ep_len_mean          | 173         |
|    ep_rew_mean          | 30.8        |
| time/                   |             |
|    fps                  | 344         |
|    iterations           | 46          |
|    time_elapsed         | 2186        |
|    total_timesteps      | 753664      |
| train/                  |             |
|    approx_kl            | 0.008875053 |
|    clip_fraction        | 0.103       |
|    clip_range           | 0.2         |
|    entropy_loss         | -0.594      |
|    explained_variance   | 0.885       |
|    learning_rate        | 0.0003      |
|    loss                 | 0.186       |
|    n_updates            | 450         |
|    policy_gradient_loss | 0.00329     |
|    std                  | 0.44        |
|    value_loss           | 0.355       |
-----------------------------------------
-----------------------------------------
| rollout/                |             |
|    ep_len_mean          | 174         |
|    ep_rew_mean          | 31.2        |
| time/                   |             |
|    fps                  | 344         |
|    iterations           | 47          |
|    time_elapsed         | 2233        |
|    total_timesteps      | 770048      |
| train/                  |             |
|    approx_kl            | 0.012406478 |
|    clip_fraction        | 0.122       |
|    clip_range           | 0.2         |
|    entropy_loss         | -0.591      |
|    explained_variance   | 0.762       |
|    learning_rate        | 0.0003      |
|    loss                 | 0.435       |
|    n_updates            | 460         |
|    policy_gradient_loss | 0.00361     |
|    std                  | 0.438       |
|    value_loss           | 0.822       |
-----------------------------------------
-----------------------------------------
| rollout/                |             |
|    ep_len_mean          | 176         |
|    ep_rew_mean          | 31.2        |
| time/                   |             |
|    fps                  | 344         |
|    iterations           | 48          |
|    time_elapsed         | 2280        |
|    total_timesteps      | 786432      |
| train/                  |             |
|    approx_kl            | 0.008893769 |
|    clip_fraction        | 0.108       |
|    clip_range           | 0.2         |
|    entropy_loss         | -0.577      |
|    explained_variance   | 0.848       |
|    learning_rate        | 0.0003      |
|    loss                 | 0.194       |
|    n_updates            | 470         |
|    policy_gradient_loss | 0.00367     |
|    std                  | 0.429       |
|    value_loss           | 0.699       |
-----------------------------------------
-----------------------------------------
| rollout/                |             |
|    ep_len_mean          | 176         |
|    ep_rew_mean          | 31.6        |
| time/                   |             |
|    fps                  | 344         |
|    iterations           | 49          |
|    time_elapsed         | 2327        |
|    total_timesteps      | 802816      |
| train/                  |             |
|    approx_kl            | 0.012097182 |
|    clip_fraction        | 0.118       |
|    clip_range           | 0.2         |
|    entropy_loss         | -0.574      |
|    explained_variance   | 0.877       |
|    learning_rate        | 0.0003      |
|    loss                 | 0.188       |
|    n_updates            | 480         |
|    policy_gradient_loss | 0.00467     |
|    std                  | 0.428       |
|    value_loss           | 0.4         |
-----------------------------------------
-----------------------------------------
| rollout/                |             |
|    ep_len_mean          | 174         |
|    ep_rew_mean          | 31.6        |
| time/                   |             |
|    fps                  | 345         |
|    iterations           | 50          |
|    time_elapsed         | 2374        |
|    total_timesteps      | 819200      |
| train/                  |             |
|    approx_kl            | 0.008713198 |
|    clip_fraction        | 0.116       |
|    clip_range           | 0.2         |
|    entropy_loss         | -0.566      |
|    explained_variance   | 0.826       |
|    learning_rate        | 0.0003      |
|    loss                 | 0.115       |
|    n_updates            | 490         |
|    policy_gradient_loss | 0.00433     |
|    std                  | 0.427       |
|    value_loss           | 0.687       |
-----------------------------------------
-----------------------------------------
| rollout/                |             |
|    ep_len_mean          | 174         |
|    ep_rew_mean          | 31.6        |
| time/                   |             |
|    fps                  | 345         |
|    iterations           | 51          |
|    time_elapsed         | 2421        |
|    total_timesteps      | 835584      |
| train/                  |             |
|    approx_kl            | 0.011611627 |
|    clip_fraction        | 0.127       |
|    clip_range           | 0.2         |
|    entropy_loss         | -0.562      |
|    explained_variance   | 0.791       |
|    learning_rate        | 0.0003      |
|    loss                 | 0.242       |
|    n_updates            | 500         |
|    policy_gradient_loss | 0.00605     |
|    std                  | 0.423       |
|    value_loss           | 0.939       |
-----------------------------------------
-----------------------------------------
| rollout/                |             |
|    ep_len_mean          | 173         |
|    ep_rew_mean          | 31.1        |
| time/                   |             |
|    fps                  | 345         |
|    iterations           | 52          |
|    time_elapsed         | 2468        |
|    total_timesteps      | 851968      |
| train/                  |             |
|    approx_kl            | 0.011063912 |
|    clip_fraction        | 0.126       |
|    clip_range           | 0.2         |
|    entropy_loss         | -0.553      |
|    explained_variance   | 0.81        |
|    learning_rate        | 0.0003      |
|    loss                 | 0.239       |
|    n_updates            | 510         |
|    policy_gradient_loss | 0.00508     |
|    std                  | 0.423       |
|    value_loss           | 0.894       |
-----------------------------------------
-----------------------------------------
| rollout/                |             |
|    ep_len_mean          | 170         |
|    ep_rew_mean          | 31.5        |
| time/                   |             |
|    fps                  | 345         |
|    iterations           | 53          |
|    time_elapsed         | 2515        |
|    total_timesteps      | 868352      |
| train/                  |             |
|    approx_kl            | 0.013393352 |
|    clip_fraction        | 0.133       |
|    clip_range           | 0.2         |
|    entropy_loss         | -0.554      |
|    explained_variance   | 0.83        |
|    learning_rate        | 0.0003      |
|    loss                 | 0.206       |
|    n_updates            | 520         |
|    policy_gradient_loss | 0.00605     |
|    std                  | 0.422       |
|    value_loss           | 0.656       |
-----------------------------------------
-----------------------------------------
| rollout/                |             |
|    ep_len_mean          | 176         |
|    ep_rew_mean          | 31.7        |
| time/                   |             |
|    fps                  | 345         |
|    iterations           | 54          |
|    time_elapsed         | 2562        |
|    total_timesteps      | 884736      |
| train/                  |             |
|    approx_kl            | 0.018913444 |
|    clip_fraction        | 0.153       |
|    clip_range           | 0.2         |
|    entropy_loss         | -0.547      |
|    explained_variance   | 0.744       |
|    learning_rate        | 0.0003      |
|    loss                 | 0.224       |
|    n_updates            | 530         |
|    policy_gradient_loss | 0.00659     |
|    std                  | 0.415       |
|    value_loss           | 1.27        |
-----------------------------------------
----------------------------------------
| rollout/                |            |
|    ep_len_mean          | 175        |
|    ep_rew_mean          | 31.3       |
| time/                   |            |
|    fps                  | 345        |
|    iterations           | 55         |
|    time_elapsed         | 2609       |
|    total_timesteps      | 901120     |
| train/                  |            |
|    approx_kl            | 0.01309845 |
|    clip_fraction        | 0.132      |
|    clip_range           | 0.2        |
|    entropy_loss         | -0.531     |
|    explained_variance   | 0.825      |
|    learning_rate        | 0.0003     |
|    loss                 | 0.178      |
|    n_updates            | 540        |
|    policy_gradient_loss | 0.00511    |
|    std                  | 0.412      |
|    value_loss           | 0.384      |
----------------------------------------
-----------------------------------------
| rollout/                |             |
|    ep_len_mean          | 176         |
|    ep_rew_mean          | 32.4        |
| time/                   |             |
|    fps                  | 345         |
|    iterations           | 56          |
|    time_elapsed         | 2656        |
|    total_timesteps      | 917504      |
| train/                  |             |
|    approx_kl            | 0.014151812 |
|    clip_fraction        | 0.134       |
|    clip_range           | 0.2         |
|    entropy_loss         | -0.527      |
|    explained_variance   | 0.77        |
|    learning_rate        | 0.0003      |
|    loss                 | 0.196       |
|    n_updates            | 550         |
|    policy_gradient_loss | 0.00663     |
|    std                  | 0.408       |
|    value_loss           | 0.61        |
-----------------------------------------
------------------------------------------
| rollout/                |              |
|    ep_len_mean          | 173          |
|    ep_rew_mean          | 32.4         |
| time/                   |              |
|    fps                  | 345          |
|    iterations           | 57           |
|    time_elapsed         | 2703         |
|    total_timesteps      | 933888       |
| train/                  |              |
|    approx_kl            | 0.0124748135 |
|    clip_fraction        | 0.13         |
|    clip_range           | 0.2          |
|    entropy_loss         | -0.52        |
|    explained_variance   | 0.884        |
|    learning_rate        | 0.0003       |
|    loss                 | 0.206        |
|    n_updates            | 560          |
|    policy_gradient_loss | 0.00514      |
|    std                  | 0.407        |
|    value_loss           | 0.402        |
------------------------------------------
-----------------------------------------
| rollout/                |             |
|    ep_len_mean          | 175         |
|    ep_rew_mean          | 32.7        |
| time/                   |             |
|    fps                  | 345         |
|    iterations           | 58          |
|    time_elapsed         | 2750        |
|    total_timesteps      | 950272      |
| train/                  |             |
|    approx_kl            | 0.010590341 |
|    clip_fraction        | 0.137       |
|    clip_range           | 0.2         |
|    entropy_loss         | -0.517      |
|    explained_variance   | 0.789       |
|    learning_rate        | 0.0003      |
|    loss                 | 0.541       |
|    n_updates            | 570         |
|    policy_gradient_loss | 0.00634     |
|    std                  | 0.406       |
|    value_loss           | 0.821       |
-----------------------------------------
-----------------------------------------
| rollout/                |             |
|    ep_len_mean          | 176         |
|    ep_rew_mean          | 33.8        |
| time/                   |             |
|    fps                  | 345         |
|    iterations           | 59          |
|    time_elapsed         | 2797        |
|    total_timesteps      | 966656      |
| train/                  |             |
|    approx_kl            | 0.012993759 |
|    clip_fraction        | 0.137       |
|    clip_range           | 0.2         |
|    entropy_loss         | -0.511      |
|    explained_variance   | 0.864       |
|    learning_rate        | 0.0003      |
|    loss                 | 0.153       |
|    n_updates            | 580         |
|    policy_gradient_loss | 0.0044      |
|    std                  | 0.401       |
|    value_loss           | 0.521       |
-----------------------------------------
-----------------------------------------
| rollout/                |             |
|    ep_len_mean          | 176         |
|    ep_rew_mean          | 33.3        |
| time/                   |             |
|    fps                  | 345         |
|    iterations           | 60          |
|    time_elapsed         | 2844        |
|    total_timesteps      | 983040      |
| train/                  |             |
|    approx_kl            | 0.011834827 |
|    clip_fraction        | 0.134       |
|    clip_range           | 0.2         |
|    entropy_loss         | -0.506      |
|    explained_variance   | 0.909       |
|    learning_rate        | 0.0003      |
|    loss                 | 0.318       |
|    n_updates            | 590         |
|    policy_gradient_loss | 0.00499     |
|    std                  | 0.4         |
|    value_loss           | 0.404       |
-----------------------------------------
-----------------------------------------
| rollout/                |             |
|    ep_len_mean          | 176         |
|    ep_rew_mean          | 32.8        |
| time/                   |             |
|    fps                  | 345         |
|    iterations           | 61          |
|    time_elapsed         | 2891        |
|    total_timesteps      | 999424      |
| train/                  |             |
|    approx_kl            | 0.013025941 |
|    clip_fraction        | 0.135       |
|    clip_range           | 0.2         |
|    entropy_loss         | -0.499      |
|    explained_variance   | 0.909       |
|    learning_rate        | 0.0003      |
|    loss                 | 0.167       |
|    n_updates            | 600         |
|    policy_gradient_loss | 0.00577     |
|    std                  | 0.398       |
|    value_loss           | 0.358       |
-----------------------------------------
-----------------------------------------
| rollout/                |             |
|    ep_len_mean          | 173         |
|    ep_rew_mean          | 32.3        |
| time/                   |             |
|    fps                  | 345         |
|    iterations           | 62          |
|    time_elapsed         | 2937        |
|    total_timesteps      | 1015808     |
| train/                  |             |
|    approx_kl            | 0.014029986 |
|    clip_fraction        | 0.14        |
|    clip_range           | 0.2         |
|    entropy_loss         | -0.503      |
|    explained_variance   | 0.831       |
|    learning_rate        | 0.0003      |
|    loss                 | 0.185       |
|    n_updates            | 610         |
|    policy_gradient_loss | 0.00627     |
|    std                  | 0.401       |
|    value_loss           | 0.659       |
-----------------------------------------


###############################################################################
TCHPC Cluster: callan
Job 166689 (attn_learned_cf_obs15_stopgo_seed2_ne8_1000000_v8) for User 'hadjitot' in Account 'callan_hadjitot'
Finished at: Sat Mar 14 04:30:53 GMT 2026

Job efficiency estimates:
=========================

Job ID: 166689
Cluster: callan
User/Group: hadjitot/hadjitot
State: COMPLETED (exit code 0)
Nodes: 1
Cores per node: 16
CPU Utilized: 04:52:13
CPU Efficiency: 36.77% of 13:14:40 core-walltime
Job Wall-clock time: 00:49:40
Memory Utilized: 3.19 GB
Memory Efficiency: 9.98% of 32.00 GB (32.00 GB/node)

Job completion status:
======================

JobID           JobName AllocCPUS NTasks NNodes     MaxRSS    MaxRSSNode  MaxDiskRead MaxDiskWrite    Elapsed      State ExitCode 
------------ ---------- --------- ------ ------ ---------- ------------- ------------ ------------ ---------- ---------- -------- 
166689       attn_lear+        16             1                                                      00:49:40  COMPLETED      0:0 
166689.batch      batch        16      1      1   3349992K    callan-n11     1371.86M     1044.52M   00:49:40  COMPLETED      0:0 
166689.exte+     extern        16      1      1                                                      00:49:40  COMPLETED      0:0 


Job details:
============

JobId=166689 JobName=attn_learned_cf_obs15_stopgo_seed2_ne8_1000000_v8
   UserId=hadjitot(2357) GroupId=hadjitot(2300) MCS_label=N/A
   Priority=102713 Nice=0 Account=callan_hadjitot QOS=normal
   JobState=COMPLETING Reason=None Dependency=(null)
   Requeue=0 Restarts=0 BatchFlag=1 Reboot=0 ExitCode=0:0
   DerivedExitCode=0:0
   RunTime=00:49:40 TimeLimit=2-00:00:00 TimeMin=N/A
   SubmitTime=2026-03-14T02:10:39 EligibleTime=2026-03-14T02:10:39
   AccrueTime=2026-03-14T02:10:39
   StartTime=2026-03-14T03:41:13 EndTime=2026-03-14T04:30:53 Deadline=N/A
   SuspendTime=None SecsPreSuspend=0 LastSchedEval=2026-03-14T03:41:13 Scheduler=Backfill
   Partition=compute AllocNode:Sid=callan01:408560
   ReqNodeList=(null) ExcNodeList=(null)
   NodeList=callan-n11
   BatchHost=callan-n11
   NumNodes=1 NumCPUs=16 NumTasks=1 CPUs/Task=16 ReqB:S:C:T=0:0:*:*
   ReqTRES=cpu=16,mem=32G,node=1,billing=16
   AllocTRES=cpu=16,mem=32G,node=1,billing=16
   Socks/Node=* NtasksPerN:B:S:C=0:0:*:* CoreSpec=*
   JOB_GRES=(null)
     Nodes=callan-n11 CPU_IDs=17-19,21-31,42,49 Mem=32768 GRES=
   MinCPUsNode=16 MinMemoryNode=32G MinTmpDiskNode=0
   Features=(null) DelayBoot=00:00:00
   OverSubscribe=OK Contiguous=0 Licenses=(null) LicensesAlloc=(null) Network=(null)
   Command=/home/users/hadjitot/fyp/HighwayEnv/slurm/train_attention.sbatch
   WorkDir=/home/users/hadjitot/fyp/HighwayEnv
   StdErr=/home/users/hadjitot/fyp/HighwayEnv/slurm_out/attn_learned_cf_obs15_stopgo_seed2_ne8_1000000_v8_166689.err
   StdIn=/dev/null
   StdOut=/home/users/hadjitot/fyp/HighwayEnv/slurm_out/attn_learned_cf_obs15_stopgo_seed2_ne8_1000000_v8_166689.out
   TresPerTask=cpu=16
   


Disk quota details:
===================

                         Block Limits                                    |                     File Limits
Name       type             MB      quota      limit   in_doubt    grace |    files   quota    limit in_doubt    grace
root       USR         4840164          0          0        278     none |   390975       0        0      271     none
root       FILESET     4871710          0          0       3773     none |  9908404       0        0      766     none


SLURM Bank Statement:
=====================

User           Usage |        Account     Usage | Account Limit Available (CPU hrs)
---------- --------- + -------------- --------- + ------------- ---------
hadjitot      17,330 | CALLAN_HADJITOT    17,330 |       300,000   282,670


Acknowledgements:
=================

Note that usage of TCHPC Resources *must* be acknowledged in all publications.

Please see this page for details relevant to this cluster:

http://www.tchpc.tcd.ie/resources/acknowledgementpolicy

################################################################################
