Loading Anaconda 3 2024.02-1
SCENARIO_NAME=cf_v2
EXP_VERSION=v12
SEED=0
ATTN_MODE=learned
CONTROLLED_VEHICLES=2
MODEL_DIR=runs/models
MODEL_PATH=
STEPS=5000
DEVICE=cpu
SCENARIO_NAME=cf_v2 SEED=0 ATTN_MODE=learned CONTROLLED_VEHICLES=2
Resolved MODEL_PATH=/home/users/hadjitot/fyp/HighwayEnv/runs/models/mappo_attn_learned_cf_v2_v12_cv2_seed0.pt
Per-agent env obs shape: (5, 5)
Checkpoint policy_kind: attn
Attention log steps: 5000
Saved: (5000, 2, 4) (5000, 2, 4) (5000, 2, 4) (5000, 2, 4)
steps=5000 agents=2 neighbours=4
log_dir=runs/attn_logs_mappo/v12/learned/cf_v2/cv2/seed0
AGGREGATE
  T: 10000 N: 4
  argmax==leader hit rate: 0.0
  mean attention on leader: 0.255454
  mean attention entropy: 1.3530188
  argmax==ttc_critical hit rate: 0.0
  mean attention on ttc_critical: 0.2554688
  fraction steps with closing TTC candidate: 0.1718
  mean min TTC (closing steps only): 17.7253360748291
AGENT 0
  T: 5000 N: 4
  argmax==leader hit rate: 0.0
  mean attention on leader: 0.24615502
  mean attention entropy: 1.386228
  argmax==ttc_critical hit rate: 0.0
  mean attention on ttc_critical: 0.24617143
  fraction steps with closing TTC candidate: 0.1718
  mean min TTC (closing steps only): 19.305482864379883
AGENT 1
  T: 5000 N: 4
  argmax==leader hit rate: 0.0
  mean attention on leader: 0.26475295
  mean attention entropy: 1.3198098
  argmax==ttc_critical hit rate: 0.0
  mean attention on ttc_critical: 0.26476613
  fraction steps with closing TTC candidate: 0.1718
  mean min TTC (closing steps only): 16.145187377929688


###############################################################################
TCHPC Cluster: callan
Job 171441 (attnlog_mappo_learned_cf_v2_seed0_v12) for User 'hadjitot' in Account 'callan_hadjitot'
Finished at: Sat Mar 28 21:00:11 GMT 2026

Job efficiency estimates:
=========================

Job ID: 171441
Cluster: callan
User/Group: hadjitot/hadjitot
State: COMPLETED (exit code 0)
Nodes: 1
Cores per node: 4
CPU Utilized: 00:01:26
CPU Efficiency: 17.20% of 00:08:20 core-walltime
Job Wall-clock time: 00:02:05
Memory Utilized: 513.45 MB
Memory Efficiency: 6.27% of 8.00 GB (8.00 GB/node)

Job completion status:
======================

JobID           JobName AllocCPUS NTasks NNodes     MaxRSS    MaxRSSNode  MaxDiskRead MaxDiskWrite    Elapsed      State ExitCode 
------------ ---------- --------- ------ ------ ---------- ------------- ------------ ------------ ---------- ---------- -------- 
171441       attnlog_m+         4             1                                                      00:02:05  COMPLETED      0:0 
171441.batch      batch         4      1      1    525768K    callan-n08       47.33M        0.01M   00:02:05  COMPLETED      0:0 
171441.exte+     extern         4      1      1                                                      00:02:05  COMPLETED      0:0 


Job details:
============

JobId=171441 JobName=attnlog_mappo_learned_cf_v2_seed0_v12
   UserId=hadjitot(2357) GroupId=hadjitot(2300) MCS_label=N/A
   Priority=99299 Nice=0 Account=callan_hadjitot QOS=normal
   JobState=COMPLETING Reason=None Dependency=(null)
   Requeue=0 Restarts=0 BatchFlag=1 Reboot=0 ExitCode=0:0
   DerivedExitCode=0:0
   RunTime=00:02:05 TimeLimit=12:00:00 TimeMin=N/A
   SubmitTime=2026-03-28T20:02:54 EligibleTime=2026-03-28T20:58:06
   AccrueTime=Unknown
   StartTime=2026-03-28T20:58:06 EndTime=2026-03-28T21:00:11 Deadline=N/A
   SuspendTime=None SecsPreSuspend=0 LastSchedEval=2026-03-28T20:58:06 Scheduler=Backfill
   Partition=compute AllocNode:Sid=callan01:1182475
   ReqNodeList=(null) ExcNodeList=(null)
   NodeList=callan-n08
   BatchHost=callan-n08
   NumNodes=1 NumCPUs=4 NumTasks=1 CPUs/Task=4 ReqB:S:C:T=0:0:*:*
   ReqTRES=cpu=4,mem=8G,node=1,billing=4
   AllocTRES=cpu=4,mem=8G,node=1,billing=4
   Socks/Node=* NtasksPerN:B:S:C=0:0:*:* CoreSpec=*
   JOB_GRES=(null)
     Nodes=callan-n08 CPU_IDs=55-58 Mem=8192 GRES=
   MinCPUsNode=4 MinMemoryNode=8G MinTmpDiskNode=0
   Features=(null) DelayBoot=00:00:00
   OverSubscribe=OK Contiguous=0 Licenses=(null) LicensesAlloc=(null) Network=(null)
   Command=/home/users/hadjitot/fyp/HighwayEnv/slurm/eval_mappo_attention.sbatch
   WorkDir=/home/users/hadjitot/fyp/HighwayEnv
   StdErr=/home/users/hadjitot/fyp/HighwayEnv/slurm_out/attnlog_mappo_learned_cf_v2_seed0_v12_171441.err
   StdIn=/dev/null
   StdOut=/home/users/hadjitot/fyp/HighwayEnv/slurm_out/attnlog_mappo_learned_cf_v2_seed0_v12_171441.out
   TresPerTask=cpu=4
   


Disk quota details:
===================

                         Block Limits                                    |                     File Limits
Name       type             MB      quota      limit   in_doubt    grace |    files   quota    limit in_doubt    grace
root       USR         4979780          0          0       2150     none |   398537       0        0      998     none
root       FILESET     5396695          0          0       4739     none |  9917156       0        0     1787     none


SLURM Bank Statement:
=====================

User           Usage |        Account     Usage | Account Limit Available (CPU hrs)
---------- --------- + -------------- --------- + ------------- ---------
hadjitot      13,294 | CALLAN_HADJITOT    13,294 |       300,000   286,706


Acknowledgements:
=================

Note that usage of TCHPC Resources *must* be acknowledged in all publications.

Please see this page for details relevant to this cluster:

http://www.tchpc.tcd.ie/resources/acknowledgementpolicy

################################################################################
