Loading Anaconda 3 2024.02-1
SCENARIO_NAME=cf_obs20_dense
SEED=0
EXP_VERSION=v12
ATTN_MODE=learned
MODEL_PATH=runs/models/ppo_attn_learned_cf_obs20_dense_v12_seed0.zip
STEPS=5000
OUT_DIR=runs/attn_logs/v12/learned/cf_obs20_dense/seed0
SCENARIO_NAME=cf_obs20_dense SEED=0 ATTN_MODE=learned
Resolved MODEL_PATH=/home/users/hadjitot/fyp/HighwayEnv/runs/models/ppo_attn_learned_cf_obs20_dense_v12_seed0.zip
Env obs shape: (20, 5)
Model obs shape: (20, 5)
Attention log steps: 5000
Saved: (5000, 19) (5000, 19) (5000, 19) (5000, 19)
T: 5000 N: 19
argmax==leader hit rate: 1.0
mean attention on leader: 0.50131786
mean attention entropy: 1.3633256
argmax==ttc_critical hit rate: 0.7628
mean attention on ttc_critical: 0.37894067
fraction steps with closing TTC candidate: 0.7864
mean min TTC (closing steps only): 210.78492736816406


###############################################################################
TCHPC Cluster: callan
Job 171123 (attnlog_learned_cf_obs20_dense_seed0_v12) for User 'hadjitot' in Account 'callan_hadjitot'
Finished at: Sat Mar 28 18:43:52 GMT 2026

Job efficiency estimates:
=========================

Job ID: 171123
Cluster: callan
User/Group: hadjitot/hadjitot
State: COMPLETED (exit code 0)
Nodes: 1
Cores per node: 16
CPU Utilized: 00:02:15
CPU Efficiency: 4.24% of 00:53:04 core-walltime
Job Wall-clock time: 00:03:19
Memory Utilized: 545.75 MB
Memory Efficiency: 1.67% of 32.00 GB (32.00 GB/node)

Job completion status:
======================

JobID           JobName AllocCPUS NTasks NNodes     MaxRSS    MaxRSSNode  MaxDiskRead MaxDiskWrite    Elapsed      State ExitCode 
------------ ---------- --------- ------ ------ ---------- ------------- ------------ ------------ ---------- ---------- -------- 
171123       attnlog_l+        16             1                                                      00:03:19  COMPLETED      0:0 
171123.batch      batch        16      1      1    558848K    callan-n01       61.30M        0.01M   00:03:19  COMPLETED      0:0 
171123.exte+     extern        16      1      1                                                      00:03:19  COMPLETED      0:0 


Job details:
============

JobId=171123 JobName=attnlog_learned_cf_obs20_dense_seed0_v12
   UserId=hadjitot(2357) GroupId=hadjitot(2300) MCS_label=N/A
   Priority=101323 Nice=0 Account=callan_hadjitot QOS=normal
   JobState=COMPLETING Reason=None Dependency=(null)
   Requeue=0 Restarts=0 BatchFlag=1 Reboot=0 ExitCode=0:0
   DerivedExitCode=0:0
   RunTime=00:03:19 TimeLimit=2-00:00:00 TimeMin=N/A
   SubmitTime=2026-03-27T20:37:56 EligibleTime=2026-03-28T12:32:16
   AccrueTime=2026-03-28T12:32:16
   StartTime=2026-03-28T18:40:33 EndTime=2026-03-28T18:43:52 Deadline=N/A
   SuspendTime=None SecsPreSuspend=0 LastSchedEval=2026-03-28T18:40:33 Scheduler=Backfill
   Partition=compute AllocNode:Sid=callan01:1076092
   ReqNodeList=(null) ExcNodeList=(null)
   NodeList=callan-n01
   BatchHost=callan-n01
   NumNodes=1 NumCPUs=16 NumTasks=1 CPUs/Task=16 ReqB:S:C:T=0:0:*:*
   ReqTRES=cpu=16,mem=32G,node=1,billing=16
   AllocTRES=cpu=16,mem=32G,node=1,billing=16
   Socks/Node=* NtasksPerN:B:S:C=0:0:*:* CoreSpec=*
   JOB_GRES=(null)
     Nodes=callan-n01 CPU_IDs=0-7,56-63 Mem=32768 GRES=
   MinCPUsNode=16 MinMemoryNode=32G MinTmpDiskNode=0
   Features=(null) DelayBoot=00:00:00
   OverSubscribe=OK Contiguous=0 Licenses=(null) LicensesAlloc=(null) Network=(null)
   Command=/home/users/hadjitot/fyp/HighwayEnv/slurm/eval_attention.sbatch
   WorkDir=/home/users/hadjitot/fyp/HighwayEnv
   StdErr=/home/users/hadjitot/fyp/HighwayEnv/slurm_out/attnlog_learned_cf_obs20_dense_seed0_v12_171123.err
   StdIn=/dev/null
   StdOut=/home/users/hadjitot/fyp/HighwayEnv/slurm_out/attnlog_learned_cf_obs20_dense_seed0_v12_171123.out
   TresPerTask=cpu=16
   


Disk quota details:
===================

                         Block Limits                                    |                     File Limits
Name       type             MB      quota      limit   in_doubt    grace |    files   quota    limit in_doubt    grace
root       USR         4977077          0          0       2556     none |   398381       0        0      981     none
root       FILESET     5314129          0          0       4553     none |  9916319       0        0     1618     none


SLURM Bank Statement:
=====================

User           Usage |        Account     Usage | Account Limit Available (CPU hrs)
---------- --------- + -------------- --------- + ------------- ---------
hadjitot      13,118 | CALLAN_HADJITOT    13,118 |       300,000   286,882


Acknowledgements:
=================

Note that usage of TCHPC Resources *must* be acknowledged in all publications.

Please see this page for details relevant to this cluster:

http://www.tchpc.tcd.ie/resources/acknowledgementpolicy

################################################################################
