Loading Anaconda 3 2024.02-1
SCENARIO_NAME=cf_obs20_dense
SEED=0
EXP_VERSION=v5
ATTN_MODE=oracle
MODEL_PATH=runs/models/ppo_attn_oracle_cf_obs20_dense_v5_seed0.zip
STEPS=100000
OUT_DIR=runs/attn_logs/oracle/cf_obs20_dense/seed0
SCENARIO_NAME=cf_obs20_dense SEED=0 ATTN_MODE=oracle
Resolved MODEL_PATH=/home/users/hadjitot/fyp/HighwayEnv/runs/models/ppo_attn_oracle_cf_obs20_dense_v5_seed0.zip
Env obs shape: (20, 5)
Model obs shape: (20, 5)
Saved: (100000, 19) (100000, 19) (100000, 19) (100000, 19)
T: 100000 N: 19
argmax==leader hit rate: 1.0
mean attention on leader: 0.57502
mean attention entropy: 5.09101e-10
argmax==ttc_critical hit rate: 0.92872
mean attention on ttc_critical: 0.50374
fraction steps with closing TTC candidate: 0.3274
mean min TTC (closing steps only): 7.096249580383301


###############################################################################
TCHPC Cluster: callan
Job 155888 (attnlog_oracle_cf_obs20_dense_seed0_v5) for User 'hadjitot' in Account 'callan_hadjitot'
Finished at: Thu Mar  5 04:22:36 GMT 2026

Job efficiency estimates:
=========================

Job ID: 155888
Cluster: callan
User/Group: hadjitot/hadjitot
State: COMPLETED (exit code 0)
Nodes: 1
Cores per node: 16
CPU Utilized: 13:04:14
CPU Efficiency: 6.23% of 8-17:45:20 core-walltime
Job Wall-clock time: 13:06:35
Memory Utilized: 599.11 MB
Memory Efficiency: 1.83% of 32.00 GB (32.00 GB/node)

Job completion status:
======================

JobID           JobName AllocCPUS NTasks NNodes     MaxRSS    MaxRSSNode  MaxDiskRead MaxDiskWrite    Elapsed      State ExitCode 
------------ ---------- --------- ------ ------ ---------- ------------- ------------ ------------ ---------- ---------- -------- 
155888       attnlog_o+        16             1                                                      13:06:35  COMPLETED      0:0 
155888.batch      batch        16      1      1    613492K    callan-n06       61.26M        0.01M   13:06:35  COMPLETED      0:0 
155888.exte+     extern        16      1      1                                                      13:06:35  COMPLETED      0:0 


Job details:
============

JobId=155888 JobName=attnlog_oracle_cf_obs20_dense_seed0_v5
   UserId=hadjitot(2357) GroupId=hadjitot(2300) MCS_label=N/A
   Priority=101169 Nice=0 Account=callan_hadjitot QOS=normal
   JobState=COMPLETING Reason=None Dependency=(null)
   Requeue=0 Restarts=0 BatchFlag=1 Reboot=0 ExitCode=0:0
   DerivedExitCode=0:0
   RunTime=13:06:35 TimeLimit=2-00:00:00 TimeMin=N/A
   SubmitTime=2026-03-04T13:55:36 EligibleTime=2026-03-04T13:55:36
   AccrueTime=2026-03-04T13:55:36
   StartTime=2026-03-04T15:16:01 EndTime=2026-03-05T04:22:36 Deadline=N/A
   SuspendTime=None SecsPreSuspend=0 LastSchedEval=2026-03-04T15:16:01 Scheduler=Backfill
   Partition=compute AllocNode:Sid=callan01:3513000
   ReqNodeList=(null) ExcNodeList=(null)
   NodeList=callan-n06
   BatchHost=callan-n06
   NumNodes=1 NumCPUs=16 NumTasks=1 CPUs/Task=16 ReqB:S:C:T=0:0:*:*
   ReqTRES=cpu=16,mem=32G,node=1,billing=16
   AllocTRES=cpu=16,mem=32G,node=1,billing=16
   Socks/Node=* NtasksPerN:B:S:C=0:0:*:* CoreSpec=*
   JOB_GRES=(null)
     Nodes=callan-n06 CPU_IDs=13-15,32-39,48-52 Mem=32768 GRES=
   MinCPUsNode=16 MinMemoryNode=32G MinTmpDiskNode=0
   Features=(null) DelayBoot=00:00:00
   OverSubscribe=OK Contiguous=0 Licenses=(null) LicensesAlloc=(null) Network=(null)
   Command=/home/users/hadjitot/fyp/HighwayEnv/slurm/eval_attention.sbatch
   WorkDir=/home/users/hadjitot/fyp/HighwayEnv
   StdErr=/home/users/hadjitot/fyp/HighwayEnv/slurm_out/attnlog_oracle_cf_obs20_dense_seed0_v5_155888.err
   StdIn=/dev/null
   StdOut=/home/users/hadjitot/fyp/HighwayEnv/slurm_out/attnlog_oracle_cf_obs20_dense_seed0_v5_155888.out
   TresPerTask=cpu=16
   


Disk quota details:
===================

                         Block Limits                                    |                     File Limits
Name       type             MB      quota      limit   in_doubt    grace |    files   quota    limit in_doubt    grace
root       USR         4822131          0          0         70     none |   380129       0        0       20     none
root       FILESET     4586862          0          0       2209     none |  9825245       0        0      565     none


SLURM Bank Statement:
=====================

User           Usage |        Account     Usage | Account Limit Available (CPU hrs)
---------- --------- + -------------- --------- + ------------- ---------
hadjitot      16,141 | CALLAN_HADJITOT    16,141 |       300,000   283,859


Acknowledgements:
=================

Note that usage of TCHPC Resources *must* be acknowledged in all publications.

Please see this page for details relevant to this cluster:

http://www.tchpc.tcd.ie/resources/acknowledgementpolicy

################################################################################
