Loading Anaconda 3 2024.02-1
SCENARIO_NAME=highway_lanechange_dense
SEED=2
EXP_VERSION=v4
ATTN_MODE=learned
MODEL_PATH=runs/models/ppo_attn_learned_highway_lanechange_dense_v4_seed2.zip
STEPS=100000
OUT_DIR=runs/attn_logs/learned/highway_lanechange_dense/seed2
SCENARIO_NAME=highway_lanechange_dense SEED=2 ATTN_MODE=learned
Resolved MODEL_PATH=/home/users/hadjitot/fyp/HighwayEnv/runs/models/ppo_attn_learned_highway_lanechange_dense_v4_seed2.zip
Env obs shape: (15, 5)
Model obs shape: (15, 5)
Saved: (100000, 14) (100000, 14) (100000, 14) (100000, 14)
T: 100000 N: 14
argmax==leader hit rate: 0.96098
mean attention on leader: 0.024079895
mean attention entropy: 0.08660135
argmax==ttc_critical hit rate: 0.96101
mean attention on ttc_critical: 0.024104485
fraction steps with closing TTC candidate: 0.01009
mean min TTC (closing steps only): 13.03634262084961


###############################################################################
TCHPC Cluster: callan
Job 144563 (attnlog_learned_highway_lanechange_dense_seed2_v4) for User 'hadjitot' in Account 'callan_hadjitot'
Finished at: Mon Feb 23 18:46:07 GMT 2026

Job efficiency estimates:
=========================

Job ID: 144563
Cluster: callan
User/Group: hadjitot/hadjitot
State: COMPLETED (exit code 0)
Nodes: 1
Cores per node: 16
CPU Utilized: 05:57:45
CPU Efficiency: 6.22% of 3-23:55:12 core-walltime
Job Wall-clock time: 05:59:42
Memory Utilized: 587.35 MB
Memory Efficiency: 1.79% of 32.00 GB (32.00 GB/node)

Job completion status:
======================

JobID           JobName AllocCPUS NTasks NNodes     MaxRSS    MaxRSSNode  MaxDiskRead MaxDiskWrite    Elapsed      State ExitCode 
------------ ---------- --------- ------ ------ ---------- ------------- ------------ ------------ ---------- ---------- -------- 
144563       attnlog_l+        16             1                                                      05:59:42  COMPLETED      0:0 
144563.batch      batch        16      1      1    601444K    callan-n02       61.33M       21.37M   05:59:42  COMPLETED      0:0 
144563.exte+     extern        16      1      1                                                      05:59:42  COMPLETED      0:0 


Job details:
============

JobId=144563 JobName=attnlog_learned_highway_lanechange_dense_seed2_v4
   UserId=hadjitot(2357) GroupId=hadjitot(2300) MCS_label=N/A
   Priority=102208 Nice=0 Account=callan_hadjitot QOS=normal
   JobState=COMPLETING Reason=None Dependency=(null)
   Requeue=0 Restarts=0 BatchFlag=1 Reboot=0 ExitCode=0:0
   DerivedExitCode=0:0
   RunTime=05:59:42 TimeLimit=2-00:00:00 TimeMin=N/A
   SubmitTime=2026-02-23T12:21:14 EligibleTime=2026-02-23T12:21:14
   AccrueTime=2026-02-23T12:21:14
   StartTime=2026-02-23T12:46:25 EndTime=2026-02-23T18:46:07 Deadline=N/A
   SuspendTime=None SecsPreSuspend=0 LastSchedEval=2026-02-23T12:46:25 Scheduler=Backfill
   Partition=compute AllocNode:Sid=callan01:2105744
   ReqNodeList=(null) ExcNodeList=(null)
   NodeList=callan-n02
   BatchHost=callan-n02
   NumNodes=1 NumCPUs=16 NumTasks=1 CPUs/Task=16 ReqB:S:C:T=0:0:*:*
   ReqTRES=cpu=16,mem=32G,node=1,billing=16
   AllocTRES=cpu=16,mem=32G,node=1,billing=16
   Socks/Node=* NtasksPerN:B:S:C=0:0:*:* CoreSpec=*
   JOB_GRES=(null)
     Nodes=callan-n02 CPU_IDs=16-19,21-31,48 Mem=32768 GRES=
   MinCPUsNode=16 MinMemoryNode=32G MinTmpDiskNode=0
   Features=(null) DelayBoot=00:00:00
   OverSubscribe=OK Contiguous=0 Licenses=(null) LicensesAlloc=(null) Network=(null)
   Command=/home/users/hadjitot/fyp/HighwayEnv/slurm/eval_attention.sbatch
   WorkDir=/home/users/hadjitot/fyp/HighwayEnv
   StdErr=/home/users/hadjitot/fyp/HighwayEnv/slurm_out/attnlog_learned_highway_lanechange_dense_seed2_v4_144563.err
   StdIn=/dev/null
   StdOut=/home/users/hadjitot/fyp/HighwayEnv/slurm_out/attnlog_learned_highway_lanechange_dense_seed2_v4_144563.out
   TresPerTask=cpu=16
   


Disk quota details:
===================

                         Block Limits                                    |                     File Limits
Name       type             MB      quota      limit   in_doubt    grace |    files   quota    limit in_doubt    grace
root       USR         4790882          0          0       1302     none |   368861       0        0     1274     none
root       FILESET     4805909          0          0       2804     none |  9551302       0        0      824     none


SLURM Bank Statement:
=====================

User           Usage |        Account     Usage | Account Limit Available (CPU hrs)
---------- --------- + -------------- --------- + ------------- ---------
hadjitot      11,722 | CALLAN_HADJITOT    11,722 |       300,000   288,278


Acknowledgements:
=================

Note that usage of TCHPC Resources *must* be acknowledged in all publications.

Please see this page for details relevant to this cluster:

http://www.tchpc.tcd.ie/resources/acknowledgementpolicy

################################################################################
