Loading Anaconda 3 2024.02-1
SCENARIO_NAME=highway_lanechange_dense
SEED=1
EXP_VERSION=v4
ATTN_MODE=learned
MODEL_PATH=runs/models/ppo_attn_learned_highway_lanechange_dense_v4_seed1.zip
STEPS=100000
OUT_DIR=runs/attn_logs/learned/highway_lanechange_dense/seed1
SCENARIO_NAME=highway_lanechange_dense SEED=1 ATTN_MODE=learned
Resolved MODEL_PATH=/home/users/hadjitot/fyp/HighwayEnv/runs/models/ppo_attn_learned_highway_lanechange_dense_v4_seed1.zip
Env obs shape: (15, 5)
Model obs shape: (15, 5)
Saved: (100000, 14) (100000, 14) (100000, 14) (100000, 14)
T: 100000 N: 14
argmax==leader hit rate: 0.95894
mean attention on leader: 0.032332882
mean attention entropy: 0.06475981
argmax==ttc_critical hit rate: 0.95878
mean attention on ttc_critical: 0.032275487
fraction steps with closing TTC candidate: 0.00719
mean min TTC (closing steps only): 7.667023658752441


###############################################################################
TCHPC Cluster: callan
Job 144562 (attnlog_learned_highway_lanechange_dense_seed1_v4) for User 'hadjitot' in Account 'callan_hadjitot'
Finished at: Mon Feb 23 18:43:44 GMT 2026

Job efficiency estimates:
=========================

Job ID: 144562
Cluster: callan
User/Group: hadjitot/hadjitot
State: COMPLETED (exit code 0)
Nodes: 1
Cores per node: 16
CPU Utilized: 05:55:14
CPU Efficiency: 6.21% of 3-23:22:24 core-walltime
Job Wall-clock time: 05:57:39
Memory Utilized: 588.82 MB
Memory Efficiency: 1.80% of 32.00 GB (32.00 GB/node)

Job completion status:
======================

JobID           JobName AllocCPUS NTasks NNodes     MaxRSS    MaxRSSNode  MaxDiskRead MaxDiskWrite    Elapsed      State ExitCode 
------------ ---------- --------- ------ ------ ---------- ------------- ------------ ------------ ---------- ---------- -------- 
144562       attnlog_l+        16             1                                                      05:57:39  COMPLETED      0:0 
144562.batch      batch        16      1      1    602948K    callan-n02       61.41M       21.37M   05:57:39  COMPLETED      0:0 
144562.exte+     extern        16      1      1                                                      05:57:39  COMPLETED      0:0 


Job details:
============

JobId=144562 JobName=attnlog_learned_highway_lanechange_dense_seed1_v4
   UserId=hadjitot(2357) GroupId=hadjitot(2300) MCS_label=N/A
   Priority=102208 Nice=0 Account=callan_hadjitot QOS=normal
   JobState=COMPLETING Reason=None Dependency=(null)
   Requeue=0 Restarts=0 BatchFlag=1 Reboot=0 ExitCode=0:0
   DerivedExitCode=0:0
   RunTime=05:57:39 TimeLimit=2-00:00:00 TimeMin=N/A
   SubmitTime=2026-02-23T12:21:14 EligibleTime=2026-02-23T12:21:14
   AccrueTime=2026-02-23T12:21:14
   StartTime=2026-02-23T12:46:05 EndTime=2026-02-23T18:43:44 Deadline=N/A
   SuspendTime=None SecsPreSuspend=0 LastSchedEval=2026-02-23T12:46:05 Scheduler=Main
   Partition=compute AllocNode:Sid=callan01:2105744
   ReqNodeList=(null) ExcNodeList=(null)
   NodeList=
   BatchHost=callan-n02
   NumNodes=1 NumCPUs=16 NumTasks=1 CPUs/Task=16 ReqB:S:C:T=0:0:*:*
   ReqTRES=cpu=16,mem=32G,node=1,billing=16
   AllocTRES=cpu=16,mem=32G,node=1,billing=16
   Socks/Node=* NtasksPerN:B:S:C=0:0:*:* CoreSpec=*
   JOB_GRES=(null)
     Nodes=callan-n02 CPU_IDs=32-47 Mem=32768 GRES=
   MinCPUsNode=16 MinMemoryNode=32G MinTmpDiskNode=0
   Features=(null) DelayBoot=00:00:00
   OverSubscribe=OK Contiguous=0 Licenses=(null) LicensesAlloc=(null) Network=(null)
   Command=/home/users/hadjitot/fyp/HighwayEnv/slurm/eval_attention.sbatch
   WorkDir=/home/users/hadjitot/fyp/HighwayEnv
   StdErr=/home/users/hadjitot/fyp/HighwayEnv/slurm_out/attnlog_learned_highway_lanechange_dense_seed1_v4_144562.err
   StdIn=/dev/null
   StdOut=/home/users/hadjitot/fyp/HighwayEnv/slurm_out/attnlog_learned_highway_lanechange_dense_seed1_v4_144562.out
   TresPerTask=cpu=16
   


Disk quota details:
===================

                         Block Limits                                    |                     File Limits
Name       type             MB      quota      limit   in_doubt    grace |    files   quota    limit in_doubt    grace
root       USR         4790530          0          0       1300     none |   368858       0        0     1197     none
root       FILESET     4804645          0          0       3225     none |  9551298       0        0      836     none


SLURM Bank Statement:
=====================

User           Usage |        Account     Usage | Account Limit Available (CPU hrs)
---------- --------- + -------------- --------- + ------------- ---------
hadjitot      11,721 | CALLAN_HADJITOT    11,721 |       300,000   288,279


Acknowledgements:
=================

Note that usage of TCHPC Resources *must* be acknowledged in all publications.

Please see this page for details relevant to this cluster:

http://www.tchpc.tcd.ie/resources/acknowledgementpolicy

################################################################################
