Loading Anaconda 3 2024.02-1
ppo_baseline_cf_v2_v7_seed0 obs shape: (5, 5) action space: Box(-1.0, 1.0, (1,), float32)
Using cpu device
Logging to runs/tb/ppo_baseline_cf_v2_v7_seed0_1
---------------------------------
| rollout/           |          |
|    ep_len_mean     | 17.2     |
|    ep_rew_mean     | 3.15     |
| time/              |          |
|    fps             | 467      |
|    iterations      | 1        |
|    time_elapsed    | 35       |
|    total_timesteps | 16384    |
---------------------------------
-----------------------------------------
| rollout/                |             |
|    ep_len_mean          | 18.5        |
|    ep_rew_mean          | 3.6         |
| time/                   |             |
|    fps                  | 505         |
|    iterations           | 2           |
|    time_elapsed         | 64          |
|    total_timesteps      | 32768       |
| train/                  |             |
|    approx_kl            | 0.002487255 |
|    clip_fraction        | 0.0208      |
|    clip_range           | 0.2         |
|    entropy_loss         | -1.4        |
|    explained_variance   | 0.00444     |
|    learning_rate        | 0.0003      |
|    loss                 | 0.202       |
|    n_updates            | 10          |
|    policy_gradient_loss | -0.00117    |
|    std                  | 0.977       |
|    value_loss           | 3.22        |
-----------------------------------------
-----------------------------------------
| rollout/                |             |
|    ep_len_mean          | 19.4        |
|    ep_rew_mean          | 3.72        |
| time/                   |             |
|    fps                  | 520         |
|    iterations           | 3           |
|    time_elapsed         | 94          |
|    total_timesteps      | 49152       |
| train/                  |             |
|    approx_kl            | 0.013697659 |
|    clip_fraction        | 0.188       |
|    clip_range           | 0.2         |
|    entropy_loss         | -1.37       |
|    explained_variance   | 0.975       |
|    learning_rate        | 0.0003      |
|    loss                 | 0.0661      |
|    n_updates            | 20          |
|    policy_gradient_loss | -0.0193     |
|    std                  | 0.949       |
|    value_loss           | 0.218       |
-----------------------------------------
----------------------------------------
| rollout/                |            |
|    ep_len_mean          | 25.5       |
|    ep_rew_mean          | 3.88       |
| time/                   |            |
|    fps                  | 530        |
|    iterations           | 4          |
|    time_elapsed         | 123        |
|    total_timesteps      | 65536      |
| train/                  |            |
|    approx_kl            | 0.02300453 |
|    clip_fraction        | 0.302      |
|    clip_range           | 0.2        |
|    entropy_loss         | -1.32      |
|    explained_variance   | 0.99       |
|    learning_rate        | 0.0003     |
|    loss                 | 0.0664     |
|    n_updates            | 30         |
|    policy_gradient_loss | -0.0374    |
|    std                  | 0.903      |
|    value_loss           | 0.168      |
----------------------------------------
-----------------------------------------
| rollout/                |             |
|    ep_len_mean          | 39.1        |
|    ep_rew_mean          | 3.54        |
| time/                   |             |
|    fps                  | 540         |
|    iterations           | 5           |
|    time_elapsed         | 151         |
|    total_timesteps      | 81920       |
| train/                  |             |
|    approx_kl            | 0.021271843 |
|    clip_fraction        | 0.258       |
|    clip_range           | 0.2         |
|    entropy_loss         | -1.28       |
|    explained_variance   | 0.815       |
|    learning_rate        | 0.0003      |
|    loss                 | 0.265       |
|    n_updates            | 40          |
|    policy_gradient_loss | -0.0114     |
|    std                  | 0.858       |
|    value_loss           | 1.3         |
-----------------------------------------
-----------------------------------------
| rollout/                |             |
|    ep_len_mean          | 64.3        |
|    ep_rew_mean          | 1.25        |
| time/                   |             |
|    fps                  | 551         |
|    iterations           | 6           |
|    time_elapsed         | 178         |
|    total_timesteps      | 98304       |
| train/                  |             |
|    approx_kl            | 0.018591443 |
|    clip_fraction        | 0.192       |
|    clip_range           | 0.2         |
|    entropy_loss         | -1.22       |
|    explained_variance   | 0.524       |
|    learning_rate        | 0.0003      |
|    loss                 | 1.61        |
|    n_updates            | 50          |
|    policy_gradient_loss | -0.0104     |
|    std                  | 0.808       |
|    value_loss           | 4.55        |
-----------------------------------------
------------------------------------------
| rollout/                |              |
|    ep_len_mean          | 87.1         |
|    ep_rew_mean          | -3.71        |
| time/                   |              |
|    fps                  | 560          |
|    iterations           | 7            |
|    time_elapsed         | 204          |
|    total_timesteps      | 114688       |
| train/                  |              |
|    approx_kl            | 0.0072514936 |
|    clip_fraction        | 0.0858       |
|    clip_range           | 0.2          |
|    entropy_loss         | -1.17        |
|    explained_variance   | 0.186        |
|    learning_rate        | 0.0003       |
|    loss                 | 3.52         |
|    n_updates            | 60           |
|    policy_gradient_loss | -0.00668     |
|    std                  | 0.776        |
|    value_loss           | 7.38         |
------------------------------------------
------------------------------------------
| rollout/                |              |
|    ep_len_mean          | 100          |
|    ep_rew_mean          | -3.47        |
| time/                   |              |
|    fps                  | 568          |
|    iterations           | 8            |
|    time_elapsed         | 230          |
|    total_timesteps      | 131072       |
| train/                  |              |
|    approx_kl            | 0.0077567715 |
|    clip_fraction        | 0.0764       |
|    clip_range           | 0.2          |
|    entropy_loss         | -1.14        |
|    explained_variance   | 0.716        |
|    learning_rate        | 0.0003       |
|    loss                 | 1.59         |
|    n_updates            | 70           |
|    policy_gradient_loss | -0.00426     |
|    std                  | 0.747        |
|    value_loss           | 4.66         |
------------------------------------------
-----------------------------------------
| rollout/                |             |
|    ep_len_mean          | 95.5        |
|    ep_rew_mean          | 4.33        |
| time/                   |             |
|    fps                  | 573         |
|    iterations           | 9           |
|    time_elapsed         | 257         |
|    total_timesteps      | 147456      |
| train/                  |             |
|    approx_kl            | 0.010234463 |
|    clip_fraction        | 0.12        |
|    clip_range           | 0.2         |
|    entropy_loss         | -1.14       |
|    explained_variance   | 0.916       |
|    learning_rate        | 0.0003      |
|    loss                 | 0.915       |
|    n_updates            | 80          |
|    policy_gradient_loss | -0.00681    |
|    std                  | 0.765       |
|    value_loss           | 2.53        |
-----------------------------------------
-----------------------------------------
| rollout/                |             |
|    ep_len_mean          | 108         |
|    ep_rew_mean          | 13.7        |
| time/                   |             |
|    fps                  | 578         |
|    iterations           | 10          |
|    time_elapsed         | 283         |
|    total_timesteps      | 163840      |
| train/                  |             |
|    approx_kl            | 0.015081523 |
|    clip_fraction        | 0.189       |
|    clip_range           | 0.2         |
|    entropy_loss         | -1.15       |
|    explained_variance   | 0.969       |
|    learning_rate        | 0.0003      |
|    loss                 | 0.962       |
|    n_updates            | 90          |
|    policy_gradient_loss | -0.0165     |
|    std                  | 0.766       |
|    value_loss           | 2.01        |
-----------------------------------------
---------------------------------------
| rollout/                |           |
|    ep_len_mean          | 85.4      |
|    ep_rew_mean          | 16.1      |
| time/                   |           |
|    fps                  | 582       |
|    iterations           | 11        |
|    time_elapsed         | 309       |
|    total_timesteps      | 180224    |
| train/                  |           |
|    approx_kl            | 0.0161549 |
|    clip_fraction        | 0.219     |
|    clip_range           | 0.2       |
|    entropy_loss         | -1.14     |
|    explained_variance   | 0.973     |
|    learning_rate        | 0.0003    |
|    loss                 | 0.914     |
|    n_updates            | 100       |
|    policy_gradient_loss | -0.0199   |
|    std                  | 0.754     |
|    value_loss           | 1.78      |
---------------------------------------
-----------------------------------------
| rollout/                |             |
|    ep_len_mean          | 87.3        |
|    ep_rew_mean          | 21.1        |
| time/                   |             |
|    fps                  | 586         |
|    iterations           | 12          |
|    time_elapsed         | 335         |
|    total_timesteps      | 196608      |
| train/                  |             |
|    approx_kl            | 0.018376544 |
|    clip_fraction        | 0.225       |
|    clip_range           | 0.2         |
|    entropy_loss         | -1.1        |
|    explained_variance   | 0.952       |
|    learning_rate        | 0.0003      |
|    loss                 | 0.762       |
|    n_updates            | 110         |
|    policy_gradient_loss | -0.0216     |
|    std                  | 0.723       |
|    value_loss           | 2.09        |
-----------------------------------------
-----------------------------------------
| rollout/                |             |
|    ep_len_mean          | 89.6        |
|    ep_rew_mean          | 23.6        |
| time/                   |             |
|    fps                  | 589         |
|    iterations           | 13          |
|    time_elapsed         | 361         |
|    total_timesteps      | 212992      |
| train/                  |             |
|    approx_kl            | 0.016385265 |
|    clip_fraction        | 0.188       |
|    clip_range           | 0.2         |
|    entropy_loss         | -1.06       |
|    explained_variance   | 0.871       |
|    learning_rate        | 0.0003      |
|    loss                 | 1.29        |
|    n_updates            | 120         |
|    policy_gradient_loss | -0.0187     |
|    std                  | 0.692       |
|    value_loss           | 3.04        |
-----------------------------------------
-----------------------------------------
| rollout/                |             |
|    ep_len_mean          | 103         |
|    ep_rew_mean          | 27.2        |
| time/                   |             |
|    fps                  | 591         |
|    iterations           | 14          |
|    time_elapsed         | 387         |
|    total_timesteps      | 229376      |
| train/                  |             |
|    approx_kl            | 0.012994299 |
|    clip_fraction        | 0.138       |
|    clip_range           | 0.2         |
|    entropy_loss         | -1.02       |
|    explained_variance   | 0.717       |
|    learning_rate        | 0.0003      |
|    loss                 | 2.47        |
|    n_updates            | 130         |
|    policy_gradient_loss | -0.0145     |
|    std                  | 0.667       |
|    value_loss           | 3.98        |
-----------------------------------------
----------------------------------------
| rollout/                |            |
|    ep_len_mean          | 120        |
|    ep_rew_mean          | 34.4       |
| time/                   |            |
|    fps                  | 594        |
|    iterations           | 15         |
|    time_elapsed         | 413        |
|    total_timesteps      | 245760     |
| train/                  |            |
|    approx_kl            | 0.01246883 |
|    clip_fraction        | 0.147      |
|    clip_range           | 0.2        |
|    entropy_loss         | -1         |
|    explained_variance   | 0.647      |
|    learning_rate        | 0.0003     |
|    loss                 | 2.21       |
|    n_updates            | 140        |
|    policy_gradient_loss | -0.0135    |
|    std                  | 0.657      |
|    value_loss           | 5.51       |
----------------------------------------
-----------------------------------------
| rollout/                |             |
|    ep_len_mean          | 125         |
|    ep_rew_mean          | 37.1        |
| time/                   |             |
|    fps                  | 596         |
|    iterations           | 16          |
|    time_elapsed         | 439         |
|    total_timesteps      | 262144      |
| train/                  |             |
|    approx_kl            | 0.009812765 |
|    clip_fraction        | 0.147       |
|    clip_range           | 0.2         |
|    entropy_loss         | -0.97       |
|    explained_variance   | 0.712       |
|    learning_rate        | 0.0003      |
|    loss                 | 1.35        |
|    n_updates            | 150         |
|    policy_gradient_loss | -0.0121     |
|    std                  | 0.638       |
|    value_loss           | 3.02        |
-----------------------------------------
-----------------------------------------
| rollout/                |             |
|    ep_len_mean          | 126         |
|    ep_rew_mean          | 37          |
| time/                   |             |
|    fps                  | 598         |
|    iterations           | 17          |
|    time_elapsed         | 465         |
|    total_timesteps      | 278528      |
| train/                  |             |
|    approx_kl            | 0.008809094 |
|    clip_fraction        | 0.114       |
|    clip_range           | 0.2         |
|    entropy_loss         | -0.944      |
|    explained_variance   | 0.798       |
|    learning_rate        | 0.0003      |
|    loss                 | 0.307       |
|    n_updates            | 160         |
|    policy_gradient_loss | -0.00777    |
|    std                  | 0.617       |
|    value_loss           | 1.09        |
-----------------------------------------
-----------------------------------------
| rollout/                |             |
|    ep_len_mean          | 126         |
|    ep_rew_mean          | 36.6        |
| time/                   |             |
|    fps                  | 600         |
|    iterations           | 18          |
|    time_elapsed         | 491         |
|    total_timesteps      | 294912      |
| train/                  |             |
|    approx_kl            | 0.004952818 |
|    clip_fraction        | 0.0708      |
|    clip_range           | 0.2         |
|    entropy_loss         | -0.922      |
|    explained_variance   | 0.93        |
|    learning_rate        | 0.0003      |
|    loss                 | 0.0686      |
|    n_updates            | 170         |
|    policy_gradient_loss | 0.000501    |
|    std                  | 0.608       |
|    value_loss           | 0.187       |
-----------------------------------------
-----------------------------------------
| rollout/                |             |
|    ep_len_mean          | 126         |
|    ep_rew_mean          | 36.6        |
| time/                   |             |
|    fps                  | 575         |
|    iterations           | 19          |
|    time_elapsed         | 541         |
|    total_timesteps      | 311296      |
| train/                  |             |
|    approx_kl            | 0.006025474 |
|    clip_fraction        | 0.0614      |
|    clip_range           | 0.2         |
|    entropy_loss         | -0.917      |
|    explained_variance   | 0.942       |
|    learning_rate        | 0.0003      |
|    loss                 | 0.0526      |
|    n_updates            | 180         |
|    policy_gradient_loss | 0.000757    |
|    std                  | 0.603       |
|    value_loss           | 0.128       |
-----------------------------------------
------------------------------------------
| rollout/                |              |
|    ep_len_mean          | 126          |
|    ep_rew_mean          | 36.7         |
| time/                   |              |
|    fps                  | 525          |
|    iterations           | 20           |
|    time_elapsed         | 623          |
|    total_timesteps      | 327680       |
| train/                  |              |
|    approx_kl            | 0.0048692254 |
|    clip_fraction        | 0.0614       |
|    clip_range           | 0.2          |
|    entropy_loss         | -0.916       |
|    explained_variance   | 0.964        |
|    learning_rate        | 0.0003       |
|    loss                 | 0.0231       |
|    n_updates            | 190          |
|    policy_gradient_loss | 0.000274     |
|    std                  | 0.604        |
|    value_loss           | 0.0782       |
------------------------------------------
-----------------------------------------
| rollout/                |             |
|    ep_len_mean          | 126         |
|    ep_rew_mean          | 36.2        |
| time/                   |             |
|    fps                  | 487         |
|    iterations           | 21          |
|    time_elapsed         | 705         |
|    total_timesteps      | 344064      |
| train/                  |             |
|    approx_kl            | 0.005057973 |
|    clip_fraction        | 0.0638      |
|    clip_range           | 0.2         |
|    entropy_loss         | -0.924      |
|    explained_variance   | 0.976       |
|    learning_rate        | 0.0003      |
|    loss                 | 0.0111      |
|    n_updates            | 200         |
|    policy_gradient_loss | -0.000922   |
|    std                  | 0.613       |
|    value_loss           | 0.055       |
-----------------------------------------
------------------------------------------
| rollout/                |              |
|    ep_len_mean          | 126          |
|    ep_rew_mean          | 36.3         |
| time/                   |              |
|    fps                  | 476          |
|    iterations           | 22           |
|    time_elapsed         | 756          |
|    total_timesteps      | 360448       |
| train/                  |              |
|    approx_kl            | 0.0064706476 |
|    clip_fraction        | 0.0809       |
|    clip_range           | 0.2          |
|    entropy_loss         | -0.931       |
|    explained_variance   | 0.981        |
|    learning_rate        | 0.0003       |
|    loss                 | 0.0291       |
|    n_updates            | 210          |
|    policy_gradient_loss | -0.00205     |
|    std                  | 0.616        |
|    value_loss           | 0.0445       |
------------------------------------------
------------------------------------------
| rollout/                |              |
|    ep_len_mean          | 126          |
|    ep_rew_mean          | 36.1         |
| time/                   |              |
|    fps                  | 481          |
|    iterations           | 23           |
|    time_elapsed         | 782          |
|    total_timesteps      | 376832       |
| train/                  |              |
|    approx_kl            | 0.0054880544 |
|    clip_fraction        | 0.0757       |
|    clip_range           | 0.2          |
|    entropy_loss         | -0.938       |
|    explained_variance   | 0.981        |
|    learning_rate        | 0.0003       |
|    loss                 | 0.0233       |
|    n_updates            | 220          |
|    policy_gradient_loss | -0.00232     |
|    std                  | 0.623        |
|    value_loss           | 0.0544       |
------------------------------------------
-----------------------------------------
| rollout/                |             |
|    ep_len_mean          | 126         |
|    ep_rew_mean          | 35.9        |
| time/                   |             |
|    fps                  | 486         |
|    iterations           | 24          |
|    time_elapsed         | 807         |
|    total_timesteps      | 393216      |
| train/                  |             |
|    approx_kl            | 0.006244318 |
|    clip_fraction        | 0.0723      |
|    clip_range           | 0.2         |
|    entropy_loss         | -0.95       |
|    explained_variance   | 0.984       |
|    learning_rate        | 0.0003      |
|    loss                 | 0.0324      |
|    n_updates            | 230         |
|    policy_gradient_loss | -0.00106    |
|    std                  | 0.627       |
|    value_loss           | 0.0458      |
-----------------------------------------
-----------------------------------------
| rollout/                |             |
|    ep_len_mean          | 125         |
|    ep_rew_mean          | 35.5        |
| time/                   |             |
|    fps                  | 490         |
|    iterations           | 25          |
|    time_elapsed         | 835         |
|    total_timesteps      | 409600      |
| train/                  |             |
|    approx_kl            | 0.007254786 |
|    clip_fraction        | 0.0874      |
|    clip_range           | 0.2         |
|    entropy_loss         | -0.949      |
|    explained_variance   | 0.985       |
|    learning_rate        | 0.0003      |
|    loss                 | 0.0236      |
|    n_updates            | 240         |
|    policy_gradient_loss | -0.00097    |
|    std                  | 0.626       |
|    value_loss           | 0.0533      |
-----------------------------------------
------------------------------------------
| rollout/                |              |
|    ep_len_mean          | 126          |
|    ep_rew_mean          | 35.1         |
| time/                   |              |
|    fps                  | 491          |
|    iterations           | 26           |
|    time_elapsed         | 865          |
|    total_timesteps      | 425984       |
| train/                  |              |
|    approx_kl            | 0.0065360875 |
|    clip_fraction        | 0.0907       |
|    clip_range           | 0.2          |
|    entropy_loss         | -0.948       |
|    explained_variance   | 0.904        |
|    learning_rate        | 0.0003       |
|    loss                 | 0.0588       |
|    n_updates            | 250          |
|    policy_gradient_loss | 0.000932     |
|    std                  | 0.623        |
|    value_loss           | 0.389        |
------------------------------------------
-----------------------------------------
| rollout/                |             |
|    ep_len_mean          | 125         |
|    ep_rew_mean          | 35.4        |
| time/                   |             |
|    fps                  | 493         |
|    iterations           | 27          |
|    time_elapsed         | 897         |
|    total_timesteps      | 442368      |
| train/                  |             |
|    approx_kl            | 0.006897066 |
|    clip_fraction        | 0.0932      |
|    clip_range           | 0.2         |
|    entropy_loss         | -0.947      |
|    explained_variance   | 0.987       |
|    learning_rate        | 0.0003      |
|    loss                 | 0.0232      |
|    n_updates            | 260         |
|    policy_gradient_loss | -0.00089    |
|    std                  | 0.622       |
|    value_loss           | 0.0415      |
-----------------------------------------
-----------------------------------------
| rollout/                |             |
|    ep_len_mean          | 125         |
|    ep_rew_mean          | 35.6        |
| time/                   |             |
|    fps                  | 494         |
|    iterations           | 28          |
|    time_elapsed         | 927         |
|    total_timesteps      | 458752      |
| train/                  |             |
|    approx_kl            | 0.009074334 |
|    clip_fraction        | 0.0963      |
|    clip_range           | 0.2         |
|    entropy_loss         | -0.939      |
|    explained_variance   | 0.892       |
|    learning_rate        | 0.0003      |
|    loss                 | 0.0244      |
|    n_updates            | 270         |
|    policy_gradient_loss | 0.000288    |
|    std                  | 0.62        |
|    value_loss           | 0.426       |
-----------------------------------------
-----------------------------------------
| rollout/                |             |
|    ep_len_mean          | 122         |
|    ep_rew_mean          | 34.6        |
| time/                   |             |
|    fps                  | 495         |
|    iterations           | 29          |
|    time_elapsed         | 958         |
|    total_timesteps      | 475136      |
| train/                  |             |
|    approx_kl            | 0.007244589 |
|    clip_fraction        | 0.0839      |
|    clip_range           | 0.2         |
|    entropy_loss         | -0.948      |
|    explained_variance   | 0.898       |
|    learning_rate        | 0.0003      |
|    loss                 | 0.0329      |
|    n_updates            | 280         |
|    policy_gradient_loss | 0.000855    |
|    std                  | 0.628       |
|    value_loss           | 0.414       |
-----------------------------------------
------------------------------------------
| rollout/                |              |
|    ep_len_mean          | 122          |
|    ep_rew_mean          | 34.8         |
| time/                   |              |
|    fps                  | 497          |
|    iterations           | 30           |
|    time_elapsed         | 988          |
|    total_timesteps      | 491520       |
| train/                  |              |
|    approx_kl            | 0.0067938655 |
|    clip_fraction        | 0.0915       |
|    clip_range           | 0.2          |
|    entropy_loss         | -0.952       |
|    explained_variance   | 0.599        |
|    learning_rate        | 0.0003       |
|    loss                 | 0.0704       |
|    n_updates            | 290          |
|    policy_gradient_loss | 0.000622     |
|    std                  | 0.626        |
|    value_loss           | 2.33         |
------------------------------------------
-----------------------------------------
| rollout/                |             |
|    ep_len_mean          | 124         |
|    ep_rew_mean          | 35.5        |
| time/                   |             |
|    fps                  | 498         |
|    iterations           | 31          |
|    time_elapsed         | 1018        |
|    total_timesteps      | 507904      |
| train/                  |             |
|    approx_kl            | 0.010572685 |
|    clip_fraction        | 0.107       |
|    clip_range           | 0.2         |
|    entropy_loss         | -0.929      |
|    explained_variance   | 0.659       |
|    learning_rate        | 0.0003      |
|    loss                 | 3.76        |
|    n_updates            | 300         |
|    policy_gradient_loss | -0.0012     |
|    std                  | 0.61        |
|    value_loss           | 2           |
-----------------------------------------
ppo_baseline_cf_v2_v7_seed1 obs shape: (5, 5) action space: Box(-1.0, 1.0, (1,), float32)
Using cpu device
Logging to runs/tb/ppo_baseline_cf_v2_v7_seed1_1
---------------------------------
| rollout/           |          |
|    ep_len_mean     | 17.3     |
|    ep_rew_mean     | 3.19     |
| time/              |          |
|    fps             | 534      |
|    iterations      | 1        |
|    time_elapsed    | 30       |
|    total_timesteps | 16384    |
---------------------------------
------------------------------------------
| rollout/                |              |
|    ep_len_mean          | 17.9         |
|    ep_rew_mean          | 3.4          |
| time/                   |              |
|    fps                  | 504          |
|    iterations           | 2            |
|    time_elapsed         | 64           |
|    total_timesteps      | 32768        |
| train/                  |              |
|    approx_kl            | 0.0032983888 |
|    clip_fraction        | 0.0177       |
|    clip_range           | 0.2          |
|    entropy_loss         | -1.41        |
|    explained_variance   | 0.00134      |
|    learning_rate        | 0.0003       |
|    loss                 | 0.267        |
|    n_updates            | 10           |
|    policy_gradient_loss | -0.00126     |
|    std                  | 0.994        |
|    value_loss           | 3.04         |
------------------------------------------
-----------------------------------------
| rollout/                |             |
|    ep_len_mean          | 20          |
|    ep_rew_mean          | 3.84        |
| time/                   |             |
|    fps                  | 496         |
|    iterations           | 3           |
|    time_elapsed         | 99          |
|    total_timesteps      | 49152       |
| train/                  |             |
|    approx_kl            | 0.013995699 |
|    clip_fraction        | 0.186       |
|    clip_range           | 0.2         |
|    entropy_loss         | -1.38       |
|    explained_variance   | 0.976       |
|    learning_rate        | 0.0003      |
|    loss                 | 0.0775      |
|    n_updates            | 20          |
|    policy_gradient_loss | -0.0195     |
|    std                  | 0.96        |
|    value_loss           | 0.194       |
-----------------------------------------
-----------------------------------------
| rollout/                |             |
|    ep_len_mean          | 21.4        |
|    ep_rew_mean          | 4.2         |
| time/                   |             |
|    fps                  | 496         |
|    iterations           | 4           |
|    time_elapsed         | 132         |
|    total_timesteps      | 65536       |
| train/                  |             |
|    approx_kl            | 0.024545277 |
|    clip_fraction        | 0.303       |
|    clip_range           | 0.2         |
|    entropy_loss         | -1.34       |
|    explained_variance   | 0.974       |
|    learning_rate        | 0.0003      |
|    loss                 | 0.284       |
|    n_updates            | 30          |
|    policy_gradient_loss | -0.0285     |
|    std                  | 0.906       |
|    value_loss           | 0.358       |
-----------------------------------------
-----------------------------------------
| rollout/                |             |
|    ep_len_mean          | 29.4        |
|    ep_rew_mean          | 3.99        |
| time/                   |             |
|    fps                  | 495         |
|    iterations           | 5           |
|    time_elapsed         | 165         |
|    total_timesteps      | 81920       |
| train/                  |             |
|    approx_kl            | 0.027860418 |
|    clip_fraction        | 0.32        |
|    clip_range           | 0.2         |
|    entropy_loss         | -1.27       |
|    explained_variance   | 0.909       |
|    learning_rate        | 0.0003      |
|    loss                 | 0.19        |
|    n_updates            | 40          |
|    policy_gradient_loss | -0.0194     |
|    std                  | 0.848       |
|    value_loss           | 1.09        |
-----------------------------------------
----------------------------------------
| rollout/                |            |
|    ep_len_mean          | 60.5       |
|    ep_rew_mean          | 2.19       |
| time/                   |            |
|    fps                  | 498        |
|    iterations           | 6          |
|    time_elapsed         | 197        |
|    total_timesteps      | 98304      |
| train/                  |            |
|    approx_kl            | 0.02264874 |
|    clip_fraction        | 0.217      |
|    clip_range           | 0.2        |
|    entropy_loss         | -1.21      |
|    explained_variance   | 0.566      |
|    learning_rate        | 0.0003     |
|    loss                 | 1.69       |
|    n_updates            | 50         |
|    policy_gradient_loss | -0.0109    |
|    std                  | 0.794      |
|    value_loss           | 4.96       |
----------------------------------------
----------------------------------------
| rollout/                |            |
|    ep_len_mean          | 87.8       |
|    ep_rew_mean          | -3.19      |
| time/                   |            |
|    fps                  | 501        |
|    iterations           | 7          |
|    time_elapsed         | 228        |
|    total_timesteps      | 114688     |
| train/                  |            |
|    approx_kl            | 0.01192723 |
|    clip_fraction        | 0.112      |
|    clip_range           | 0.2        |
|    entropy_loss         | -1.14      |
|    explained_variance   | 0.264      |
|    learning_rate        | 0.0003     |
|    loss                 | 3.93       |
|    n_updates            | 60         |
|    policy_gradient_loss | -0.00819   |
|    std                  | 0.745      |
|    value_loss           | 7.91       |
----------------------------------------
------------------------------------------
| rollout/                |              |
|    ep_len_mean          | 86           |
|    ep_rew_mean          | 0.839        |
| time/                   |              |
|    fps                  | 504          |
|    iterations           | 8            |
|    time_elapsed         | 259          |
|    total_timesteps      | 131072       |
| train/                  |              |
|    approx_kl            | 0.0057492927 |
|    clip_fraction        | 0.054        |
|    clip_range           | 0.2          |
|    entropy_loss         | -1.11        |
|    explained_variance   | 0.687        |
|    learning_rate        | 0.0003       |
|    loss                 | 1.61         |
|    n_updates            | 70           |
|    policy_gradient_loss | -0.00307     |
|    std                  | 0.737        |
|    value_loss           | 4.86         |
------------------------------------------
-----------------------------------------
| rollout/                |             |
|    ep_len_mean          | 93          |
|    ep_rew_mean          | 3.69        |
| time/                   |             |
|    fps                  | 505         |
|    iterations           | 9           |
|    time_elapsed         | 291         |
|    total_timesteps      | 147456      |
| train/                  |             |
|    approx_kl            | 0.008208483 |
|    clip_fraction        | 0.1         |
|    clip_range           | 0.2         |
|    entropy_loss         | -1.1        |
|    explained_variance   | 0.908       |
|    learning_rate        | 0.0003      |
|    loss                 | 2.74        |
|    n_updates            | 80          |
|    policy_gradient_loss | -0.00794    |
|    std                  | 0.725       |
|    value_loss           | 3.48        |
-----------------------------------------
-----------------------------------------
| rollout/                |             |
|    ep_len_mean          | 110         |
|    ep_rew_mean          | 9.23        |
| time/                   |             |
|    fps                  | 506         |
|    iterations           | 10          |
|    time_elapsed         | 323         |
|    total_timesteps      | 163840      |
| train/                  |             |
|    approx_kl            | 0.012036076 |
|    clip_fraction        | 0.165       |
|    clip_range           | 0.2         |
|    entropy_loss         | -1.1        |
|    explained_variance   | 0.96        |
|    learning_rate        | 0.0003      |
|    loss                 | 1.4         |
|    n_updates            | 90          |
|    policy_gradient_loss | -0.0132     |
|    std                  | 0.728       |
|    value_loss           | 2.34        |
-----------------------------------------
-----------------------------------------
| rollout/                |             |
|    ep_len_mean          | 107         |
|    ep_rew_mean          | 16.6        |
| time/                   |             |
|    fps                  | 508         |
|    iterations           | 11          |
|    time_elapsed         | 354         |
|    total_timesteps      | 180224      |
| train/                  |             |
|    approx_kl            | 0.015401464 |
|    clip_fraction        | 0.208       |
|    clip_range           | 0.2         |
|    entropy_loss         | -1.09       |
|    explained_variance   | 0.974       |
|    learning_rate        | 0.0003      |
|    loss                 | 0.916       |
|    n_updates            | 100         |
|    policy_gradient_loss | -0.0186     |
|    std                  | 0.723       |
|    value_loss           | 1.77        |
-----------------------------------------
-----------------------------------------
| rollout/                |             |
|    ep_len_mean          | 106         |
|    ep_rew_mean          | 21.1        |
| time/                   |             |
|    fps                  | 509         |
|    iterations           | 12          |
|    time_elapsed         | 386         |
|    total_timesteps      | 196608      |
| train/                  |             |
|    approx_kl            | 0.017715165 |
|    clip_fraction        | 0.24        |
|    clip_range           | 0.2         |
|    entropy_loss         | -1.08       |
|    explained_variance   | 0.969       |
|    learning_rate        | 0.0003      |
|    loss                 | 1.03        |
|    n_updates            | 110         |
|    policy_gradient_loss | -0.0234     |
|    std                  | 0.708       |
|    value_loss           | 1.82        |
-----------------------------------------
-----------------------------------------
| rollout/                |             |
|    ep_len_mean          | 102         |
|    ep_rew_mean          | 25.3        |
| time/                   |             |
|    fps                  | 510         |
|    iterations           | 13          |
|    time_elapsed         | 417         |
|    total_timesteps      | 212992      |
| train/                  |             |
|    approx_kl            | 0.019464783 |
|    clip_fraction        | 0.249       |
|    clip_range           | 0.2         |
|    entropy_loss         | -1.04       |
|    explained_variance   | 0.959       |
|    learning_rate        | 0.0003      |
|    loss                 | 0.693       |
|    n_updates            | 120         |
|    policy_gradient_loss | -0.0251     |
|    std                  | 0.685       |
|    value_loss           | 1.87        |
-----------------------------------------
-----------------------------------------
| rollout/                |             |
|    ep_len_mean          | 99.2        |
|    ep_rew_mean          | 25.6        |
| time/                   |             |
|    fps                  | 511         |
|    iterations           | 14          |
|    time_elapsed         | 448         |
|    total_timesteps      | 229376      |
| train/                  |             |
|    approx_kl            | 0.017049152 |
|    clip_fraction        | 0.194       |
|    clip_range           | 0.2         |
|    entropy_loss         | -1.01       |
|    explained_variance   | 0.886       |
|    learning_rate        | 0.0003      |
|    loss                 | 1.62        |
|    n_updates            | 130         |
|    policy_gradient_loss | -0.019      |
|    std                  | 0.659       |
|    value_loss           | 2.94        |
-----------------------------------------
------------------------------------------
| rollout/                |              |
|    ep_len_mean          | 116          |
|    ep_rew_mean          | 31.7         |
| time/                   |              |
|    fps                  | 511          |
|    iterations           | 15           |
|    time_elapsed         | 480          |
|    total_timesteps      | 245760       |
| train/                  |              |
|    approx_kl            | 0.0116801625 |
|    clip_fraction        | 0.143        |
|    clip_range           | 0.2          |
|    entropy_loss         | -0.982       |
|    explained_variance   | 0.672        |
|    learning_rate        | 0.0003       |
|    loss                 | 2.13         |
|    n_updates            | 140          |
|    policy_gradient_loss | -0.0131      |
|    std                  | 0.64         |
|    value_loss           | 5.03         |
------------------------------------------
-----------------------------------------
| rollout/                |             |
|    ep_len_mean          | 124         |
|    ep_rew_mean          | 36.5        |
| time/                   |             |
|    fps                  | 512         |
|    iterations           | 16          |
|    time_elapsed         | 511         |
|    total_timesteps      | 262144      |
| train/                  |             |
|    approx_kl            | 0.010939223 |
|    clip_fraction        | 0.148       |
|    clip_range           | 0.2         |
|    entropy_loss         | -0.954      |
|    explained_variance   | 0.697       |
|    learning_rate        | 0.0003      |
|    loss                 | 2.41        |
|    n_updates            | 150         |
|    policy_gradient_loss | -0.0131     |
|    std                  | 0.625       |
|    value_loss           | 4.01        |
-----------------------------------------
---------------------------------------
| rollout/                |           |
|    ep_len_mean          | 126       |
|    ep_rew_mean          | 37.3      |
| time/                   |           |
|    fps                  | 515       |
|    iterations           | 17        |
|    time_elapsed         | 540       |
|    total_timesteps      | 278528    |
| train/                  |           |
|    approx_kl            | 0.0100931 |
|    clip_fraction        | 0.105     |
|    clip_range           | 0.2       |
|    entropy_loss         | -0.933    |
|    explained_variance   | 0.775     |
|    learning_rate        | 0.0003    |
|    loss                 | 0.239     |
|    n_updates            | 160       |
|    policy_gradient_loss | -0.00761  |
|    std                  | 0.612     |
|    value_loss           | 1.21      |
---------------------------------------
------------------------------------------
| rollout/                |              |
|    ep_len_mean          | 126          |
|    ep_rew_mean          | 37.5         |
| time/                   |              |
|    fps                  | 518          |
|    iterations           | 18           |
|    time_elapsed         | 569          |
|    total_timesteps      | 294912       |
| train/                  |              |
|    approx_kl            | 0.0060961517 |
|    clip_fraction        | 0.0851       |
|    clip_range           | 0.2          |
|    entropy_loss         | -0.927       |
|    explained_variance   | 0.897        |
|    learning_rate        | 0.0003       |
|    loss                 | 0.159        |
|    n_updates            | 170          |
|    policy_gradient_loss | -0.00603     |
|    std                  | 0.616        |
|    value_loss           | 0.451        |
------------------------------------------
-----------------------------------------
| rollout/                |             |
|    ep_len_mean          | 126         |
|    ep_rew_mean          | 37.3        |
| time/                   |             |
|    fps                  | 521         |
|    iterations           | 19          |
|    time_elapsed         | 597         |
|    total_timesteps      | 311296      |
| train/                  |             |
|    approx_kl            | 0.005711448 |
|    clip_fraction        | 0.0856      |
|    clip_range           | 0.2         |
|    entropy_loss         | -0.931      |
|    explained_variance   | 0.946       |
|    learning_rate        | 0.0003      |
|    loss                 | 0.0862      |
|    n_updates            | 180         |
|    policy_gradient_loss | -0.00502    |
|    std                  | 0.615       |
|    value_loss           | 0.231       |
-----------------------------------------
-----------------------------------------
| rollout/                |             |
|    ep_len_mean          | 126         |
|    ep_rew_mean          | 37          |
| time/                   |             |
|    fps                  | 524         |
|    iterations           | 20          |
|    time_elapsed         | 625         |
|    total_timesteps      | 327680      |
| train/                  |             |
|    approx_kl            | 0.006582927 |
|    clip_fraction        | 0.0842      |
|    clip_range           | 0.2         |
|    entropy_loss         | -0.931      |
|    explained_variance   | 0.964       |
|    learning_rate        | 0.0003      |
|    loss                 | 0.0152      |
|    n_updates            | 190         |
|    policy_gradient_loss | -0.00354    |
|    std                  | 0.616       |
|    value_loss           | 0.133       |
-----------------------------------------
------------------------------------------
| rollout/                |              |
|    ep_len_mean          | 124          |
|    ep_rew_mean          | 36           |
| time/                   |              |
|    fps                  | 527          |
|    iterations           | 21           |
|    time_elapsed         | 651          |
|    total_timesteps      | 344064       |
| train/                  |              |
|    approx_kl            | 0.0060098507 |
|    clip_fraction        | 0.0912       |
|    clip_range           | 0.2          |
|    entropy_loss         | -0.931       |
|    explained_variance   | 0.971        |
|    learning_rate        | 0.0003       |
|    loss                 | 0.0122       |
|    n_updates            | 200          |
|    policy_gradient_loss | -0.00326     |
|    std                  | 0.616        |
|    value_loss           | 0.0792       |
------------------------------------------
------------------------------------------
| rollout/                |              |
|    ep_len_mean          | 126          |
|    ep_rew_mean          | 36.3         |
| time/                   |              |
|    fps                  | 531          |
|    iterations           | 22           |
|    time_elapsed         | 677          |
|    total_timesteps      | 360448       |
| train/                  |              |
|    approx_kl            | 0.0101030525 |
|    clip_fraction        | 0.104        |
|    clip_range           | 0.2          |
|    entropy_loss         | -0.932       |
|    explained_variance   | 0.858        |
|    learning_rate        | 0.0003       |
|    loss                 | 0.343        |
|    n_updates            | 210          |
|    policy_gradient_loss | -0.00252     |
|    std                  | 0.614        |
|    value_loss           | 0.674        |
------------------------------------------
-----------------------------------------
| rollout/                |             |
|    ep_len_mean          | 126         |
|    ep_rew_mean          | 36.2        |
| time/                   |             |
|    fps                  | 535         |
|    iterations           | 23          |
|    time_elapsed         | 703         |
|    total_timesteps      | 376832      |
| train/                  |             |
|    approx_kl            | 0.007250072 |
|    clip_fraction        | 0.0997      |
|    clip_range           | 0.2         |
|    entropy_loss         | -0.927      |
|    explained_variance   | 0.982       |
|    learning_rate        | 0.0003      |
|    loss                 | 0.0279      |
|    n_updates            | 220         |
|    policy_gradient_loss | -0.00277    |
|    std                  | 0.614       |
|    value_loss           | 0.0604      |
-----------------------------------------
------------------------------------------
| rollout/                |              |
|    ep_len_mean          | 126          |
|    ep_rew_mean          | 35.9         |
| time/                   |              |
|    fps                  | 539          |
|    iterations           | 24           |
|    time_elapsed         | 729          |
|    total_timesteps      | 393216       |
| train/                  |              |
|    approx_kl            | 0.0052537825 |
|    clip_fraction        | 0.0856       |
|    clip_range           | 0.2          |
|    entropy_loss         | -0.938       |
|    explained_variance   | 0.983        |
|    learning_rate        | 0.0003       |
|    loss                 | 0.0373       |
|    n_updates            | 230          |
|    policy_gradient_loss | -0.0016      |
|    std                  | 0.619        |
|    value_loss           | 0.0572       |
------------------------------------------
-----------------------------------------
| rollout/                |             |
|    ep_len_mean          | 126         |
|    ep_rew_mean          | 35.4        |
| time/                   |             |
|    fps                  | 542         |
|    iterations           | 25          |
|    time_elapsed         | 755         |
|    total_timesteps      | 409600      |
| train/                  |             |
|    approx_kl            | 0.008124763 |
|    clip_fraction        | 0.0965      |
|    clip_range           | 0.2         |
|    entropy_loss         | -0.941      |
|    explained_variance   | 0.984       |
|    learning_rate        | 0.0003      |
|    loss                 | 0.00143     |
|    n_updates            | 240         |
|    policy_gradient_loss | -0.00172    |
|    std                  | 0.62        |
|    value_loss           | 0.0552      |
-----------------------------------------
-----------------------------------------
| rollout/                |             |
|    ep_len_mean          | 117         |
|    ep_rew_mean          | 32.8        |
| time/                   |             |
|    fps                  | 545         |
|    iterations           | 26          |
|    time_elapsed         | 780         |
|    total_timesteps      | 425984      |
| train/                  |             |
|    approx_kl            | 0.008007929 |
|    clip_fraction        | 0.103       |
|    clip_range           | 0.2         |
|    entropy_loss         | -0.938      |
|    explained_variance   | 0.983       |
|    learning_rate        | 0.0003      |
|    loss                 | 0.0745      |
|    n_updates            | 250         |
|    policy_gradient_loss | -0.00269    |
|    std                  | 0.62        |
|    value_loss           | 0.0577      |
-----------------------------------------
----------------------------------------
| rollout/                |            |
|    ep_len_mean          | 126        |
|    ep_rew_mean          | 34.9       |
| time/                   |            |
|    fps                  | 548        |
|    iterations           | 27         |
|    time_elapsed         | 806        |
|    total_timesteps      | 442368     |
| train/                  |            |
|    approx_kl            | 0.00861272 |
|    clip_fraction        | 0.114      |
|    clip_range           | 0.2        |
|    entropy_loss         | -0.937     |
|    explained_variance   | 0.472      |
|    learning_rate        | 0.0003     |
|    loss                 | 1.27       |
|    n_updates            | 260        |
|    policy_gradient_loss | 0.00105    |
|    std                  | 0.616      |
|    value_loss           | 4.04       |
----------------------------------------
------------------------------------------
| rollout/                |              |
|    ep_len_mean          | 126          |
|    ep_rew_mean          | 35.2         |
| time/                   |              |
|    fps                  | 551          |
|    iterations           | 28           |
|    time_elapsed         | 832          |
|    total_timesteps      | 458752       |
| train/                  |              |
|    approx_kl            | 0.0058172853 |
|    clip_fraction        | 0.0939       |
|    clip_range           | 0.2          |
|    entropy_loss         | -0.919       |
|    explained_variance   | 0.937        |
|    learning_rate        | 0.0003       |
|    loss                 | 0.0609       |
|    n_updates            | 270          |
|    policy_gradient_loss | 0.000995     |
|    std                  | 0.605        |
|    value_loss           | 0.112        |
------------------------------------------
------------------------------------------
| rollout/                |              |
|    ep_len_mean          | 126          |
|    ep_rew_mean          | 35.2         |
| time/                   |              |
|    fps                  | 552          |
|    iterations           | 29           |
|    time_elapsed         | 860          |
|    total_timesteps      | 475136       |
| train/                  |              |
|    approx_kl            | 0.0046888874 |
|    clip_fraction        | 0.0609       |
|    clip_range           | 0.2          |
|    entropy_loss         | -0.901       |
|    explained_variance   | 0.969        |
|    learning_rate        | 0.0003       |
|    loss                 | 0.0369       |
|    n_updates            | 280          |
|    policy_gradient_loss | 0.00147      |
|    std                  | 0.593        |
|    value_loss           | 0.0675       |
------------------------------------------
------------------------------------------
| rollout/                |              |
|    ep_len_mean          | 126          |
|    ep_rew_mean          | 34.7         |
| time/                   |              |
|    fps                  | 554          |
|    iterations           | 30           |
|    time_elapsed         | 886          |
|    total_timesteps      | 491520       |
| train/                  |              |
|    approx_kl            | 0.0039238404 |
|    clip_fraction        | 0.0715       |
|    clip_range           | 0.2          |
|    entropy_loss         | -0.889       |
|    explained_variance   | 0.976        |
|    learning_rate        | 0.0003       |
|    loss                 | 0.0237       |
|    n_updates            | 290          |
|    policy_gradient_loss | 0.000901     |
|    std                  | 0.587        |
|    value_loss           | 0.0506       |
------------------------------------------
------------------------------------------
| rollout/                |              |
|    ep_len_mean          | 126          |
|    ep_rew_mean          | 34.2         |
| time/                   |              |
|    fps                  | 547          |
|    iterations           | 31           |
|    time_elapsed         | 927          |
|    total_timesteps      | 507904       |
| train/                  |              |
|    approx_kl            | 0.0066862535 |
|    clip_fraction        | 0.0774       |
|    clip_range           | 0.2          |
|    entropy_loss         | -0.883       |
|    explained_variance   | 0.979        |
|    learning_rate        | 0.0003       |
|    loss                 | 0.0367       |
|    n_updates            | 300          |
|    policy_gradient_loss | 0.000435     |
|    std                  | 0.587        |
|    value_loss           | 0.0468       |
------------------------------------------
ppo_baseline_cf_v2_v7_seed2 obs shape: (5, 5) action space: Box(-1.0, 1.0, (1,), float32)
Using cpu device
Logging to runs/tb/ppo_baseline_cf_v2_v7_seed2_1
---------------------------------
| rollout/           |          |
|    ep_len_mean     | 17.5     |
|    ep_rew_mean     | 3.2      |
| time/              |          |
|    fps             | 320      |
|    iterations      | 1        |
|    time_elapsed    | 51       |
|    total_timesteps | 16384    |
---------------------------------
-----------------------------------------
| rollout/                |             |
|    ep_len_mean          | 17.7        |
|    ep_rew_mean          | 3.34        |
| time/                   |             |
|    fps                  | 406         |
|    iterations           | 2           |
|    time_elapsed         | 80          |
|    total_timesteps      | 32768       |
| train/                  |             |
|    approx_kl            | 0.003976776 |
|    clip_fraction        | 0.0328      |
|    clip_range           | 0.2         |
|    entropy_loss         | -1.41       |
|    explained_variance   | -0.0004     |
|    learning_rate        | 0.0003      |
|    loss                 | 0.362       |
|    n_updates            | 10          |
|    policy_gradient_loss | -0.00261    |
|    std                  | 0.988       |
|    value_loss           | 3.04        |
-----------------------------------------
-----------------------------------------
| rollout/                |             |
|    ep_len_mean          | 18.5        |
|    ep_rew_mean          | 3.46        |
| time/                   |             |
|    fps                  | 445         |
|    iterations           | 3           |
|    time_elapsed         | 110         |
|    total_timesteps      | 49152       |
| train/                  |             |
|    approx_kl            | 0.014671454 |
|    clip_fraction        | 0.177       |
|    clip_range           | 0.2         |
|    entropy_loss         | -1.38       |
|    explained_variance   | 0.977       |
|    learning_rate        | 0.0003      |
|    loss                 | 0.0621      |
|    n_updates            | 20          |
|    policy_gradient_loss | -0.0184     |
|    std                  | 0.95        |
|    value_loss           | 0.192       |
-----------------------------------------
-----------------------------------------
| rollout/                |             |
|    ep_len_mean          | 21          |
|    ep_rew_mean          | 4.15        |
| time/                   |             |
|    fps                  | 470         |
|    iterations           | 4           |
|    time_elapsed         | 139         |
|    total_timesteps      | 65536       |
| train/                  |             |
|    approx_kl            | 0.024124302 |
|    clip_fraction        | 0.292       |
|    clip_range           | 0.2         |
|    entropy_loss         | -1.32       |
|    explained_variance   | 0.979       |
|    learning_rate        | 0.0003      |
|    loss                 | 0.169       |
|    n_updates            | 30          |
|    policy_gradient_loss | -0.0314     |
|    std                  | 0.898       |
|    value_loss           | 0.31        |
-----------------------------------------
----------------------------------------
| rollout/                |            |
|    ep_len_mean          | 27.4       |
|    ep_rew_mean          | 4.93       |
| time/                   |            |
|    fps                  | 490        |
|    iterations           | 5          |
|    time_elapsed         | 167        |
|    total_timesteps      | 81920      |
| train/                  |            |
|    approx_kl            | 0.02550581 |
|    clip_fraction        | 0.303      |
|    clip_range           | 0.2        |
|    entropy_loss         | -1.26      |
|    explained_variance   | 0.943      |
|    learning_rate        | 0.0003     |
|    loss                 | 0.283      |
|    n_updates            | 40         |
|    policy_gradient_loss | -0.0211    |
|    std                  | 0.839      |
|    value_loss           | 0.653      |
----------------------------------------
-----------------------------------------
| rollout/                |             |
|    ep_len_mean          | 47.5        |
|    ep_rew_mean          | 3.73        |
| time/                   |             |
|    fps                  | 505         |
|    iterations           | 6           |
|    time_elapsed         | 194         |
|    total_timesteps      | 98304       |
| train/                  |             |
|    approx_kl            | 0.020638762 |
|    clip_fraction        | 0.253       |
|    clip_range           | 0.2         |
|    entropy_loss         | -1.2        |
|    explained_variance   | 0.722       |
|    learning_rate        | 0.0003      |
|    loss                 | 0.887       |
|    n_updates            | 50          |
|    policy_gradient_loss | -0.0119     |
|    std                  | 0.794       |
|    value_loss           | 3.27        |
-----------------------------------------
-----------------------------------------
| rollout/                |             |
|    ep_len_mean          | 85          |
|    ep_rew_mean          | -1.19       |
| time/                   |             |
|    fps                  | 518         |
|    iterations           | 7           |
|    time_elapsed         | 221         |
|    total_timesteps      | 114688      |
| train/                  |             |
|    approx_kl            | 0.013730478 |
|    clip_fraction        | 0.14        |
|    clip_range           | 0.2         |
|    entropy_loss         | -1.14       |
|    explained_variance   | 0.349       |
|    learning_rate        | 0.0003      |
|    loss                 | 2.74        |
|    n_updates            | 60          |
|    policy_gradient_loss | -0.00918    |
|    std                  | 0.748       |
|    value_loss           | 7.06        |
-----------------------------------------
------------------------------------------
| rollout/                |              |
|    ep_len_mean          | 100          |
|    ep_rew_mean          | 1.89         |
| time/                   |              |
|    fps                  | 529          |
|    iterations           | 8            |
|    time_elapsed         | 247          |
|    total_timesteps      | 131072       |
| train/                  |              |
|    approx_kl            | 0.0063584046 |
|    clip_fraction        | 0.0747       |
|    clip_range           | 0.2          |
|    entropy_loss         | -1.11        |
|    explained_variance   | 0.605        |
|    learning_rate        | 0.0003       |
|    loss                 | 2.21         |
|    n_updates            | 70           |
|    policy_gradient_loss | -0.00635     |
|    std                  | 0.732        |
|    value_loss           | 6.11         |
------------------------------------------
-----------------------------------------
| rollout/                |             |
|    ep_len_mean          | 99.8        |
|    ep_rew_mean          | 8.27        |
| time/                   |             |
|    fps                  | 537         |
|    iterations           | 9           |
|    time_elapsed         | 274         |
|    total_timesteps      | 147456      |
| train/                  |             |
|    approx_kl            | 0.011201227 |
|    clip_fraction        | 0.135       |
|    clip_range           | 0.2         |
|    entropy_loss         | -1.1        |
|    explained_variance   | 0.885       |
|    learning_rate        | 0.0003      |
|    loss                 | 2.43        |
|    n_updates            | 80          |
|    policy_gradient_loss | -0.00921    |
|    std                  | 0.725       |
|    value_loss           | 4.05        |
-----------------------------------------
-----------------------------------------
| rollout/                |             |
|    ep_len_mean          | 111         |
|    ep_rew_mean          | 11.7        |
| time/                   |             |
|    fps                  | 545         |
|    iterations           | 10          |
|    time_elapsed         | 300         |
|    total_timesteps      | 163840      |
| train/                  |             |
|    approx_kl            | 0.015315097 |
|    clip_fraction        | 0.203       |
|    clip_range           | 0.2         |
|    entropy_loss         | -1.09       |
|    explained_variance   | 0.948       |
|    learning_rate        | 0.0003      |
|    loss                 | 1.25        |
|    n_updates            | 90          |
|    policy_gradient_loss | -0.0153     |
|    std                  | 0.72        |
|    value_loss           | 2.87        |
-----------------------------------------
----------------------------------------
| rollout/                |            |
|    ep_len_mean          | 118        |
|    ep_rew_mean          | 17.6       |
| time/                   |            |
|    fps                  | 551        |
|    iterations           | 11         |
|    time_elapsed         | 326        |
|    total_timesteps      | 180224     |
| train/                  |            |
|    approx_kl            | 0.01757152 |
|    clip_fraction        | 0.235      |
|    clip_range           | 0.2        |
|    entropy_loss         | -1.07      |
|    explained_variance   | 0.969      |
|    learning_rate        | 0.0003     |
|    loss                 | 0.774      |
|    n_updates            | 100        |
|    policy_gradient_loss | -0.0201    |
|    std                  | 0.7        |
|    value_loss           | 1.86       |
----------------------------------------
-----------------------------------------
| rollout/                |             |
|    ep_len_mean          | 118         |
|    ep_rew_mean          | 24.1        |
| time/                   |             |
|    fps                  | 557         |
|    iterations           | 12          |
|    time_elapsed         | 352         |
|    total_timesteps      | 196608      |
| train/                  |             |
|    approx_kl            | 0.018981686 |
|    clip_fraction        | 0.253       |
|    clip_range           | 0.2         |
|    entropy_loss         | -1.05       |
|    explained_variance   | 0.972       |
|    learning_rate        | 0.0003      |
|    loss                 | 0.632       |
|    n_updates            | 110         |
|    policy_gradient_loss | -0.0241     |
|    std                  | 0.684       |
|    value_loss           | 1.38        |
-----------------------------------------
-----------------------------------------
| rollout/                |             |
|    ep_len_mean          | 121         |
|    ep_rew_mean          | 29.7        |
| time/                   |             |
|    fps                  | 562         |
|    iterations           | 13          |
|    time_elapsed         | 378         |
|    total_timesteps      | 212992      |
| train/                  |             |
|    approx_kl            | 0.018881764 |
|    clip_fraction        | 0.239       |
|    clip_range           | 0.2         |
|    entropy_loss         | -1.01       |
|    explained_variance   | 0.954       |
|    learning_rate        | 0.0003      |
|    loss                 | 0.385       |
|    n_updates            | 120         |
|    policy_gradient_loss | -0.0246     |
|    std                  | 0.657       |
|    value_loss           | 1.47        |
-----------------------------------------
-----------------------------------------
| rollout/                |             |
|    ep_len_mean          | 117         |
|    ep_rew_mean          | 31.7        |
| time/                   |             |
|    fps                  | 566         |
|    iterations           | 14          |
|    time_elapsed         | 404         |
|    total_timesteps      | 229376      |
| train/                  |             |
|    approx_kl            | 0.017831221 |
|    clip_fraction        | 0.235       |
|    clip_range           | 0.2         |
|    entropy_loss         | -0.967      |
|    explained_variance   | 0.918       |
|    learning_rate        | 0.0003      |
|    loss                 | 0.626       |
|    n_updates            | 130         |
|    policy_gradient_loss | -0.0253     |
|    std                  | 0.634       |
|    value_loss           | 1.74        |
-----------------------------------------
-----------------------------------------
| rollout/                |             |
|    ep_len_mean          | 116         |
|    ep_rew_mean          | 33          |
| time/                   |             |
|    fps                  | 570         |
|    iterations           | 15          |
|    time_elapsed         | 430         |
|    total_timesteps      | 245760      |
| train/                  |             |
|    approx_kl            | 0.012767797 |
|    clip_fraction        | 0.143       |
|    clip_range           | 0.2         |
|    entropy_loss         | -0.933      |
|    explained_variance   | 0.728       |
|    learning_rate        | 0.0003      |
|    loss                 | 1.91        |
|    n_updates            | 140         |
|    policy_gradient_loss | -0.0129     |
|    std                  | 0.61        |
|    value_loss           | 3.13        |
-----------------------------------------
-----------------------------------------
| rollout/                |             |
|    ep_len_mean          | 88.5        |
|    ep_rew_mean          | 19.9        |
| time/                   |             |
|    fps                  | 572         |
|    iterations           | 16          |
|    time_elapsed         | 457         |
|    total_timesteps      | 262144      |
| train/                  |             |
|    approx_kl            | 0.011951489 |
|    clip_fraction        | 0.122       |
|    clip_range           | 0.2         |
|    entropy_loss         | -0.907      |
|    explained_variance   | 0.66        |
|    learning_rate        | 0.0003      |
|    loss                 | 1.58        |
|    n_updates            | 150         |
|    policy_gradient_loss | -0.00742    |
|    std                  | 0.594       |
|    value_loss           | 3.64        |
-----------------------------------------
-----------------------------------------
| rollout/                |             |
|    ep_len_mean          | 117         |
|    ep_rew_mean          | 32.2        |
| time/                   |             |
|    fps                  | 575         |
|    iterations           | 17          |
|    time_elapsed         | 483         |
|    total_timesteps      | 278528      |
| train/                  |             |
|    approx_kl            | 0.020068767 |
|    clip_fraction        | 0.21        |
|    clip_range           | 0.2         |
|    entropy_loss         | -0.89       |
|    explained_variance   | 0.726       |
|    learning_rate        | 0.0003      |
|    loss                 | 3.08        |
|    n_updates            | 160         |
|    policy_gradient_loss | -0.0203     |
|    std                  | 0.587       |
|    value_loss           | 8.73        |
-----------------------------------------
----------------------------------------
| rollout/                |            |
|    ep_len_mean          | 126        |
|    ep_rew_mean          | 37         |
| time/                   |            |
|    fps                  | 578        |
|    iterations           | 18         |
|    time_elapsed         | 509        |
|    total_timesteps      | 294912     |
| train/                  |            |
|    approx_kl            | 0.02071398 |
|    clip_fraction        | 0.245      |
|    clip_range           | 0.2        |
|    entropy_loss         | -0.856     |
|    explained_variance   | 0.761      |
|    learning_rate        | 0.0003     |
|    loss                 | 2.53       |
|    n_updates            | 170        |
|    policy_gradient_loss | -0.019     |
|    std                  | 0.566      |
|    value_loss           | 4.63       |
----------------------------------------
-----------------------------------------
| rollout/                |             |
|    ep_len_mean          | 126         |
|    ep_rew_mean          | 36.7        |
| time/                   |             |
|    fps                  | 581         |
|    iterations           | 19          |
|    time_elapsed         | 535         |
|    total_timesteps      | 311296      |
| train/                  |             |
|    approx_kl            | 0.009112219 |
|    clip_fraction        | 0.134       |
|    clip_range           | 0.2         |
|    entropy_loss         | -0.821      |
|    explained_variance   | 0.846       |
|    learning_rate        | 0.0003      |
|    loss                 | 0.403       |
|    n_updates            | 180         |
|    policy_gradient_loss | -0.00979    |
|    std                  | 0.551       |
|    value_loss           | 0.946       |
-----------------------------------------
-----------------------------------------
| rollout/                |             |
|    ep_len_mean          | 126         |
|    ep_rew_mean          | 36.5        |
| time/                   |             |
|    fps                  | 584         |
|    iterations           | 20          |
|    time_elapsed         | 560         |
|    total_timesteps      | 327680      |
| train/                  |             |
|    approx_kl            | 0.005612181 |
|    clip_fraction        | 0.0594      |
|    clip_range           | 0.2         |
|    entropy_loss         | -0.809      |
|    explained_variance   | 0.936       |
|    learning_rate        | 0.0003      |
|    loss                 | 0.0851      |
|    n_updates            | 190         |
|    policy_gradient_loss | -0.00121    |
|    std                  | 0.542       |
|    value_loss           | 0.192       |
-----------------------------------------
-----------------------------------------
| rollout/                |             |
|    ep_len_mean          | 126         |
|    ep_rew_mean          | 36.6        |
| time/                   |             |
|    fps                  | 586         |
|    iterations           | 21          |
|    time_elapsed         | 586         |
|    total_timesteps      | 344064      |
| train/                  |             |
|    approx_kl            | 0.004906066 |
|    clip_fraction        | 0.0498      |
|    clip_range           | 0.2         |
|    entropy_loss         | -0.81       |
|    explained_variance   | 0.952       |
|    learning_rate        | 0.0003      |
|    loss                 | 0.0538      |
|    n_updates            | 200         |
|    policy_gradient_loss | 0.000709    |
|    std                  | 0.547       |
|    value_loss           | 0.128       |
-----------------------------------------
------------------------------------------
| rollout/                |              |
|    ep_len_mean          | 126          |
|    ep_rew_mean          | 36           |
| time/                   |              |
|    fps                  | 589          |
|    iterations           | 22           |
|    time_elapsed         | 611          |
|    total_timesteps      | 360448       |
| train/                  |              |
|    approx_kl            | 0.0039834296 |
|    clip_fraction        | 0.0545       |
|    clip_range           | 0.2          |
|    entropy_loss         | -0.815       |
|    explained_variance   | 0.967        |
|    learning_rate        | 0.0003       |
|    loss                 | 0.0262       |
|    n_updates            | 210          |
|    policy_gradient_loss | -0.000311    |
|    std                  | 0.548        |
|    value_loss           | 0.0864       |
------------------------------------------
---------------------------------------
| rollout/                |           |
|    ep_len_mean          | 126       |
|    ep_rew_mean          | 35.9      |
| time/                   |           |
|    fps                  | 591       |
|    iterations           | 23        |
|    time_elapsed         | 637       |
|    total_timesteps      | 376832    |
| train/                  |           |
|    approx_kl            | 0.0073173 |
|    clip_fraction        | 0.0745    |
|    clip_range           | 0.2       |
|    entropy_loss         | -0.824    |
|    explained_variance   | 0.969     |
|    learning_rate        | 0.0003    |
|    loss                 | 0.0106    |
|    n_updates            | 220       |
|    policy_gradient_loss | -0.00135  |
|    std                  | 0.553     |
|    value_loss           | 0.0543    |
---------------------------------------
---------------------------------------
| rollout/                |           |
|    ep_len_mean          | 125       |
|    ep_rew_mean          | 35.7      |
| time/                   |           |
|    fps                  | 593       |
|    iterations           | 24        |
|    time_elapsed         | 662       |
|    total_timesteps      | 393216    |
| train/                  |           |
|    approx_kl            | 0.0082059 |
|    clip_fraction        | 0.0954    |
|    clip_range           | 0.2       |
|    entropy_loss         | -0.831    |
|    explained_variance   | 0.979     |
|    learning_rate        | 0.0003    |
|    loss                 | 0.0168    |
|    n_updates            | 230       |
|    policy_gradient_loss | -0.00491  |
|    std                  | 0.557     |
|    value_loss           | 0.053     |
---------------------------------------
-----------------------------------------
| rollout/                |             |
|    ep_len_mean          | 126         |
|    ep_rew_mean          | 35          |
| time/                   |             |
|    fps                  | 595         |
|    iterations           | 25          |
|    time_elapsed         | 688         |
|    total_timesteps      | 409600      |
| train/                  |             |
|    approx_kl            | 0.008629998 |
|    clip_fraction        | 0.0931      |
|    clip_range           | 0.2         |
|    entropy_loss         | -0.835      |
|    explained_variance   | 0.803       |
|    learning_rate        | 0.0003      |
|    loss                 | 0.0335      |
|    n_updates            | 240         |
|    policy_gradient_loss | -0.00124    |
|    std                  | 0.56        |
|    value_loss           | 0.717       |
-----------------------------------------
-----------------------------------------
| rollout/                |             |
|    ep_len_mean          | 124         |
|    ep_rew_mean          | 34.5        |
| time/                   |             |
|    fps                  | 596         |
|    iterations           | 26          |
|    time_elapsed         | 713         |
|    total_timesteps      | 425984      |
| train/                  |             |
|    approx_kl            | 0.009576006 |
|    clip_fraction        | 0.103       |
|    clip_range           | 0.2         |
|    entropy_loss         | -0.84       |
|    explained_variance   | 0.986       |
|    learning_rate        | 0.0003      |
|    loss                 | 0.00481     |
|    n_updates            | 250         |
|    policy_gradient_loss | -0.00173    |
|    std                  | 0.561       |
|    value_loss           | 0.0315      |
-----------------------------------------
------------------------------------------
| rollout/                |              |
|    ep_len_mean          | 126          |
|    ep_rew_mean          | 35           |
| time/                   |              |
|    fps                  | 598          |
|    iterations           | 27           |
|    time_elapsed         | 739          |
|    total_timesteps      | 442368       |
| train/                  |              |
|    approx_kl            | 0.0068740016 |
|    clip_fraction        | 0.0769       |
|    clip_range           | 0.2          |
|    entropy_loss         | -0.835       |
|    explained_variance   | 0.741        |
|    learning_rate        | 0.0003       |
|    loss                 | 0.0706       |
|    n_updates            | 260          |
|    policy_gradient_loss | 0.0012       |
|    std                  | 0.554        |
|    value_loss           | 0.949        |
------------------------------------------
------------------------------------------
| rollout/                |              |
|    ep_len_mean          | 126          |
|    ep_rew_mean          | 35           |
| time/                   |              |
|    fps                  | 599          |
|    iterations           | 28           |
|    time_elapsed         | 765          |
|    total_timesteps      | 458752       |
| train/                  |              |
|    approx_kl            | 0.0069197775 |
|    clip_fraction        | 0.102        |
|    clip_range           | 0.2          |
|    entropy_loss         | -0.82        |
|    explained_variance   | 0.989        |
|    learning_rate        | 0.0003       |
|    loss                 | 0.0289       |
|    n_updates            | 270          |
|    policy_gradient_loss | 0.000275     |
|    std                  | 0.547        |
|    value_loss           | 0.0293       |
------------------------------------------
------------------------------------------
| rollout/                |              |
|    ep_len_mean          | 100          |
|    ep_rew_mean          | 27.2         |
| time/                   |              |
|    fps                  | 600          |
|    iterations           | 29           |
|    time_elapsed         | 791          |
|    total_timesteps      | 475136       |
| train/                  |              |
|    approx_kl            | 0.0063116937 |
|    clip_fraction        | 0.0929       |
|    clip_range           | 0.2          |
|    entropy_loss         | -0.813       |
|    explained_variance   | 0.991        |
|    learning_rate        | 0.0003       |
|    loss                 | 0.0124       |
|    n_updates            | 280          |
|    policy_gradient_loss | -0.000573    |
|    std                  | 0.546        |
|    value_loss           | 0.0288       |
------------------------------------------
-----------------------------------------
| rollout/                |             |
|    ep_len_mean          | 114         |
|    ep_rew_mean          | 32          |
| time/                   |             |
|    fps                  | 601         |
|    iterations           | 30          |
|    time_elapsed         | 817         |
|    total_timesteps      | 491520      |
| train/                  |             |
|    approx_kl            | 0.006905954 |
|    clip_fraction        | 0.0924      |
|    clip_range           | 0.2         |
|    entropy_loss         | -0.816      |
|    explained_variance   | 0.273       |
|    learning_rate        | 0.0003      |
|    loss                 | 2.7         |
|    n_updates            | 290         |
|    policy_gradient_loss | -0.00589    |
|    std                  | 0.55        |
|    value_loss           | 12.3        |
-----------------------------------------
-----------------------------------------
| rollout/                |             |
|    ep_len_mean          | 126         |
|    ep_rew_mean          | 35.8        |
| time/                   |             |
|    fps                  | 602         |
|    iterations           | 31          |
|    time_elapsed         | 842         |
|    total_timesteps      | 507904      |
| train/                  |             |
|    approx_kl            | 0.010581434 |
|    clip_fraction        | 0.136       |
|    clip_range           | 0.2         |
|    entropy_loss         | -0.815      |
|    explained_variance   | 0.603       |
|    learning_rate        | 0.0003      |
|    loss                 | 1.36        |
|    n_updates            | 300         |
|    policy_gradient_loss | -0.00833    |
|    std                  | 0.545       |
|    value_loss           | 7.86        |
-----------------------------------------


###############################################################################
TCHPC Cluster: callan
Job 166050 (base_cf_v2_ne8_500000_v7) for User 'hadjitot' in Account 'callan_hadjitot'
Finished at: Thu Mar 12 22:14:33 GMT 2026

Job efficiency estimates:
=========================

Job ID: 166050
Cluster: callan
User/Group: hadjitot/hadjitot
State: COMPLETED (exit code 0)
Nodes: 1
Cores per node: 16
CPU Utilized: 04:10:59
CPU Efficiency: 31.81% of 13:09:04 core-walltime
Job Wall-clock time: 00:49:19
Memory Utilized: 3.39 GB
Memory Efficiency: 10.59% of 32.00 GB (32.00 GB/node)

Job completion status:
======================

JobID           JobName AllocCPUS NTasks NNodes     MaxRSS    MaxRSSNode  MaxDiskRead MaxDiskWrite    Elapsed      State ExitCode 
------------ ---------- --------- ------ ------ ---------- ------------- ------------ ------------ ---------- ---------- -------- 
166050       base_cf_v+        16             1                                                      00:49:19  COMPLETED      0:0 
166050.batch      batch        16      1      1   3554764K    callan-n05     2119.62M     1261.87M   00:49:19  COMPLETED      0:0 
166050.exte+     extern        16      1      1                                                      00:49:19  COMPLETED      0:0 


Job details:
============

JobId=166050 JobName=base_cf_v2_ne8_500000_v7
   UserId=hadjitot(2357) GroupId=hadjitot(2300) MCS_label=N/A
   Priority=103698 Nice=0 Account=callan_hadjitot QOS=normal
   JobState=COMPLETING Reason=None Dependency=(null)
   Requeue=0 Restarts=0 BatchFlag=1 Reboot=0 ExitCode=0:0
   DerivedExitCode=0:0
   RunTime=00:49:19 TimeLimit=2-00:00:00 TimeMin=N/A
   SubmitTime=2026-03-12T17:41:08 EligibleTime=2026-03-12T17:41:08
   AccrueTime=2026-03-12T17:41:08
   StartTime=2026-03-12T21:25:14 EndTime=2026-03-12T22:14:33 Deadline=N/A
   SuspendTime=None SecsPreSuspend=0 LastSchedEval=2026-03-12T21:25:14 Scheduler=Backfill
   Partition=compute AllocNode:Sid=callan01:1943781
   ReqNodeList=(null) ExcNodeList=(null)
   NodeList=callan-n05
   BatchHost=callan-n05
   NumNodes=1 NumCPUs=16 NumTasks=1 CPUs/Task=16 ReqB:S:C:T=0:0:*:*
   ReqTRES=cpu=16,mem=32G,node=1,billing=16
   AllocTRES=cpu=16,mem=32G,node=1,billing=16
   Socks/Node=* NtasksPerN:B:S:C=0:0:*:* CoreSpec=*
   JOB_GRES=(null)
     Nodes=callan-n05 CPU_IDs=20-27,30-31,42-47 Mem=32768 GRES=
   MinCPUsNode=16 MinMemoryNode=32G MinTmpDiskNode=0
   Features=(null) DelayBoot=00:00:00
   OverSubscribe=OK Contiguous=0 Licenses=(null) LicensesAlloc=(null) Network=(null)
   Command=/home/users/hadjitot/fyp/HighwayEnv/slurm/train_baseline.sbatch
   WorkDir=/home/users/hadjitot/fyp/HighwayEnv
   StdErr=/home/users/hadjitot/fyp/HighwayEnv/slurm_out/base_cf_v2_ne8_500000_v7_166050.err
   StdIn=/dev/null
   StdOut=/home/users/hadjitot/fyp/HighwayEnv/slurm_out/base_cf_v2_ne8_500000_v7_166050.out
   TresPerTask=cpu=16
   


Disk quota details:
===================

                         Block Limits                                    |                     File Limits
Name       type             MB      quota      limit   in_doubt    grace |    files   quota    limit in_doubt    grace
root       USR         4835204          0          0        456     none |   390393       0        0      437     none
root       FILESET     4777333          0          0       3059     none |  9907283       0        0      707     none


SLURM Bank Statement:
=====================

User           Usage |        Account     Usage | Account Limit Available (CPU hrs)
---------- --------- + -------------- --------- + ------------- ---------
hadjitot      17,627 | CALLAN_HADJITOT    17,627 |       300,000   282,373


Acknowledgements:
=================

Note that usage of TCHPC Resources *must* be acknowledged in all publications.

Please see this page for details relevant to this cluster:

http://www.tchpc.tcd.ie/resources/acknowledgementpolicy

################################################################################
