Loading Anaconda 3 2024.02-1
ppo_baseline_cf_obs15_shuffle_v9_seed2 obs shape: (15, 5) action space: Box(-1.0, 1.0, (1,), float32)
Using cpu device
Logging to runs/tb/ppo_baseline_cf_obs15_shuffle_v9_seed2_1
---------------------------------
| rollout/           |          |
|    ep_len_mean     | 14.9     |
|    ep_rew_mean     | 1.4      |
| time/              |          |
|    fps             | 367      |
|    iterations      | 1        |
|    time_elapsed    | 44       |
|    total_timesteps | 16384    |
---------------------------------
-----------------------------------------
| rollout/                |             |
|    ep_len_mean          | 15          |
|    ep_rew_mean          | 1.43        |
| time/                   |             |
|    fps                  | 361         |
|    iterations           | 2           |
|    time_elapsed         | 90          |
|    total_timesteps      | 32768       |
| train/                  |             |
|    approx_kl            | 0.002571021 |
|    clip_fraction        | 0.0141      |
|    clip_range           | 0.2         |
|    entropy_loss         | -1.41       |
|    explained_variance   | -0.00979    |
|    learning_rate        | 0.0003      |
|    loss                 | 1.22        |
|    n_updates            | 10          |
|    policy_gradient_loss | -0.00101    |
|    std                  | 0.987       |
|    value_loss           | 4.36        |
-----------------------------------------
-----------------------------------------
| rollout/                |             |
|    ep_len_mean          | 15.7        |
|    ep_rew_mean          | 1.59        |
| time/                   |             |
|    fps                  | 359         |
|    iterations           | 3           |
|    time_elapsed         | 136         |
|    total_timesteps      | 49152       |
| train/                  |             |
|    approx_kl            | 0.012848071 |
|    clip_fraction        | 0.166       |
|    clip_range           | 0.2         |
|    entropy_loss         | -1.38       |
|    explained_variance   | 0.932       |
|    learning_rate        | 0.0003      |
|    loss                 | 0.268       |
|    n_updates            | 20          |
|    policy_gradient_loss | -0.0154     |
|    std                  | 0.96        |
|    value_loss           | 0.697       |
-----------------------------------------
-----------------------------------------
| rollout/                |             |
|    ep_len_mean          | 17.2        |
|    ep_rew_mean          | 1.79        |
| time/                   |             |
|    fps                  | 357         |
|    iterations           | 4           |
|    time_elapsed         | 183         |
|    total_timesteps      | 65536       |
| train/                  |             |
|    approx_kl            | 0.011733029 |
|    clip_fraction        | 0.152       |
|    clip_range           | 0.2         |
|    entropy_loss         | -1.35       |
|    explained_variance   | 0.962       |
|    learning_rate        | 0.0003      |
|    loss                 | 0.293       |
|    n_updates            | 30          |
|    policy_gradient_loss | -0.0143     |
|    std                  | 0.932       |
|    value_loss           | 0.48        |
-----------------------------------------
-----------------------------------------
| rollout/                |             |
|    ep_len_mean          | 17.5        |
|    ep_rew_mean          | 1.8         |
| time/                   |             |
|    fps                  | 357         |
|    iterations           | 5           |
|    time_elapsed         | 229         |
|    total_timesteps      | 81920       |
| train/                  |             |
|    approx_kl            | 0.012493814 |
|    clip_fraction        | 0.156       |
|    clip_range           | 0.2         |
|    entropy_loss         | -1.32       |
|    explained_variance   | 0.965       |
|    learning_rate        | 0.0003      |
|    loss                 | 0.17        |
|    n_updates            | 40          |
|    policy_gradient_loss | -0.0143     |
|    std                  | 0.901       |
|    value_loss           | 0.469       |
-----------------------------------------
-----------------------------------------
| rollout/                |             |
|    ep_len_mean          | 19.8        |
|    ep_rew_mean          | 1.61        |
| time/                   |             |
|    fps                  | 357         |
|    iterations           | 6           |
|    time_elapsed         | 274         |
|    total_timesteps      | 98304       |
| train/                  |             |
|    approx_kl            | 0.011245292 |
|    clip_fraction        | 0.153       |
|    clip_range           | 0.2         |
|    entropy_loss         | -1.29       |
|    explained_variance   | 0.97        |
|    learning_rate        | 0.0003      |
|    loss                 | 0.195       |
|    n_updates            | 50          |
|    policy_gradient_loss | -0.0138     |
|    std                  | 0.872       |
|    value_loss           | 0.406       |
-----------------------------------------
-----------------------------------------
| rollout/                |             |
|    ep_len_mean          | 22.1        |
|    ep_rew_mean          | 1.45        |
| time/                   |             |
|    fps                  | 359         |
|    iterations           | 7           |
|    time_elapsed         | 318         |
|    total_timesteps      | 114688      |
| train/                  |             |
|    approx_kl            | 0.010802023 |
|    clip_fraction        | 0.136       |
|    clip_range           | 0.2         |
|    entropy_loss         | -1.25       |
|    explained_variance   | 0.731       |
|    learning_rate        | 0.0003      |
|    loss                 | 0.349       |
|    n_updates            | 60          |
|    policy_gradient_loss | -0.00579    |
|    std                  | 0.842       |
|    value_loss           | 1.02        |
-----------------------------------------
-----------------------------------------
| rollout/                |             |
|    ep_len_mean          | 33.7        |
|    ep_rew_mean          | -0.982      |
| time/                   |             |
|    fps                  | 361         |
|    iterations           | 8           |
|    time_elapsed         | 362         |
|    total_timesteps      | 131072      |
| train/                  |             |
|    approx_kl            | 0.012789458 |
|    clip_fraction        | 0.137       |
|    clip_range           | 0.2         |
|    entropy_loss         | -1.21       |
|    explained_variance   | 0.518       |
|    learning_rate        | 0.0003      |
|    loss                 | 0.776       |
|    n_updates            | 70          |
|    policy_gradient_loss | -0.00668    |
|    std                  | 0.805       |
|    value_loss           | 1.47        |
-----------------------------------------
----------------------------------------
| rollout/                |            |
|    ep_len_mean          | 45.4       |
|    ep_rew_mean          | -3.61      |
| time/                   |            |
|    fps                  | 364        |
|    iterations           | 9          |
|    time_elapsed         | 404        |
|    total_timesteps      | 147456     |
| train/                  |            |
|    approx_kl            | 0.00866335 |
|    clip_fraction        | 0.0887     |
|    clip_range           | 0.2        |
|    entropy_loss         | -1.16      |
|    explained_variance   | 0.708      |
|    learning_rate        | 0.0003     |
|    loss                 | 0.624      |
|    n_updates            | 80         |
|    policy_gradient_loss | -0.00496   |
|    std                  | 0.768      |
|    value_loss           | 1.45       |
----------------------------------------
------------------------------------------
| rollout/                |              |
|    ep_len_mean          | 65.8         |
|    ep_rew_mean          | -10.2        |
| time/                   |              |
|    fps                  | 366          |
|    iterations           | 10           |
|    time_elapsed         | 446          |
|    total_timesteps      | 163840       |
| train/                  |              |
|    approx_kl            | 0.0061460556 |
|    clip_fraction        | 0.0553       |
|    clip_range           | 0.2          |
|    entropy_loss         | -1.12        |
|    explained_variance   | 0.867        |
|    learning_rate        | 0.0003       |
|    loss                 | 0.502        |
|    n_updates            | 90           |
|    policy_gradient_loss | -0.00425     |
|    std                  | 0.736        |
|    value_loss           | 1.24         |
------------------------------------------
----------------------------------------
| rollout/                |            |
|    ep_len_mean          | 63.9       |
|    ep_rew_mean          | -8.99      |
| time/                   |            |
|    fps                  | 369        |
|    iterations           | 11         |
|    time_elapsed         | 488        |
|    total_timesteps      | 180224     |
| train/                  |            |
|    approx_kl            | 0.00500823 |
|    clip_fraction        | 0.0546     |
|    clip_range           | 0.2        |
|    entropy_loss         | -1.11      |
|    explained_variance   | 0.944      |
|    learning_rate        | 0.0003     |
|    loss                 | 0.473      |
|    n_updates            | 100        |
|    policy_gradient_loss | -0.00341   |
|    std                  | 0.733      |
|    value_loss           | 0.818      |
----------------------------------------
------------------------------------------
| rollout/                |              |
|    ep_len_mean          | 59.8         |
|    ep_rew_mean          | -6.86        |
| time/                   |              |
|    fps                  | 370          |
|    iterations           | 12           |
|    time_elapsed         | 530          |
|    total_timesteps      | 196608       |
| train/                  |              |
|    approx_kl            | 0.0077414834 |
|    clip_fraction        | 0.0888       |
|    clip_range           | 0.2          |
|    entropy_loss         | -1.12        |
|    explained_variance   | 0.968        |
|    learning_rate        | 0.0003       |
|    loss                 | 0.343        |
|    n_updates            | 110          |
|    policy_gradient_loss | -0.0063      |
|    std                  | 0.746        |
|    value_loss           | 0.932        |
------------------------------------------
-----------------------------------------
| rollout/                |             |
|    ep_len_mean          | 40.5        |
|    ep_rew_mean          | -1.03       |
| time/                   |             |
|    fps                  | 372         |
|    iterations           | 13          |
|    time_elapsed         | 572         |
|    total_timesteps      | 212992      |
| train/                  |             |
|    approx_kl            | 0.008519142 |
|    clip_fraction        | 0.108       |
|    clip_range           | 0.2         |
|    entropy_loss         | -1.14       |
|    explained_variance   | 0.975       |
|    learning_rate        | 0.0003      |
|    loss                 | 0.659       |
|    n_updates            | 120         |
|    policy_gradient_loss | -0.00909    |
|    std                  | 0.76        |
|    value_loss           | 1.07        |
-----------------------------------------
-----------------------------------------
| rollout/                |             |
|    ep_len_mean          | 33.6        |
|    ep_rew_mean          | 1.14        |
| time/                   |             |
|    fps                  | 372         |
|    iterations           | 14          |
|    time_elapsed         | 616         |
|    total_timesteps      | 229376      |
| train/                  |             |
|    approx_kl            | 0.008015042 |
|    clip_fraction        | 0.101       |
|    clip_range           | 0.2         |
|    entropy_loss         | -1.14       |
|    explained_variance   | 0.98        |
|    learning_rate        | 0.0003      |
|    loss                 | 0.648       |
|    n_updates            | 130         |
|    policy_gradient_loss | -0.0102     |
|    std                  | 0.761       |
|    value_loss           | 1.23        |
-----------------------------------------
-----------------------------------------
| rollout/                |             |
|    ep_len_mean          | 23.1        |
|    ep_rew_mean          | 2.64        |
| time/                   |             |
|    fps                  | 372         |
|    iterations           | 15          |
|    time_elapsed         | 660         |
|    total_timesteps      | 245760      |
| train/                  |             |
|    approx_kl            | 0.007073664 |
|    clip_fraction        | 0.0906      |
|    clip_range           | 0.2         |
|    entropy_loss         | -1.14       |
|    explained_variance   | 0.986       |
|    learning_rate        | 0.0003      |
|    loss                 | 0.321       |
|    n_updates            | 140         |
|    policy_gradient_loss | -0.00875    |
|    std                  | 0.759       |
|    value_loss           | 0.945       |
-----------------------------------------
------------------------------------------
| rollout/                |              |
|    ep_len_mean          | 25.9         |
|    ep_rew_mean          | 2.93         |
| time/                   |              |
|    fps                  | 372          |
|    iterations           | 16           |
|    time_elapsed         | 704          |
|    total_timesteps      | 262144       |
| train/                  |              |
|    approx_kl            | 0.0065293633 |
|    clip_fraction        | 0.0718       |
|    clip_range           | 0.2          |
|    entropy_loss         | -1.12        |
|    explained_variance   | 0.986        |
|    learning_rate        | 0.0003       |
|    loss                 | 0.541        |
|    n_updates            | 150          |
|    policy_gradient_loss | -0.00689     |
|    std                  | 0.744        |
|    value_loss           | 0.729        |
------------------------------------------
----------------------------------------
| rollout/                |            |
|    ep_len_mean          | 22.1       |
|    ep_rew_mean          | 2.55       |
| time/                   |            |
|    fps                  | 371        |
|    iterations           | 17         |
|    time_elapsed         | 749        |
|    total_timesteps      | 278528     |
| train/                  |            |
|    approx_kl            | 0.00875291 |
|    clip_fraction        | 0.104      |
|    clip_range           | 0.2        |
|    entropy_loss         | -1.1       |
|    explained_variance   | 0.975      |
|    learning_rate        | 0.0003     |
|    loss                 | 0.542      |
|    n_updates            | 160        |
|    policy_gradient_loss | -0.00855   |
|    std                  | 0.725      |
|    value_loss           | 0.734      |
----------------------------------------
-----------------------------------------
| rollout/                |             |
|    ep_len_mean          | 24.3        |
|    ep_rew_mean          | 2.98        |
| time/                   |             |
|    fps                  | 371         |
|    iterations           | 18          |
|    time_elapsed         | 793         |
|    total_timesteps      | 294912      |
| train/                  |             |
|    approx_kl            | 0.009483466 |
|    clip_fraction        | 0.118       |
|    clip_range           | 0.2         |
|    entropy_loss         | -1.07       |
|    explained_variance   | 0.948       |
|    learning_rate        | 0.0003      |
|    loss                 | 0.303       |
|    n_updates            | 170         |
|    policy_gradient_loss | -0.00649    |
|    std                  | 0.702       |
|    value_loss           | 0.689       |
-----------------------------------------
-----------------------------------------
| rollout/                |             |
|    ep_len_mean          | 25          |
|    ep_rew_mean          | 3.18        |
| time/                   |             |
|    fps                  | 371         |
|    iterations           | 19          |
|    time_elapsed         | 838         |
|    total_timesteps      | 311296      |
| train/                  |             |
|    approx_kl            | 0.011354397 |
|    clip_fraction        | 0.14        |
|    clip_range           | 0.2         |
|    entropy_loss         | -1.04       |
|    explained_variance   | 0.935       |
|    learning_rate        | 0.0003      |
|    loss                 | 0.354       |
|    n_updates            | 180         |
|    policy_gradient_loss | -0.00774    |
|    std                  | 0.677       |
|    value_loss           | 0.711       |
-----------------------------------------
------------------------------------------
| rollout/                |              |
|    ep_len_mean          | 41.7         |
|    ep_rew_mean          | 5.74         |
| time/                   |              |
|    fps                  | 371          |
|    iterations           | 20           |
|    time_elapsed         | 882          |
|    total_timesteps      | 327680       |
| train/                  |              |
|    approx_kl            | 0.0136949485 |
|    clip_fraction        | 0.166        |
|    clip_range           | 0.2          |
|    entropy_loss         | -1           |
|    explained_variance   | 0.946        |
|    learning_rate        | 0.0003       |
|    loss                 | 0.296        |
|    n_updates            | 190          |
|    policy_gradient_loss | -0.00997     |
|    std                  | 0.65         |
|    value_loss           | 0.968        |
------------------------------------------
-----------------------------------------
| rollout/                |             |
|    ep_len_mean          | 42.9        |
|    ep_rew_mean          | 6.34        |
| time/                   |             |
|    fps                  | 371         |
|    iterations           | 21          |
|    time_elapsed         | 925         |
|    total_timesteps      | 344064      |
| train/                  |             |
|    approx_kl            | 0.013972393 |
|    clip_fraction        | 0.152       |
|    clip_range           | 0.2         |
|    entropy_loss         | -0.967      |
|    explained_variance   | 0.936       |
|    learning_rate        | 0.0003      |
|    loss                 | 1.21        |
|    n_updates            | 200         |
|    policy_gradient_loss | -0.0112     |
|    std                  | 0.634       |
|    value_loss           | 2.03        |
-----------------------------------------
-----------------------------------------
| rollout/                |             |
|    ep_len_mean          | 56.6        |
|    ep_rew_mean          | 8.85        |
| time/                   |             |
|    fps                  | 372         |
|    iterations           | 22          |
|    time_elapsed         | 968         |
|    total_timesteps      | 360448      |
| train/                  |             |
|    approx_kl            | 0.012990317 |
|    clip_fraction        | 0.157       |
|    clip_range           | 0.2         |
|    entropy_loss         | -0.949      |
|    explained_variance   | 0.863       |
|    learning_rate        | 0.0003      |
|    loss                 | 1.32        |
|    n_updates            | 210         |
|    policy_gradient_loss | -0.0122     |
|    std                  | 0.625       |
|    value_loss           | 2.16        |
-----------------------------------------
----------------------------------------
| rollout/                |            |
|    ep_len_mean          | 99.6       |
|    ep_rew_mean          | 17.3       |
| time/                   |            |
|    fps                  | 372        |
|    iterations           | 23         |
|    time_elapsed         | 1010       |
|    total_timesteps      | 376832     |
| train/                  |            |
|    approx_kl            | 0.01028714 |
|    clip_fraction        | 0.114      |
|    clip_range           | 0.2        |
|    entropy_loss         | -0.93      |
|    explained_variance   | 0.808      |
|    learning_rate        | 0.0003     |
|    loss                 | 1.14       |
|    n_updates            | 220        |
|    policy_gradient_loss | -0.0104    |
|    std                  | 0.609      |
|    value_loss           | 2.92       |
----------------------------------------
-----------------------------------------
| rollout/                |             |
|    ep_len_mean          | 105         |
|    ep_rew_mean          | 18.9        |
| time/                   |             |
|    fps                  | 373         |
|    iterations           | 24          |
|    time_elapsed         | 1051        |
|    total_timesteps      | 393216      |
| train/                  |             |
|    approx_kl            | 0.010950239 |
|    clip_fraction        | 0.133       |
|    clip_range           | 0.2         |
|    entropy_loss         | -0.911      |
|    explained_variance   | 0.823       |
|    learning_rate        | 0.0003      |
|    loss                 | 1.34        |
|    n_updates            | 230         |
|    policy_gradient_loss | -0.0109     |
|    std                  | 0.601       |
|    value_loss           | 2.91        |
-----------------------------------------
-----------------------------------------
| rollout/                |             |
|    ep_len_mean          | 123         |
|    ep_rew_mean          | 23.1        |
| time/                   |             |
|    fps                  | 374         |
|    iterations           | 25          |
|    time_elapsed         | 1093        |
|    total_timesteps      | 409600      |
| train/                  |             |
|    approx_kl            | 0.008664743 |
|    clip_fraction        | 0.105       |
|    clip_range           | 0.2         |
|    entropy_loss         | -0.884      |
|    explained_variance   | 0.743       |
|    learning_rate        | 0.0003      |
|    loss                 | 1.35        |
|    n_updates            | 240         |
|    policy_gradient_loss | -0.00677    |
|    std                  | 0.585       |
|    value_loss           | 2.84        |
-----------------------------------------
-----------------------------------------
| rollout/                |             |
|    ep_len_mean          | 121         |
|    ep_rew_mean          | 22.9        |
| time/                   |             |
|    fps                  | 375         |
|    iterations           | 26          |
|    time_elapsed         | 1134        |
|    total_timesteps      | 425984      |
| train/                  |             |
|    approx_kl            | 0.008464724 |
|    clip_fraction        | 0.0938      |
|    clip_range           | 0.2         |
|    entropy_loss         | -0.871      |
|    explained_variance   | 0.7         |
|    learning_rate        | 0.0003      |
|    loss                 | 1.22        |
|    n_updates            | 250         |
|    policy_gradient_loss | -0.00264    |
|    std                  | 0.575       |
|    value_loss           | 2.58        |
-----------------------------------------
-----------------------------------------
| rollout/                |             |
|    ep_len_mean          | 131         |
|    ep_rew_mean          | 25.2        |
| time/                   |             |
|    fps                  | 375         |
|    iterations           | 27          |
|    time_elapsed         | 1176        |
|    total_timesteps      | 442368      |
| train/                  |             |
|    approx_kl            | 0.009746369 |
|    clip_fraction        | 0.113       |
|    clip_range           | 0.2         |
|    entropy_loss         | -0.845      |
|    explained_variance   | 0.678       |
|    learning_rate        | 0.0003      |
|    loss                 | 0.826       |
|    n_updates            | 260         |
|    policy_gradient_loss | -0.00292    |
|    std                  | 0.562       |
|    value_loss           | 2.87        |
-----------------------------------------
-----------------------------------------
| rollout/                |             |
|    ep_len_mean          | 146         |
|    ep_rew_mean          | 28.5        |
| time/                   |             |
|    fps                  | 376         |
|    iterations           | 28          |
|    time_elapsed         | 1218        |
|    total_timesteps      | 458752      |
| train/                  |             |
|    approx_kl            | 0.014282613 |
|    clip_fraction        | 0.122       |
|    clip_range           | 0.2         |
|    entropy_loss         | -0.826      |
|    explained_variance   | 0.681       |
|    learning_rate        | 0.0003      |
|    loss                 | 1.31        |
|    n_updates            | 270         |
|    policy_gradient_loss | -0.00125    |
|    std                  | 0.549       |
|    value_loss           | 2.49        |
-----------------------------------------
-----------------------------------------
| rollout/                |             |
|    ep_len_mean          | 144         |
|    ep_rew_mean          | 28          |
| time/                   |             |
|    fps                  | 377         |
|    iterations           | 29          |
|    time_elapsed         | 1259        |
|    total_timesteps      | 475136      |
| train/                  |             |
|    approx_kl            | 0.015453865 |
|    clip_fraction        | 0.145       |
|    clip_range           | 0.2         |
|    entropy_loss         | -0.805      |
|    explained_variance   | 0.753       |
|    learning_rate        | 0.0003      |
|    loss                 | 0.75        |
|    n_updates            | 280         |
|    policy_gradient_loss | -0.000713   |
|    std                  | 0.537       |
|    value_loss           | 1.25        |
-----------------------------------------
-----------------------------------------
| rollout/                |             |
|    ep_len_mean          | 145         |
|    ep_rew_mean          | 28.8        |
| time/                   |             |
|    fps                  | 377         |
|    iterations           | 30          |
|    time_elapsed         | 1301        |
|    total_timesteps      | 491520      |
| train/                  |             |
|    approx_kl            | 0.012559217 |
|    clip_fraction        | 0.162       |
|    clip_range           | 0.2         |
|    entropy_loss         | -0.794      |
|    explained_variance   | 0.755       |
|    learning_rate        | 0.0003      |
|    loss                 | 0.145       |
|    n_updates            | 290         |
|    policy_gradient_loss | -0.00101    |
|    std                  | 0.531       |
|    value_loss           | 1.03        |
-----------------------------------------
-----------------------------------------
| rollout/                |             |
|    ep_len_mean          | 142         |
|    ep_rew_mean          | 28          |
| time/                   |             |
|    fps                  | 378         |
|    iterations           | 31          |
|    time_elapsed         | 1342        |
|    total_timesteps      | 507904      |
| train/                  |             |
|    approx_kl            | 0.012856202 |
|    clip_fraction        | 0.137       |
|    clip_range           | 0.2         |
|    entropy_loss         | -0.783      |
|    explained_variance   | 0.725       |
|    learning_rate        | 0.0003      |
|    loss                 | 0.842       |
|    n_updates            | 300         |
|    policy_gradient_loss | 0.00154     |
|    std                  | 0.53        |
|    value_loss           | 1.2         |
-----------------------------------------
-----------------------------------------
| rollout/                |             |
|    ep_len_mean          | 145         |
|    ep_rew_mean          | 28.7        |
| time/                   |             |
|    fps                  | 378         |
|    iterations           | 32          |
|    time_elapsed         | 1384        |
|    total_timesteps      | 524288      |
| train/                  |             |
|    approx_kl            | 0.010350138 |
|    clip_fraction        | 0.122       |
|    clip_range           | 0.2         |
|    entropy_loss         | -0.785      |
|    explained_variance   | 0.705       |
|    learning_rate        | 0.0003      |
|    loss                 | 0.664       |
|    n_updates            | 310         |
|    policy_gradient_loss | -0.00124    |
|    std                  | 0.532       |
|    value_loss           | 2.11        |
-----------------------------------------
----------------------------------------
| rollout/                |            |
|    ep_len_mean          | 146        |
|    ep_rew_mean          | 28.5       |
| time/                   |            |
|    fps                  | 379        |
|    iterations           | 33         |
|    time_elapsed         | 1425       |
|    total_timesteps      | 540672     |
| train/                  |            |
|    approx_kl            | 0.01581882 |
|    clip_fraction        | 0.151      |
|    clip_range           | 0.2        |
|    entropy_loss         | -0.768     |
|    explained_variance   | 0.797      |
|    learning_rate        | 0.0003     |
|    loss                 | 0.0845     |
|    n_updates            | 320        |
|    policy_gradient_loss | 0.00165    |
|    std                  | 0.519      |
|    value_loss           | 0.996      |
----------------------------------------
-----------------------------------------
| rollout/                |             |
|    ep_len_mean          | 149         |
|    ep_rew_mean          | 30          |
| time/                   |             |
|    fps                  | 379         |
|    iterations           | 34          |
|    time_elapsed         | 1466        |
|    total_timesteps      | 557056      |
| train/                  |             |
|    approx_kl            | 0.011813283 |
|    clip_fraction        | 0.155       |
|    clip_range           | 0.2         |
|    entropy_loss         | -0.752      |
|    explained_variance   | 0.784       |
|    learning_rate        | 0.0003      |
|    loss                 | 0.0333      |
|    n_updates            | 330         |
|    policy_gradient_loss | 0.00077     |
|    std                  | 0.51        |
|    value_loss           | 0.888       |
-----------------------------------------
----------------------------------------
| rollout/                |            |
|    ep_len_mean          | 149        |
|    ep_rew_mean          | 30.3       |
| time/                   |            |
|    fps                  | 380        |
|    iterations           | 35         |
|    time_elapsed         | 1508       |
|    total_timesteps      | 573440     |
| train/                  |            |
|    approx_kl            | 0.01250232 |
|    clip_fraction        | 0.132      |
|    clip_range           | 0.2        |
|    entropy_loss         | -0.733     |
|    explained_variance   | 0.831      |
|    learning_rate        | 0.0003     |
|    loss                 | 0.0661     |
|    n_updates            | 340        |
|    policy_gradient_loss | -0.00079   |
|    std                  | 0.5        |
|    value_loss           | 0.502      |
----------------------------------------
-----------------------------------------
| rollout/                |             |
|    ep_len_mean          | 145         |
|    ep_rew_mean          | 28.6        |
| time/                   |             |
|    fps                  | 380         |
|    iterations           | 36          |
|    time_elapsed         | 1550        |
|    total_timesteps      | 589824      |
| train/                  |             |
|    approx_kl            | 0.009710852 |
|    clip_fraction        | 0.118       |
|    clip_range           | 0.2         |
|    entropy_loss         | -0.715      |
|    explained_variance   | 0.854       |
|    learning_rate        | 0.0003      |
|    loss                 | 0.02        |
|    n_updates            | 350         |
|    policy_gradient_loss | -0.000806   |
|    std                  | 0.495       |
|    value_loss           | 0.462       |
-----------------------------------------
-----------------------------------------
| rollout/                |             |
|    ep_len_mean          | 145         |
|    ep_rew_mean          | 28.6        |
| time/                   |             |
|    fps                  | 380         |
|    iterations           | 37          |
|    time_elapsed         | 1591        |
|    total_timesteps      | 606208      |
| train/                  |             |
|    approx_kl            | 0.011330302 |
|    clip_fraction        | 0.111       |
|    clip_range           | 0.2         |
|    entropy_loss         | -0.724      |
|    explained_variance   | 0.554       |
|    learning_rate        | 0.0003      |
|    loss                 | 0.0816      |
|    n_updates            | 360         |
|    policy_gradient_loss | 0.0005      |
|    std                  | 0.503       |
|    value_loss           | 2.45        |
-----------------------------------------
-----------------------------------------
| rollout/                |             |
|    ep_len_mean          | 147         |
|    ep_rew_mean          | 29.2        |
| time/                   |             |
|    fps                  | 381         |
|    iterations           | 38          |
|    time_elapsed         | 1633        |
|    total_timesteps      | 622592      |
| train/                  |             |
|    approx_kl            | 0.011877314 |
|    clip_fraction        | 0.142       |
|    clip_range           | 0.2         |
|    entropy_loss         | -0.734      |
|    explained_variance   | 0.596       |
|    learning_rate        | 0.0003      |
|    loss                 | 3.15        |
|    n_updates            | 370         |
|    policy_gradient_loss | 0.000888    |
|    std                  | 0.502       |
|    value_loss           | 2.16        |
-----------------------------------------
-----------------------------------------
| rollout/                |             |
|    ep_len_mean          | 146         |
|    ep_rew_mean          | 29.2        |
| time/                   |             |
|    fps                  | 381         |
|    iterations           | 39          |
|    time_elapsed         | 1675        |
|    total_timesteps      | 638976      |
| train/                  |             |
|    approx_kl            | 0.009787913 |
|    clip_fraction        | 0.139       |
|    clip_range           | 0.2         |
|    entropy_loss         | -0.73       |
|    explained_variance   | 0.782       |
|    learning_rate        | 0.0003      |
|    loss                 | 0.0544      |
|    n_updates            | 380         |
|    policy_gradient_loss | 0.000112    |
|    std                  | 0.502       |
|    value_loss           | 0.709       |
-----------------------------------------
------------------------------------------
| rollout/                |              |
|    ep_len_mean          | 146          |
|    ep_rew_mean          | 29.1         |
| time/                   |              |
|    fps                  | 381          |
|    iterations           | 40           |
|    time_elapsed         | 1717         |
|    total_timesteps      | 655360       |
| train/                  |              |
|    approx_kl            | 0.0094644865 |
|    clip_fraction        | 0.113        |
|    clip_range           | 0.2          |
|    entropy_loss         | -0.727       |
|    explained_variance   | 0.662        |
|    learning_rate        | 0.0003       |
|    loss                 | 0.0346       |
|    n_updates            | 390          |
|    policy_gradient_loss | 0.000902     |
|    std                  | 0.499        |
|    value_loss           | 1.37         |
------------------------------------------
-----------------------------------------
| rollout/                |             |
|    ep_len_mean          | 141         |
|    ep_rew_mean          | 28.3        |
| time/                   |             |
|    fps                  | 381         |
|    iterations           | 41          |
|    time_elapsed         | 1759        |
|    total_timesteps      | 671744      |
| train/                  |             |
|    approx_kl            | 0.011824597 |
|    clip_fraction        | 0.135       |
|    clip_range           | 0.2         |
|    entropy_loss         | -0.722      |
|    explained_variance   | 0.676       |
|    learning_rate        | 0.0003      |
|    loss                 | 0.0468      |
|    n_updates            | 400         |
|    policy_gradient_loss | 0.00102     |
|    std                  | 0.502       |
|    value_loss           | 1.42        |
-----------------------------------------
-----------------------------------------
| rollout/                |             |
|    ep_len_mean          | 141         |
|    ep_rew_mean          | 27.8        |
| time/                   |             |
|    fps                  | 382         |
|    iterations           | 42          |
|    time_elapsed         | 1800        |
|    total_timesteps      | 688128      |
| train/                  |             |
|    approx_kl            | 0.013128784 |
|    clip_fraction        | 0.13        |
|    clip_range           | 0.2         |
|    entropy_loss         | -0.72       |
|    explained_variance   | 0.507       |
|    learning_rate        | 0.0003      |
|    loss                 | 0.586       |
|    n_updates            | 410         |
|    policy_gradient_loss | 1.3e-05     |
|    std                  | 0.499       |
|    value_loss           | 3.28        |
-----------------------------------------
-----------------------------------------
| rollout/                |             |
|    ep_len_mean          | 143         |
|    ep_rew_mean          | 28          |
| time/                   |             |
|    fps                  | 382         |
|    iterations           | 43          |
|    time_elapsed         | 1842        |
|    total_timesteps      | 704512      |
| train/                  |             |
|    approx_kl            | 0.017628219 |
|    clip_fraction        | 0.171       |
|    clip_range           | 0.2         |
|    entropy_loss         | -0.721      |
|    explained_variance   | 0.599       |
|    learning_rate        | 0.0003      |
|    loss                 | 0.354       |
|    n_updates            | 420         |
|    policy_gradient_loss | -0.00438    |
|    std                  | 0.498       |
|    value_loss           | 4.09        |
-----------------------------------------
-----------------------------------------
| rollout/                |             |
|    ep_len_mean          | 145         |
|    ep_rew_mean          | 28.7        |
| time/                   |             |
|    fps                  | 382         |
|    iterations           | 44          |
|    time_elapsed         | 1883        |
|    total_timesteps      | 720896      |
| train/                  |             |
|    approx_kl            | 0.017310623 |
|    clip_fraction        | 0.2         |
|    clip_range           | 0.2         |
|    entropy_loss         | -0.71       |
|    explained_variance   | 0.658       |
|    learning_rate        | 0.0003      |
|    loss                 | 3.63        |
|    n_updates            | 430         |
|    policy_gradient_loss | -0.00418    |
|    std                  | 0.49        |
|    value_loss           | 3.67        |
-----------------------------------------
-----------------------------------------
| rollout/                |             |
|    ep_len_mean          | 150         |
|    ep_rew_mean          | 29.7        |
| time/                   |             |
|    fps                  | 382         |
|    iterations           | 45          |
|    time_elapsed         | 1925        |
|    total_timesteps      | 737280      |
| train/                  |             |
|    approx_kl            | 0.012198562 |
|    clip_fraction        | 0.164       |
|    clip_range           | 0.2         |
|    entropy_loss         | -0.69       |
|    explained_variance   | 0.708       |
|    learning_rate        | 0.0003      |
|    loss                 | 0.071       |
|    n_updates            | 440         |
|    policy_gradient_loss | -0.000552   |
|    std                  | 0.478       |
|    value_loss           | 1.25        |
-----------------------------------------
-----------------------------------------
| rollout/                |             |
|    ep_len_mean          | 151         |
|    ep_rew_mean          | 29.8        |
| time/                   |             |
|    fps                  | 383         |
|    iterations           | 46          |
|    time_elapsed         | 1966        |
|    total_timesteps      | 753664      |
| train/                  |             |
|    approx_kl            | 0.010245865 |
|    clip_fraction        | 0.129       |
|    clip_range           | 0.2         |
|    entropy_loss         | -0.67       |
|    explained_variance   | 0.878       |
|    learning_rate        | 0.0003      |
|    loss                 | 0.0198      |
|    n_updates            | 450         |
|    policy_gradient_loss | -0.00146    |
|    std                  | 0.47        |
|    value_loss           | 0.267       |
-----------------------------------------
-----------------------------------------
| rollout/                |             |
|    ep_len_mean          | 149         |
|    ep_rew_mean          | 29.4        |
| time/                   |             |
|    fps                  | 383         |
|    iterations           | 47          |
|    time_elapsed         | 2008        |
|    total_timesteps      | 770048      |
| train/                  |             |
|    approx_kl            | 0.010924638 |
|    clip_fraction        | 0.123       |
|    clip_range           | 0.2         |
|    entropy_loss         | -0.652      |
|    explained_variance   | 0.953       |
|    learning_rate        | 0.0003      |
|    loss                 | 0.0543      |
|    n_updates            | 460         |
|    policy_gradient_loss | -0.00302    |
|    std                  | 0.462       |
|    value_loss           | 0.0636      |
-----------------------------------------
-----------------------------------------
| rollout/                |             |
|    ep_len_mean          | 150         |
|    ep_rew_mean          | 30.3        |
| time/                   |             |
|    fps                  | 383         |
|    iterations           | 48          |
|    time_elapsed         | 2050        |
|    total_timesteps      | 786432      |
| train/                  |             |
|    approx_kl            | 0.010760986 |
|    clip_fraction        | 0.118       |
|    clip_range           | 0.2         |
|    entropy_loss         | -0.642      |
|    explained_variance   | 0.699       |
|    learning_rate        | 0.0003      |
|    loss                 | 0.549       |
|    n_updates            | 470         |
|    policy_gradient_loss | -0.00034    |
|    std                  | 0.461       |
|    value_loss           | 1.12        |
-----------------------------------------
------------------------------------------
| rollout/                |              |
|    ep_len_mean          | 151          |
|    ep_rew_mean          | 29.8         |
| time/                   |              |
|    fps                  | 383          |
|    iterations           | 49           |
|    time_elapsed         | 2092         |
|    total_timesteps      | 802816       |
| train/                  |              |
|    approx_kl            | 0.0088762315 |
|    clip_fraction        | 0.112        |
|    clip_range           | 0.2          |
|    entropy_loss         | -0.625       |
|    explained_variance   | 0.884        |
|    learning_rate        | 0.0003       |
|    loss                 | 0.0502       |
|    n_updates            | 480          |
|    policy_gradient_loss | -0.00153     |
|    std                  | 0.451        |
|    value_loss           | 0.333        |
------------------------------------------
-----------------------------------------
| rollout/                |             |
|    ep_len_mean          | 150         |
|    ep_rew_mean          | 30.1        |
| time/                   |             |
|    fps                  | 383         |
|    iterations           | 50          |
|    time_elapsed         | 2134        |
|    total_timesteps      | 819200      |
| train/                  |             |
|    approx_kl            | 0.009853205 |
|    clip_fraction        | 0.114       |
|    clip_range           | 0.2         |
|    entropy_loss         | -0.618      |
|    explained_variance   | 0.973       |
|    learning_rate        | 0.0003      |
|    loss                 | 0.00875     |
|    n_updates            | 490         |
|    policy_gradient_loss | -0.00181    |
|    std                  | 0.446       |
|    value_loss           | 0.0578      |
-----------------------------------------
-----------------------------------------
| rollout/                |             |
|    ep_len_mean          | 148         |
|    ep_rew_mean          | 29.9        |
| time/                   |             |
|    fps                  | 383         |
|    iterations           | 51          |
|    time_elapsed         | 2176        |
|    total_timesteps      | 835584      |
| train/                  |             |
|    approx_kl            | 0.009388968 |
|    clip_fraction        | 0.112       |
|    clip_range           | 0.2         |
|    entropy_loss         | -0.607      |
|    explained_variance   | 0.857       |
|    learning_rate        | 0.0003      |
|    loss                 | 0.0456      |
|    n_updates            | 500         |
|    policy_gradient_loss | -0.00153    |
|    std                  | 0.443       |
|    value_loss           | 0.379       |
-----------------------------------------
-----------------------------------------
| rollout/                |             |
|    ep_len_mean          | 150         |
|    ep_rew_mean          | 30.4        |
| time/                   |             |
|    fps                  | 384         |
|    iterations           | 52          |
|    time_elapsed         | 2217        |
|    total_timesteps      | 851968      |
| train/                  |             |
|    approx_kl            | 0.010553982 |
|    clip_fraction        | 0.106       |
|    clip_range           | 0.2         |
|    entropy_loss         | -0.599      |
|    explained_variance   | 0.75        |
|    learning_rate        | 0.0003      |
|    loss                 | 0.0723      |
|    n_updates            | 510         |
|    policy_gradient_loss | -0.000657   |
|    std                  | 0.44        |
|    value_loss           | 0.895       |
-----------------------------------------
-----------------------------------------
| rollout/                |             |
|    ep_len_mean          | 148         |
|    ep_rew_mean          | 29.4        |
| time/                   |             |
|    fps                  | 384         |
|    iterations           | 53          |
|    time_elapsed         | 2259        |
|    total_timesteps      | 868352      |
| train/                  |             |
|    approx_kl            | 0.008920934 |
|    clip_fraction        | 0.119       |
|    clip_range           | 0.2         |
|    entropy_loss         | -0.59       |
|    explained_variance   | 0.868       |
|    learning_rate        | 0.0003      |
|    loss                 | 0.038       |
|    n_updates            | 520         |
|    policy_gradient_loss | -0.00182    |
|    std                  | 0.435       |
|    value_loss           | 0.364       |
-----------------------------------------
-----------------------------------------
| rollout/                |             |
|    ep_len_mean          | 149         |
|    ep_rew_mean          | 30.1        |
| time/                   |             |
|    fps                  | 384         |
|    iterations           | 54          |
|    time_elapsed         | 2300        |
|    total_timesteps      | 884736      |
| train/                  |             |
|    approx_kl            | 0.009594616 |
|    clip_fraction        | 0.111       |
|    clip_range           | 0.2         |
|    entropy_loss         | -0.587      |
|    explained_variance   | 0.774       |
|    learning_rate        | 0.0003      |
|    loss                 | 0.0522      |
|    n_updates            | 530         |
|    policy_gradient_loss | -0.000723   |
|    std                  | 0.433       |
|    value_loss           | 0.753       |
-----------------------------------------
-----------------------------------------
| rollout/                |             |
|    ep_len_mean          | 148         |
|    ep_rew_mean          | 29.7        |
| time/                   |             |
|    fps                  | 384         |
|    iterations           | 55          |
|    time_elapsed         | 2342        |
|    total_timesteps      | 901120      |
| train/                  |             |
|    approx_kl            | 0.009826809 |
|    clip_fraction        | 0.119       |
|    clip_range           | 0.2         |
|    entropy_loss         | -0.567      |
|    explained_variance   | 0.814       |
|    learning_rate        | 0.0003      |
|    loss                 | 0.0111      |
|    n_updates            | 540         |
|    policy_gradient_loss | -0.00199    |
|    std                  | 0.426       |
|    value_loss           | 0.562       |
-----------------------------------------
-----------------------------------------
| rollout/                |             |
|    ep_len_mean          | 150         |
|    ep_rew_mean          | 30          |
| time/                   |             |
|    fps                  | 384         |
|    iterations           | 56          |
|    time_elapsed         | 2383        |
|    total_timesteps      | 917504      |
| train/                  |             |
|    approx_kl            | 0.011587889 |
|    clip_fraction        | 0.106       |
|    clip_range           | 0.2         |
|    entropy_loss         | -0.562      |
|    explained_variance   | 0.732       |
|    learning_rate        | 0.0003      |
|    loss                 | 0.15        |
|    n_updates            | 550         |
|    policy_gradient_loss | 0.000499    |
|    std                  | 0.425       |
|    value_loss           | 1           |
-----------------------------------------
-----------------------------------------
| rollout/                |             |
|    ep_len_mean          | 150         |
|    ep_rew_mean          | 29.9        |
| time/                   |             |
|    fps                  | 385         |
|    iterations           | 57          |
|    time_elapsed         | 2424        |
|    total_timesteps      | 933888      |
| train/                  |             |
|    approx_kl            | 0.011050111 |
|    clip_fraction        | 0.123       |
|    clip_range           | 0.2         |
|    entropy_loss         | -0.563      |
|    explained_variance   | 0.855       |
|    learning_rate        | 0.0003      |
|    loss                 | 0.0767      |
|    n_updates            | 560         |
|    policy_gradient_loss | 3.86e-05    |
|    std                  | 0.425       |
|    value_loss           | 0.517       |
-----------------------------------------
-----------------------------------------
| rollout/                |             |
|    ep_len_mean          | 150         |
|    ep_rew_mean          | 30.1        |
| time/                   |             |
|    fps                  | 385         |
|    iterations           | 58          |
|    time_elapsed         | 2466        |
|    total_timesteps      | 950272      |
| train/                  |             |
|    approx_kl            | 0.011330886 |
|    clip_fraction        | 0.117       |
|    clip_range           | 0.2         |
|    entropy_loss         | -0.557      |
|    explained_variance   | 0.787       |
|    learning_rate        | 0.0003      |
|    loss                 | 0.0453      |
|    n_updates            | 570         |
|    policy_gradient_loss | -0.000366   |
|    std                  | 0.42        |
|    value_loss           | 0.825       |
-----------------------------------------
-----------------------------------------
| rollout/                |             |
|    ep_len_mean          | 149         |
|    ep_rew_mean          | 29.9        |
| time/                   |             |
|    fps                  | 385         |
|    iterations           | 59          |
|    time_elapsed         | 2508        |
|    total_timesteps      | 966656      |
| train/                  |             |
|    approx_kl            | 0.009184962 |
|    clip_fraction        | 0.122       |
|    clip_range           | 0.2         |
|    entropy_loss         | -0.551      |
|    explained_variance   | 0.796       |
|    learning_rate        | 0.0003      |
|    loss                 | 0.0755      |
|    n_updates            | 580         |
|    policy_gradient_loss | -0.00148    |
|    std                  | 0.42        |
|    value_loss           | 0.636       |
-----------------------------------------
-----------------------------------------
| rollout/                |             |
|    ep_len_mean          | 147         |
|    ep_rew_mean          | 29.4        |
| time/                   |             |
|    fps                  | 385         |
|    iterations           | 60          |
|    time_elapsed         | 2550        |
|    total_timesteps      | 983040      |
| train/                  |             |
|    approx_kl            | 0.010846056 |
|    clip_fraction        | 0.11        |
|    clip_range           | 0.2         |
|    entropy_loss         | -0.538      |
|    explained_variance   | 0.764       |
|    learning_rate        | 0.0003      |
|    loss                 | 2.76        |
|    n_updates            | 590         |
|    policy_gradient_loss | -0.000678   |
|    std                  | 0.412       |
|    value_loss           | 0.924       |
-----------------------------------------
-----------------------------------------
| rollout/                |             |
|    ep_len_mean          | 150         |
|    ep_rew_mean          | 29.9        |
| time/                   |             |
|    fps                  | 385         |
|    iterations           | 61          |
|    time_elapsed         | 2592        |
|    total_timesteps      | 999424      |
| train/                  |             |
|    approx_kl            | 0.012097662 |
|    clip_fraction        | 0.119       |
|    clip_range           | 0.2         |
|    entropy_loss         | -0.527      |
|    explained_variance   | 0.677       |
|    learning_rate        | 0.0003      |
|    loss                 | 1.09        |
|    n_updates            | 600         |
|    policy_gradient_loss | -0.00068    |
|    std                  | 0.411       |
|    value_loss           | 1.55        |
-----------------------------------------
-----------------------------------------
| rollout/                |             |
|    ep_len_mean          | 150         |
|    ep_rew_mean          | 30.1        |
| time/                   |             |
|    fps                  | 385         |
|    iterations           | 62          |
|    time_elapsed         | 2633        |
|    total_timesteps      | 1015808     |
| train/                  |             |
|    approx_kl            | 0.009996437 |
|    clip_fraction        | 0.128       |
|    clip_range           | 0.2         |
|    entropy_loss         | -0.516      |
|    explained_variance   | 0.863       |
|    learning_rate        | 0.0003      |
|    loss                 | 0.0609      |
|    n_updates            | 610         |
|    policy_gradient_loss | -0.0012     |
|    std                  | 0.404       |
|    value_loss           | 0.477       |
-----------------------------------------


###############################################################################
TCHPC Cluster: callan
Job 167167 (base_cf_obs15_shuffle_seed2_ne8_1000000_v9) for User 'hadjitot' in Account 'callan_hadjitot'
Finished at: Sat Mar 14 18:37:00 GMT 2026

Job efficiency estimates:
=========================

Job ID: 167167
Cluster: callan
User/Group: hadjitot/hadjitot
State: COMPLETED (exit code 0)
Nodes: 1
Cores per node: 16
CPU Utilized: 04:47:15
CPU Efficiency: 40.18% of 11:54:56 core-walltime
Job Wall-clock time: 00:44:41
Memory Utilized: 3.20 GB
Memory Efficiency: 9.99% of 32.00 GB (32.00 GB/node)

Job completion status:
======================

JobID           JobName AllocCPUS NTasks NNodes     MaxRSS    MaxRSSNode  MaxDiskRead MaxDiskWrite    Elapsed      State ExitCode 
------------ ---------- --------- ------ ------ ---------- ------------- ------------ ------------ ---------- ---------- -------- 
167167       base_cf_o+        16             1                                                      00:44:41  COMPLETED      0:0 
167167.batch      batch        16      1      1   3350740K    callan-n11     1372.33M     1045.18M   00:44:41  COMPLETED      0:0 
167167.exte+     extern        16      1      1                                                      00:44:41  COMPLETED      0:0 


Job details:
============

JobId=167167 JobName=base_cf_obs15_shuffle_seed2_ne8_1000000_v9
   UserId=hadjitot(2357) GroupId=hadjitot(2300) MCS_label=N/A
   Priority=99304 Nice=0 Account=callan_hadjitot QOS=normal
   JobState=COMPLETING Reason=None Dependency=(null)
   Requeue=0 Restarts=0 BatchFlag=1 Reboot=0 ExitCode=0:0
   DerivedExitCode=0:0
   RunTime=00:44:41 TimeLimit=2-00:00:00 TimeMin=N/A
   SubmitTime=2026-03-14T16:25:32 EligibleTime=2026-03-14T16:25:32
   AccrueTime=2026-03-14T16:25:32
   StartTime=2026-03-14T17:52:19 EndTime=2026-03-14T18:37:00 Deadline=N/A
   SuspendTime=None SecsPreSuspend=0 LastSchedEval=2026-03-14T17:52:19 Scheduler=Backfill
   Partition=compute AllocNode:Sid=callan01:3275852
   ReqNodeList=(null) ExcNodeList=(null)
   NodeList=callan-n11
   BatchHost=callan-n11
   NumNodes=1 NumCPUs=16 NumTasks=1 CPUs/Task=16 ReqB:S:C:T=0:0:*:*
   ReqTRES=cpu=16,mem=32G,node=1,billing=16
   AllocTRES=cpu=16,mem=32G,node=1,billing=16
   Socks/Node=* NtasksPerN:B:S:C=0:0:*:* CoreSpec=*
   JOB_GRES=(null)
     Nodes=callan-n11 CPU_IDs=16-31 Mem=32768 GRES=
   MinCPUsNode=16 MinMemoryNode=32G MinTmpDiskNode=0
   Features=(null) DelayBoot=00:00:00
   OverSubscribe=OK Contiguous=0 Licenses=(null) LicensesAlloc=(null) Network=(null)
   Command=/home/users/hadjitot/fyp/HighwayEnv/slurm/train_baseline.sbatch
   WorkDir=/home/users/hadjitot/fyp/HighwayEnv
   StdErr=/home/users/hadjitot/fyp/HighwayEnv/slurm_out/base_cf_obs15_shuffle_seed2_ne8_1000000_v9_167167.err
   StdIn=/dev/null
   StdOut=/home/users/hadjitot/fyp/HighwayEnv/slurm_out/base_cf_obs15_shuffle_seed2_ne8_1000000_v9_167167.out
   TresPerTask=cpu=16
   


Disk quota details:
===================

                         Block Limits                                    |                     File Limits
Name       type             MB      quota      limit   in_doubt    grace |    files   quota    limit in_doubt    grace
root       USR         4841009          0          0        312     none |   391544       0        0       80     none
root       FILESET     4938755          0          0       3466     none |  9909120       0        0      866     none


SLURM Bank Statement:
=====================

User           Usage |        Account     Usage | Account Limit Available (CPU hrs)
---------- --------- + -------------- --------- + ------------- ---------
hadjitot      17,261 | CALLAN_HADJITOT    17,261 |       300,000   282,739


Acknowledgements:
=================

Note that usage of TCHPC Resources *must* be acknowledged in all publications.

Please see this page for details relevant to this cluster:

http://www.tchpc.tcd.ie/resources/acknowledgementpolicy

################################################################################
