Loading Anaconda 3 2024.02-1
ppo_baseline_highway_lanechange_dense_v4_seed0 obs shape: (15, 5) action space: Box(-1.0, 1.0, (2,), float32)
Using cpu device
Logging to runs/tb/ppo_baseline_highway_lanechange_dense_v4_seed0_1
---------------------------------
| rollout/           |          |
|    ep_len_mean     | 139      |
|    ep_rew_mean     | 8.23     |
| time/              |          |
|    fps             | 35       |
|    iterations      | 1        |
|    time_elapsed    | 465      |
|    total_timesteps | 16384    |
---------------------------------
------------------------------------------
| rollout/                |              |
|    ep_len_mean          | 140          |
|    ep_rew_mean          | 7.72         |
| time/                   |              |
|    fps                  | 35           |
|    iterations           | 2            |
|    time_elapsed         | 934          |
|    total_timesteps      | 32768        |
| train/                  |              |
|    approx_kl            | 0.0031208624 |
|    clip_fraction        | 0.0128       |
|    clip_range           | 0.2          |
|    entropy_loss         | -2.82        |
|    explained_variance   | 0.0182       |
|    learning_rate        | 0.0003       |
|    loss                 | 0.591        |
|    n_updates            | 10           |
|    policy_gradient_loss | -0.000669    |
|    std                  | 0.991        |
|    value_loss           | 1.5          |
------------------------------------------
-----------------------------------------
| rollout/                |             |
|    ep_len_mean          | 140         |
|    ep_rew_mean          | 7.63        |
| time/                   |             |
|    fps                  | 35          |
|    iterations           | 3           |
|    time_elapsed         | 1400        |
|    total_timesteps      | 49152       |
| train/                  |             |
|    approx_kl            | 0.003329318 |
|    clip_fraction        | 0.0308      |
|    clip_range           | 0.2         |
|    entropy_loss         | -2.81       |
|    explained_variance   | 0.248       |
|    learning_rate        | 0.0003      |
|    loss                 | 0.775       |
|    n_updates            | 20          |
|    policy_gradient_loss | -0.00224    |
|    std                  | 0.986       |
|    value_loss           | 1.5         |
-----------------------------------------
------------------------------------------
| rollout/                |              |
|    ep_len_mean          | 140          |
|    ep_rew_mean          | 8.05         |
| time/                   |              |
|    fps                  | 35           |
|    iterations           | 4            |
|    time_elapsed         | 1870         |
|    total_timesteps      | 65536        |
| train/                  |              |
|    approx_kl            | 0.0043824683 |
|    clip_fraction        | 0.0312       |
|    clip_range           | 0.2          |
|    entropy_loss         | -2.81        |
|    explained_variance   | 0.301        |
|    learning_rate        | 0.0003       |
|    loss                 | 0.438        |
|    n_updates            | 30           |
|    policy_gradient_loss | -0.00216     |
|    std                  | 0.986        |
|    value_loss           | 1.66         |
------------------------------------------
------------------------------------------
| rollout/                |              |
|    ep_len_mean          | 140          |
|    ep_rew_mean          | 8.15         |
| time/                   |              |
|    fps                  | 35           |
|    iterations           | 5            |
|    time_elapsed         | 2340         |
|    total_timesteps      | 81920        |
| train/                  |              |
|    approx_kl            | 0.0046122717 |
|    clip_fraction        | 0.0312       |
|    clip_range           | 0.2          |
|    entropy_loss         | -2.8         |
|    explained_variance   | 0.297        |
|    learning_rate        | 0.0003       |
|    loss                 | 0.651        |
|    n_updates            | 40           |
|    policy_gradient_loss | -0.00178     |
|    std                  | 0.983        |
|    value_loss           | 1.83         |
------------------------------------------
------------------------------------------
| rollout/                |              |
|    ep_len_mean          | 140          |
|    ep_rew_mean          | 7.71         |
| time/                   |              |
|    fps                  | 34           |
|    iterations           | 6            |
|    time_elapsed         | 2808         |
|    total_timesteps      | 98304        |
| train/                  |              |
|    approx_kl            | 0.0031511988 |
|    clip_fraction        | 0.0181       |
|    clip_range           | 0.2          |
|    entropy_loss         | -2.79        |
|    explained_variance   | 0.314        |
|    learning_rate        | 0.0003       |
|    loss                 | 1.27         |
|    n_updates            | 50           |
|    policy_gradient_loss | -0.000748    |
|    std                  | 0.979        |
|    value_loss           | 1.92         |
------------------------------------------
------------------------------------------
| rollout/                |              |
|    ep_len_mean          | 140          |
|    ep_rew_mean          | 7.58         |
| time/                   |              |
|    fps                  | 34           |
|    iterations           | 7            |
|    time_elapsed         | 3278         |
|    total_timesteps      | 114688       |
| train/                  |              |
|    approx_kl            | 0.0038411533 |
|    clip_fraction        | 0.032        |
|    clip_range           | 0.2          |
|    entropy_loss         | -2.78        |
|    explained_variance   | 0.344        |
|    learning_rate        | 0.0003       |
|    loss                 | 0.443        |
|    n_updates            | 60           |
|    policy_gradient_loss | -0.00199     |
|    std                  | 0.969        |
|    value_loss           | 1.64         |
------------------------------------------
------------------------------------------
| rollout/                |              |
|    ep_len_mean          | 137          |
|    ep_rew_mean          | 8.04         |
| time/                   |              |
|    fps                  | 34           |
|    iterations           | 8            |
|    time_elapsed         | 3748         |
|    total_timesteps      | 131072       |
| train/                  |              |
|    approx_kl            | 0.0028471525 |
|    clip_fraction        | 0.0286       |
|    clip_range           | 0.2          |
|    entropy_loss         | -2.77        |
|    explained_variance   | 0.366        |
|    learning_rate        | 0.0003       |
|    loss                 | 0.59         |
|    n_updates            | 70           |
|    policy_gradient_loss | -0.00146     |
|    std                  | 0.965        |
|    value_loss           | 1.4          |
------------------------------------------
-----------------------------------------
| rollout/                |             |
|    ep_len_mean          | 140         |
|    ep_rew_mean          | 8.23        |
| time/                   |             |
|    fps                  | 34          |
|    iterations           | 9           |
|    time_elapsed         | 4218        |
|    total_timesteps      | 147456      |
| train/                  |             |
|    approx_kl            | 0.004143515 |
|    clip_fraction        | 0.0298      |
|    clip_range           | 0.2         |
|    entropy_loss         | -2.75       |
|    explained_variance   | 0.345       |
|    learning_rate        | 0.0003      |
|    loss                 | 0.394       |
|    n_updates            | 80          |
|    policy_gradient_loss | -0.0022     |
|    std                  | 0.956       |
|    value_loss           | 1.64        |
-----------------------------------------
-----------------------------------------
| rollout/                |             |
|    ep_len_mean          | 140         |
|    ep_rew_mean          | 9.92        |
| time/                   |             |
|    fps                  | 34          |
|    iterations           | 10          |
|    time_elapsed         | 4689        |
|    total_timesteps      | 163840      |
| train/                  |             |
|    approx_kl            | 0.004406778 |
|    clip_fraction        | 0.0396      |
|    clip_range           | 0.2         |
|    entropy_loss         | -2.76       |
|    explained_variance   | 0.36        |
|    learning_rate        | 0.0003      |
|    loss                 | 0.926       |
|    n_updates            | 90          |
|    policy_gradient_loss | -0.00304    |
|    std                  | 0.967       |
|    value_loss           | 1.73        |
-----------------------------------------
-----------------------------------------
| rollout/                |             |
|    ep_len_mean          | 140         |
|    ep_rew_mean          | 8.35        |
| time/                   |             |
|    fps                  | 34          |
|    iterations           | 11          |
|    time_elapsed         | 5159        |
|    total_timesteps      | 180224      |
| train/                  |             |
|    approx_kl            | 0.005030467 |
|    clip_fraction        | 0.0453      |
|    clip_range           | 0.2         |
|    entropy_loss         | -2.77       |
|    explained_variance   | 0.334       |
|    learning_rate        | 0.0003      |
|    loss                 | 0.91        |
|    n_updates            | 100         |
|    policy_gradient_loss | -0.00271    |
|    std                  | 0.964       |
|    value_loss           | 2.23        |
-----------------------------------------
------------------------------------------
| rollout/                |              |
|    ep_len_mean          | 140          |
|    ep_rew_mean          | 11           |
| time/                   |              |
|    fps                  | 34           |
|    iterations           | 12           |
|    time_elapsed         | 5628         |
|    total_timesteps      | 196608       |
| train/                  |              |
|    approx_kl            | 0.0048239855 |
|    clip_fraction        | 0.0457       |
|    clip_range           | 0.2          |
|    entropy_loss         | -2.76        |
|    explained_variance   | 0.344        |
|    learning_rate        | 0.0003       |
|    loss                 | 0.905        |
|    n_updates            | 110          |
|    policy_gradient_loss | -0.00272     |
|    std                  | 0.958        |
|    value_loss           | 1.9          |
------------------------------------------
------------------------------------------
| rollout/                |              |
|    ep_len_mean          | 140          |
|    ep_rew_mean          | 11.8         |
| time/                   |              |
|    fps                  | 34           |
|    iterations           | 13           |
|    time_elapsed         | 6098         |
|    total_timesteps      | 212992       |
| train/                  |              |
|    approx_kl            | 0.0055700243 |
|    clip_fraction        | 0.0569       |
|    clip_range           | 0.2          |
|    entropy_loss         | -2.75        |
|    explained_variance   | 0.358        |
|    learning_rate        | 0.0003       |
|    loss                 | 1.21         |
|    n_updates            | 120          |
|    policy_gradient_loss | -0.00295     |
|    std                  | 0.955        |
|    value_loss           | 2.07         |
------------------------------------------
------------------------------------------
| rollout/                |              |
|    ep_len_mean          | 140          |
|    ep_rew_mean          | 12.5         |
| time/                   |              |
|    fps                  | 34           |
|    iterations           | 14           |
|    time_elapsed         | 6560         |
|    total_timesteps      | 229376       |
| train/                  |              |
|    approx_kl            | 0.0043411874 |
|    clip_fraction        | 0.038        |
|    clip_range           | 0.2          |
|    entropy_loss         | -2.73        |
|    explained_variance   | 0.391        |
|    learning_rate        | 0.0003       |
|    loss                 | 0.888        |
|    n_updates            | 130          |
|    policy_gradient_loss | -0.0019      |
|    std                  | 0.944        |
|    value_loss           | 2.21         |
------------------------------------------
-----------------------------------------
| rollout/                |             |
|    ep_len_mean          | 140         |
|    ep_rew_mean          | 13.1        |
| time/                   |             |
|    fps                  | 35          |
|    iterations           | 15          |
|    time_elapsed         | 7020        |
|    total_timesteps      | 245760      |
| train/                  |             |
|    approx_kl            | 0.006031827 |
|    clip_fraction        | 0.0592      |
|    clip_range           | 0.2         |
|    entropy_loss         | -2.7        |
|    explained_variance   | 0.4         |
|    learning_rate        | 0.0003      |
|    loss                 | 1.36        |
|    n_updates            | 140         |
|    policy_gradient_loss | -0.00329    |
|    std                  | 0.932       |
|    value_loss           | 2.65        |
-----------------------------------------
------------------------------------------
| rollout/                |              |
|    ep_len_mean          | 140          |
|    ep_rew_mean          | 13.3         |
| time/                   |              |
|    fps                  | 35           |
|    iterations           | 16           |
|    time_elapsed         | 7481         |
|    total_timesteps      | 262144       |
| train/                  |              |
|    approx_kl            | 0.0048249746 |
|    clip_fraction        | 0.0454       |
|    clip_range           | 0.2          |
|    entropy_loss         | -2.68        |
|    explained_variance   | 0.366        |
|    learning_rate        | 0.0003       |
|    loss                 | 1.03         |
|    n_updates            | 150          |
|    policy_gradient_loss | -0.00241     |
|    std                  | 0.92         |
|    value_loss           | 2.66         |
------------------------------------------
------------------------------------------
| rollout/                |              |
|    ep_len_mean          | 140          |
|    ep_rew_mean          | 16.9         |
| time/                   |              |
|    fps                  | 35           |
|    iterations           | 17           |
|    time_elapsed         | 7939         |
|    total_timesteps      | 278528       |
| train/                  |              |
|    approx_kl            | 0.0066475505 |
|    clip_fraction        | 0.0709       |
|    clip_range           | 0.2          |
|    entropy_loss         | -2.66        |
|    explained_variance   | 0.456        |
|    learning_rate        | 0.0003       |
|    loss                 | 1.42         |
|    n_updates            | 160          |
|    policy_gradient_loss | -0.004       |
|    std                  | 0.913        |
|    value_loss           | 2.66         |
------------------------------------------
-----------------------------------------
| rollout/                |             |
|    ep_len_mean          | 140         |
|    ep_rew_mean          | 17.4        |
| time/                   |             |
|    fps                  | 35          |
|    iterations           | 18          |
|    time_elapsed         | 8399        |
|    total_timesteps      | 294912      |
| train/                  |             |
|    approx_kl            | 0.007048694 |
|    clip_fraction        | 0.0713      |
|    clip_range           | 0.2         |
|    entropy_loss         | -2.62       |
|    explained_variance   | 0.364       |
|    learning_rate        | 0.0003      |
|    loss                 | 1.77        |
|    n_updates            | 170         |
|    policy_gradient_loss | -0.00435    |
|    std                  | 0.895       |
|    value_loss           | 3.41        |
-----------------------------------------
------------------------------------------
| rollout/                |              |
|    ep_len_mean          | 140          |
|    ep_rew_mean          | 21.8         |
| time/                   |              |
|    fps                  | 35           |
|    iterations           | 19           |
|    time_elapsed         | 8860         |
|    total_timesteps      | 311296       |
| train/                  |              |
|    approx_kl            | 0.0075107925 |
|    clip_fraction        | 0.0734       |
|    clip_range           | 0.2          |
|    entropy_loss         | -2.58        |
|    explained_variance   | 0.431        |
|    learning_rate        | 0.0003       |
|    loss                 | 1.72         |
|    n_updates            | 180          |
|    policy_gradient_loss | -0.00557     |
|    std                  | 0.877        |
|    value_loss           | 3.38         |
------------------------------------------
-----------------------------------------
| rollout/                |             |
|    ep_len_mean          | 140         |
|    ep_rew_mean          | 22.8        |
| time/                   |             |
|    fps                  | 35          |
|    iterations           | 20          |
|    time_elapsed         | 9321        |
|    total_timesteps      | 327680      |
| train/                  |             |
|    approx_kl            | 0.007346022 |
|    clip_fraction        | 0.0809      |
|    clip_range           | 0.2         |
|    entropy_loss         | -2.55       |
|    explained_variance   | 0.433       |
|    learning_rate        | 0.0003      |
|    loss                 | 1.39        |
|    n_updates            | 190         |
|    policy_gradient_loss | -0.00584    |
|    std                  | 0.865       |
|    value_loss           | 4.22        |
-----------------------------------------
----------------------------------------
| rollout/                |            |
|    ep_len_mean          | 140        |
|    ep_rew_mean          | 26         |
| time/                   |            |
|    fps                  | 35         |
|    iterations           | 21         |
|    time_elapsed         | 9782       |
|    total_timesteps      | 344064     |
| train/                  |            |
|    approx_kl            | 0.00989133 |
|    clip_fraction        | 0.0978     |
|    clip_range           | 0.2        |
|    entropy_loss         | -2.5       |
|    explained_variance   | 0.41       |
|    learning_rate        | 0.0003     |
|    loss                 | 2.04       |
|    n_updates            | 200        |
|    policy_gradient_loss | -0.00656   |
|    std                  | 0.838      |
|    value_loss           | 4.6        |
----------------------------------------
-----------------------------------------
| rollout/                |             |
|    ep_len_mean          | 140         |
|    ep_rew_mean          | 32.6        |
| time/                   |             |
|    fps                  | 35          |
|    iterations           | 22          |
|    time_elapsed         | 10242       |
|    total_timesteps      | 360448      |
| train/                  |             |
|    approx_kl            | 0.009187441 |
|    clip_fraction        | 0.0823      |
|    clip_range           | 0.2         |
|    entropy_loss         | -2.44       |
|    explained_variance   | 0.457       |
|    learning_rate        | 0.0003      |
|    loss                 | 2.2         |
|    n_updates            | 210         |
|    policy_gradient_loss | -0.0058     |
|    std                  | 0.815       |
|    value_loss           | 5.29        |
-----------------------------------------
------------------------------------------
| rollout/                |              |
|    ep_len_mean          | 140          |
|    ep_rew_mean          | 37.2         |
| time/                   |              |
|    fps                  | 35           |
|    iterations           | 23           |
|    time_elapsed         | 10703        |
|    total_timesteps      | 376832       |
| train/                  |              |
|    approx_kl            | 0.0100744795 |
|    clip_fraction        | 0.0954       |
|    clip_range           | 0.2          |
|    entropy_loss         | -2.37        |
|    explained_variance   | 0.425        |
|    learning_rate        | 0.0003       |
|    loss                 | 3.31         |
|    n_updates            | 220          |
|    policy_gradient_loss | -0.00729     |
|    std                  | 0.792        |
|    value_loss           | 6.13         |
------------------------------------------
-----------------------------------------
| rollout/                |             |
|    ep_len_mean          | 140         |
|    ep_rew_mean          | 41.7        |
| time/                   |             |
|    fps                  | 35          |
|    iterations           | 24          |
|    time_elapsed         | 11163       |
|    total_timesteps      | 393216      |
| train/                  |             |
|    approx_kl            | 0.011435877 |
|    clip_fraction        | 0.103       |
|    clip_range           | 0.2         |
|    entropy_loss         | -2.31       |
|    explained_variance   | 0.463       |
|    learning_rate        | 0.0003      |
|    loss                 | 4.05        |
|    n_updates            | 230         |
|    policy_gradient_loss | -0.00826    |
|    std                  | 0.765       |
|    value_loss           | 6.79        |
-----------------------------------------
-----------------------------------------
| rollout/                |             |
|    ep_len_mean          | 140         |
|    ep_rew_mean          | 44.1        |
| time/                   |             |
|    fps                  | 35          |
|    iterations           | 25          |
|    time_elapsed         | 11624       |
|    total_timesteps      | 409600      |
| train/                  |             |
|    approx_kl            | 0.009432727 |
|    clip_fraction        | 0.0898      |
|    clip_range           | 0.2         |
|    entropy_loss         | -2.24       |
|    explained_variance   | 0.523       |
|    learning_rate        | 0.0003      |
|    loss                 | 3.49        |
|    n_updates            | 240         |
|    policy_gradient_loss | -0.00619    |
|    std                  | 0.745       |
|    value_loss           | 7.56        |
-----------------------------------------
-----------------------------------------
| rollout/                |             |
|    ep_len_mean          | 140         |
|    ep_rew_mean          | 52.7        |
| time/                   |             |
|    fps                  | 35          |
|    iterations           | 26          |
|    time_elapsed         | 12085       |
|    total_timesteps      | 425984      |
| train/                  |             |
|    approx_kl            | 0.011004657 |
|    clip_fraction        | 0.0946      |
|    clip_range           | 0.2         |
|    entropy_loss         | -2.17       |
|    explained_variance   | 0.553       |
|    learning_rate        | 0.0003      |
|    loss                 | 5.42        |
|    n_updates            | 250         |
|    policy_gradient_loss | -0.00643    |
|    std                  | 0.717       |
|    value_loss           | 8.46        |
-----------------------------------------
-----------------------------------------
| rollout/                |             |
|    ep_len_mean          | 140         |
|    ep_rew_mean          | 59.7        |
| time/                   |             |
|    fps                  | 35          |
|    iterations           | 27          |
|    time_elapsed         | 12548       |
|    total_timesteps      | 442368      |
| train/                  |             |
|    approx_kl            | 0.010430943 |
|    clip_fraction        | 0.094       |
|    clip_range           | 0.2         |
|    entropy_loss         | -2.09       |
|    explained_variance   | 0.565       |
|    learning_rate        | 0.0003      |
|    loss                 | 4.39        |
|    n_updates            | 260         |
|    policy_gradient_loss | -0.00586    |
|    std                  | 0.691       |
|    value_loss           | 8.39        |
-----------------------------------------
-----------------------------------------
| rollout/                |             |
|    ep_len_mean          | 140         |
|    ep_rew_mean          | 61.8        |
| time/                   |             |
|    fps                  | 35          |
|    iterations           | 28          |
|    time_elapsed         | 13009       |
|    total_timesteps      | 458752      |
| train/                  |             |
|    approx_kl            | 0.012027717 |
|    clip_fraction        | 0.105       |
|    clip_range           | 0.2         |
|    entropy_loss         | -2.01       |
|    explained_variance   | 0.621       |
|    learning_rate        | 0.0003      |
|    loss                 | 4.53        |
|    n_updates            | 270         |
|    policy_gradient_loss | -0.00748    |
|    std                  | 0.666       |
|    value_loss           | 8.97        |
-----------------------------------------
-----------------------------------------
| rollout/                |             |
|    ep_len_mean          | 140         |
|    ep_rew_mean          | 68.9        |
| time/                   |             |
|    fps                  | 35          |
|    iterations           | 29          |
|    time_elapsed         | 13471       |
|    total_timesteps      | 475136      |
| train/                  |             |
|    approx_kl            | 0.009469194 |
|    clip_fraction        | 0.0925      |
|    clip_range           | 0.2         |
|    entropy_loss         | -1.94       |
|    explained_variance   | 0.649       |
|    learning_rate        | 0.0003      |
|    loss                 | 3.76        |
|    n_updates            | 280         |
|    policy_gradient_loss | -0.00516    |
|    std                  | 0.642       |
|    value_loss           | 9.74        |
-----------------------------------------
-----------------------------------------
| rollout/                |             |
|    ep_len_mean          | 140         |
|    ep_rew_mean          | 73.3        |
| time/                   |             |
|    fps                  | 35          |
|    iterations           | 30          |
|    time_elapsed         | 13931       |
|    total_timesteps      | 491520      |
| train/                  |             |
|    approx_kl            | 0.011679083 |
|    clip_fraction        | 0.108       |
|    clip_range           | 0.2         |
|    entropy_loss         | -1.86       |
|    explained_variance   | 0.591       |
|    learning_rate        | 0.0003      |
|    loss                 | 5.82        |
|    n_updates            | 290         |
|    policy_gradient_loss | -0.00762    |
|    std                  | 0.618       |
|    value_loss           | 9.44        |
-----------------------------------------
-----------------------------------------
| rollout/                |             |
|    ep_len_mean          | 140         |
|    ep_rew_mean          | 77.8        |
| time/                   |             |
|    fps                  | 35          |
|    iterations           | 31          |
|    time_elapsed         | 14393       |
|    total_timesteps      | 507904      |
| train/                  |             |
|    approx_kl            | 0.012014657 |
|    clip_fraction        | 0.106       |
|    clip_range           | 0.2         |
|    entropy_loss         | -1.79       |
|    explained_variance   | 0.625       |
|    learning_rate        | 0.0003      |
|    loss                 | 3.51        |
|    n_updates            | 300         |
|    policy_gradient_loss | -0.0074     |
|    std                  | 0.597       |
|    value_loss           | 8.73        |
-----------------------------------------
ppo_baseline_highway_lanechange_dense_v4_seed1 obs shape: (15, 5) action space: Box(-1.0, 1.0, (2,), float32)
Using cpu device
Logging to runs/tb/ppo_baseline_highway_lanechange_dense_v4_seed1_1
---------------------------------
| rollout/           |          |
|    ep_len_mean     | 140      |
|    ep_rew_mean     | 7.44     |
| time/              |          |
|    fps             | 36       |
|    iterations      | 1        |
|    time_elapsed    | 451      |
|    total_timesteps | 16384    |
---------------------------------
-----------------------------------------
| rollout/                |             |
|    ep_len_mean          | 140         |
|    ep_rew_mean          | 7.84        |
| time/                   |             |
|    fps                  | 36          |
|    iterations           | 2           |
|    time_elapsed         | 908         |
|    total_timesteps      | 32768       |
| train/                  |             |
|    approx_kl            | 0.003159055 |
|    clip_fraction        | 0.0174      |
|    clip_range           | 0.2         |
|    entropy_loss         | -2.82       |
|    explained_variance   | -0.0475     |
|    learning_rate        | 0.0003      |
|    loss                 | 0.463       |
|    n_updates            | 10          |
|    policy_gradient_loss | -0.0015     |
|    std                  | 0.989       |
|    value_loss           | 1.24        |
-----------------------------------------
----------------------------------------
| rollout/                |            |
|    ep_len_mean          | 140        |
|    ep_rew_mean          | 8.76       |
| time/                   |            |
|    fps                  | 36         |
|    iterations           | 3          |
|    time_elapsed         | 1363       |
|    total_timesteps      | 49152      |
| train/                  |            |
|    approx_kl            | 0.00421722 |
|    clip_fraction        | 0.0216     |
|    clip_range           | 0.2        |
|    entropy_loss         | -2.8       |
|    explained_variance   | 0.205      |
|    learning_rate        | 0.0003     |
|    loss                 | 0.76       |
|    n_updates            | 20         |
|    policy_gradient_loss | -0.00149   |
|    std                  | 0.979      |
|    value_loss           | 1.6        |
----------------------------------------
------------------------------------------
| rollout/                |              |
|    ep_len_mean          | 140          |
|    ep_rew_mean          | 7.7          |
| time/                   |              |
|    fps                  | 36           |
|    iterations           | 4            |
|    time_elapsed         | 1820         |
|    total_timesteps      | 65536        |
| train/                  |              |
|    approx_kl            | 0.0036754408 |
|    clip_fraction        | 0.0264       |
|    clip_range           | 0.2          |
|    entropy_loss         | -2.79        |
|    explained_variance   | 0.261        |
|    learning_rate        | 0.0003       |
|    loss                 | 1.01         |
|    n_updates            | 30           |
|    policy_gradient_loss | -0.00174     |
|    std                  | 0.976        |
|    value_loss           | 2.01         |
------------------------------------------
------------------------------------------
| rollout/                |              |
|    ep_len_mean          | 140          |
|    ep_rew_mean          | 7.45         |
| time/                   |              |
|    fps                  | 35           |
|    iterations           | 5            |
|    time_elapsed         | 2276         |
|    total_timesteps      | 81920        |
| train/                  |              |
|    approx_kl            | 0.0020095557 |
|    clip_fraction        | 0.0193       |
|    clip_range           | 0.2          |
|    entropy_loss         | -2.78        |
|    explained_variance   | 0.266        |
|    learning_rate        | 0.0003       |
|    loss                 | 0.9          |
|    n_updates            | 40           |
|    policy_gradient_loss | -0.000908    |
|    std                  | 0.975        |
|    value_loss           | 1.86         |
------------------------------------------
------------------------------------------
| rollout/                |              |
|    ep_len_mean          | 140          |
|    ep_rew_mean          | 9.76         |
| time/                   |              |
|    fps                  | 35           |
|    iterations           | 6            |
|    time_elapsed         | 2733         |
|    total_timesteps      | 98304        |
| train/                  |              |
|    approx_kl            | 0.0031390334 |
|    clip_fraction        | 0.027        |
|    clip_range           | 0.2          |
|    entropy_loss         | -2.79        |
|    explained_variance   | 0.284        |
|    learning_rate        | 0.0003       |
|    loss                 | 0.395        |
|    n_updates            | 50           |
|    policy_gradient_loss | -0.00224     |
|    std                  | 0.974        |
|    value_loss           | 1.42         |
------------------------------------------
------------------------------------------
| rollout/                |              |
|    ep_len_mean          | 140          |
|    ep_rew_mean          | 9.97         |
| time/                   |              |
|    fps                  | 35           |
|    iterations           | 7            |
|    time_elapsed         | 3191         |
|    total_timesteps      | 114688       |
| train/                  |              |
|    approx_kl            | 0.0034996988 |
|    clip_fraction        | 0.0276       |
|    clip_range           | 0.2          |
|    entropy_loss         | -2.78        |
|    explained_variance   | 0.285        |
|    learning_rate        | 0.0003       |
|    loss                 | 1.32         |
|    n_updates            | 60           |
|    policy_gradient_loss | -0.00174     |
|    std                  | 0.973        |
|    value_loss           | 2.06         |
------------------------------------------
-----------------------------------------
| rollout/                |             |
|    ep_len_mean          | 140         |
|    ep_rew_mean          | 8.42        |
| time/                   |             |
|    fps                  | 35          |
|    iterations           | 8           |
|    time_elapsed         | 3649        |
|    total_timesteps      | 131072      |
| train/                  |             |
|    approx_kl            | 0.004452234 |
|    clip_fraction        | 0.042       |
|    clip_range           | 0.2         |
|    entropy_loss         | -2.78       |
|    explained_variance   | 0.296       |
|    learning_rate        | 0.0003      |
|    loss                 | 1.38        |
|    n_updates            | 70          |
|    policy_gradient_loss | -0.00236    |
|    std                  | 0.972       |
|    value_loss           | 2.11        |
-----------------------------------------
-----------------------------------------
| rollout/                |             |
|    ep_len_mean          | 140         |
|    ep_rew_mean          | 9.11        |
| time/                   |             |
|    fps                  | 35          |
|    iterations           | 9           |
|    time_elapsed         | 4106        |
|    total_timesteps      | 147456      |
| train/                  |             |
|    approx_kl            | 0.004655648 |
|    clip_fraction        | 0.0384      |
|    clip_range           | 0.2         |
|    entropy_loss         | -2.76       |
|    explained_variance   | 0.346       |
|    learning_rate        | 0.0003      |
|    loss                 | 1.02        |
|    n_updates            | 80          |
|    policy_gradient_loss | -0.00234    |
|    std                  | 0.96        |
|    value_loss           | 1.82        |
-----------------------------------------
-----------------------------------------
| rollout/                |             |
|    ep_len_mean          | 140         |
|    ep_rew_mean          | 9.44        |
| time/                   |             |
|    fps                  | 35          |
|    iterations           | 10          |
|    time_elapsed         | 4564        |
|    total_timesteps      | 163840      |
| train/                  |             |
|    approx_kl            | 0.004297972 |
|    clip_fraction        | 0.0389      |
|    clip_range           | 0.2         |
|    entropy_loss         | -2.73       |
|    explained_variance   | 0.391       |
|    learning_rate        | 0.0003      |
|    loss                 | 1.5         |
|    n_updates            | 90          |
|    policy_gradient_loss | -0.00237    |
|    std                  | 0.941       |
|    value_loss           | 1.88        |
-----------------------------------------
------------------------------------------
| rollout/                |              |
|    ep_len_mean          | 140          |
|    ep_rew_mean          | 10.8         |
| time/                   |              |
|    fps                  | 35           |
|    iterations           | 11           |
|    time_elapsed         | 5022         |
|    total_timesteps      | 180224       |
| train/                  |              |
|    approx_kl            | 0.0038168733 |
|    clip_fraction        | 0.0288       |
|    clip_range           | 0.2          |
|    entropy_loss         | -2.72        |
|    explained_variance   | 0.381        |
|    learning_rate        | 0.0003       |
|    loss                 | 1.8          |
|    n_updates            | 100          |
|    policy_gradient_loss | -0.00155     |
|    std                  | 0.946        |
|    value_loss           | 2.16         |
------------------------------------------
-----------------------------------------
| rollout/                |             |
|    ep_len_mean          | 140         |
|    ep_rew_mean          | 11.5        |
| time/                   |             |
|    fps                  | 35          |
|    iterations           | 12          |
|    time_elapsed         | 5480        |
|    total_timesteps      | 196608      |
| train/                  |             |
|    approx_kl            | 0.004955209 |
|    clip_fraction        | 0.0453      |
|    clip_range           | 0.2         |
|    entropy_loss         | -2.7        |
|    explained_variance   | 0.395       |
|    learning_rate        | 0.0003      |
|    loss                 | 0.937       |
|    n_updates            | 110         |
|    policy_gradient_loss | -0.00218    |
|    std                  | 0.929       |
|    value_loss           | 2.23        |
-----------------------------------------
------------------------------------------
| rollout/                |              |
|    ep_len_mean          | 140          |
|    ep_rew_mean          | 12.4         |
| time/                   |              |
|    fps                  | 35           |
|    iterations           | 13           |
|    time_elapsed         | 5938         |
|    total_timesteps      | 212992       |
| train/                  |              |
|    approx_kl            | 0.0050525777 |
|    clip_fraction        | 0.0478       |
|    clip_range           | 0.2          |
|    entropy_loss         | -2.67        |
|    explained_variance   | 0.378        |
|    learning_rate        | 0.0003       |
|    loss                 | 0.752        |
|    n_updates            | 120          |
|    policy_gradient_loss | -0.00275     |
|    std                  | 0.917        |
|    value_loss           | 2.56         |
------------------------------------------
-----------------------------------------
| rollout/                |             |
|    ep_len_mean          | 140         |
|    ep_rew_mean          | 13.4        |
| time/                   |             |
|    fps                  | 35          |
|    iterations           | 14          |
|    time_elapsed         | 6396        |
|    total_timesteps      | 229376      |
| train/                  |             |
|    approx_kl            | 0.005604173 |
|    clip_fraction        | 0.0541      |
|    clip_range           | 0.2         |
|    entropy_loss         | -2.64       |
|    explained_variance   | 0.406       |
|    learning_rate        | 0.0003      |
|    loss                 | 1.35        |
|    n_updates            | 130         |
|    policy_gradient_loss | -0.00318    |
|    std                  | 0.904       |
|    value_loss           | 2.59        |
-----------------------------------------
-----------------------------------------
| rollout/                |             |
|    ep_len_mean          | 140         |
|    ep_rew_mean          | 15.8        |
| time/                   |             |
|    fps                  | 35          |
|    iterations           | 15          |
|    time_elapsed         | 6854        |
|    total_timesteps      | 245760      |
| train/                  |             |
|    approx_kl            | 0.005904847 |
|    clip_fraction        | 0.0562      |
|    clip_range           | 0.2         |
|    entropy_loss         | -2.61       |
|    explained_variance   | 0.398       |
|    learning_rate        | 0.0003      |
|    loss                 | 1.8         |
|    n_updates            | 140         |
|    policy_gradient_loss | -0.00297    |
|    std                  | 0.887       |
|    value_loss           | 3.22        |
-----------------------------------------
-----------------------------------------
| rollout/                |             |
|    ep_len_mean          | 140         |
|    ep_rew_mean          | 16.7        |
| time/                   |             |
|    fps                  | 35          |
|    iterations           | 16          |
|    time_elapsed         | 7312        |
|    total_timesteps      | 262144      |
| train/                  |             |
|    approx_kl            | 0.007968005 |
|    clip_fraction        | 0.0818      |
|    clip_range           | 0.2         |
|    entropy_loss         | -2.57       |
|    explained_variance   | 0.417       |
|    learning_rate        | 0.0003      |
|    loss                 | 2.09        |
|    n_updates            | 150         |
|    policy_gradient_loss | -0.00476    |
|    std                  | 0.869       |
|    value_loss           | 3.86        |
-----------------------------------------
------------------------------------------
| rollout/                |              |
|    ep_len_mean          | 140          |
|    ep_rew_mean          | 18.6         |
| time/                   |              |
|    fps                  | 35           |
|    iterations           | 17           |
|    time_elapsed         | 7770         |
|    total_timesteps      | 278528       |
| train/                  |              |
|    approx_kl            | 0.0062577277 |
|    clip_fraction        | 0.0677       |
|    clip_range           | 0.2          |
|    entropy_loss         | -2.53        |
|    explained_variance   | 0.45         |
|    learning_rate        | 0.0003       |
|    loss                 | 1.74         |
|    n_updates            | 160          |
|    policy_gradient_loss | -0.0037      |
|    std                  | 0.854        |
|    value_loss           | 3.37         |
------------------------------------------
----------------------------------------
| rollout/                |            |
|    ep_len_mean          | 140        |
|    ep_rew_mean          | 22         |
| time/                   |            |
|    fps                  | 35         |
|    iterations           | 18         |
|    time_elapsed         | 8226       |
|    total_timesteps      | 294912     |
| train/                  |            |
|    approx_kl            | 0.00796785 |
|    clip_fraction        | 0.0849     |
|    clip_range           | 0.2        |
|    entropy_loss         | -2.49      |
|    explained_variance   | 0.498      |
|    learning_rate        | 0.0003     |
|    loss                 | 1.36       |
|    n_updates            | 170        |
|    policy_gradient_loss | -0.00549   |
|    std                  | 0.836      |
|    value_loss           | 3.97       |
----------------------------------------
------------------------------------------
| rollout/                |              |
|    ep_len_mean          | 140          |
|    ep_rew_mean          | 26.3         |
| time/                   |              |
|    fps                  | 35           |
|    iterations           | 19           |
|    time_elapsed         | 8683         |
|    total_timesteps      | 311296       |
| train/                  |              |
|    approx_kl            | 0.0068910765 |
|    clip_fraction        | 0.0711       |
|    clip_range           | 0.2          |
|    entropy_loss         | -2.43        |
|    explained_variance   | 0.467        |
|    learning_rate        | 0.0003       |
|    loss                 | 2.51         |
|    n_updates            | 180          |
|    policy_gradient_loss | -0.00484     |
|    std                  | 0.815        |
|    value_loss           | 4.46         |
------------------------------------------
-----------------------------------------
| rollout/                |             |
|    ep_len_mean          | 140         |
|    ep_rew_mean          | 28.7        |
| time/                   |             |
|    fps                  | 35          |
|    iterations           | 20          |
|    time_elapsed         | 9139        |
|    total_timesteps      | 327680      |
| train/                  |             |
|    approx_kl            | 0.008363965 |
|    clip_fraction        | 0.0759      |
|    clip_range           | 0.2         |
|    entropy_loss         | -2.38       |
|    explained_variance   | 0.509       |
|    learning_rate        | 0.0003      |
|    loss                 | 3.19        |
|    n_updates            | 190         |
|    policy_gradient_loss | -0.00531    |
|    std                  | 0.793       |
|    value_loss           | 5.42        |
-----------------------------------------
------------------------------------------
| rollout/                |              |
|    ep_len_mean          | 140          |
|    ep_rew_mean          | 30.4         |
| time/                   |              |
|    fps                  | 35           |
|    iterations           | 21           |
|    time_elapsed         | 9595         |
|    total_timesteps      | 344064       |
| train/                  |              |
|    approx_kl            | 0.0086051505 |
|    clip_fraction        | 0.0893       |
|    clip_range           | 0.2          |
|    entropy_loss         | -2.34        |
|    explained_variance   | 0.503        |
|    learning_rate        | 0.0003       |
|    loss                 | 3.26         |
|    n_updates            | 200          |
|    policy_gradient_loss | -0.00669     |
|    std                  | 0.776        |
|    value_loss           | 5.97         |
------------------------------------------
-----------------------------------------
| rollout/                |             |
|    ep_len_mean          | 140         |
|    ep_rew_mean          | 37.4        |
| time/                   |             |
|    fps                  | 35          |
|    iterations           | 22          |
|    time_elapsed         | 10048       |
|    total_timesteps      | 360448      |
| train/                  |             |
|    approx_kl            | 0.008116577 |
|    clip_fraction        | 0.0819      |
|    clip_range           | 0.2         |
|    entropy_loss         | -2.29       |
|    explained_variance   | 0.493       |
|    learning_rate        | 0.0003      |
|    loss                 | 2.55        |
|    n_updates            | 210         |
|    policy_gradient_loss | -0.00579    |
|    std                  | 0.759       |
|    value_loss           | 5.93        |
-----------------------------------------
-----------------------------------------
| rollout/                |             |
|    ep_len_mean          | 140         |
|    ep_rew_mean          | 39.2        |
| time/                   |             |
|    fps                  | 35          |
|    iterations           | 23          |
|    time_elapsed         | 10497       |
|    total_timesteps      | 376832      |
| train/                  |             |
|    approx_kl            | 0.008974969 |
|    clip_fraction        | 0.0878      |
|    clip_range           | 0.2         |
|    entropy_loss         | -2.25       |
|    explained_variance   | 0.54        |
|    learning_rate        | 0.0003      |
|    loss                 | 3.04        |
|    n_updates            | 220         |
|    policy_gradient_loss | -0.00689    |
|    std                  | 0.741       |
|    value_loss           | 6.44        |
-----------------------------------------
-----------------------------------------
| rollout/                |             |
|    ep_len_mean          | 140         |
|    ep_rew_mean          | 43.4        |
| time/                   |             |
|    fps                  | 35          |
|    iterations           | 24          |
|    time_elapsed         | 10941       |
|    total_timesteps      | 393216      |
| train/                  |             |
|    approx_kl            | 0.008726116 |
|    clip_fraction        | 0.0765      |
|    clip_range           | 0.2         |
|    entropy_loss         | -2.19       |
|    explained_variance   | 0.561       |
|    learning_rate        | 0.0003      |
|    loss                 | 3.42        |
|    n_updates            | 230         |
|    policy_gradient_loss | -0.00498    |
|    std                  | 0.722       |
|    value_loss           | 6.47        |
-----------------------------------------
-----------------------------------------
| rollout/                |             |
|    ep_len_mean          | 140         |
|    ep_rew_mean          | 50.8        |
| time/                   |             |
|    fps                  | 35          |
|    iterations           | 25          |
|    time_elapsed         | 11387       |
|    total_timesteps      | 409600      |
| train/                  |             |
|    approx_kl            | 0.009498645 |
|    clip_fraction        | 0.0979      |
|    clip_range           | 0.2         |
|    entropy_loss         | -2.14       |
|    explained_variance   | 0.6         |
|    learning_rate        | 0.0003      |
|    loss                 | 2.9         |
|    n_updates            | 240         |
|    policy_gradient_loss | -0.00749    |
|    std                  | 0.702       |
|    value_loss           | 7.17        |
-----------------------------------------
-----------------------------------------
| rollout/                |             |
|    ep_len_mean          | 140         |
|    ep_rew_mean          | 56.5        |
| time/                   |             |
|    fps                  | 36          |
|    iterations           | 26          |
|    time_elapsed         | 11832       |
|    total_timesteps      | 425984      |
| train/                  |             |
|    approx_kl            | 0.009945186 |
|    clip_fraction        | 0.101       |
|    clip_range           | 0.2         |
|    entropy_loss         | -2.07       |
|    explained_variance   | 0.627       |
|    learning_rate        | 0.0003      |
|    loss                 | 4.35        |
|    n_updates            | 250         |
|    policy_gradient_loss | -0.00716    |
|    std                  | 0.677       |
|    value_loss           | 8.53        |
-----------------------------------------
-----------------------------------------
| rollout/                |             |
|    ep_len_mean          | 140         |
|    ep_rew_mean          | 60.1        |
| time/                   |             |
|    fps                  | 36          |
|    iterations           | 27          |
|    time_elapsed         | 12277       |
|    total_timesteps      | 442368      |
| train/                  |             |
|    approx_kl            | 0.009935502 |
|    clip_fraction        | 0.0984      |
|    clip_range           | 0.2         |
|    entropy_loss         | -1.99       |
|    explained_variance   | 0.633       |
|    learning_rate        | 0.0003      |
|    loss                 | 2.97        |
|    n_updates            | 260         |
|    policy_gradient_loss | -0.00783    |
|    std                  | 0.656       |
|    value_loss           | 8.76        |
-----------------------------------------
-----------------------------------------
| rollout/                |             |
|    ep_len_mean          | 140         |
|    ep_rew_mean          | 66.8        |
| time/                   |             |
|    fps                  | 36          |
|    iterations           | 28          |
|    time_elapsed         | 12722       |
|    total_timesteps      | 458752      |
| train/                  |             |
|    approx_kl            | 0.010891333 |
|    clip_fraction        | 0.103       |
|    clip_range           | 0.2         |
|    entropy_loss         | -1.92       |
|    explained_variance   | 0.687       |
|    learning_rate        | 0.0003      |
|    loss                 | 5.06        |
|    n_updates            | 270         |
|    policy_gradient_loss | -0.00777    |
|    std                  | 0.629       |
|    value_loss           | 9.86        |
-----------------------------------------
-----------------------------------------
| rollout/                |             |
|    ep_len_mean          | 140         |
|    ep_rew_mean          | 76.4        |
| time/                   |             |
|    fps                  | 36          |
|    iterations           | 29          |
|    time_elapsed         | 13168       |
|    total_timesteps      | 475136      |
| train/                  |             |
|    approx_kl            | 0.010381918 |
|    clip_fraction        | 0.101       |
|    clip_range           | 0.2         |
|    entropy_loss         | -1.85       |
|    explained_variance   | 0.689       |
|    learning_rate        | 0.0003      |
|    loss                 | 4.29        |
|    n_updates            | 280         |
|    policy_gradient_loss | -0.00754    |
|    std                  | 0.61        |
|    value_loss           | 9.71        |
-----------------------------------------
-----------------------------------------
| rollout/                |             |
|    ep_len_mean          | 140         |
|    ep_rew_mean          | 80.1        |
| time/                   |             |
|    fps                  | 36          |
|    iterations           | 30          |
|    time_elapsed         | 13614       |
|    total_timesteps      | 491520      |
| train/                  |             |
|    approx_kl            | 0.010448059 |
|    clip_fraction        | 0.106       |
|    clip_range           | 0.2         |
|    entropy_loss         | -1.78       |
|    explained_variance   | 0.609       |
|    learning_rate        | 0.0003      |
|    loss                 | 2.82        |
|    n_updates            | 290         |
|    policy_gradient_loss | -0.00903    |
|    std                  | 0.588       |
|    value_loss           | 8.58        |
-----------------------------------------
------------------------------------------
| rollout/                |              |
|    ep_len_mean          | 140          |
|    ep_rew_mean          | 85.7         |
| time/                   |              |
|    fps                  | 36           |
|    iterations           | 31           |
|    time_elapsed         | 14059        |
|    total_timesteps      | 507904       |
| train/                  |              |
|    approx_kl            | 0.0113605745 |
|    clip_fraction        | 0.105        |
|    clip_range           | 0.2          |
|    entropy_loss         | -1.71        |
|    explained_variance   | 0.679        |
|    learning_rate        | 0.0003       |
|    loss                 | 5.7          |
|    n_updates            | 300          |
|    policy_gradient_loss | -0.00756     |
|    std                  | 0.567        |
|    value_loss           | 7.8          |
------------------------------------------
ppo_baseline_highway_lanechange_dense_v4_seed2 obs shape: (15, 5) action space: Box(-1.0, 1.0, (2,), float32)
Using cpu device
Logging to runs/tb/ppo_baseline_highway_lanechange_dense_v4_seed2_1
---------------------------------
| rollout/           |          |
|    ep_len_mean     | 139      |
|    ep_rew_mean     | 7.42     |
| time/              |          |
|    fps             | 36       |
|    iterations      | 1        |
|    time_elapsed    | 449      |
|    total_timesteps | 16384    |
---------------------------------
-----------------------------------------
| rollout/                |             |
|    ep_len_mean          | 140         |
|    ep_rew_mean          | 8.22        |
| time/                   |             |
|    fps                  | 36          |
|    iterations           | 2           |
|    time_elapsed         | 903         |
|    total_timesteps      | 32768       |
| train/                  |             |
|    approx_kl            | 0.002837131 |
|    clip_fraction        | 0.0159      |
|    clip_range           | 0.2         |
|    entropy_loss         | -2.82       |
|    explained_variance   | -0.0186     |
|    learning_rate        | 0.0003      |
|    loss                 | 0.586       |
|    n_updates            | 10          |
|    policy_gradient_loss | -0.00109    |
|    std                  | 0.991       |
|    value_loss           | 1.09        |
-----------------------------------------
-----------------------------------------
| rollout/                |             |
|    ep_len_mean          | 140         |
|    ep_rew_mean          | 9.46        |
| time/                   |             |
|    fps                  | 36          |
|    iterations           | 3           |
|    time_elapsed         | 1353        |
|    total_timesteps      | 49152       |
| train/                  |             |
|    approx_kl            | 0.004124892 |
|    clip_fraction        | 0.0243      |
|    clip_range           | 0.2         |
|    entropy_loss         | -2.82       |
|    explained_variance   | 0.212       |
|    learning_rate        | 0.0003      |
|    loss                 | 0.68        |
|    n_updates            | 20          |
|    policy_gradient_loss | -0.00179    |
|    std                  | 0.992       |
|    value_loss           | 1.56        |
-----------------------------------------
-----------------------------------------
| rollout/                |             |
|    ep_len_mean          | 140         |
|    ep_rew_mean          | 7.56        |
| time/                   |             |
|    fps                  | 36          |
|    iterations           | 4           |
|    time_elapsed         | 1797        |
|    total_timesteps      | 65536       |
| train/                  |             |
|    approx_kl            | 0.002800142 |
|    clip_fraction        | 0.0189      |
|    clip_range           | 0.2         |
|    entropy_loss         | -2.83       |
|    explained_variance   | 0.233       |
|    learning_rate        | 0.0003      |
|    loss                 | 0.826       |
|    n_updates            | 30          |
|    policy_gradient_loss | -0.00133    |
|    std                  | 0.998       |
|    value_loss           | 2.01        |
-----------------------------------------
-----------------------------------------
| rollout/                |             |
|    ep_len_mean          | 140         |
|    ep_rew_mean          | 7.88        |
| time/                   |             |
|    fps                  | 36          |
|    iterations           | 5           |
|    time_elapsed         | 2243        |
|    total_timesteps      | 81920       |
| train/                  |             |
|    approx_kl            | 0.002615612 |
|    clip_fraction        | 0.0174      |
|    clip_range           | 0.2         |
|    entropy_loss         | -2.83       |
|    explained_variance   | 0.334       |
|    learning_rate        | 0.0003      |
|    loss                 | 0.518       |
|    n_updates            | 40          |
|    policy_gradient_loss | -0.00098    |
|    std                  | 0.998       |
|    value_loss           | 1.64        |
-----------------------------------------
------------------------------------------
| rollout/                |              |
|    ep_len_mean          | 140          |
|    ep_rew_mean          | 7.38         |
| time/                   |              |
|    fps                  | 36           |
|    iterations           | 6            |
|    time_elapsed         | 2688         |
|    total_timesteps      | 98304        |
| train/                  |              |
|    approx_kl            | 0.0037868568 |
|    clip_fraction        | 0.0313       |
|    clip_range           | 0.2          |
|    entropy_loss         | -2.82        |
|    explained_variance   | 0.323        |
|    learning_rate        | 0.0003       |
|    loss                 | 0.607        |
|    n_updates            | 50           |
|    policy_gradient_loss | -0.00205     |
|    std                  | 0.99         |
|    value_loss           | 1.74         |
------------------------------------------
------------------------------------------
| rollout/                |              |
|    ep_len_mean          | 140          |
|    ep_rew_mean          | 8.51         |
| time/                   |              |
|    fps                  | 36           |
|    iterations           | 7            |
|    time_elapsed         | 3131         |
|    total_timesteps      | 114688       |
| train/                  |              |
|    approx_kl            | 0.0041315844 |
|    clip_fraction        | 0.0318       |
|    clip_range           | 0.2          |
|    entropy_loss         | -2.81        |
|    explained_variance   | 0.385        |
|    learning_rate        | 0.0003       |
|    loss                 | 1.05         |
|    n_updates            | 60           |
|    policy_gradient_loss | -0.00168     |
|    std                  | 0.986        |
|    value_loss           | 1.84         |
------------------------------------------
------------------------------------------
| rollout/                |              |
|    ep_len_mean          | 140          |
|    ep_rew_mean          | 9.31         |
| time/                   |              |
|    fps                  | 36           |
|    iterations           | 8            |
|    time_elapsed         | 3576         |
|    total_timesteps      | 131072       |
| train/                  |              |
|    approx_kl            | 0.0047582174 |
|    clip_fraction        | 0.0374       |
|    clip_range           | 0.2          |
|    entropy_loss         | -2.8         |
|    explained_variance   | 0.348        |
|    learning_rate        | 0.0003       |
|    loss                 | 0.632        |
|    n_updates            | 70           |
|    policy_gradient_loss | -0.00255     |
|    std                  | 0.983        |
|    value_loss           | 2.16         |
------------------------------------------
-----------------------------------------
| rollout/                |             |
|    ep_len_mean          | 140         |
|    ep_rew_mean          | 10.2        |
| time/                   |             |
|    fps                  | 36          |
|    iterations           | 9           |
|    time_elapsed         | 4021        |
|    total_timesteps      | 147456      |
| train/                  |             |
|    approx_kl            | 0.003973442 |
|    clip_fraction        | 0.0253      |
|    clip_range           | 0.2         |
|    entropy_loss         | -2.79       |
|    explained_variance   | 0.349       |
|    learning_rate        | 0.0003      |
|    loss                 | 0.673       |
|    n_updates            | 80          |
|    policy_gradient_loss | -0.00183    |
|    std                  | 0.975       |
|    value_loss           | 1.92        |
-----------------------------------------
------------------------------------------
| rollout/                |              |
|    ep_len_mean          | 140          |
|    ep_rew_mean          | 9.74         |
| time/                   |              |
|    fps                  | 36           |
|    iterations           | 10           |
|    time_elapsed         | 4466         |
|    total_timesteps      | 163840       |
| train/                  |              |
|    approx_kl            | 0.0053092404 |
|    clip_fraction        | 0.0483       |
|    clip_range           | 0.2          |
|    entropy_loss         | -2.78        |
|    explained_variance   | 0.347        |
|    learning_rate        | 0.0003       |
|    loss                 | 1.1          |
|    n_updates            | 90           |
|    policy_gradient_loss | -0.00343     |
|    std                  | 0.968        |
|    value_loss           | 2.22         |
------------------------------------------
------------------------------------------
| rollout/                |              |
|    ep_len_mean          | 140          |
|    ep_rew_mean          | 9.82         |
| time/                   |              |
|    fps                  | 36           |
|    iterations           | 11           |
|    time_elapsed         | 4910         |
|    total_timesteps      | 180224       |
| train/                  |              |
|    approx_kl            | 0.0040685833 |
|    clip_fraction        | 0.0371       |
|    clip_range           | 0.2          |
|    entropy_loss         | -2.78        |
|    explained_variance   | 0.422        |
|    learning_rate        | 0.0003       |
|    loss                 | 0.98         |
|    n_updates            | 100          |
|    policy_gradient_loss | -0.00289     |
|    std                  | 0.975        |
|    value_loss           | 2.22         |
------------------------------------------
------------------------------------------
| rollout/                |              |
|    ep_len_mean          | 140          |
|    ep_rew_mean          | 11.7         |
| time/                   |              |
|    fps                  | 36           |
|    iterations           | 12           |
|    time_elapsed         | 5354         |
|    total_timesteps      | 196608       |
| train/                  |              |
|    approx_kl            | 0.0048126513 |
|    clip_fraction        | 0.046        |
|    clip_range           | 0.2          |
|    entropy_loss         | -2.77        |
|    explained_variance   | 0.379        |
|    learning_rate        | 0.0003       |
|    loss                 | 1.05         |
|    n_updates            | 110          |
|    policy_gradient_loss | -0.00271     |
|    std                  | 0.968        |
|    value_loss           | 2.06         |
------------------------------------------
------------------------------------------
| rollout/                |              |
|    ep_len_mean          | 140          |
|    ep_rew_mean          | 12.3         |
| time/                   |              |
|    fps                  | 36           |
|    iterations           | 13           |
|    time_elapsed         | 5800         |
|    total_timesteps      | 212992       |
| train/                  |              |
|    approx_kl            | 0.0058884635 |
|    clip_fraction        | 0.0462       |
|    clip_range           | 0.2          |
|    entropy_loss         | -2.75        |
|    explained_variance   | 0.393        |
|    learning_rate        | 0.0003       |
|    loss                 | 1.13         |
|    n_updates            | 120          |
|    policy_gradient_loss | -0.00355     |
|    std                  | 0.954        |
|    value_loss           | 2.49         |
------------------------------------------
-----------------------------------------
| rollout/                |             |
|    ep_len_mean          | 140         |
|    ep_rew_mean          | 14.1        |
| time/                   |             |
|    fps                  | 36          |
|    iterations           | 14          |
|    time_elapsed         | 6245        |
|    total_timesteps      | 229376      |
| train/                  |             |
|    approx_kl            | 0.005611465 |
|    clip_fraction        | 0.0504      |
|    clip_range           | 0.2         |
|    entropy_loss         | -2.71       |
|    explained_variance   | 0.433       |
|    learning_rate        | 0.0003      |
|    loss                 | 1.63        |
|    n_updates            | 130         |
|    policy_gradient_loss | -0.00346    |
|    std                  | 0.931       |
|    value_loss           | 2.68        |
-----------------------------------------
-----------------------------------------
| rollout/                |             |
|    ep_len_mean          | 140         |
|    ep_rew_mean          | 16.3        |
| time/                   |             |
|    fps                  | 36          |
|    iterations           | 15          |
|    time_elapsed         | 6691        |
|    total_timesteps      | 245760      |
| train/                  |             |
|    approx_kl            | 0.006514245 |
|    clip_fraction        | 0.0611      |
|    clip_range           | 0.2         |
|    entropy_loss         | -2.67       |
|    explained_variance   | 0.441       |
|    learning_rate        | 0.0003      |
|    loss                 | 1.96        |
|    n_updates            | 140         |
|    policy_gradient_loss | -0.00516    |
|    std                  | 0.92        |
|    value_loss           | 3.2         |
-----------------------------------------
------------------------------------------
| rollout/                |              |
|    ep_len_mean          | 140          |
|    ep_rew_mean          | 18.2         |
| time/                   |              |
|    fps                  | 36           |
|    iterations           | 16           |
|    time_elapsed         | 7135         |
|    total_timesteps      | 262144       |
| train/                  |              |
|    approx_kl            | 0.0063043814 |
|    clip_fraction        | 0.0595       |
|    clip_range           | 0.2          |
|    entropy_loss         | -2.64        |
|    explained_variance   | 0.467        |
|    learning_rate        | 0.0003       |
|    loss                 | 2.63         |
|    n_updates            | 150          |
|    policy_gradient_loss | -0.00456     |
|    std                  | 0.903        |
|    value_loss           | 3.8          |
------------------------------------------
------------------------------------------
| rollout/                |              |
|    ep_len_mean          | 140          |
|    ep_rew_mean          | 23.3         |
| time/                   |              |
|    fps                  | 36           |
|    iterations           | 17           |
|    time_elapsed         | 7581         |
|    total_timesteps      | 278528       |
| train/                  |              |
|    approx_kl            | 0.0065836664 |
|    clip_fraction        | 0.0681       |
|    clip_range           | 0.2          |
|    entropy_loss         | -2.61        |
|    explained_variance   | 0.413        |
|    learning_rate        | 0.0003       |
|    loss                 | 1.55         |
|    n_updates            | 160          |
|    policy_gradient_loss | -0.00522     |
|    std                  | 0.888        |
|    value_loss           | 4.21         |
------------------------------------------
-----------------------------------------
| rollout/                |             |
|    ep_len_mean          | 140         |
|    ep_rew_mean          | 26.3        |
| time/                   |             |
|    fps                  | 36          |
|    iterations           | 18          |
|    time_elapsed         | 8026        |
|    total_timesteps      | 294912      |
| train/                  |             |
|    approx_kl            | 0.007513688 |
|    clip_fraction        | 0.0753      |
|    clip_range           | 0.2         |
|    entropy_loss         | -2.56       |
|    explained_variance   | 0.445       |
|    learning_rate        | 0.0003      |
|    loss                 | 2.8         |
|    n_updates            | 170         |
|    policy_gradient_loss | -0.00567    |
|    std                  | 0.868       |
|    value_loss           | 5.27        |
-----------------------------------------
----------------------------------------
| rollout/                |            |
|    ep_len_mean          | 140        |
|    ep_rew_mean          | 30.7       |
| time/                   |            |
|    fps                  | 36         |
|    iterations           | 19         |
|    time_elapsed         | 8471       |
|    total_timesteps      | 311296     |
| train/                  |            |
|    approx_kl            | 0.00943174 |
|    clip_fraction        | 0.0878     |
|    clip_range           | 0.2        |
|    entropy_loss         | -2.52      |
|    explained_variance   | 0.449      |
|    learning_rate        | 0.0003     |
|    loss                 | 3.29       |
|    n_updates            | 180        |
|    policy_gradient_loss | -0.0068    |
|    std                  | 0.85       |
|    value_loss           | 6.57       |
----------------------------------------
-----------------------------------------
| rollout/                |             |
|    ep_len_mean          | 140         |
|    ep_rew_mean          | 34.3        |
| time/                   |             |
|    fps                  | 36          |
|    iterations           | 20          |
|    time_elapsed         | 8915        |
|    total_timesteps      | 327680      |
| train/                  |             |
|    approx_kl            | 0.008572751 |
|    clip_fraction        | 0.0756      |
|    clip_range           | 0.2         |
|    entropy_loss         | -2.47       |
|    explained_variance   | 0.429       |
|    learning_rate        | 0.0003      |
|    loss                 | 4.63        |
|    n_updates            | 190         |
|    policy_gradient_loss | -0.00555    |
|    std                  | 0.828       |
|    value_loss           | 8.1         |
-----------------------------------------
-----------------------------------------
| rollout/                |             |
|    ep_len_mean          | 140         |
|    ep_rew_mean          | 39.4        |
| time/                   |             |
|    fps                  | 36          |
|    iterations           | 21          |
|    time_elapsed         | 9362        |
|    total_timesteps      | 344064      |
| train/                  |             |
|    approx_kl            | 0.008609302 |
|    clip_fraction        | 0.0869      |
|    clip_range           | 0.2         |
|    entropy_loss         | -2.43       |
|    explained_variance   | 0.46        |
|    learning_rate        | 0.0003      |
|    loss                 | 4.38        |
|    n_updates            | 200         |
|    policy_gradient_loss | -0.00722    |
|    std                  | 0.812       |
|    value_loss           | 9.33        |
-----------------------------------------
---------------------------------------
| rollout/                |           |
|    ep_len_mean          | 140       |
|    ep_rew_mean          | 39.6      |
| time/                   |           |
|    fps                  | 36        |
|    iterations           | 22        |
|    time_elapsed         | 9807      |
|    total_timesteps      | 360448    |
| train/                  |           |
|    approx_kl            | 0.0091291 |
|    clip_fraction        | 0.0894    |
|    clip_range           | 0.2       |
|    entropy_loss         | -2.38     |
|    explained_variance   | 0.495     |
|    learning_rate        | 0.0003    |
|    loss                 | 4.56      |
|    n_updates            | 210       |
|    policy_gradient_loss | -0.00756  |
|    std                  | 0.792     |
|    value_loss           | 11.1      |
---------------------------------------
-----------------------------------------
| rollout/                |             |
|    ep_len_mean          | 140         |
|    ep_rew_mean          | 49.7        |
| time/                   |             |
|    fps                  | 36          |
|    iterations           | 23          |
|    time_elapsed         | 10252       |
|    total_timesteps      | 376832      |
| train/                  |             |
|    approx_kl            | 0.008379726 |
|    clip_fraction        | 0.0848      |
|    clip_range           | 0.2         |
|    entropy_loss         | -2.33       |
|    explained_variance   | 0.598       |
|    learning_rate        | 0.0003      |
|    loss                 | 5.2         |
|    n_updates            | 220         |
|    policy_gradient_loss | -0.00636    |
|    std                  | 0.773       |
|    value_loss           | 12.1        |
-----------------------------------------
-----------------------------------------
| rollout/                |             |
|    ep_len_mean          | 140         |
|    ep_rew_mean          | 59.2        |
| time/                   |             |
|    fps                  | 36          |
|    iterations           | 24          |
|    time_elapsed         | 10698       |
|    total_timesteps      | 393216      |
| train/                  |             |
|    approx_kl            | 0.008469397 |
|    clip_fraction        | 0.0906      |
|    clip_range           | 0.2         |
|    entropy_loss         | -2.29       |
|    explained_variance   | 0.58        |
|    learning_rate        | 0.0003      |
|    loss                 | 5.82        |
|    n_updates            | 230         |
|    policy_gradient_loss | -0.00705    |
|    std                  | 0.759       |
|    value_loss           | 13.1        |
-----------------------------------------
-----------------------------------------
| rollout/                |             |
|    ep_len_mean          | 140         |
|    ep_rew_mean          | 65.8        |
| time/                   |             |
|    fps                  | 36          |
|    iterations           | 25          |
|    time_elapsed         | 11144       |
|    total_timesteps      | 409600      |
| train/                  |             |
|    approx_kl            | 0.009390579 |
|    clip_fraction        | 0.0948      |
|    clip_range           | 0.2         |
|    entropy_loss         | -2.24       |
|    explained_variance   | 0.533       |
|    learning_rate        | 0.0003      |
|    loss                 | 5.8         |
|    n_updates            | 240         |
|    policy_gradient_loss | -0.00795    |
|    std                  | 0.741       |
|    value_loss           | 12.7        |
-----------------------------------------
-----------------------------------------
| rollout/                |             |
|    ep_len_mean          | 140         |
|    ep_rew_mean          | 71.7        |
| time/                   |             |
|    fps                  | 36          |
|    iterations           | 26          |
|    time_elapsed         | 11590       |
|    total_timesteps      | 425984      |
| train/                  |             |
|    approx_kl            | 0.008982135 |
|    clip_fraction        | 0.0909      |
|    clip_range           | 0.2         |
|    entropy_loss         | -2.19       |
|    explained_variance   | 0.633       |
|    learning_rate        | 0.0003      |
|    loss                 | 6.92        |
|    n_updates            | 250         |
|    policy_gradient_loss | -0.00668    |
|    std                  | 0.721       |
|    value_loss           | 12.4        |
-----------------------------------------
-----------------------------------------
| rollout/                |             |
|    ep_len_mean          | 140         |
|    ep_rew_mean          | 77.4        |
| time/                   |             |
|    fps                  | 36          |
|    iterations           | 27          |
|    time_elapsed         | 12035       |
|    total_timesteps      | 442368      |
| train/                  |             |
|    approx_kl            | 0.009804504 |
|    clip_fraction        | 0.102       |
|    clip_range           | 0.2         |
|    entropy_loss         | -2.12       |
|    explained_variance   | 0.537       |
|    learning_rate        | 0.0003      |
|    loss                 | 5.34        |
|    n_updates            | 260         |
|    policy_gradient_loss | -0.00743    |
|    std                  | 0.697       |
|    value_loss           | 10.5        |
-----------------------------------------
-----------------------------------------
| rollout/                |             |
|    ep_len_mean          | 140         |
|    ep_rew_mean          | 80.3        |
| time/                   |             |
|    fps                  | 36          |
|    iterations           | 28          |
|    time_elapsed         | 12480       |
|    total_timesteps      | 458752      |
| train/                  |             |
|    approx_kl            | 0.011091746 |
|    clip_fraction        | 0.111       |
|    clip_range           | 0.2         |
|    entropy_loss         | -2.05       |
|    explained_variance   | 0.403       |
|    learning_rate        | 0.0003      |
|    loss                 | 2.8         |
|    n_updates            | 270         |
|    policy_gradient_loss | -0.00912    |
|    std                  | 0.674       |
|    value_loss           | 6.92        |
-----------------------------------------
-----------------------------------------
| rollout/                |             |
|    ep_len_mean          | 140         |
|    ep_rew_mean          | 83.4        |
| time/                   |             |
|    fps                  | 36          |
|    iterations           | 29          |
|    time_elapsed         | 12927       |
|    total_timesteps      | 475136      |
| train/                  |             |
|    approx_kl            | 0.008199702 |
|    clip_fraction        | 0.09        |
|    clip_range           | 0.2         |
|    entropy_loss         | -2          |
|    explained_variance   | 0.626       |
|    learning_rate        | 0.0003      |
|    loss                 | 2.49        |
|    n_updates            | 280         |
|    policy_gradient_loss | -0.0057     |
|    std                  | 0.657       |
|    value_loss           | 5.51        |
-----------------------------------------
-----------------------------------------
| rollout/                |             |
|    ep_len_mean          | 140         |
|    ep_rew_mean          | 83          |
| time/                   |             |
|    fps                  | 36          |
|    iterations           | 30          |
|    time_elapsed         | 13373       |
|    total_timesteps      | 491520      |
| train/                  |             |
|    approx_kl            | 0.008891874 |
|    clip_fraction        | 0.0881      |
|    clip_range           | 0.2         |
|    entropy_loss         | -1.95       |
|    explained_variance   | 0.465       |
|    learning_rate        | 0.0003      |
|    loss                 | 1.26        |
|    n_updates            | 290         |
|    policy_gradient_loss | -0.00527    |
|    std                  | 0.64        |
|    value_loss           | 4.7         |
-----------------------------------------
-----------------------------------------
| rollout/                |             |
|    ep_len_mean          | 140         |
|    ep_rew_mean          | 89          |
| time/                   |             |
|    fps                  | 36          |
|    iterations           | 31          |
|    time_elapsed         | 13819       |
|    total_timesteps      | 507904      |
| train/                  |             |
|    approx_kl            | 0.009123306 |
|    clip_fraction        | 0.095       |
|    clip_range           | 0.2         |
|    entropy_loss         | -1.91       |
|    explained_variance   | 0.616       |
|    learning_rate        | 0.0003      |
|    loss                 | 1.61        |
|    n_updates            | 300         |
|    policy_gradient_loss | -0.00651    |
|    std                  | 0.627       |
|    value_loss           | 4.66        |
-----------------------------------------


###############################################################################
TCHPC Cluster: callan
Job 142133 (base_highway_lanechange_dense_ne8_500000_v4) for User 'hadjitot' in Account 'callan_hadjitot'
Finished at: Sat Feb 21 07:23:51 GMT 2026

Job efficiency estimates:
=========================

Job ID: 142133
Cluster: callan
User/Group: hadjitot/hadjitot
State: COMPLETED (exit code 0)
Nodes: 1
Cores per node: 16
CPU Utilized: 3-18:31:28
CPU Efficiency: 48.10% of 7-20:13:04 core-walltime
Job Wall-clock time: 11:45:49
Memory Utilized: 3.33 GB
Memory Efficiency: 10.41% of 32.00 GB (32.00 GB/node)

Job completion status:
======================

JobID           JobName AllocCPUS NTasks NNodes     MaxRSS    MaxRSSNode  MaxDiskRead MaxDiskWrite    Elapsed      State ExitCode 
------------ ---------- --------- ------ ------ ---------- ------------- ------------ ------------ ---------- ---------- -------- 
142133       base_high+        16             1                                                      11:45:49  COMPLETED      0:0 
142133.batch      batch        16      1      1   3491416K    callan-n01     2437.53M     1579.95M   11:45:49  COMPLETED      0:0 
142133.exte+     extern        16      1      1                                                      11:45:49  COMPLETED      0:0 


Job details:
============

JobId=142133 JobName=base_highway_lanechange_dense_ne8_500000_v4
   UserId=hadjitot(2357) GroupId=hadjitot(2300) MCS_label=N/A
   Priority=113556 Nice=0 Account=callan_hadjitot QOS=normal
   JobState=COMPLETING Reason=None Dependency=(null)
   Requeue=0 Restarts=0 BatchFlag=1 Reboot=0 ExitCode=0:0
   DerivedExitCode=0:0
   RunTime=11:45:49 TimeLimit=2-00:00:00 TimeMin=N/A
   SubmitTime=2026-02-20T16:27:36 EligibleTime=2026-02-20T16:27:36
   AccrueTime=2026-02-20T16:27:36
   StartTime=2026-02-20T19:38:02 EndTime=2026-02-21T07:23:51 Deadline=N/A
   SuspendTime=None SecsPreSuspend=0 LastSchedEval=2026-02-20T19:38:02 Scheduler=Main
   Partition=compute AllocNode:Sid=callan01:2057113
   ReqNodeList=(null) ExcNodeList=(null)
   NodeList=callan-n01
   BatchHost=callan-n01
   NumNodes=1 NumCPUs=16 NumTasks=1 CPUs/Task=16 ReqB:S:C:T=0:0:*:*
   ReqTRES=cpu=16,mem=32G,node=1,billing=16
   AllocTRES=cpu=16,mem=32G,node=1,billing=16
   Socks/Node=* NtasksPerN:B:S:C=0:0:*:* CoreSpec=*
   JOB_GRES=(null)
     Nodes=callan-n01 CPU_IDs=0-2,27-34,51-55 Mem=32768 GRES=
   MinCPUsNode=16 MinMemoryNode=32G MinTmpDiskNode=0
   Features=(null) DelayBoot=00:00:00
   OverSubscribe=OK Contiguous=0 Licenses=(null) LicensesAlloc=(null) Network=(null)
   Command=/home/users/hadjitot/fyp/HighwayEnv/slurm/train_baseline.sbatch
   WorkDir=/home/users/hadjitot/fyp/HighwayEnv
   StdErr=/home/users/hadjitot/fyp/HighwayEnv/slurm_out/base_highway_lanechange_dense_ne8_500000_v4_142133.err
   StdIn=/dev/null
   StdOut=/home/users/hadjitot/fyp/HighwayEnv/slurm_out/base_highway_lanechange_dense_ne8_500000_v4_142133.out
   TresPerTask=cpu=16
   


Disk quota details:
===================

                         Block Limits                                    |                     File Limits
Name       type             MB      quota      limit   in_doubt    grace |    files   quota    limit in_doubt    grace
root       USR         4785593          0          0         40     none |   365136       0        0       19     none
root       FILESET     4655365          0          0       2109     none |  9496551       0        0      566     none


SLURM Bank Statement:
=====================

User           Usage |        Account     Usage | Account Limit Available (CPU hrs)
---------- --------- + -------------- --------- + ------------- ---------
hadjitot      12,085 | CALLAN_HADJITOT    12,085 |       300,000   287,915


Acknowledgements:
=================

Note that usage of TCHPC Resources *must* be acknowledged in all publications.

Please see this page for details relevant to this cluster:

http://www.tchpc.tcd.ie/resources/acknowledgementpolicy

################################################################################
