Loading Anaconda 3 2024.02-1
Loading Anaconda 3 2024.02-1
ppo_baseline_cf_obs15_stopgo_v1_seed0 obs shape: (15, 5) action space: Box(-1.0, 1.0, (1,), float32)
Using cpu device
Logging to runs/tb/ppo_baseline_cf_obs15_stopgo_v1_seed0_1
---------------------------------
| rollout/           |          |
|    ep_len_mean     | 23.5     |
|    ep_rew_mean     | 17.8     |
| time/              |          |
|    fps             | 35       |
|    iterations      | 1        |
|    time_elapsed    | 462      |
|    total_timesteps | 16384    |
---------------------------------
-----------------------------------------
| rollout/                |             |
|    ep_len_mean          | 29.9        |
|    ep_rew_mean          | 22.5        |
| time/                   |             |
|    fps                  | 35          |
|    iterations           | 2           |
|    time_elapsed         | 925         |
|    total_timesteps      | 32768       |
| train/                  |             |
|    approx_kl            | 0.009715202 |
|    clip_fraction        | 0.123       |
|    clip_range           | 0.2         |
|    entropy_loss         | -1.39       |
|    explained_variance   | -0.0314     |
|    learning_rate        | 0.0003      |
|    loss                 | 3.5         |
|    n_updates            | 10          |
|    policy_gradient_loss | -0.0132     |
|    std                  | 0.969       |
|    value_loss           | 9.3         |
-----------------------------------------
-----------------------------------------
| rollout/                |             |
|    ep_len_mean          | 33.8        |
|    ep_rew_mean          | 25.2        |
| time/                   |             |
|    fps                  | 35          |
|    iterations           | 3           |
|    time_elapsed         | 1389        |
|    total_timesteps      | 49152       |
| train/                  |             |
|    approx_kl            | 0.009172844 |
|    clip_fraction        | 0.118       |
|    clip_range           | 0.2         |
|    entropy_loss         | -1.37       |
|    explained_variance   | 0.3         |
|    learning_rate        | 0.0003      |
|    loss                 | 4.17        |
|    n_updates            | 20          |
|    policy_gradient_loss | -0.0162     |
|    std                  | 0.944       |
|    value_loss           | 13.2        |
-----------------------------------------
-----------------------------------------
| rollout/                |             |
|    ep_len_mean          | 37.2        |
|    ep_rew_mean          | 27.9        |
| time/                   |             |
|    fps                  | 35          |
|    iterations           | 4           |
|    time_elapsed         | 1852        |
|    total_timesteps      | 65536       |
| train/                  |             |
|    approx_kl            | 0.008912639 |
|    clip_fraction        | 0.111       |
|    clip_range           | 0.2         |
|    entropy_loss         | -1.34       |
|    explained_variance   | 0.346       |
|    learning_rate        | 0.0003      |
|    loss                 | 11.2        |
|    n_updates            | 30          |
|    policy_gradient_loss | -0.013      |
|    std                  | 0.918       |
|    value_loss           | 13.1        |
-----------------------------------------
-----------------------------------------
| rollout/                |             |
|    ep_len_mean          | 37.2        |
|    ep_rew_mean          | 28          |
| time/                   |             |
|    fps                  | 35          |
|    iterations           | 5           |
|    time_elapsed         | 2314        |
|    total_timesteps      | 81920       |
| train/                  |             |
|    approx_kl            | 0.009563153 |
|    clip_fraction        | 0.11        |
|    clip_range           | 0.2         |
|    entropy_loss         | -1.3        |
|    explained_variance   | 0.324       |
|    learning_rate        | 0.0003      |
|    loss                 | 12.3        |
|    n_updates            | 40          |
|    policy_gradient_loss | -0.0111     |
|    std                  | 0.891       |
|    value_loss           | 12.6        |
-----------------------------------------
-----------------------------------------
| rollout/                |             |
|    ep_len_mean          | 38.7        |
|    ep_rew_mean          | 29          |
| time/                   |             |
|    fps                  | 35          |
|    iterations           | 6           |
|    time_elapsed         | 2777        |
|    total_timesteps      | 98304       |
| train/                  |             |
|    approx_kl            | 0.008730024 |
|    clip_fraction        | 0.108       |
|    clip_range           | 0.2         |
|    entropy_loss         | -1.28       |
|    explained_variance   | 0.219       |
|    learning_rate        | 0.0003      |
|    loss                 | 7.36        |
|    n_updates            | 50          |
|    policy_gradient_loss | -0.0105     |
|    std                  | 0.869       |
|    value_loss           | 14.4        |
-----------------------------------------
-----------------------------------------
| rollout/                |             |
|    ep_len_mean          | 39          |
|    ep_rew_mean          | 29.2        |
| time/                   |             |
|    fps                  | 35          |
|    iterations           | 7           |
|    time_elapsed         | 3241        |
|    total_timesteps      | 114688      |
| train/                  |             |
|    approx_kl            | 0.006049893 |
|    clip_fraction        | 0.0772      |
|    clip_range           | 0.2         |
|    entropy_loss         | -1.26       |
|    explained_variance   | 0.227       |
|    learning_rate        | 0.0003      |
|    loss                 | 4.69        |
|    n_updates            | 60          |
|    policy_gradient_loss | -0.00598    |
|    std                  | 0.851       |
|    value_loss           | 11.4        |
-----------------------------------------
------------------------------------------
| rollout/                |              |
|    ep_len_mean          | 39           |
|    ep_rew_mean          | 29.1         |
| time/                   |              |
|    fps                  | 35           |
|    iterations           | 8            |
|    time_elapsed         | 3705         |
|    total_timesteps      | 131072       |
| train/                  |              |
|    approx_kl            | 0.0052889567 |
|    clip_fraction        | 0.0608       |
|    clip_range           | 0.2          |
|    entropy_loss         | -1.25        |
|    explained_variance   | 0.164        |
|    learning_rate        | 0.0003       |
|    loss                 | 2.63         |
|    n_updates            | 70           |
|    policy_gradient_loss | -0.00308     |
|    std                  | 0.843        |
|    value_loss           | 15.9         |
------------------------------------------
-----------------------------------------
| rollout/                |             |
|    ep_len_mean          | 39          |
|    ep_rew_mean          | 29.3        |
| time/                   |             |
|    fps                  | 35          |
|    iterations           | 9           |
|    time_elapsed         | 4170        |
|    total_timesteps      | 147456      |
| train/                  |             |
|    approx_kl            | 0.004329401 |
|    clip_fraction        | 0.0534      |
|    clip_range           | 0.2         |
|    entropy_loss         | -1.24       |
|    explained_variance   | 0.18        |
|    learning_rate        | 0.0003      |
|    loss                 | 14.8        |
|    n_updates            | 80          |
|    policy_gradient_loss | -0.00189    |
|    std                  | 0.829       |
|    value_loss           | 15.8        |
-----------------------------------------
------------------------------------------
| rollout/                |              |
|    ep_len_mean          | 39.1         |
|    ep_rew_mean          | 29.4         |
| time/                   |              |
|    fps                  | 35           |
|    iterations           | 10           |
|    time_elapsed         | 4634         |
|    total_timesteps      | 163840       |
| train/                  |              |
|    approx_kl            | 0.0037475717 |
|    clip_fraction        | 0.0495       |
|    clip_range           | 0.2          |
|    entropy_loss         | -1.23        |
|    explained_variance   | 0.184        |
|    learning_rate        | 0.0003       |
|    loss                 | 5.06         |
|    n_updates            | 90           |
|    policy_gradient_loss | -0.00222     |
|    std                  | 0.824        |
|    value_loss           | 21.8         |
------------------------------------------
------------------------------------------
| rollout/                |              |
|    ep_len_mean          | 39.6         |
|    ep_rew_mean          | 29.8         |
| time/                   |              |
|    fps                  | 35           |
|    iterations           | 11           |
|    time_elapsed         | 5099         |
|    total_timesteps      | 180224       |
| train/                  |              |
|    approx_kl            | 0.0042684707 |
|    clip_fraction        | 0.0527       |
|    clip_range           | 0.2          |
|    entropy_loss         | -1.21        |
|    explained_variance   | 0.23         |
|    learning_rate        | 0.0003       |
|    loss                 | 2.4          |
|    n_updates            | 100          |
|    policy_gradient_loss | -0.00146     |
|    std                  | 0.81         |
|    value_loss           | 17.6         |
------------------------------------------
------------------------------------------
| rollout/                |              |
|    ep_len_mean          | 38.6         |
|    ep_rew_mean          | 29.1         |
| time/                   |              |
|    fps                  | 35           |
|    iterations           | 12           |
|    time_elapsed         | 5563         |
|    total_timesteps      | 196608       |
| train/                  |              |
|    approx_kl            | 0.0054593147 |
|    clip_fraction        | 0.0528       |
|    clip_range           | 0.2          |
|    entropy_loss         | -1.2         |
|    explained_variance   | 0.275        |
|    learning_rate        | 0.0003       |
|    loss                 | 1.57         |
|    n_updates            | 110          |
|    policy_gradient_loss | -0.0011      |
|    std                  | 0.801        |
|    value_loss           | 19.5         |
------------------------------------------
------------------------------------------
| rollout/                |              |
|    ep_len_mean          | 39.1         |
|    ep_rew_mean          | 29.6         |
| time/                   |              |
|    fps                  | 35           |
|    iterations           | 13           |
|    time_elapsed         | 6028         |
|    total_timesteps      | 212992       |
| train/                  |              |
|    approx_kl            | 0.0032550925 |
|    clip_fraction        | 0.0315       |
|    clip_range           | 0.2          |
|    entropy_loss         | -1.19        |
|    explained_variance   | 0.312        |
|    learning_rate        | 0.0003       |
|    loss                 | 33.7         |
|    n_updates            | 120          |
|    policy_gradient_loss | -6.24e-05    |
|    std                  | 0.792        |
|    value_loss           | 26.6         |
------------------------------------------
------------------------------------------
| rollout/                |              |
|    ep_len_mean          | 39.6         |
|    ep_rew_mean          | 29.9         |
| time/                   |              |
|    fps                  | 35           |
|    iterations           | 14           |
|    time_elapsed         | 6492         |
|    total_timesteps      | 229376       |
| train/                  |              |
|    approx_kl            | 0.0038081533 |
|    clip_fraction        | 0.0473       |
|    clip_range           | 0.2          |
|    entropy_loss         | -1.17        |
|    explained_variance   | 0.311        |
|    learning_rate        | 0.0003       |
|    loss                 | 7.87         |
|    n_updates            | 130          |
|    policy_gradient_loss | -0.0007      |
|    std                  | 0.778        |
|    value_loss           | 20.1         |
------------------------------------------
-----------------------------------------
| rollout/                |             |
|    ep_len_mean          | 39.8        |
|    ep_rew_mean          | 30          |
| time/                   |             |
|    fps                  | 35          |
|    iterations           | 15          |
|    time_elapsed         | 6954        |
|    total_timesteps      | 245760      |
| train/                  |             |
|    approx_kl            | 0.004132305 |
|    clip_fraction        | 0.0434      |
|    clip_range           | 0.2         |
|    entropy_loss         | -1.17       |
|    explained_variance   | 0.405       |
|    learning_rate        | 0.0003      |
|    loss                 | 6.88        |
|    n_updates            | 140         |
|    policy_gradient_loss | -0.000155   |
|    std                  | 0.777       |
|    value_loss           | 21.6        |
-----------------------------------------
------------------------------------------
| rollout/                |              |
|    ep_len_mean          | 39.2         |
|    ep_rew_mean          | 29.5         |
| time/                   |              |
|    fps                  | 35           |
|    iterations           | 16           |
|    time_elapsed         | 7415         |
|    total_timesteps      | 262144       |
| train/                  |              |
|    approx_kl            | 0.0046021575 |
|    clip_fraction        | 0.0593       |
|    clip_range           | 0.2          |
|    entropy_loss         | -1.18        |
|    explained_variance   | 0.493        |
|    learning_rate        | 0.0003       |
|    loss                 | 1.13         |
|    n_updates            | 150          |
|    policy_gradient_loss | -0.00109     |
|    std                  | 0.785        |
|    value_loss           | 12.3         |
------------------------------------------
------------------------------------------
| rollout/                |              |
|    ep_len_mean          | 39.8         |
|    ep_rew_mean          | 30           |
| time/                   |              |
|    fps                  | 35           |
|    iterations           | 17           |
|    time_elapsed         | 7877         |
|    total_timesteps      | 278528       |
| train/                  |              |
|    approx_kl            | 0.0033106962 |
|    clip_fraction        | 0.0351       |
|    clip_range           | 0.2          |
|    entropy_loss         | -1.18        |
|    explained_variance   | 0.451        |
|    learning_rate        | 0.0003       |
|    loss                 | 4.52         |
|    n_updates            | 160          |
|    policy_gradient_loss | -0.000427    |
|    std                  | 0.782        |
|    value_loss           | 23.5         |
------------------------------------------
------------------------------------------
| rollout/                |              |
|    ep_len_mean          | 39.4         |
|    ep_rew_mean          | 29.6         |
| time/                   |              |
|    fps                  | 35           |
|    iterations           | 18           |
|    time_elapsed         | 8339         |
|    total_timesteps      | 294912       |
| train/                  |              |
|    approx_kl            | 0.0057141944 |
|    clip_fraction        | 0.0551       |
|    clip_range           | 0.2          |
|    entropy_loss         | -1.17        |
|    explained_variance   | 0.423        |
|    learning_rate        | 0.0003       |
|    loss                 | 5.23         |
|    n_updates            | 170          |
|    policy_gradient_loss | -0.000546    |
|    std                  | 0.769        |
|    value_loss           | 22.4         |
------------------------------------------
-----------------------------------------
| rollout/                |             |
|    ep_len_mean          | 39.5        |
|    ep_rew_mean          | 29.8        |
| time/                   |             |
|    fps                  | 35          |
|    iterations           | 19          |
|    time_elapsed         | 8799        |
|    total_timesteps      | 311296      |
| train/                  |             |
|    approx_kl            | 0.005134072 |
|    clip_fraction        | 0.0468      |
|    clip_range           | 0.2         |
|    entropy_loss         | -1.16       |
|    explained_variance   | 0.442       |
|    learning_rate        | 0.0003      |
|    loss                 | 27.8        |
|    n_updates            | 180         |
|    policy_gradient_loss | -0.000188   |
|    std                  | 0.769       |
|    value_loss           | 24.4        |
-----------------------------------------
------------------------------------------
| rollout/                |              |
|    ep_len_mean          | 39.6         |
|    ep_rew_mean          | 29.9         |
| time/                   |              |
|    fps                  | 35           |
|    iterations           | 20           |
|    time_elapsed         | 9260         |
|    total_timesteps      | 327680       |
| train/                  |              |
|    approx_kl            | 0.0039143227 |
|    clip_fraction        | 0.0487       |
|    clip_range           | 0.2          |
|    entropy_loss         | -1.15        |
|    explained_variance   | 0.457        |
|    learning_rate        | 0.0003       |
|    loss                 | 53.8         |
|    n_updates            | 190          |
|    policy_gradient_loss | 0.000209     |
|    std                  | 0.758        |
|    value_loss           | 23.4         |
------------------------------------------
-----------------------------------------
| rollout/                |             |
|    ep_len_mean          | 39.2        |
|    ep_rew_mean          | 29.4        |
| time/                   |             |
|    fps                  | 35          |
|    iterations           | 21          |
|    time_elapsed         | 9720        |
|    total_timesteps      | 344064      |
| train/                  |             |
|    approx_kl            | 0.007087105 |
|    clip_fraction        | 0.0501      |
|    clip_range           | 0.2         |
|    entropy_loss         | -1.13       |
|    explained_variance   | 0.489       |
|    learning_rate        | 0.0003      |
|    loss                 | 2.82        |
|    n_updates            | 200         |
|    policy_gradient_loss | -0.000479   |
|    std                  | 0.754       |
|    value_loss           | 26.5        |
-----------------------------------------
-----------------------------------------
| rollout/                |             |
|    ep_len_mean          | 39.8        |
|    ep_rew_mean          | 30          |
| time/                   |             |
|    fps                  | 35          |
|    iterations           | 22          |
|    time_elapsed         | 10178       |
|    total_timesteps      | 360448      |
| train/                  |             |
|    approx_kl            | 0.004262228 |
|    clip_fraction        | 0.0541      |
|    clip_range           | 0.2         |
|    entropy_loss         | -1.13       |
|    explained_variance   | 0.586       |
|    learning_rate        | 0.0003      |
|    loss                 | 46.8        |
|    n_updates            | 210         |
|    policy_gradient_loss | -0.000995   |
|    std                  | 0.748       |
|    value_loss           | 21.5        |
-----------------------------------------
------------------------------------------
| rollout/                |              |
|    ep_len_mean          | 39.4         |
|    ep_rew_mean          | 29.5         |
| time/                   |              |
|    fps                  | 35           |
|    iterations           | 23           |
|    time_elapsed         | 10632        |
|    total_timesteps      | 376832       |
| train/                  |              |
|    approx_kl            | 0.0046288944 |
|    clip_fraction        | 0.0546       |
|    clip_range           | 0.2          |
|    entropy_loss         | -1.11        |
|    explained_variance   | 0.57         |
|    learning_rate        | 0.0003       |
|    loss                 | 4.53         |
|    n_updates            | 220          |
|    policy_gradient_loss | -0.000459    |
|    std                  | 0.735        |
|    value_loss           | 20.7         |
------------------------------------------
------------------------------------------
| rollout/                |              |
|    ep_len_mean          | 39.2         |
|    ep_rew_mean          | 29.6         |
| time/                   |              |
|    fps                  | 35           |
|    iterations           | 24           |
|    time_elapsed         | 11085        |
|    total_timesteps      | 393216       |
| train/                  |              |
|    approx_kl            | 0.0071905185 |
|    clip_fraction        | 0.0558       |
|    clip_range           | 0.2          |
|    entropy_loss         | -1.11        |
|    explained_variance   | 0.517        |
|    learning_rate        | 0.0003       |
|    loss                 | 13           |
|    n_updates            | 230          |
|    policy_gradient_loss | -0.00109     |
|    std                  | 0.735        |
|    value_loss           | 30.8         |
------------------------------------------
------------------------------------------
| rollout/                |              |
|    ep_len_mean          | 39.6         |
|    ep_rew_mean          | 30           |
| time/                   |              |
|    fps                  | 35           |
|    iterations           | 25           |
|    time_elapsed         | 11535        |
|    total_timesteps      | 409600       |
| train/                  |              |
|    approx_kl            | 0.0060964306 |
|    clip_fraction        | 0.0613       |
|    clip_range           | 0.2          |
|    entropy_loss         | -1.11        |
|    explained_variance   | 0.53         |
|    learning_rate        | 0.0003       |
|    loss                 | 9.95         |
|    n_updates            | 240          |
|    policy_gradient_loss | -0.00132     |
|    std                  | 0.731        |
|    value_loss           | 33.7         |
------------------------------------------
-----------------------------------------
| rollout/                |             |
|    ep_len_mean          | 39.8        |
|    ep_rew_mean          | 30.1        |
| time/                   |             |
|    fps                  | 35          |
|    iterations           | 26          |
|    time_elapsed         | 11983       |
|    total_timesteps      | 425984      |
| train/                  |             |
|    approx_kl            | 0.005711996 |
|    clip_fraction        | 0.057       |
|    clip_range           | 0.2         |
|    entropy_loss         | -1.09       |
|    explained_variance   | 0.601       |
|    learning_rate        | 0.0003      |
|    loss                 | 16.5        |
|    n_updates            | 250         |
|    policy_gradient_loss | -0.000126   |
|    std                  | 0.718       |
|    value_loss           | 22.9        |
-----------------------------------------
------------------------------------------
| rollout/                |              |
|    ep_len_mean          | 39.9         |
|    ep_rew_mean          | 30.3         |
| time/                   |              |
|    fps                  | 35           |
|    iterations           | 27           |
|    time_elapsed         | 12432        |
|    total_timesteps      | 442368       |
| train/                  |              |
|    approx_kl            | 0.0048247566 |
|    clip_fraction        | 0.0513       |
|    clip_range           | 0.2          |
|    entropy_loss         | -1.08        |
|    explained_variance   | 0.614        |
|    learning_rate        | 0.0003       |
|    loss                 | 21.1         |
|    n_updates            | 260          |
|    policy_gradient_loss | -0.000513    |
|    std                  | 0.711        |
|    value_loss           | 19.9         |
------------------------------------------
------------------------------------------
| rollout/                |              |
|    ep_len_mean          | 39.7         |
|    ep_rew_mean          | 30.2         |
| time/                   |              |
|    fps                  | 35           |
|    iterations           | 28           |
|    time_elapsed         | 12881        |
|    total_timesteps      | 458752       |
| train/                  |              |
|    approx_kl            | 0.0058525223 |
|    clip_fraction        | 0.0674       |
|    clip_range           | 0.2          |
|    entropy_loss         | -1.07        |
|    explained_variance   | 0.612        |
|    learning_rate        | 0.0003       |
|    loss                 | 3.47         |
|    n_updates            | 270          |
|    policy_gradient_loss | -0.00172     |
|    std                  | 0.699        |
|    value_loss           | 30.7         |
------------------------------------------
------------------------------------------
| rollout/                |              |
|    ep_len_mean          | 39.5         |
|    ep_rew_mean          | 30           |
| time/                   |              |
|    fps                  | 35           |
|    iterations           | 29           |
|    time_elapsed         | 13330        |
|    total_timesteps      | 475136       |
| train/                  |              |
|    approx_kl            | 0.0041417545 |
|    clip_fraction        | 0.043        |
|    clip_range           | 0.2          |
|    entropy_loss         | -1.05        |
|    explained_variance   | 0.618        |
|    learning_rate        | 0.0003       |
|    loss                 | 2.69         |
|    n_updates            | 280          |
|    policy_gradient_loss | -0.000427    |
|    std                  | 0.688        |
|    value_loss           | 28.6         |
------------------------------------------
------------------------------------------
| rollout/                |              |
|    ep_len_mean          | 39.3         |
|    ep_rew_mean          | 29.8         |
| time/                   |              |
|    fps                  | 35           |
|    iterations           | 30           |
|    time_elapsed         | 13780        |
|    total_timesteps      | 491520       |
| train/                  |              |
|    approx_kl            | 0.0050326525 |
|    clip_fraction        | 0.0676       |
|    clip_range           | 0.2          |
|    entropy_loss         | -1.03        |
|    explained_variance   | 0.558        |
|    learning_rate        | 0.0003       |
|    loss                 | 3.21         |
|    n_updates            | 290          |
|    policy_gradient_loss | -0.000641    |
|    std                  | 0.672        |
|    value_loss           | 25.4         |
------------------------------------------
------------------------------------------
| rollout/                |              |
|    ep_len_mean          | 39.5         |
|    ep_rew_mean          | 29.9         |
| time/                   |              |
|    fps                  | 35           |
|    iterations           | 31           |
|    time_elapsed         | 14230        |
|    total_timesteps      | 507904       |
| train/                  |              |
|    approx_kl            | 0.0050278674 |
|    clip_fraction        | 0.0467       |
|    clip_range           | 0.2          |
|    entropy_loss         | -1.02        |
|    explained_variance   | 0.619        |
|    learning_rate        | 0.0003       |
|    loss                 | 16.4         |
|    n_updates            | 300          |
|    policy_gradient_loss | -0.000297    |
|    std                  | 0.669        |
|    value_loss           | 28           |
------------------------------------------
ppo_baseline_cf_obs15_stopgo_v1_seed1 obs shape: (15, 5) action space: Box(-1.0, 1.0, (1,), float32)
Using cpu device
Logging to runs/tb/ppo_baseline_cf_obs15_stopgo_v1_seed1_1
---------------------------------
| rollout/           |          |
|    ep_len_mean     | 23.6     |
|    ep_rew_mean     | 17.9     |
| time/              |          |
|    fps             | 35       |
|    iterations      | 1        |
|    time_elapsed    | 456      |
|    total_timesteps | 16384    |
---------------------------------
------------------------------------------
| rollout/                |              |
|    ep_len_mean          | 32           |
|    ep_rew_mean          | 24           |
| time/                   |              |
|    fps                  | 35           |
|    iterations           | 2            |
|    time_elapsed         | 915          |
|    total_timesteps      | 32768        |
| train/                  |              |
|    approx_kl            | 0.0095259305 |
|    clip_fraction        | 0.121        |
|    clip_range           | 0.2          |
|    entropy_loss         | -1.39        |
|    explained_variance   | -0.0248      |
|    learning_rate        | 0.0003       |
|    loss                 | 3.4          |
|    n_updates            | 10           |
|    policy_gradient_loss | -0.0132      |
|    std                  | 0.971        |
|    value_loss           | 9.24         |
------------------------------------------
-----------------------------------------
| rollout/                |             |
|    ep_len_mean          | 35.5        |
|    ep_rew_mean          | 26.5        |
| time/                   |             |
|    fps                  | 35          |
|    iterations           | 3           |
|    time_elapsed         | 1374        |
|    total_timesteps      | 49152       |
| train/                  |             |
|    approx_kl            | 0.008472096 |
|    clip_fraction        | 0.102       |
|    clip_range           | 0.2         |
|    entropy_loss         | -1.37       |
|    explained_variance   | 0.289       |
|    learning_rate        | 0.0003      |
|    loss                 | 7.02        |
|    n_updates            | 20          |
|    policy_gradient_loss | -0.0141     |
|    std                  | 0.942       |
|    value_loss           | 13.4        |
-----------------------------------------
-----------------------------------------
| rollout/                |             |
|    ep_len_mean          | 37.9        |
|    ep_rew_mean          | 28.3        |
| time/                   |             |
|    fps                  | 35          |
|    iterations           | 4           |
|    time_elapsed         | 1830        |
|    total_timesteps      | 65536       |
| train/                  |             |
|    approx_kl            | 0.010538339 |
|    clip_fraction        | 0.125       |
|    clip_range           | 0.2         |
|    entropy_loss         | -1.33       |
|    explained_variance   | 0.343       |
|    learning_rate        | 0.0003      |
|    loss                 | 5.88        |
|    n_updates            | 30          |
|    policy_gradient_loss | -0.0146     |
|    std                  | 0.912       |
|    value_loss           | 14.5        |
-----------------------------------------
-----------------------------------------
| rollout/                |             |
|    ep_len_mean          | 37.9        |
|    ep_rew_mean          | 28.6        |
| time/                   |             |
|    fps                  | 35          |
|    iterations           | 5           |
|    time_elapsed         | 2283        |
|    total_timesteps      | 81920       |
| train/                  |             |
|    approx_kl            | 0.010097699 |
|    clip_fraction        | 0.109       |
|    clip_range           | 0.2         |
|    entropy_loss         | -1.3        |
|    explained_variance   | 0.304       |
|    learning_rate        | 0.0003      |
|    loss                 | 12          |
|    n_updates            | 40          |
|    policy_gradient_loss | -0.0116     |
|    std                  | 0.884       |
|    value_loss           | 15.3        |
-----------------------------------------
-----------------------------------------
| rollout/                |             |
|    ep_len_mean          | 39.6        |
|    ep_rew_mean          | 29.6        |
| time/                   |             |
|    fps                  | 35          |
|    iterations           | 6           |
|    time_elapsed         | 2732        |
|    total_timesteps      | 98304       |
| train/                  |             |
|    approx_kl            | 0.007492212 |
|    clip_fraction        | 0.0799      |
|    clip_range           | 0.2         |
|    entropy_loss         | -1.27       |
|    explained_variance   | 0.219       |
|    learning_rate        | 0.0003      |
|    loss                 | 3.36        |
|    n_updates            | 50          |
|    policy_gradient_loss | -0.00732    |
|    std                  | 0.855       |
|    value_loss           | 16.3        |
-----------------------------------------
------------------------------------------
| rollout/                |              |
|    ep_len_mean          | 39           |
|    ep_rew_mean          | 29.3         |
| time/                   |              |
|    fps                  | 36           |
|    iterations           | 7            |
|    time_elapsed         | 3180         |
|    total_timesteps      | 114688       |
| train/                  |              |
|    approx_kl            | 0.0056299735 |
|    clip_fraction        | 0.0674       |
|    clip_range           | 0.2          |
|    entropy_loss         | -1.25        |
|    explained_variance   | 0.283        |
|    learning_rate        | 0.0003       |
|    loss                 | 2.95         |
|    n_updates            | 60           |
|    policy_gradient_loss | -0.00408     |
|    std                  | 0.837        |
|    value_loss           | 10.5         |
------------------------------------------
------------------------------------------
| rollout/                |              |
|    ep_len_mean          | 39.5         |
|    ep_rew_mean          | 29.9         |
| time/                   |              |
|    fps                  | 36           |
|    iterations           | 8            |
|    time_elapsed         | 3630         |
|    total_timesteps      | 131072       |
| train/                  |              |
|    approx_kl            | 0.0046946486 |
|    clip_fraction        | 0.0534       |
|    clip_range           | 0.2          |
|    entropy_loss         | -1.23        |
|    explained_variance   | 0.175        |
|    learning_rate        | 0.0003       |
|    loss                 | 3.96         |
|    n_updates            | 70           |
|    policy_gradient_loss | -0.00244     |
|    std                  | 0.824        |
|    value_loss           | 18           |
------------------------------------------
-----------------------------------------
| rollout/                |             |
|    ep_len_mean          | 38.8        |
|    ep_rew_mean          | 29          |
| time/                   |             |
|    fps                  | 36          |
|    iterations           | 9           |
|    time_elapsed         | 4080        |
|    total_timesteps      | 147456      |
| train/                  |             |
|    approx_kl            | 0.004787686 |
|    clip_fraction        | 0.0503      |
|    clip_range           | 0.2         |
|    entropy_loss         | -1.21       |
|    explained_variance   | 0.246       |
|    learning_rate        | 0.0003      |
|    loss                 | 9.1         |
|    n_updates            | 80          |
|    policy_gradient_loss | -0.00203    |
|    std                  | 0.813       |
|    value_loss           | 16.6        |
-----------------------------------------
-----------------------------------------
| rollout/                |             |
|    ep_len_mean          | 38.8        |
|    ep_rew_mean          | 29.1        |
| time/                   |             |
|    fps                  | 36          |
|    iterations           | 10          |
|    time_elapsed         | 4530        |
|    total_timesteps      | 163840      |
| train/                  |             |
|    approx_kl            | 0.004472878 |
|    clip_fraction        | 0.0397      |
|    clip_range           | 0.2         |
|    entropy_loss         | -1.2        |
|    explained_variance   | 0.194       |
|    learning_rate        | 0.0003      |
|    loss                 | 14.2        |
|    n_updates            | 90          |
|    policy_gradient_loss | -0.000509   |
|    std                  | 0.805       |
|    value_loss           | 22.3        |
-----------------------------------------
------------------------------------------
| rollout/                |              |
|    ep_len_mean          | 39.1         |
|    ep_rew_mean          | 29.3         |
| time/                   |              |
|    fps                  | 36           |
|    iterations           | 11           |
|    time_elapsed         | 4980         |
|    total_timesteps      | 180224       |
| train/                  |              |
|    approx_kl            | 0.0039669583 |
|    clip_fraction        | 0.0461       |
|    clip_range           | 0.2          |
|    entropy_loss         | -1.19        |
|    explained_variance   | 0.223        |
|    learning_rate        | 0.0003       |
|    loss                 | 1.48         |
|    n_updates            | 100          |
|    policy_gradient_loss | -0.00138     |
|    std                  | 0.792        |
|    value_loss           | 21.1         |
------------------------------------------
----------------------------------------
| rollout/                |            |
|    ep_len_mean          | 39.3       |
|    ep_rew_mean          | 29.4       |
| time/                   |            |
|    fps                  | 36         |
|    iterations           | 12         |
|    time_elapsed         | 5430       |
|    total_timesteps      | 196608     |
| train/                  |            |
|    approx_kl            | 0.00369723 |
|    clip_fraction        | 0.0434     |
|    clip_range           | 0.2        |
|    entropy_loss         | -1.17      |
|    explained_variance   | 0.272      |
|    learning_rate        | 0.0003     |
|    loss                 | 6.87       |
|    n_updates            | 110        |
|    policy_gradient_loss | -0.00152   |
|    std                  | 0.776      |
|    value_loss           | 23.1       |
----------------------------------------
------------------------------------------
| rollout/                |              |
|    ep_len_mean          | 39.4         |
|    ep_rew_mean          | 29.5         |
| time/                   |              |
|    fps                  | 36           |
|    iterations           | 13           |
|    time_elapsed         | 5880         |
|    total_timesteps      | 212992       |
| train/                  |              |
|    approx_kl            | 0.0037526882 |
|    clip_fraction        | 0.046        |
|    clip_range           | 0.2          |
|    entropy_loss         | -1.17        |
|    explained_variance   | 0.245        |
|    learning_rate        | 0.0003       |
|    loss                 | 12.9         |
|    n_updates            | 120          |
|    policy_gradient_loss | -0.00148     |
|    std                  | 0.775        |
|    value_loss           | 27.4         |
------------------------------------------
-----------------------------------------
| rollout/                |             |
|    ep_len_mean          | 39.9        |
|    ep_rew_mean          | 30.1        |
| time/                   |             |
|    fps                  | 36          |
|    iterations           | 14          |
|    time_elapsed         | 6330        |
|    total_timesteps      | 229376      |
| train/                  |             |
|    approx_kl            | 0.004462743 |
|    clip_fraction        | 0.0531      |
|    clip_range           | 0.2         |
|    entropy_loss         | -1.16       |
|    explained_variance   | 0.364       |
|    learning_rate        | 0.0003      |
|    loss                 | 1.92        |
|    n_updates            | 130         |
|    policy_gradient_loss | -0.000451   |
|    std                  | 0.771       |
|    value_loss           | 17.6        |
-----------------------------------------
-----------------------------------------
| rollout/                |             |
|    ep_len_mean          | 39.7        |
|    ep_rew_mean          | 30          |
| time/                   |             |
|    fps                  | 36          |
|    iterations           | 15          |
|    time_elapsed         | 6780        |
|    total_timesteps      | 245760      |
| train/                  |             |
|    approx_kl            | 0.004523975 |
|    clip_fraction        | 0.064       |
|    clip_range           | 0.2         |
|    entropy_loss         | -1.17       |
|    explained_variance   | 0.333       |
|    learning_rate        | 0.0003      |
|    loss                 | 10.1        |
|    n_updates            | 140         |
|    policy_gradient_loss | -0.00132    |
|    std                  | 0.779       |
|    value_loss           | 18.6        |
-----------------------------------------
-----------------------------------------
| rollout/                |             |
|    ep_len_mean          | 40          |
|    ep_rew_mean          | 30.1        |
| time/                   |             |
|    fps                  | 36          |
|    iterations           | 16          |
|    time_elapsed         | 7231        |
|    total_timesteps      | 262144      |
| train/                  |             |
|    approx_kl            | 0.004818123 |
|    clip_fraction        | 0.0501      |
|    clip_range           | 0.2         |
|    entropy_loss         | -1.17       |
|    explained_variance   | 0.353       |
|    learning_rate        | 0.0003      |
|    loss                 | 7.36        |
|    n_updates            | 150         |
|    policy_gradient_loss | -0.00126    |
|    std                  | 0.779       |
|    value_loss           | 18.5        |
-----------------------------------------
------------------------------------------
| rollout/                |              |
|    ep_len_mean          | 39.5         |
|    ep_rew_mean          | 29.7         |
| time/                   |              |
|    fps                  | 36           |
|    iterations           | 17           |
|    time_elapsed         | 7681         |
|    total_timesteps      | 278528       |
| train/                  |              |
|    approx_kl            | 0.0042306795 |
|    clip_fraction        | 0.0402       |
|    clip_range           | 0.2          |
|    entropy_loss         | -1.17        |
|    explained_variance   | 0.364        |
|    learning_rate        | 0.0003       |
|    loss                 | 16.7         |
|    n_updates            | 160          |
|    policy_gradient_loss | -0.000557    |
|    std                  | 0.779        |
|    value_loss           | 24.3         |
------------------------------------------
------------------------------------------
| rollout/                |              |
|    ep_len_mean          | 40           |
|    ep_rew_mean          | 30.1         |
| time/                   |              |
|    fps                  | 36           |
|    iterations           | 18           |
|    time_elapsed         | 8132         |
|    total_timesteps      | 294912       |
| train/                  |              |
|    approx_kl            | 0.0036743823 |
|    clip_fraction        | 0.0503       |
|    clip_range           | 0.2          |
|    entropy_loss         | -1.16        |
|    explained_variance   | 0.41         |
|    learning_rate        | 0.0003       |
|    loss                 | 40.1         |
|    n_updates            | 170          |
|    policy_gradient_loss | -0.000689    |
|    std                  | 0.768        |
|    value_loss           | 18.2         |
------------------------------------------
-----------------------------------------
| rollout/                |             |
|    ep_len_mean          | 38.7        |
|    ep_rew_mean          | 29.2        |
| time/                   |             |
|    fps                  | 36          |
|    iterations           | 19          |
|    time_elapsed         | 8581        |
|    total_timesteps      | 311296      |
| train/                  |             |
|    approx_kl            | 0.005256066 |
|    clip_fraction        | 0.0527      |
|    clip_range           | 0.2         |
|    entropy_loss         | -1.16       |
|    explained_variance   | 0.416       |
|    learning_rate        | 0.0003      |
|    loss                 | 2.78        |
|    n_updates            | 180         |
|    policy_gradient_loss | -0.000909   |
|    std                  | 0.767       |
|    value_loss           | 27.6        |
-----------------------------------------
-----------------------------------------
| rollout/                |             |
|    ep_len_mean          | 39.5        |
|    ep_rew_mean          | 29.6        |
| time/                   |             |
|    fps                  | 36          |
|    iterations           | 20          |
|    time_elapsed         | 9029        |
|    total_timesteps      | 327680      |
| train/                  |             |
|    approx_kl            | 0.004330946 |
|    clip_fraction        | 0.0418      |
|    clip_range           | 0.2         |
|    entropy_loss         | -1.14       |
|    explained_variance   | 0.453       |
|    learning_rate        | 0.0003      |
|    loss                 | 10.2        |
|    n_updates            | 190         |
|    policy_gradient_loss | -0.00178    |
|    std                  | 0.759       |
|    value_loss           | 31.3        |
-----------------------------------------
-----------------------------------------
| rollout/                |             |
|    ep_len_mean          | 39.7        |
|    ep_rew_mean          | 30          |
| time/                   |             |
|    fps                  | 36          |
|    iterations           | 21          |
|    time_elapsed         | 9477        |
|    total_timesteps      | 344064      |
| train/                  |             |
|    approx_kl            | 0.004181929 |
|    clip_fraction        | 0.0419      |
|    clip_range           | 0.2         |
|    entropy_loss         | -1.15       |
|    explained_variance   | 0.525       |
|    learning_rate        | 0.0003      |
|    loss                 | 4.2         |
|    n_updates            | 200         |
|    policy_gradient_loss | -0.0014     |
|    std                  | 0.765       |
|    value_loss           | 23.1        |
-----------------------------------------
-----------------------------------------
| rollout/                |             |
|    ep_len_mean          | 39.7        |
|    ep_rew_mean          | 30.1        |
| time/                   |             |
|    fps                  | 36          |
|    iterations           | 22          |
|    time_elapsed         | 9925        |
|    total_timesteps      | 360448      |
| train/                  |             |
|    approx_kl            | 0.004939511 |
|    clip_fraction        | 0.045       |
|    clip_range           | 0.2         |
|    entropy_loss         | -1.14       |
|    explained_variance   | 0.467       |
|    learning_rate        | 0.0003      |
|    loss                 | 14.7        |
|    n_updates            | 210         |
|    policy_gradient_loss | -0.00218    |
|    std                  | 0.748       |
|    value_loss           | 32.4        |
-----------------------------------------
-----------------------------------------
| rollout/                |             |
|    ep_len_mean          | 39.6        |
|    ep_rew_mean          | 30.1        |
| time/                   |             |
|    fps                  | 36          |
|    iterations           | 23          |
|    time_elapsed         | 10373       |
|    total_timesteps      | 376832      |
| train/                  |             |
|    approx_kl            | 0.003906017 |
|    clip_fraction        | 0.0425      |
|    clip_range           | 0.2         |
|    entropy_loss         | -1.11       |
|    explained_variance   | 0.588       |
|    learning_rate        | 0.0003      |
|    loss                 | 22          |
|    n_updates            | 220         |
|    policy_gradient_loss | -0.00125    |
|    std                  | 0.732       |
|    value_loss           | 29.1        |
-----------------------------------------
-----------------------------------------
| rollout/                |             |
|    ep_len_mean          | 39.4        |
|    ep_rew_mean          | 29.9        |
| time/                   |             |
|    fps                  | 36          |
|    iterations           | 24          |
|    time_elapsed         | 10822       |
|    total_timesteps      | 393216      |
| train/                  |             |
|    approx_kl            | 0.004368482 |
|    clip_fraction        | 0.0569      |
|    clip_range           | 0.2         |
|    entropy_loss         | -1.1        |
|    explained_variance   | 0.589       |
|    learning_rate        | 0.0003      |
|    loss                 | 31          |
|    n_updates            | 230         |
|    policy_gradient_loss | -0.000956   |
|    std                  | 0.722       |
|    value_loss           | 23.8        |
-----------------------------------------
-----------------------------------------
| rollout/                |             |
|    ep_len_mean          | 39.2        |
|    ep_rew_mean          | 29.7        |
| time/                   |             |
|    fps                  | 36          |
|    iterations           | 25          |
|    time_elapsed         | 11272       |
|    total_timesteps      | 409600      |
| train/                  |             |
|    approx_kl            | 0.006487066 |
|    clip_fraction        | 0.0656      |
|    clip_range           | 0.2         |
|    entropy_loss         | -1.09       |
|    explained_variance   | 0.519       |
|    learning_rate        | 0.0003      |
|    loss                 | 10.9        |
|    n_updates            | 240         |
|    policy_gradient_loss | -0.00214    |
|    std                  | 0.721       |
|    value_loss           | 29.1        |
-----------------------------------------
------------------------------------------
| rollout/                |              |
|    ep_len_mean          | 39.6         |
|    ep_rew_mean          | 30.1         |
| time/                   |              |
|    fps                  | 36           |
|    iterations           | 26           |
|    time_elapsed         | 11722        |
|    total_timesteps      | 425984       |
| train/                  |              |
|    approx_kl            | 0.0048074266 |
|    clip_fraction        | 0.0599       |
|    clip_range           | 0.2          |
|    entropy_loss         | -1.08        |
|    explained_variance   | 0.461        |
|    learning_rate        | 0.0003       |
|    loss                 | 22.8         |
|    n_updates            | 250          |
|    policy_gradient_loss | -0.002       |
|    std                  | 0.712        |
|    value_loss           | 34.8         |
------------------------------------------
------------------------------------------
| rollout/                |              |
|    ep_len_mean          | 39.2         |
|    ep_rew_mean          | 29.8         |
| time/                   |              |
|    fps                  | 36           |
|    iterations           | 27           |
|    time_elapsed         | 12172        |
|    total_timesteps      | 442368       |
| train/                  |              |
|    approx_kl            | 0.0046392437 |
|    clip_fraction        | 0.059        |
|    clip_range           | 0.2          |
|    entropy_loss         | -1.07        |
|    explained_variance   | 0.575        |
|    learning_rate        | 0.0003       |
|    loss                 | 17.5         |
|    n_updates            | 260          |
|    policy_gradient_loss | -0.000819    |
|    std                  | 0.704        |
|    value_loss           | 20.5         |
------------------------------------------
------------------------------------------
| rollout/                |              |
|    ep_len_mean          | 39.3         |
|    ep_rew_mean          | 29.9         |
| time/                   |              |
|    fps                  | 36           |
|    iterations           | 28           |
|    time_elapsed         | 12622        |
|    total_timesteps      | 458752       |
| train/                  |              |
|    approx_kl            | 0.0038383347 |
|    clip_fraction        | 0.037        |
|    clip_range           | 0.2          |
|    entropy_loss         | -1.07        |
|    explained_variance   | 0.502        |
|    learning_rate        | 0.0003       |
|    loss                 | 20           |
|    n_updates            | 270          |
|    policy_gradient_loss | -0.00178     |
|    std                  | 0.709        |
|    value_loss           | 45.1         |
------------------------------------------
------------------------------------------
| rollout/                |              |
|    ep_len_mean          | 39.4         |
|    ep_rew_mean          | 29.9         |
| time/                   |              |
|    fps                  | 36           |
|    iterations           | 29           |
|    time_elapsed         | 13073        |
|    total_timesteps      | 475136       |
| train/                  |              |
|    approx_kl            | 0.0056134528 |
|    clip_fraction        | 0.0706       |
|    clip_range           | 0.2          |
|    entropy_loss         | -1.08        |
|    explained_variance   | 0.582        |
|    learning_rate        | 0.0003       |
|    loss                 | 43.2         |
|    n_updates            | 280          |
|    policy_gradient_loss | -0.00229     |
|    std                  | 0.711        |
|    value_loss           | 27.9         |
------------------------------------------
------------------------------------------
| rollout/                |              |
|    ep_len_mean          | 39           |
|    ep_rew_mean          | 29.5         |
| time/                   |              |
|    fps                  | 36           |
|    iterations           | 30           |
|    time_elapsed         | 13523        |
|    total_timesteps      | 491520       |
| train/                  |              |
|    approx_kl            | 0.0044588028 |
|    clip_fraction        | 0.0452       |
|    clip_range           | 0.2          |
|    entropy_loss         | -1.07        |
|    explained_variance   | 0.631        |
|    learning_rate        | 0.0003       |
|    loss                 | 10.2         |
|    n_updates            | 290          |
|    policy_gradient_loss | -0.000663    |
|    std                  | 0.703        |
|    value_loss           | 20.9         |
------------------------------------------
-----------------------------------------
| rollout/                |             |
|    ep_len_mean          | 39.8        |
|    ep_rew_mean          | 30.2        |
| time/                   |             |
|    fps                  | 36          |
|    iterations           | 31          |
|    time_elapsed         | 13973       |
|    total_timesteps      | 507904      |
| train/                  |             |
|    approx_kl            | 0.005480503 |
|    clip_fraction        | 0.0609      |
|    clip_range           | 0.2         |
|    entropy_loss         | -1.05       |
|    explained_variance   | 0.67        |
|    learning_rate        | 0.0003      |
|    loss                 | 16.8        |
|    n_updates            | 300         |
|    policy_gradient_loss | -0.000762   |
|    std                  | 0.693       |
|    value_loss           | 21.2        |
-----------------------------------------
ppo_baseline_cf_obs15_stopgo_v1_seed2 obs shape: (15, 5) action space: Box(-1.0, 1.0, (1,), float32)
Using cpu device
Logging to runs/tb/ppo_baseline_cf_obs15_stopgo_v1_seed2_1
---------------------------------
| rollout/           |          |
|    ep_len_mean     | 23.4     |
|    ep_rew_mean     | 17.8     |
| time/              |          |
|    fps             | 36       |
|    iterations      | 1        |
|    time_elapsed    | 455      |
|    total_timesteps | 16384    |
---------------------------------
-----------------------------------------
| rollout/                |             |
|    ep_len_mean          | 30.1        |
|    ep_rew_mean          | 22.7        |
| time/                   |             |
|    fps                  | 35          |
|    iterations           | 2           |
|    time_elapsed         | 911         |
|    total_timesteps      | 32768       |
| train/                  |             |
|    approx_kl            | 0.008013425 |
|    clip_fraction        | 0.105       |
|    clip_range           | 0.2         |
|    entropy_loss         | -1.4        |
|    explained_variance   | -0.0482     |
|    learning_rate        | 0.0003      |
|    loss                 | 4.25        |
|    n_updates            | 10          |
|    policy_gradient_loss | -0.0115     |
|    std                  | 0.983       |
|    value_loss           | 9.12        |
-----------------------------------------
-----------------------------------------
| rollout/                |             |
|    ep_len_mean          | 31.1        |
|    ep_rew_mean          | 23.2        |
| time/                   |             |
|    fps                  | 35          |
|    iterations           | 3           |
|    time_elapsed         | 1366        |
|    total_timesteps      | 49152       |
| train/                  |             |
|    approx_kl            | 0.008566907 |
|    clip_fraction        | 0.104       |
|    clip_range           | 0.2         |
|    entropy_loss         | -1.38       |
|    explained_variance   | 0.266       |
|    learning_rate        | 0.0003      |
|    loss                 | 4.11        |
|    n_updates            | 20          |
|    policy_gradient_loss | -0.0145     |
|    std                  | 0.958       |
|    value_loss           | 14          |
-----------------------------------------
-----------------------------------------
| rollout/                |             |
|    ep_len_mean          | 38.1        |
|    ep_rew_mean          | 28.5        |
| time/                   |             |
|    fps                  | 36          |
|    iterations           | 4           |
|    time_elapsed         | 1816        |
|    total_timesteps      | 65536       |
| train/                  |             |
|    approx_kl            | 0.011229429 |
|    clip_fraction        | 0.126       |
|    clip_range           | 0.2         |
|    entropy_loss         | -1.35       |
|    explained_variance   | 0.324       |
|    learning_rate        | 0.0003      |
|    loss                 | 9.36        |
|    n_updates            | 30          |
|    policy_gradient_loss | -0.0162     |
|    std                  | 0.926       |
|    value_loss           | 16.2        |
-----------------------------------------
-----------------------------------------
| rollout/                |             |
|    ep_len_mean          | 38.3        |
|    ep_rew_mean          | 28.9        |
| time/                   |             |
|    fps                  | 36          |
|    iterations           | 5           |
|    time_elapsed         | 2264        |
|    total_timesteps      | 81920       |
| train/                  |             |
|    approx_kl            | 0.009716256 |
|    clip_fraction        | 0.116       |
|    clip_range           | 0.2         |
|    entropy_loss         | -1.31       |
|    explained_variance   | 0.284       |
|    learning_rate        | 0.0003      |
|    loss                 | 5.26        |
|    n_updates            | 40          |
|    policy_gradient_loss | -0.0124     |
|    std                  | 0.896       |
|    value_loss           | 15          |
-----------------------------------------
-----------------------------------------
| rollout/                |             |
|    ep_len_mean          | 39          |
|    ep_rew_mean          | 29.3        |
| time/                   |             |
|    fps                  | 36          |
|    iterations           | 6           |
|    time_elapsed         | 2712        |
|    total_timesteps      | 98304       |
| train/                  |             |
|    approx_kl            | 0.008348881 |
|    clip_fraction        | 0.101       |
|    clip_range           | 0.2         |
|    entropy_loss         | -1.28       |
|    explained_variance   | 0.257       |
|    learning_rate        | 0.0003      |
|    loss                 | 4.6         |
|    n_updates            | 50          |
|    policy_gradient_loss | -0.00866    |
|    std                  | 0.869       |
|    value_loss           | 11.5        |
-----------------------------------------
-----------------------------------------
| rollout/                |             |
|    ep_len_mean          | 39.1        |
|    ep_rew_mean          | 29.6        |
| time/                   |             |
|    fps                  | 36          |
|    iterations           | 7           |
|    time_elapsed         | 3161        |
|    total_timesteps      | 114688      |
| train/                  |             |
|    approx_kl            | 0.005128308 |
|    clip_fraction        | 0.0673      |
|    clip_range           | 0.2         |
|    entropy_loss         | -1.26       |
|    explained_variance   | 0.258       |
|    learning_rate        | 0.0003      |
|    loss                 | 2.17        |
|    n_updates            | 60          |
|    policy_gradient_loss | -0.00472    |
|    std                  | 0.855       |
|    value_loss           | 10.9        |
-----------------------------------------
------------------------------------------
| rollout/                |              |
|    ep_len_mean          | 38.7         |
|    ep_rew_mean          | 29.3         |
| time/                   |              |
|    fps                  | 36           |
|    iterations           | 8            |
|    time_elapsed         | 3610         |
|    total_timesteps      | 131072       |
| train/                  |              |
|    approx_kl            | 0.0052836565 |
|    clip_fraction        | 0.0646       |
|    clip_range           | 0.2          |
|    entropy_loss         | -1.25        |
|    explained_variance   | 0.224        |
|    learning_rate        | 0.0003       |
|    loss                 | 3.21         |
|    n_updates            | 70           |
|    policy_gradient_loss | -0.00357     |
|    std                  | 0.845        |
|    value_loss           | 15.1         |
------------------------------------------
-----------------------------------------
| rollout/                |             |
|    ep_len_mean          | 39.2        |
|    ep_rew_mean          | 29.7        |
| time/                   |             |
|    fps                  | 36          |
|    iterations           | 9           |
|    time_elapsed         | 4060        |
|    total_timesteps      | 147456      |
| train/                  |             |
|    approx_kl            | 0.004365231 |
|    clip_fraction        | 0.0483      |
|    clip_range           | 0.2         |
|    entropy_loss         | -1.24       |
|    explained_variance   | 0.231       |
|    learning_rate        | 0.0003      |
|    loss                 | 15.4        |
|    n_updates            | 80          |
|    policy_gradient_loss | -0.00279    |
|    std                  | 0.835       |
|    value_loss           | 19.1        |
-----------------------------------------
------------------------------------------
| rollout/                |              |
|    ep_len_mean          | 38.8         |
|    ep_rew_mean          | 29.3         |
| time/                   |              |
|    fps                  | 36           |
|    iterations           | 10           |
|    time_elapsed         | 4509         |
|    total_timesteps      | 163840       |
| train/                  |              |
|    approx_kl            | 0.0058789495 |
|    clip_fraction        | 0.0529       |
|    clip_range           | 0.2          |
|    entropy_loss         | -1.22        |
|    explained_variance   | 0.297        |
|    learning_rate        | 0.0003       |
|    loss                 | 1.43         |
|    n_updates            | 90           |
|    policy_gradient_loss | -0.00217     |
|    std                  | 0.821        |
|    value_loss           | 16.3         |
------------------------------------------
------------------------------------------
| rollout/                |              |
|    ep_len_mean          | 39.6         |
|    ep_rew_mean          | 30.1         |
| time/                   |              |
|    fps                  | 36           |
|    iterations           | 11           |
|    time_elapsed         | 4959         |
|    total_timesteps      | 180224       |
| train/                  |              |
|    approx_kl            | 0.0042713447 |
|    clip_fraction        | 0.0469       |
|    clip_range           | 0.2          |
|    entropy_loss         | -1.21        |
|    explained_variance   | 0.222        |
|    learning_rate        | 0.0003       |
|    loss                 | 15.3         |
|    n_updates            | 100          |
|    policy_gradient_loss | -0.000792    |
|    std                  | 0.806        |
|    value_loss           | 14.8         |
------------------------------------------
------------------------------------------
| rollout/                |              |
|    ep_len_mean          | 39.8         |
|    ep_rew_mean          | 30.4         |
| time/                   |              |
|    fps                  | 36           |
|    iterations           | 12           |
|    time_elapsed         | 5409         |
|    total_timesteps      | 196608       |
| train/                  |              |
|    approx_kl            | 0.0047403886 |
|    clip_fraction        | 0.0543       |
|    clip_range           | 0.2          |
|    entropy_loss         | -1.2         |
|    explained_variance   | 0.191        |
|    learning_rate        | 0.0003       |
|    loss                 | 26.3         |
|    n_updates            | 110          |
|    policy_gradient_loss | -0.00164     |
|    std                  | 0.809        |
|    value_loss           | 20.6         |
------------------------------------------
-----------------------------------------
| rollout/                |             |
|    ep_len_mean          | 39.1        |
|    ep_rew_mean          | 29.5        |
| time/                   |             |
|    fps                  | 36          |
|    iterations           | 13          |
|    time_elapsed         | 5860        |
|    total_timesteps      | 212992      |
| train/                  |             |
|    approx_kl            | 0.005065388 |
|    clip_fraction        | 0.0578      |
|    clip_range           | 0.2         |
|    entropy_loss         | -1.2        |
|    explained_variance   | 0.154       |
|    learning_rate        | 0.0003      |
|    loss                 | 9.79        |
|    n_updates            | 120         |
|    policy_gradient_loss | -0.00292    |
|    std                  | 0.808       |
|    value_loss           | 30.2        |
-----------------------------------------
------------------------------------------
| rollout/                |              |
|    ep_len_mean          | 39.3         |
|    ep_rew_mean          | 29.9         |
| time/                   |              |
|    fps                  | 36           |
|    iterations           | 14           |
|    time_elapsed         | 6310         |
|    total_timesteps      | 229376       |
| train/                  |              |
|    approx_kl            | 0.0045837928 |
|    clip_fraction        | 0.0507       |
|    clip_range           | 0.2          |
|    entropy_loss         | -1.2         |
|    explained_variance   | 0.24         |
|    learning_rate        | 0.0003       |
|    loss                 | 2.04         |
|    n_updates            | 130          |
|    policy_gradient_loss | -0.000126    |
|    std                  | 0.805        |
|    value_loss           | 25.7         |
------------------------------------------
-----------------------------------------
| rollout/                |             |
|    ep_len_mean          | 37.6        |
|    ep_rew_mean          | 28.5        |
| time/                   |             |
|    fps                  | 36          |
|    iterations           | 15          |
|    time_elapsed         | 6760        |
|    total_timesteps      | 245760      |
| train/                  |             |
|    approx_kl            | 0.005271027 |
|    clip_fraction        | 0.0582      |
|    clip_range           | 0.2         |
|    entropy_loss         | -1.2        |
|    explained_variance   | 0.265       |
|    learning_rate        | 0.0003      |
|    loss                 | 10.2        |
|    n_updates            | 140         |
|    policy_gradient_loss | -0.00213    |
|    std                  | 0.807       |
|    value_loss           | 24.8        |
-----------------------------------------
------------------------------------------
| rollout/                |              |
|    ep_len_mean          | 39.3         |
|    ep_rew_mean          | 29.7         |
| time/                   |              |
|    fps                  | 36           |
|    iterations           | 16           |
|    time_elapsed         | 7210         |
|    total_timesteps      | 262144       |
| train/                  |              |
|    approx_kl            | 0.0056843157 |
|    clip_fraction        | 0.0408       |
|    clip_range           | 0.2          |
|    entropy_loss         | -1.21        |
|    explained_variance   | 0.368        |
|    learning_rate        | 0.0003       |
|    loss                 | 12.3         |
|    n_updates            | 150          |
|    policy_gradient_loss | -0.0013      |
|    std                  | 0.811        |
|    value_loss           | 26           |
------------------------------------------
------------------------------------------
| rollout/                |              |
|    ep_len_mean          | 39.4         |
|    ep_rew_mean          | 29.9         |
| time/                   |              |
|    fps                  | 36           |
|    iterations           | 17           |
|    time_elapsed         | 7664         |
|    total_timesteps      | 278528       |
| train/                  |              |
|    approx_kl            | 0.0051905257 |
|    clip_fraction        | 0.058        |
|    clip_range           | 0.2          |
|    entropy_loss         | -1.2         |
|    explained_variance   | 0.321        |
|    learning_rate        | 0.0003       |
|    loss                 | 25.5         |
|    n_updates            | 160          |
|    policy_gradient_loss | -0.00304     |
|    std                  | 0.8          |
|    value_loss           | 42.5         |
------------------------------------------
------------------------------------------
| rollout/                |              |
|    ep_len_mean          | 39.5         |
|    ep_rew_mean          | 29.6         |
| time/                   |              |
|    fps                  | 36           |
|    iterations           | 18           |
|    time_elapsed         | 8119         |
|    total_timesteps      | 294912       |
| train/                  |              |
|    approx_kl            | 0.0061534764 |
|    clip_fraction        | 0.0681       |
|    clip_range           | 0.2          |
|    entropy_loss         | -1.19        |
|    explained_variance   | 0.42         |
|    learning_rate        | 0.0003       |
|    loss                 | 2.51         |
|    n_updates            | 170          |
|    policy_gradient_loss | -0.00163     |
|    std                  | 0.793        |
|    value_loss           | 30.1         |
------------------------------------------
-----------------------------------------
| rollout/                |             |
|    ep_len_mean          | 39.4        |
|    ep_rew_mean          | 29.9        |
| time/                   |             |
|    fps                  | 36          |
|    iterations           | 19          |
|    time_elapsed         | 8621        |
|    total_timesteps      | 311296      |
| train/                  |             |
|    approx_kl            | 0.005078463 |
|    clip_fraction        | 0.0552      |
|    clip_range           | 0.2         |
|    entropy_loss         | -1.18       |
|    explained_variance   | 0.505       |
|    learning_rate        | 0.0003      |
|    loss                 | 23.5        |
|    n_updates            | 180         |
|    policy_gradient_loss | -0.00103    |
|    std                  | 0.789       |
|    value_loss           | 22.2        |
-----------------------------------------
-----------------------------------------
| rollout/                |             |
|    ep_len_mean          | 39.1        |
|    ep_rew_mean          | 29.8        |
| time/                   |             |
|    fps                  | 35          |
|    iterations           | 20          |
|    time_elapsed         | 9164        |
|    total_timesteps      | 327680      |
| train/                  |             |
|    approx_kl            | 0.006146933 |
|    clip_fraction        | 0.0506      |
|    clip_range           | 0.2         |
|    entropy_loss         | -1.17       |
|    explained_variance   | 0.526       |
|    learning_rate        | 0.0003      |
|    loss                 | 16.6        |
|    n_updates            | 190         |
|    policy_gradient_loss | -0.000589   |
|    std                  | 0.78        |
|    value_loss           | 18.4        |
-----------------------------------------
----------------------------------------
| rollout/                |            |
|    ep_len_mean          | 39.1       |
|    ep_rew_mean          | 29.7       |
| time/                   |            |
|    fps                  | 35         |
|    iterations           | 21         |
|    time_elapsed         | 9707       |
|    total_timesteps      | 344064     |
| train/                  |            |
|    approx_kl            | 0.00784695 |
|    clip_fraction        | 0.059      |
|    clip_range           | 0.2        |
|    entropy_loss         | -1.16      |
|    explained_variance   | 0.51       |
|    learning_rate        | 0.0003     |
|    loss                 | 11.3       |
|    n_updates            | 200        |
|    policy_gradient_loss | -0.000862  |
|    std                  | 0.764      |
|    value_loss           | 19.3       |
----------------------------------------
------------------------------------------
| rollout/                |              |
|    ep_len_mean          | 39.8         |
|    ep_rew_mean          | 30.5         |
| time/                   |              |
|    fps                  | 35           |
|    iterations           | 22           |
|    time_elapsed         | 10249        |
|    total_timesteps      | 360448       |
| train/                  |              |
|    approx_kl            | 0.0050510974 |
|    clip_fraction        | 0.0569       |
|    clip_range           | 0.2          |
|    entropy_loss         | -1.14        |
|    explained_variance   | 0.614        |
|    learning_rate        | 0.0003       |
|    loss                 | 13.8         |
|    n_updates            | 210          |
|    policy_gradient_loss | -0.000236    |
|    std                  | 0.754        |
|    value_loss           | 17.1         |
------------------------------------------
------------------------------------------
| rollout/                |              |
|    ep_len_mean          | 39.8         |
|    ep_rew_mean          | 30.3         |
| time/                   |              |
|    fps                  | 34           |
|    iterations           | 23           |
|    time_elapsed         | 10793        |
|    total_timesteps      | 376832       |
| train/                  |              |
|    approx_kl            | 0.0059101507 |
|    clip_fraction        | 0.0647       |
|    clip_range           | 0.2          |
|    entropy_loss         | -1.13        |
|    explained_variance   | 0.608        |
|    learning_rate        | 0.0003       |
|    loss                 | 28.7         |
|    n_updates            | 220          |
|    policy_gradient_loss | -0.00106     |
|    std                  | 0.747        |
|    value_loss           | 16.1         |
------------------------------------------
------------------------------------------
| rollout/                |              |
|    ep_len_mean          | 40           |
|    ep_rew_mean          | 30.9         |
| time/                   |              |
|    fps                  | 34           |
|    iterations           | 24           |
|    time_elapsed         | 11337        |
|    total_timesteps      | 393216       |
| train/                  |              |
|    approx_kl            | 0.0049700346 |
|    clip_fraction        | 0.0445       |
|    clip_range           | 0.2          |
|    entropy_loss         | -1.13        |
|    explained_variance   | 0.462        |
|    learning_rate        | 0.0003       |
|    loss                 | 5.87         |
|    n_updates            | 230          |
|    policy_gradient_loss | -0.00153     |
|    std                  | 0.751        |
|    value_loss           | 31.8         |
------------------------------------------
------------------------------------------
| rollout/                |              |
|    ep_len_mean          | 39.8         |
|    ep_rew_mean          | 30.7         |
| time/                   |              |
|    fps                  | 34           |
|    iterations           | 25           |
|    time_elapsed         | 11880        |
|    total_timesteps      | 409600       |
| train/                  |              |
|    approx_kl            | 0.0062331767 |
|    clip_fraction        | 0.0648       |
|    clip_range           | 0.2          |
|    entropy_loss         | -1.14        |
|    explained_variance   | 0.568        |
|    learning_rate        | 0.0003       |
|    loss                 | 2.15         |
|    n_updates            | 240          |
|    policy_gradient_loss | -0.000698    |
|    std                  | 0.752        |
|    value_loss           | 19.6         |
------------------------------------------
------------------------------------------
| rollout/                |              |
|    ep_len_mean          | 39.3         |
|    ep_rew_mean          | 30.1         |
| time/                   |              |
|    fps                  | 34           |
|    iterations           | 26           |
|    time_elapsed         | 12424        |
|    total_timesteps      | 425984       |
| train/                  |              |
|    approx_kl            | 0.0062750303 |
|    clip_fraction        | 0.0738       |
|    clip_range           | 0.2          |
|    entropy_loss         | -1.12        |
|    explained_variance   | 0.413        |
|    learning_rate        | 0.0003       |
|    loss                 | 24.6         |
|    n_updates            | 250          |
|    policy_gradient_loss | -0.00217     |
|    std                  | 0.741        |
|    value_loss           | 30.9         |
------------------------------------------
-----------------------------------------
| rollout/                |             |
|    ep_len_mean          | 39.8        |
|    ep_rew_mean          | 30.3        |
| time/                   |             |
|    fps                  | 34          |
|    iterations           | 27          |
|    time_elapsed         | 12965       |
|    total_timesteps      | 442368      |
| train/                  |             |
|    approx_kl            | 0.006410563 |
|    clip_fraction        | 0.0768      |
|    clip_range           | 0.2         |
|    entropy_loss         | -1.12       |
|    explained_variance   | 0.503       |
|    learning_rate        | 0.0003      |
|    loss                 | 4.54        |
|    n_updates            | 260         |
|    policy_gradient_loss | -0.00217    |
|    std                  | 0.741       |
|    value_loss           | 25.8        |
-----------------------------------------
------------------------------------------
| rollout/                |              |
|    ep_len_mean          | 39.6         |
|    ep_rew_mean          | 30.6         |
| time/                   |              |
|    fps                  | 33           |
|    iterations           | 28           |
|    time_elapsed         | 13509        |
|    total_timesteps      | 458752       |
| train/                  |              |
|    approx_kl            | 0.0061196303 |
|    clip_fraction        | 0.0625       |
|    clip_range           | 0.2          |
|    entropy_loss         | -1.12        |
|    explained_variance   | 0.538        |
|    learning_rate        | 0.0003       |
|    loss                 | 4.17         |
|    n_updates            | 270          |
|    policy_gradient_loss | -0.00095     |
|    std                  | 0.745        |
|    value_loss           | 27.6         |
------------------------------------------
------------------------------------------
| rollout/                |              |
|    ep_len_mean          | 40           |
|    ep_rew_mean          | 30.8         |
| time/                   |              |
|    fps                  | 33           |
|    iterations           | 29           |
|    time_elapsed         | 14053        |
|    total_timesteps      | 475136       |
| train/                  |              |
|    approx_kl            | 0.0063039437 |
|    clip_fraction        | 0.0864       |
|    clip_range           | 0.2          |
|    entropy_loss         | -1.11        |
|    explained_variance   | 0.472        |
|    learning_rate        | 0.0003       |
|    loss                 | 1.28         |
|    n_updates            | 280          |
|    policy_gradient_loss | -0.000575    |
|    std                  | 0.738        |
|    value_loss           | 20           |
------------------------------------------
-----------------------------------------
| rollout/                |             |
|    ep_len_mean          | 39.8        |
|    ep_rew_mean          | 30.6        |
| time/                   |             |
|    fps                  | 33          |
|    iterations           | 30          |
|    time_elapsed         | 14598       |
|    total_timesteps      | 491520      |
| train/                  |             |
|    approx_kl            | 0.005949704 |
|    clip_fraction        | 0.0678      |
|    clip_range           | 0.2         |
|    entropy_loss         | -1.11       |
|    explained_variance   | 0.496       |
|    learning_rate        | 0.0003      |
|    loss                 | 2.88        |
|    n_updates            | 290         |
|    policy_gradient_loss | -0.00108    |
|    std                  | 0.733       |
|    value_loss           | 21.3        |
-----------------------------------------
------------------------------------------
| rollout/                |              |
|    ep_len_mean          | 39.4         |
|    ep_rew_mean          | 30.4         |
| time/                   |              |
|    fps                  | 33           |
|    iterations           | 31           |
|    time_elapsed         | 15143        |
|    total_timesteps      | 507904       |
| train/                  |              |
|    approx_kl            | 0.0063309176 |
|    clip_fraction        | 0.0621       |
|    clip_range           | 0.2          |
|    entropy_loss         | -1.1         |
|    explained_variance   | 0.628        |
|    learning_rate        | 0.0003       |
|    loss                 | 12.6         |
|    n_updates            | 300          |
|    policy_gradient_loss | -0.000625    |
|    std                  | 0.726        |
|    value_loss           | 19           |
------------------------------------------


###############################################################################
TCHPC Cluster: callan
Job 114849 (base_cf_obs15_stopgo_ne8) for User 'hadjitot' in Account 'callan_hadjitot'
Finished at: Sat Jan 31 10:03:32 GMT 2026

Job efficiency estimates:
=========================

Job ID: 114849
Cluster: callan
User/Group: hadjitot/hadjitot
State: COMPLETED (exit code 0)
Nodes: 1
Cores per node: 16
CPU Utilized: 3-20:22:52
CPU Efficiency: 47.86% of 8-01:01:20 core-walltime
Job Wall-clock time: 12:03:50
Memory Utilized: 3.45 GB
Memory Efficiency: 10.77% of 32.00 GB (32.00 GB/node)

Job completion status:
======================

JobID           JobName AllocCPUS NTasks NNodes     MaxRSS    MaxRSSNode  MaxDiskRead MaxDiskWrite    Elapsed      State ExitCode 
------------ ---------- --------- ------ ------ ---------- ------------- ------------ ------------ ---------- ---------- -------- 
114849       base_cf_o+        16             1                                                      12:03:50  COMPLETED      0:0 
114849.batch      batch        16      1      1   3613320K    callan-n12     2431.53M     1574.67M   12:03:50  COMPLETED      0:0 
114849.exte+     extern        16      1      1                                                      12:03:50  COMPLETED      0:0 


Job details:
============

JobId=114849 JobName=base_cf_obs15_stopgo_ne8
   UserId=hadjitot(2357) GroupId=hadjitot(2300) MCS_label=N/A
   Priority=148361 Nice=0 Account=callan_hadjitot QOS=normal
   JobState=COMPLETING Reason=None Dependency=(null)
   Requeue=0 Restarts=0 BatchFlag=1 Reboot=0 ExitCode=0:0
   DerivedExitCode=0:0
   RunTime=12:03:50 TimeLimit=1-00:00:00 TimeMin=N/A
   SubmitTime=2026-01-30T18:12:32 EligibleTime=2026-01-30T18:12:32
   AccrueTime=2026-01-30T18:12:32
   StartTime=2026-01-30T21:59:42 EndTime=2026-01-31T10:03:32 Deadline=N/A
   SuspendTime=None SecsPreSuspend=0 LastSchedEval=2026-01-30T21:59:42 Scheduler=Main
   Partition=compute AllocNode:Sid=callan01.cluster:1143155
   ReqNodeList=(null) ExcNodeList=(null)
   NodeList=callan-n12
   BatchHost=callan-n12
   NumNodes=1 NumCPUs=16 NumTasks=1 CPUs/Task=16 ReqB:S:C:T=0:0:*:*
   ReqTRES=cpu=16,mem=32G,node=1,billing=16
   AllocTRES=cpu=16,mem=32G,node=1,billing=16
   Socks/Node=* NtasksPerN:B:S:C=0:0:*:* CoreSpec=*
   JOB_GRES=(null)
     Nodes=callan-n12 CPU_IDs=0-15 Mem=32768 GRES=
   MinCPUsNode=16 MinMemoryNode=32G MinTmpDiskNode=0
   Features=(null) DelayBoot=00:00:00
   OverSubscribe=OK Contiguous=0 Licenses=(null) LicensesAlloc=(null) Network=(null)
   Command=/home/scratch/hadjitot/fyp/HighwayEnv/slurm/train_baseline.sbatch
   WorkDir=/home/scratch/hadjitot/fyp/HighwayEnv
   StdErr=/home/scratch/hadjitot/fyp/HighwayEnv/slurm_out/base_cf_obs15_stopgo_ne8_114849.err
   StdIn=/dev/null
   StdOut=/home/scratch/hadjitot/fyp/HighwayEnv/slurm_out/base_cf_obs15_stopgo_ne8_114849.out
   TresPerTask=cpu=16
   


Disk quota details:
===================

                         Block Limits                                    |                     File Limits
Name       type             MB      quota      limit   in_doubt    grace |    files   quota    limit in_doubt    grace
root       USR         4722996          0          0        260     none |   336790       0        0      156     none
root       FILESET     4472344          0          0       2693     none |  9565619       0        0      950     none


SLURM Bank Statement:
=====================

User           Usage |        Account     Usage | Account Limit Available (CPU hrs)
---------- --------- + -------------- --------- + ------------- ---------
hadjitot       1,519 | CALLAN_HADJITOT     1,519 |       300,000   298,481


Acknowledgements:
=================

Note that usage of TCHPC Resources *must* be acknowledged in all publications.

Please see this page for details relevant to this cluster:

http://www.tchpc.tcd.ie/resources/acknowledgementpolicy

################################################################################
