Loading Anaconda 3 2024.02-1
ppo_baseline_highway_lanechange_dense_obs20_v6_seed2 obs shape: (20, 5) action space: Box(-1.0, 1.0, (2,), float32)
Using cpu device
Logging to runs/tb/ppo_baseline_highway_lanechange_dense_obs20_v6_seed2_1
---------------------------------
| rollout/           |          |
|    ep_len_mean     | 155      |
|    ep_rew_mean     | 7.91     |
| time/              |          |
|    fps             | 12       |
|    iterations      | 1        |
|    time_elapsed    | 1269     |
|    total_timesteps | 16384    |
---------------------------------
-----------------------------------------
| rollout/                |             |
|    ep_len_mean          | 152         |
|    ep_rew_mean          | 6.31        |
| time/                   |             |
|    fps                  | 12          |
|    iterations           | 2           |
|    time_elapsed         | 2543        |
|    total_timesteps      | 32768       |
| train/                  |             |
|    approx_kl            | 0.003833314 |
|    clip_fraction        | 0.0313      |
|    clip_range           | 0.2         |
|    entropy_loss         | -2.82       |
|    explained_variance   | -0.0929     |
|    learning_rate        | 0.0003      |
|    loss                 | 0.762       |
|    n_updates            | 10          |
|    policy_gradient_loss | -0.00267    |
|    std                  | 0.994       |
|    value_loss           | 1.21        |
-----------------------------------------
------------------------------------------
| rollout/                |              |
|    ep_len_mean          | 154          |
|    ep_rew_mean          | 7.77         |
| time/                   |              |
|    fps                  | 12           |
|    iterations           | 3            |
|    time_elapsed         | 3788         |
|    total_timesteps      | 49152        |
| train/                  |              |
|    approx_kl            | 0.0050894413 |
|    clip_fraction        | 0.0336       |
|    clip_range           | 0.2          |
|    entropy_loss         | -2.81        |
|    explained_variance   | 0.232        |
|    learning_rate        | 0.0003       |
|    loss                 | 0.69         |
|    n_updates            | 20           |
|    policy_gradient_loss | -0.00229     |
|    std                  | 0.985        |
|    value_loss           | 1.02         |
------------------------------------------
------------------------------------------
| rollout/                |              |
|    ep_len_mean          | 155          |
|    ep_rew_mean          | 8.25         |
| time/                   |              |
|    fps                  | 13           |
|    iterations           | 4            |
|    time_elapsed         | 5032         |
|    total_timesteps      | 65536        |
| train/                  |              |
|    approx_kl            | 0.0035453995 |
|    clip_fraction        | 0.028        |
|    clip_range           | 0.2          |
|    entropy_loss         | -2.8         |
|    explained_variance   | 0.239        |
|    learning_rate        | 0.0003       |
|    loss                 | 0.667        |
|    n_updates            | 30           |
|    policy_gradient_loss | -0.0025      |
|    std                  | 0.982        |
|    value_loss           | 1.44         |
------------------------------------------
------------------------------------------
| rollout/                |              |
|    ep_len_mean          | 154          |
|    ep_rew_mean          | 7.67         |
| time/                   |              |
|    fps                  | 13           |
|    iterations           | 5            |
|    time_elapsed         | 6281         |
|    total_timesteps      | 81920        |
| train/                  |              |
|    approx_kl            | 0.0034607733 |
|    clip_fraction        | 0.03         |
|    clip_range           | 0.2          |
|    entropy_loss         | -2.8         |
|    explained_variance   | 0.287        |
|    learning_rate        | 0.0003       |
|    loss                 | 0.598        |
|    n_updates            | 40           |
|    policy_gradient_loss | -0.00242     |
|    std                  | 0.978        |
|    value_loss           | 1.67         |
------------------------------------------
-----------------------------------------
| rollout/                |             |
|    ep_len_mean          | 154         |
|    ep_rew_mean          | 8.86        |
| time/                   |             |
|    fps                  | 13          |
|    iterations           | 6           |
|    time_elapsed         | 7528        |
|    total_timesteps      | 98304       |
| train/                  |             |
|    approx_kl            | 0.004124075 |
|    clip_fraction        | 0.0354      |
|    clip_range           | 0.2         |
|    entropy_loss         | -2.77       |
|    explained_variance   | 0.283       |
|    learning_rate        | 0.0003      |
|    loss                 | 0.437       |
|    n_updates            | 50          |
|    policy_gradient_loss | -0.00293    |
|    std                  | 0.962       |
|    value_loss           | 1.41        |
-----------------------------------------
------------------------------------------
| rollout/                |              |
|    ep_len_mean          | 155          |
|    ep_rew_mean          | 8.53         |
| time/                   |              |
|    fps                  | 13           |
|    iterations           | 7            |
|    time_elapsed         | 8770         |
|    total_timesteps      | 114688       |
| train/                  |              |
|    approx_kl            | 0.0050629163 |
|    clip_fraction        | 0.0463       |
|    clip_range           | 0.2          |
|    entropy_loss         | -2.75        |
|    explained_variance   | 0.298        |
|    learning_rate        | 0.0003       |
|    loss                 | 1.19         |
|    n_updates            | 60           |
|    policy_gradient_loss | -0.00338     |
|    std                  | 0.955        |
|    value_loss           | 1.9          |
------------------------------------------
-----------------------------------------
| rollout/                |             |
|    ep_len_mean          | 157         |
|    ep_rew_mean          | 11.1        |
| time/                   |             |
|    fps                  | 13          |
|    iterations           | 8           |
|    time_elapsed         | 10007       |
|    total_timesteps      | 131072      |
| train/                  |             |
|    approx_kl            | 0.004880828 |
|    clip_fraction        | 0.0428      |
|    clip_range           | 0.2         |
|    entropy_loss         | -2.74       |
|    explained_variance   | 0.271       |
|    learning_rate        | 0.0003      |
|    loss                 | 0.619       |
|    n_updates            | 70          |
|    policy_gradient_loss | -0.00378    |
|    std                  | 0.953       |
|    value_loss           | 1.72        |
-----------------------------------------
-----------------------------------------
| rollout/                |             |
|    ep_len_mean          | 143         |
|    ep_rew_mean          | 11.1        |
| time/                   |             |
|    fps                  | 13          |
|    iterations           | 9           |
|    time_elapsed         | 11240       |
|    total_timesteps      | 147456      |
| train/                  |             |
|    approx_kl            | 0.004179978 |
|    clip_fraction        | 0.0351      |
|    clip_range           | 0.2         |
|    entropy_loss         | -2.72       |
|    explained_variance   | 0.309       |
|    learning_rate        | 0.0003      |
|    loss                 | 1.19        |
|    n_updates            | 80          |
|    policy_gradient_loss | -0.00331    |
|    std                  | 0.943       |
|    value_loss           | 2.03        |
-----------------------------------------
------------------------------------------
| rollout/                |              |
|    ep_len_mean          | 158          |
|    ep_rew_mean          | 13.4         |
| time/                   |              |
|    fps                  | 13           |
|    iterations           | 10           |
|    time_elapsed         | 12472        |
|    total_timesteps      | 163840       |
| train/                  |              |
|    approx_kl            | 0.0039038723 |
|    clip_fraction        | 0.0356       |
|    clip_range           | 0.2          |
|    entropy_loss         | -2.73        |
|    explained_variance   | 0.298        |
|    learning_rate        | 0.0003       |
|    loss                 | 1.03         |
|    n_updates            | 90           |
|    policy_gradient_loss | -0.0027      |
|    std                  | 0.947        |
|    value_loss           | 2.28         |
------------------------------------------
-----------------------------------------
| rollout/                |             |
|    ep_len_mean          | 154         |
|    ep_rew_mean          | 13.3        |
| time/                   |             |
|    fps                  | 13          |
|    iterations           | 11          |
|    time_elapsed         | 13701       |
|    total_timesteps      | 180224      |
| train/                  |             |
|    approx_kl            | 0.005847424 |
|    clip_fraction        | 0.055       |
|    clip_range           | 0.2         |
|    entropy_loss         | -2.73       |
|    explained_variance   | 0.3         |
|    learning_rate        | 0.0003      |
|    loss                 | 1.41        |
|    n_updates            | 100         |
|    policy_gradient_loss | -0.00366    |
|    std                  | 0.944       |
|    value_loss           | 2.54        |
-----------------------------------------
-----------------------------------------
| rollout/                |             |
|    ep_len_mean          | 155         |
|    ep_rew_mean          | 14.5        |
| time/                   |             |
|    fps                  | 13          |
|    iterations           | 12          |
|    time_elapsed         | 14935       |
|    total_timesteps      | 196608      |
| train/                  |             |
|    approx_kl            | 0.006475271 |
|    clip_fraction        | 0.0593      |
|    clip_range           | 0.2         |
|    entropy_loss         | -2.7        |
|    explained_variance   | 0.334       |
|    learning_rate        | 0.0003      |
|    loss                 | 0.802       |
|    n_updates            | 110         |
|    policy_gradient_loss | -0.00485    |
|    std                  | 0.934       |
|    value_loss           | 2.68        |
-----------------------------------------
-----------------------------------------
| rollout/                |             |
|    ep_len_mean          | 158         |
|    ep_rew_mean          | 16.4        |
| time/                   |             |
|    fps                  | 13          |
|    iterations           | 13          |
|    time_elapsed         | 16172       |
|    total_timesteps      | 212992      |
| train/                  |             |
|    approx_kl            | 0.008968797 |
|    clip_fraction        | 0.0772      |
|    clip_range           | 0.2         |
|    entropy_loss         | -2.65       |
|    explained_variance   | 0.327       |
|    learning_rate        | 0.0003      |
|    loss                 | 1.58        |
|    n_updates            | 120         |
|    policy_gradient_loss | -0.00654    |
|    std                  | 0.909       |
|    value_loss           | 2.89        |
-----------------------------------------
-----------------------------------------
| rollout/                |             |
|    ep_len_mean          | 157         |
|    ep_rew_mean          | 17.9        |
| time/                   |             |
|    fps                  | 13          |
|    iterations           | 14          |
|    time_elapsed         | 17406       |
|    total_timesteps      | 229376      |
| train/                  |             |
|    approx_kl            | 0.007445908 |
|    clip_fraction        | 0.0693      |
|    clip_range           | 0.2         |
|    entropy_loss         | -2.6        |
|    explained_variance   | 0.368       |
|    learning_rate        | 0.0003      |
|    loss                 | 0.788       |
|    n_updates            | 130         |
|    policy_gradient_loss | -0.0049     |
|    std                  | 0.883       |
|    value_loss           | 3.37        |
-----------------------------------------
------------------------------------------
| rollout/                |              |
|    ep_len_mean          | 158          |
|    ep_rew_mean          | 20.8         |
| time/                   |              |
|    fps                  | 13           |
|    iterations           | 15           |
|    time_elapsed         | 18638        |
|    total_timesteps      | 245760       |
| train/                  |              |
|    approx_kl            | 0.0066415425 |
|    clip_fraction        | 0.0605       |
|    clip_range           | 0.2          |
|    entropy_loss         | -2.57        |
|    explained_variance   | 0.393        |
|    learning_rate        | 0.0003       |
|    loss                 | 2.12         |
|    n_updates            | 140          |
|    policy_gradient_loss | -0.00428     |
|    std                  | 0.87         |
|    value_loss           | 3.39         |
------------------------------------------
-----------------------------------------
| rollout/                |             |
|    ep_len_mean          | 158         |
|    ep_rew_mean          | 23.9        |
| time/                   |             |
|    fps                  | 13          |
|    iterations           | 16          |
|    time_elapsed         | 19864       |
|    total_timesteps      | 262144      |
| train/                  |             |
|    approx_kl            | 0.008130837 |
|    clip_fraction        | 0.0712      |
|    clip_range           | 0.2         |
|    entropy_loss         | -2.52       |
|    explained_variance   | 0.343       |
|    learning_rate        | 0.0003      |
|    loss                 | 1.99        |
|    n_updates            | 150         |
|    policy_gradient_loss | -0.00492    |
|    std                  | 0.851       |
|    value_loss           | 3.89        |
-----------------------------------------
-----------------------------------------
| rollout/                |             |
|    ep_len_mean          | 158         |
|    ep_rew_mean          | 28.7        |
| time/                   |             |
|    fps                  | 13          |
|    iterations           | 17          |
|    time_elapsed         | 21083       |
|    total_timesteps      | 278528      |
| train/                  |             |
|    approx_kl            | 0.009368075 |
|    clip_fraction        | 0.0924      |
|    clip_range           | 0.2         |
|    entropy_loss         | -2.48       |
|    explained_variance   | 0.353       |
|    learning_rate        | 0.0003      |
|    loss                 | 1.53        |
|    n_updates            | 160         |
|    policy_gradient_loss | -0.00743    |
|    std                  | 0.834       |
|    value_loss           | 4.33        |
-----------------------------------------
-----------------------------------------
| rollout/                |             |
|    ep_len_mean          | 160         |
|    ep_rew_mean          | 31.4        |
| time/                   |             |
|    fps                  | 13          |
|    iterations           | 18          |
|    time_elapsed         | 22300       |
|    total_timesteps      | 294912      |
| train/                  |             |
|    approx_kl            | 0.008347904 |
|    clip_fraction        | 0.0924      |
|    clip_range           | 0.2         |
|    entropy_loss         | -2.45       |
|    explained_variance   | 0.346       |
|    learning_rate        | 0.0003      |
|    loss                 | 2.11        |
|    n_updates            | 170         |
|    policy_gradient_loss | -0.00713    |
|    std                  | 0.822       |
|    value_loss           | 5.14        |
-----------------------------------------
-----------------------------------------
| rollout/                |             |
|    ep_len_mean          | 160         |
|    ep_rew_mean          | 33.7        |
| time/                   |             |
|    fps                  | 13          |
|    iterations           | 19          |
|    time_elapsed         | 23525       |
|    total_timesteps      | 311296      |
| train/                  |             |
|    approx_kl            | 0.008699194 |
|    clip_fraction        | 0.0775      |
|    clip_range           | 0.2         |
|    entropy_loss         | -2.41       |
|    explained_variance   | 0.381       |
|    learning_rate        | 0.0003      |
|    loss                 | 3.03        |
|    n_updates            | 180         |
|    policy_gradient_loss | -0.00585    |
|    std                  | 0.801       |
|    value_loss           | 6.27        |
-----------------------------------------
----------------------------------------
| rollout/                |            |
|    ep_len_mean          | 158        |
|    ep_rew_mean          | 38.5       |
| time/                   |            |
|    fps                  | 13         |
|    iterations           | 20         |
|    time_elapsed         | 24742      |
|    total_timesteps      | 327680     |
| train/                  |            |
|    approx_kl            | 0.00878318 |
|    clip_fraction        | 0.085      |
|    clip_range           | 0.2        |
|    entropy_loss         | -2.35      |
|    explained_variance   | 0.416      |
|    learning_rate        | 0.0003     |
|    loss                 | 2.67       |
|    n_updates            | 190        |
|    policy_gradient_loss | -0.00587   |
|    std                  | 0.781      |
|    value_loss           | 6.82       |
----------------------------------------
------------------------------------------
| rollout/                |              |
|    ep_len_mean          | 160          |
|    ep_rew_mean          | 46.1         |
| time/                   |              |
|    fps                  | 13           |
|    iterations           | 21           |
|    time_elapsed         | 25961        |
|    total_timesteps      | 344064       |
| train/                  |              |
|    approx_kl            | 0.0090773655 |
|    clip_fraction        | 0.086        |
|    clip_range           | 0.2          |
|    entropy_loss         | -2.32        |
|    explained_variance   | 0.385        |
|    learning_rate        | 0.0003       |
|    loss                 | 3.46         |
|    n_updates            | 200          |
|    policy_gradient_loss | -0.00603     |
|    std                  | 0.768        |
|    value_loss           | 7.22         |
------------------------------------------
-----------------------------------------
| rollout/                |             |
|    ep_len_mean          | 158         |
|    ep_rew_mean          | 50.1        |
| time/                   |             |
|    fps                  | 13          |
|    iterations           | 22          |
|    time_elapsed         | 27183       |
|    total_timesteps      | 360448      |
| train/                  |             |
|    approx_kl            | 0.011034388 |
|    clip_fraction        | 0.104       |
|    clip_range           | 0.2         |
|    entropy_loss         | -2.26       |
|    explained_variance   | 0.344       |
|    learning_rate        | 0.0003      |
|    loss                 | 3.84        |
|    n_updates            | 210         |
|    policy_gradient_loss | -0.00856    |
|    std                  | 0.747       |
|    value_loss           | 8.01        |
-----------------------------------------
-----------------------------------------
| rollout/                |             |
|    ep_len_mean          | 158         |
|    ep_rew_mean          | 56.7        |
| time/                   |             |
|    fps                  | 13          |
|    iterations           | 23          |
|    time_elapsed         | 28403       |
|    total_timesteps      | 376832      |
| train/                  |             |
|    approx_kl            | 0.010796764 |
|    clip_fraction        | 0.109       |
|    clip_range           | 0.2         |
|    entropy_loss         | -2.23       |
|    explained_variance   | 0.437       |
|    learning_rate        | 0.0003      |
|    loss                 | 5.08        |
|    n_updates            | 220         |
|    policy_gradient_loss | -0.00911    |
|    std                  | 0.735       |
|    value_loss           | 8.72        |
-----------------------------------------
-----------------------------------------
| rollout/                |             |
|    ep_len_mean          | 158         |
|    ep_rew_mean          | 66          |
| time/                   |             |
|    fps                  | 13          |
|    iterations           | 24          |
|    time_elapsed         | 29623       |
|    total_timesteps      | 393216      |
| train/                  |             |
|    approx_kl            | 0.010827237 |
|    clip_fraction        | 0.0999      |
|    clip_range           | 0.2         |
|    entropy_loss         | -2.17       |
|    explained_variance   | 0.477       |
|    learning_rate        | 0.0003      |
|    loss                 | 4.99        |
|    n_updates            | 230         |
|    policy_gradient_loss | -0.00681    |
|    std                  | 0.713       |
|    value_loss           | 8.73        |
-----------------------------------------
-----------------------------------------
| rollout/                |             |
|    ep_len_mean          | 159         |
|    ep_rew_mean          | 71.1        |
| time/                   |             |
|    fps                  | 13          |
|    iterations           | 25          |
|    time_elapsed         | 30844       |
|    total_timesteps      | 409600      |
| train/                  |             |
|    approx_kl            | 0.010382548 |
|    clip_fraction        | 0.1         |
|    clip_range           | 0.2         |
|    entropy_loss         | -2.12       |
|    explained_variance   | 0.436       |
|    learning_rate        | 0.0003      |
|    loss                 | 3.38        |
|    n_updates            | 240         |
|    policy_gradient_loss | -0.00753    |
|    std                  | 0.696       |
|    value_loss           | 8.47        |
-----------------------------------------
-----------------------------------------
| rollout/                |             |
|    ep_len_mean          | 156         |
|    ep_rew_mean          | 70.3        |
| time/                   |             |
|    fps                  | 13          |
|    iterations           | 26          |
|    time_elapsed         | 32067       |
|    total_timesteps      | 425984      |
| train/                  |             |
|    approx_kl            | 0.010861692 |
|    clip_fraction        | 0.0991      |
|    clip_range           | 0.2         |
|    entropy_loss         | -2.06       |
|    explained_variance   | 0.434       |
|    learning_rate        | 0.0003      |
|    loss                 | 4.83        |
|    n_updates            | 250         |
|    policy_gradient_loss | -0.00756    |
|    std                  | 0.677       |
|    value_loss           | 8.26        |
-----------------------------------------
-----------------------------------------
| rollout/                |             |
|    ep_len_mean          | 157         |
|    ep_rew_mean          | 77.6        |
| time/                   |             |
|    fps                  | 13          |
|    iterations           | 27          |
|    time_elapsed         | 33291       |
|    total_timesteps      | 442368      |
| train/                  |             |
|    approx_kl            | 0.010606205 |
|    clip_fraction        | 0.113       |
|    clip_range           | 0.2         |
|    entropy_loss         | -2.01       |
|    explained_variance   | 0.645       |
|    learning_rate        | 0.0003      |
|    loss                 | 3.22        |
|    n_updates            | 260         |
|    policy_gradient_loss | -0.00761    |
|    std                  | 0.661       |
|    value_loss           | 8.94        |
-----------------------------------------
-----------------------------------------
| rollout/                |             |
|    ep_len_mean          | 160         |
|    ep_rew_mean          | 84.7        |
| time/                   |             |
|    fps                  | 13          |
|    iterations           | 28          |
|    time_elapsed         | 34513       |
|    total_timesteps      | 458752      |
| train/                  |             |
|    approx_kl            | 0.011535121 |
|    clip_fraction        | 0.114       |
|    clip_range           | 0.2         |
|    entropy_loss         | -1.95       |
|    explained_variance   | 0.461       |
|    learning_rate        | 0.0003      |
|    loss                 | 3.6         |
|    n_updates            | 270         |
|    policy_gradient_loss | -0.00752    |
|    std                  | 0.641       |
|    value_loss           | 8.68        |
-----------------------------------------
----------------------------------------
| rollout/                |            |
|    ep_len_mean          | 155        |
|    ep_rew_mean          | 84.9       |
| time/                   |            |
|    fps                  | 13         |
|    iterations           | 29         |
|    time_elapsed         | 35734      |
|    total_timesteps      | 475136     |
| train/                  |            |
|    approx_kl            | 0.01127508 |
|    clip_fraction        | 0.117      |
|    clip_range           | 0.2        |
|    entropy_loss         | -1.9       |
|    explained_variance   | 0.578      |
|    learning_rate        | 0.0003     |
|    loss                 | 1.83       |
|    n_updates            | 280        |
|    policy_gradient_loss | -0.00718   |
|    std                  | 0.624      |
|    value_loss           | 6.92       |
----------------------------------------
----------------------------------------
| rollout/                |            |
|    ep_len_mean          | 157        |
|    ep_rew_mean          | 89.1       |
| time/                   |            |
|    fps                  | 13         |
|    iterations           | 30         |
|    time_elapsed         | 36957      |
|    total_timesteps      | 491520     |
| train/                  |            |
|    approx_kl            | 0.01181898 |
|    clip_fraction        | 0.106      |
|    clip_range           | 0.2        |
|    entropy_loss         | -1.83      |
|    explained_variance   | 0.527      |
|    learning_rate        | 0.0003     |
|    loss                 | 2.5        |
|    n_updates            | 290        |
|    policy_gradient_loss | -0.00662   |
|    std                  | 0.605      |
|    value_loss           | 6.56       |
----------------------------------------
-----------------------------------------
| rollout/                |             |
|    ep_len_mean          | 160         |
|    ep_rew_mean          | 94.1        |
| time/                   |             |
|    fps                  | 13          |
|    iterations           | 31          |
|    time_elapsed         | 38182       |
|    total_timesteps      | 507904      |
| train/                  |             |
|    approx_kl            | 0.011174433 |
|    clip_fraction        | 0.115       |
|    clip_range           | 0.2         |
|    entropy_loss         | -1.77       |
|    explained_variance   | 0.364       |
|    learning_rate        | 0.0003      |
|    loss                 | 1.74        |
|    n_updates            | 300         |
|    policy_gradient_loss | -0.00768    |
|    std                  | 0.589       |
|    value_loss           | 4.33        |
-----------------------------------------
-----------------------------------------
| rollout/                |             |
|    ep_len_mean          | 160         |
|    ep_rew_mean          | 96.8        |
| time/                   |             |
|    fps                  | 13          |
|    iterations           | 32          |
|    time_elapsed         | 39404       |
|    total_timesteps      | 524288      |
| train/                  |             |
|    approx_kl            | 0.010656648 |
|    clip_fraction        | 0.111       |
|    clip_range           | 0.2         |
|    entropy_loss         | -1.73       |
|    explained_variance   | 0.279       |
|    learning_rate        | 0.0003      |
|    loss                 | 1.47        |
|    n_updates            | 310         |
|    policy_gradient_loss | -0.00718    |
|    std                  | 0.577       |
|    value_loss           | 3.04        |
-----------------------------------------
-----------------------------------------
| rollout/                |             |
|    ep_len_mean          | 160         |
|    ep_rew_mean          | 97.8        |
| time/                   |             |
|    fps                  | 13          |
|    iterations           | 33          |
|    time_elapsed         | 40629       |
|    total_timesteps      | 540672      |
| train/                  |             |
|    approx_kl            | 0.012267169 |
|    clip_fraction        | 0.104       |
|    clip_range           | 0.2         |
|    entropy_loss         | -1.7        |
|    explained_variance   | 0.506       |
|    learning_rate        | 0.0003      |
|    loss                 | 1.13        |
|    n_updates            | 320         |
|    policy_gradient_loss | -0.00757    |
|    std                  | 0.568       |
|    value_loss           | 2.57        |
-----------------------------------------
-----------------------------------------
| rollout/                |             |
|    ep_len_mean          | 160         |
|    ep_rew_mean          | 99.3        |
| time/                   |             |
|    fps                  | 13          |
|    iterations           | 34          |
|    time_elapsed         | 41851       |
|    total_timesteps      | 557056      |
| train/                  |             |
|    approx_kl            | 0.011635675 |
|    clip_fraction        | 0.103       |
|    clip_range           | 0.2         |
|    entropy_loss         | -1.64       |
|    explained_variance   | 0.315       |
|    learning_rate        | 0.0003      |
|    loss                 | 0.962       |
|    n_updates            | 330         |
|    policy_gradient_loss | -0.006      |
|    std                  | 0.55        |
|    value_loss           | 2.2         |
-----------------------------------------
-----------------------------------------
| rollout/                |             |
|    ep_len_mean          | 160         |
|    ep_rew_mean          | 99          |
| time/                   |             |
|    fps                  | 13          |
|    iterations           | 35          |
|    time_elapsed         | 43072       |
|    total_timesteps      | 573440      |
| train/                  |             |
|    approx_kl            | 0.011660116 |
|    clip_fraction        | 0.0925      |
|    clip_range           | 0.2         |
|    entropy_loss         | -1.6        |
|    explained_variance   | 0.461       |
|    learning_rate        | 0.0003      |
|    loss                 | 0.91        |
|    n_updates            | 340         |
|    policy_gradient_loss | -0.00401    |
|    std                  | 0.542       |
|    value_loss           | 1.82        |
-----------------------------------------
-----------------------------------------
| rollout/                |             |
|    ep_len_mean          | 160         |
|    ep_rew_mean          | 104         |
| time/                   |             |
|    fps                  | 13          |
|    iterations           | 36          |
|    time_elapsed         | 44294       |
|    total_timesteps      | 589824      |
| train/                  |             |
|    approx_kl            | 0.011392032 |
|    clip_fraction        | 0.0908      |
|    clip_range           | 0.2         |
|    entropy_loss         | -1.56       |
|    explained_variance   | 0.77        |
|    learning_rate        | 0.0003      |
|    loss                 | 0.894       |
|    n_updates            | 350         |
|    policy_gradient_loss | -0.00424    |
|    std                  | 0.53        |
|    value_loss           | 3.05        |
-----------------------------------------
-----------------------------------------
| rollout/                |             |
|    ep_len_mean          | 160         |
|    ep_rew_mean          | 105         |
| time/                   |             |
|    fps                  | 13          |
|    iterations           | 37          |
|    time_elapsed         | 45513       |
|    total_timesteps      | 606208      |
| train/                  |             |
|    approx_kl            | 0.011084011 |
|    clip_fraction        | 0.1         |
|    clip_range           | 0.2         |
|    entropy_loss         | -1.5        |
|    explained_variance   | 0.683       |
|    learning_rate        | 0.0003      |
|    loss                 | 0.635       |
|    n_updates            | 360         |
|    policy_gradient_loss | -0.00405    |
|    std                  | 0.518       |
|    value_loss           | 1.23        |
-----------------------------------------
-----------------------------------------
| rollout/                |             |
|    ep_len_mean          | 160         |
|    ep_rew_mean          | 105         |
| time/                   |             |
|    fps                  | 13          |
|    iterations           | 38          |
|    time_elapsed         | 46731       |
|    total_timesteps      | 622592      |
| train/                  |             |
|    approx_kl            | 0.012306608 |
|    clip_fraction        | 0.0969      |
|    clip_range           | 0.2         |
|    entropy_loss         | -1.47       |
|    explained_variance   | 0.588       |
|    learning_rate        | 0.0003      |
|    loss                 | 0.601       |
|    n_updates            | 370         |
|    policy_gradient_loss | -0.00517    |
|    std                  | 0.51        |
|    value_loss           | 1.05        |
-----------------------------------------
-----------------------------------------
| rollout/                |             |
|    ep_len_mean          | 160         |
|    ep_rew_mean          | 105         |
| time/                   |             |
|    fps                  | 13          |
|    iterations           | 39          |
|    time_elapsed         | 47948       |
|    total_timesteps      | 638976      |
| train/                  |             |
|    approx_kl            | 0.010552525 |
|    clip_fraction        | 0.095       |
|    clip_range           | 0.2         |
|    entropy_loss         | -1.42       |
|    explained_variance   | 0.629       |
|    learning_rate        | 0.0003      |
|    loss                 | 0.313       |
|    n_updates            | 380         |
|    policy_gradient_loss | -0.00471    |
|    std                  | 0.497       |
|    value_loss           | 0.907       |
-----------------------------------------
-----------------------------------------
| rollout/                |             |
|    ep_len_mean          | 158         |
|    ep_rew_mean          | 103         |
| time/                   |             |
|    fps                  | 13          |
|    iterations           | 40          |
|    time_elapsed         | 49164       |
|    total_timesteps      | 655360      |
| train/                  |             |
|    approx_kl            | 0.010895826 |
|    clip_fraction        | 0.101       |
|    clip_range           | 0.2         |
|    entropy_loss         | -1.38       |
|    explained_variance   | 0.463       |
|    learning_rate        | 0.0003      |
|    loss                 | 0.466       |
|    n_updates            | 390         |
|    policy_gradient_loss | -0.00555    |
|    std                  | 0.486       |
|    value_loss           | 0.689       |
-----------------------------------------
-----------------------------------------
| rollout/                |             |
|    ep_len_mean          | 160         |
|    ep_rew_mean          | 106         |
| time/                   |             |
|    fps                  | 13          |
|    iterations           | 41          |
|    time_elapsed         | 50383       |
|    total_timesteps      | 671744      |
| train/                  |             |
|    approx_kl            | 0.013156756 |
|    clip_fraction        | 0.105       |
|    clip_range           | 0.2         |
|    entropy_loss         | -1.37       |
|    explained_variance   | 0.754       |
|    learning_rate        | 0.0003      |
|    loss                 | 0.379       |
|    n_updates            | 400         |
|    policy_gradient_loss | -0.0065     |
|    std                  | 0.485       |
|    value_loss           | 1.28        |
-----------------------------------------
-----------------------------------------
| rollout/                |             |
|    ep_len_mean          | 160         |
|    ep_rew_mean          | 107         |
| time/                   |             |
|    fps                  | 13          |
|    iterations           | 42          |
|    time_elapsed         | 51601       |
|    total_timesteps      | 688128      |
| train/                  |             |
|    approx_kl            | 0.012682703 |
|    clip_fraction        | 0.119       |
|    clip_range           | 0.2         |
|    entropy_loss         | -1.34       |
|    explained_variance   | 0.493       |
|    learning_rate        | 0.0003      |
|    loss                 | 0.112       |
|    n_updates            | 410         |
|    policy_gradient_loss | -0.00488    |
|    std                  | 0.476       |
|    value_loss           | 0.608       |
-----------------------------------------
-----------------------------------------
| rollout/                |             |
|    ep_len_mean          | 160         |
|    ep_rew_mean          | 107         |
| time/                   |             |
|    fps                  | 13          |
|    iterations           | 43          |
|    time_elapsed         | 52823       |
|    total_timesteps      | 704512      |
| train/                  |             |
|    approx_kl            | 0.012729785 |
|    clip_fraction        | 0.104       |
|    clip_range           | 0.2         |
|    entropy_loss         | -1.29       |
|    explained_variance   | 0.561       |
|    learning_rate        | 0.0003      |
|    loss                 | 0.363       |
|    n_updates            | 420         |
|    policy_gradient_loss | -0.00642    |
|    std                  | 0.468       |
|    value_loss           | 0.467       |
-----------------------------------------
-----------------------------------------
| rollout/                |             |
|    ep_len_mean          | 159         |
|    ep_rew_mean          | 106         |
| time/                   |             |
|    fps                  | 13          |
|    iterations           | 44          |
|    time_elapsed         | 54043       |
|    total_timesteps      | 720896      |
| train/                  |             |
|    approx_kl            | 0.011152932 |
|    clip_fraction        | 0.106       |
|    clip_range           | 0.2         |
|    entropy_loss         | -1.26       |
|    explained_variance   | 0.507       |
|    learning_rate        | 0.0003      |
|    loss                 | 0.121       |
|    n_updates            | 430         |
|    policy_gradient_loss | -0.00363    |
|    std                  | 0.462       |
|    value_loss           | 0.415       |
-----------------------------------------
-----------------------------------------
| rollout/                |             |
|    ep_len_mean          | 160         |
|    ep_rew_mean          | 108         |
| time/                   |             |
|    fps                  | 13          |
|    iterations           | 45          |
|    time_elapsed         | 55269       |
|    total_timesteps      | 737280      |
| train/                  |             |
|    approx_kl            | 0.011455664 |
|    clip_fraction        | 0.103       |
|    clip_range           | 0.2         |
|    entropy_loss         | -1.25       |
|    explained_variance   | 0.775       |
|    learning_rate        | 0.0003      |
|    loss                 | 0.0579      |
|    n_updates            | 440         |
|    policy_gradient_loss | -0.00279    |
|    std                  | 0.459       |
|    value_loss           | 0.99        |
-----------------------------------------
----------------------------------------
| rollout/                |            |
|    ep_len_mean          | 160        |
|    ep_rew_mean          | 107        |
| time/                   |            |
|    fps                  | 13         |
|    iterations           | 46         |
|    time_elapsed         | 56496      |
|    total_timesteps      | 753664     |
| train/                  |            |
|    approx_kl            | 0.01220423 |
|    clip_fraction        | 0.117      |
|    clip_range           | 0.2        |
|    entropy_loss         | -1.22      |
|    explained_variance   | 0.512      |
|    learning_rate        | 0.0003     |
|    loss                 | 0.172      |
|    n_updates            | 450        |
|    policy_gradient_loss | -0.00385   |
|    std                  | 0.449      |
|    value_loss           | 0.3        |
----------------------------------------
----------------------------------------
| rollout/                |            |
|    ep_len_mean          | 160        |
|    ep_rew_mean          | 107        |
| time/                   |            |
|    fps                  | 13         |
|    iterations           | 47         |
|    time_elapsed         | 57721      |
|    total_timesteps      | 770048     |
| train/                  |            |
|    approx_kl            | 0.01509103 |
|    clip_fraction        | 0.108      |
|    clip_range           | 0.2        |
|    entropy_loss         | -1.19      |
|    explained_variance   | 0.737      |
|    learning_rate        | 0.0003     |
|    loss                 | 0.175      |
|    n_updates            | 460        |
|    policy_gradient_loss | -0.00333   |
|    std                  | 0.445      |
|    value_loss           | 0.45       |
----------------------------------------
-----------------------------------------
| rollout/                |             |
|    ep_len_mean          | 160         |
|    ep_rew_mean          | 108         |
| time/                   |             |
|    fps                  | 13          |
|    iterations           | 48          |
|    time_elapsed         | 58940       |
|    total_timesteps      | 786432      |
| train/                  |             |
|    approx_kl            | 0.014730564 |
|    clip_fraction        | 0.103       |
|    clip_range           | 0.2         |
|    entropy_loss         | -1.17       |
|    explained_variance   | 0.87        |
|    learning_rate        | 0.0003      |
|    loss                 | 0.942       |
|    n_updates            | 470         |
|    policy_gradient_loss | -0.00347    |
|    std                  | 0.439       |
|    value_loss           | 0.899       |
-----------------------------------------
-----------------------------------------
| rollout/                |             |
|    ep_len_mean          | 159         |
|    ep_rew_mean          | 107         |
| time/                   |             |
|    fps                  | 13          |
|    iterations           | 49          |
|    time_elapsed         | 60166       |
|    total_timesteps      | 802816      |
| train/                  |             |
|    approx_kl            | 0.015800744 |
|    clip_fraction        | 0.119       |
|    clip_range           | 0.2         |
|    entropy_loss         | -1.14       |
|    explained_variance   | 0.864       |
|    learning_rate        | 0.0003      |
|    loss                 | 0.0699      |
|    n_updates            | 480         |
|    policy_gradient_loss | -0.00186    |
|    std                  | 0.433       |
|    value_loss           | 0.629       |
-----------------------------------------
-----------------------------------------
| rollout/                |             |
|    ep_len_mean          | 160         |
|    ep_rew_mean          | 108         |
| time/                   |             |
|    fps                  | 13          |
|    iterations           | 50          |
|    time_elapsed         | 61386       |
|    total_timesteps      | 819200      |
| train/                  |             |
|    approx_kl            | 0.014884325 |
|    clip_fraction        | 0.125       |
|    clip_range           | 0.2         |
|    entropy_loss         | -1.09       |
|    explained_variance   | 0.793       |
|    learning_rate        | 0.0003      |
|    loss                 | 0.368       |
|    n_updates            | 490         |
|    policy_gradient_loss | -0.00168    |
|    std                  | 0.421       |
|    value_loss           | 1.27        |
-----------------------------------------
-----------------------------------------
| rollout/                |             |
|    ep_len_mean          | 160         |
|    ep_rew_mean          | 109         |
| time/                   |             |
|    fps                  | 13          |
|    iterations           | 51          |
|    time_elapsed         | 62608       |
|    total_timesteps      | 835584      |
| train/                  |             |
|    approx_kl            | 0.013958706 |
|    clip_fraction        | 0.124       |
|    clip_range           | 0.2         |
|    entropy_loss         | -1.03       |
|    explained_variance   | 0.821       |
|    learning_rate        | 0.0003      |
|    loss                 | 1.31        |
|    n_updates            | 500         |
|    policy_gradient_loss | -0.00346    |
|    std                  | 0.41        |
|    value_loss           | 0.785       |
-----------------------------------------
-----------------------------------------
| rollout/                |             |
|    ep_len_mean          | 159         |
|    ep_rew_mean          | 109         |
| time/                   |             |
|    fps                  | 13          |
|    iterations           | 52          |
|    time_elapsed         | 63831       |
|    total_timesteps      | 851968      |
| train/                  |             |
|    approx_kl            | 0.015389822 |
|    clip_fraction        | 0.124       |
|    clip_range           | 0.2         |
|    entropy_loss         | -1.01       |
|    explained_variance   | 0.884       |
|    learning_rate        | 0.0003      |
|    loss                 | 0.0837      |
|    n_updates            | 510         |
|    policy_gradient_loss | -0.00468    |
|    std                  | 0.407       |
|    value_loss           | 0.262       |
-----------------------------------------
-----------------------------------------
| rollout/                |             |
|    ep_len_mean          | 160         |
|    ep_rew_mean          | 109         |
| time/                   |             |
|    fps                  | 13          |
|    iterations           | 53          |
|    time_elapsed         | 65058       |
|    total_timesteps      | 868352      |
| train/                  |             |
|    approx_kl            | 0.015300607 |
|    clip_fraction        | 0.134       |
|    clip_range           | 0.2         |
|    entropy_loss         | -0.984      |
|    explained_variance   | 0.881       |
|    learning_rate        | 0.0003      |
|    loss                 | 0.074       |
|    n_updates            | 520         |
|    policy_gradient_loss | -0.00213    |
|    std                  | 0.399       |
|    value_loss           | 0.383       |
-----------------------------------------
-----------------------------------------
| rollout/                |             |
|    ep_len_mean          | 160         |
|    ep_rew_mean          | 108         |
| time/                   |             |
|    fps                  | 13          |
|    iterations           | 54          |
|    time_elapsed         | 66281       |
|    total_timesteps      | 884736      |
| train/                  |             |
|    approx_kl            | 0.015008077 |
|    clip_fraction        | 0.131       |
|    clip_range           | 0.2         |
|    entropy_loss         | -0.925      |
|    explained_variance   | 0.913       |
|    learning_rate        | 0.0003      |
|    loss                 | 0.0492      |
|    n_updates            | 530         |
|    policy_gradient_loss | -0.00338    |
|    std                  | 0.387       |
|    value_loss           | 0.341       |
-----------------------------------------
-----------------------------------------
| rollout/                |             |
|    ep_len_mean          | 160         |
|    ep_rew_mean          | 107         |
| time/                   |             |
|    fps                  | 13          |
|    iterations           | 55          |
|    time_elapsed         | 67506       |
|    total_timesteps      | 901120      |
| train/                  |             |
|    approx_kl            | 0.015097709 |
|    clip_fraction        | 0.123       |
|    clip_range           | 0.2         |
|    entropy_loss         | -0.904      |
|    explained_variance   | 0.88        |
|    learning_rate        | 0.0003      |
|    loss                 | 0.0776      |
|    n_updates            | 540         |
|    policy_gradient_loss | -0.00269    |
|    std                  | 0.384       |
|    value_loss           | 0.57        |
-----------------------------------------
-----------------------------------------
| rollout/                |             |
|    ep_len_mean          | 157         |
|    ep_rew_mean          | 107         |
| time/                   |             |
|    fps                  | 13          |
|    iterations           | 56          |
|    time_elapsed         | 68732       |
|    total_timesteps      | 917504      |
| train/                  |             |
|    approx_kl            | 0.015088621 |
|    clip_fraction        | 0.132       |
|    clip_range           | 0.2         |
|    entropy_loss         | -0.88       |
|    explained_variance   | 0.84        |
|    learning_rate        | 0.0003      |
|    loss                 | 0.198       |
|    n_updates            | 550         |
|    policy_gradient_loss | -5.96e-05   |
|    std                  | 0.38        |
|    value_loss           | 0.917       |
-----------------------------------------
------------------------------------------
| rollout/                |              |
|    ep_len_mean          | 158          |
|    ep_rew_mean          | 107          |
| time/                   |              |
|    fps                  | 13           |
|    iterations           | 57           |
|    time_elapsed         | 69956        |
|    total_timesteps      | 933888       |
| train/                  |              |
|    approx_kl            | 0.0141772535 |
|    clip_fraction        | 0.138        |
|    clip_range           | 0.2          |
|    entropy_loss         | -0.839       |
|    explained_variance   | 0.658        |
|    learning_rate        | 0.0003       |
|    loss                 | 0.146        |
|    n_updates            | 560          |
|    policy_gradient_loss | -0.00301     |
|    std                  | 0.37         |
|    value_loss           | 1.24         |
------------------------------------------
-----------------------------------------
| rollout/                |             |
|    ep_len_mean          | 160         |
|    ep_rew_mean          | 110         |
| time/                   |             |
|    fps                  | 13          |
|    iterations           | 58          |
|    time_elapsed         | 71179       |
|    total_timesteps      | 950272      |
| train/                  |             |
|    approx_kl            | 0.041978657 |
|    clip_fraction        | 0.131       |
|    clip_range           | 0.2         |
|    entropy_loss         | -0.811      |
|    explained_variance   | 0.857       |
|    learning_rate        | 0.0003      |
|    loss                 | 4.43        |
|    n_updates            | 570         |
|    policy_gradient_loss | -0.00274    |
|    std                  | 0.366       |
|    value_loss           | 1.29        |
-----------------------------------------
------------------------------------------
| rollout/                |              |
|    ep_len_mean          | 160          |
|    ep_rew_mean          | 109          |
| time/                   |              |
|    fps                  | 13           |
|    iterations           | 59           |
|    time_elapsed         | 72398        |
|    total_timesteps      | 966656       |
| train/                  |              |
|    approx_kl            | 0.0149928015 |
|    clip_fraction        | 0.137        |
|    clip_range           | 0.2          |
|    entropy_loss         | -0.771       |
|    explained_variance   | 0.909        |
|    learning_rate        | 0.0003       |
|    loss                 | 0.149        |
|    n_updates            | 580          |
|    policy_gradient_loss | -0.00141     |
|    std                  | 0.359        |
|    value_loss           | 0.291        |
------------------------------------------
-----------------------------------------
| rollout/                |             |
|    ep_len_mean          | 160         |
|    ep_rew_mean          | 109         |
| time/                   |             |
|    fps                  | 13          |
|    iterations           | 60          |
|    time_elapsed         | 73617       |
|    total_timesteps      | 983040      |
| train/                  |             |
|    approx_kl            | 0.014930513 |
|    clip_fraction        | 0.133       |
|    clip_range           | 0.2         |
|    entropy_loss         | -0.748      |
|    explained_variance   | 0.865       |
|    learning_rate        | 0.0003      |
|    loss                 | 2.53        |
|    n_updates            | 590         |
|    policy_gradient_loss | -0.00199    |
|    std                  | 0.356       |
|    value_loss           | 1.14        |
-----------------------------------------
-----------------------------------------
| rollout/                |             |
|    ep_len_mean          | 159         |
|    ep_rew_mean          | 109         |
| time/                   |             |
|    fps                  | 13          |
|    iterations           | 61          |
|    time_elapsed         | 74838       |
|    total_timesteps      | 999424      |
| train/                  |             |
|    approx_kl            | 0.015299878 |
|    clip_fraction        | 0.144       |
|    clip_range           | 0.2         |
|    entropy_loss         | -0.712      |
|    explained_variance   | 0.906       |
|    learning_rate        | 0.0003      |
|    loss                 | 3.33        |
|    n_updates            | 600         |
|    policy_gradient_loss | -0.00187    |
|    std                  | 0.348       |
|    value_loss           | 0.775       |
-----------------------------------------
-----------------------------------------
| rollout/                |             |
|    ep_len_mean          | 160         |
|    ep_rew_mean          | 110         |
| time/                   |             |
|    fps                  | 13          |
|    iterations           | 62          |
|    time_elapsed         | 76058       |
|    total_timesteps      | 1015808     |
| train/                  |             |
|    approx_kl            | 0.015580788 |
|    clip_fraction        | 0.151       |
|    clip_range           | 0.2         |
|    entropy_loss         | -0.676      |
|    explained_variance   | 0.754       |
|    learning_rate        | 0.0003      |
|    loss                 | 0.0341      |
|    n_updates            | 610         |
|    policy_gradient_loss | -0.00221    |
|    std                  | 0.342       |
|    value_loss           | 1.01        |
-----------------------------------------


###############################################################################
TCHPC Cluster: callan
Job 164731 (base_highway_lanechange_dense_obs20_seed2_ne8_1000000_v6) for User 'hadjitot' in Account 'callan_hadjitot'
Finished at: Wed Mar 11 16:08:32 GMT 2026

Job efficiency estimates:
=========================

Job ID: 164731
Cluster: callan
User/Group: hadjitot/hadjitot
State: COMPLETED (exit code 0)
Nodes: 1
Cores per node: 16
CPU Utilized: 6-20:27:12
CPU Efficiency: 48.62% of 14-02:15:28 core-walltime
Job Wall-clock time: 21:08:28
Memory Utilized: 3.33 GB
Memory Efficiency: 10.41% of 32.00 GB (32.00 GB/node)

Job completion status:
======================

JobID           JobName AllocCPUS NTasks NNodes     MaxRSS    MaxRSSNode  MaxDiskRead MaxDiskWrite    Elapsed      State ExitCode 
------------ ---------- --------- ------ ------ ---------- ------------- ------------ ------------ ---------- ---------- -------- 
164731       base_high+        16             1                                                      21:08:28  COMPLETED      0:0 
164731.batch      batch        16      1      1   3491464K    callan-n09     1477.39M     1150.07M   21:08:28  COMPLETED      0:0 
164731.exte+     extern        16      1      1                                                      21:08:28  COMPLETED      0:0 


Job details:
============

JobId=164731 JobName=base_highway_lanechange_dense_obs20_seed2_ne8_1000000_v6
   UserId=hadjitot(2357) GroupId=hadjitot(2300) MCS_label=N/A
   Priority=104205 Nice=0 Account=callan_hadjitot QOS=normal
   JobState=COMPLETING Reason=None Dependency=(null)
   Requeue=0 Restarts=0 BatchFlag=1 Reboot=0 ExitCode=0:0
   DerivedExitCode=0:0
   RunTime=21:08:28 TimeLimit=2-00:00:00 TimeMin=N/A
   SubmitTime=2026-03-10T14:38:31 EligibleTime=2026-03-10T14:38:31
   AccrueTime=2026-03-10T14:38:31
   StartTime=2026-03-10T19:00:04 EndTime=2026-03-11T16:08:32 Deadline=N/A
   SuspendTime=None SecsPreSuspend=0 LastSchedEval=2026-03-10T19:00:04 Scheduler=Backfill
   Partition=compute AllocNode:Sid=callan01:3539149
   ReqNodeList=(null) ExcNodeList=(null)
   NodeList=callan-n09
   BatchHost=callan-n09
   NumNodes=1 NumCPUs=16 NumTasks=1 CPUs/Task=16 ReqB:S:C:T=0:0:*:*
   ReqTRES=cpu=16,mem=32G,node=1,billing=16
   AllocTRES=cpu=16,mem=32G,node=1,billing=16
   Socks/Node=* NtasksPerN:B:S:C=0:0:*:* CoreSpec=*
   JOB_GRES=(null)
     Nodes=callan-n09 CPU_IDs=32-47 Mem=32768 GRES=
   MinCPUsNode=16 MinMemoryNode=32G MinTmpDiskNode=0
   Features=(null) DelayBoot=00:00:00
   OverSubscribe=OK Contiguous=0 Licenses=(null) LicensesAlloc=(null) Network=(null)
   Command=/home/users/hadjitot/fyp/HighwayEnv/slurm/train_baseline.sbatch
   WorkDir=/home/users/hadjitot/fyp/HighwayEnv
   StdErr=/home/users/hadjitot/fyp/HighwayEnv/slurm_out/base_highway_lanechange_dense_obs20_seed2_ne8_1000000_v6_164731.err
   StdIn=/dev/null
   StdOut=/home/users/hadjitot/fyp/HighwayEnv/slurm_out/base_highway_lanechange_dense_obs20_seed2_ne8_1000000_v6_164731.out
   TresPerTask=cpu=16
   


Disk quota details:
===================

                         Block Limits                                    |                     File Limits
Name       type             MB      quota      limit   in_doubt    grace |    files   quota    limit in_doubt    grace
root       USR         4831818          0          0        593     none |   389263       0        0      524     none
root       FILESET     4786197          0          0       2622     none |  9906395       0        0      703     none


SLURM Bank Statement:
=====================

User           Usage |        Account     Usage | Account Limit Available (CPU hrs)
---------- --------- + -------------- --------- + ------------- ---------
hadjitot      18,444 | CALLAN_HADJITOT    18,444 |       300,000   281,556


Acknowledgements:
=================

Note that usage of TCHPC Resources *must* be acknowledged in all publications.

Please see this page for details relevant to this cluster:

http://www.tchpc.tcd.ie/resources/acknowledgementpolicy

################################################################################
