Loading Anaconda 3 2024.02-1
ppo_baseline_highway_lanechange_dense_obs20_v9_seed1 obs shape: (20, 5) action space: Box(-1.0, 1.0, (2,), float32)
Using cpu device
Logging to runs/tb/ppo_baseline_highway_lanechange_dense_obs20_v9_seed1_1
---------------------------------
| rollout/           |          |
|    ep_len_mean     | 5.23     |
|    ep_rew_mean     | -0.998   |
|    success_rate    | 0        |
| time/              |          |
|    fps             | 182      |
|    iterations      | 1        |
|    time_elapsed    | 89       |
|    total_timesteps | 16384    |
---------------------------------
-----------------------------------------
| rollout/                |             |
|    ep_len_mean          | 4.71        |
|    ep_rew_mean          | -0.246      |
|    success_rate         | 0           |
| time/                   |             |
|    fps                  | 178         |
|    iterations           | 2           |
|    time_elapsed         | 183         |
|    total_timesteps      | 32768       |
| train/                  |             |
|    approx_kl            | 0.013291154 |
|    clip_fraction        | 0.178       |
|    clip_range           | 0.2         |
|    entropy_loss         | -2.83       |
|    explained_variance   | 0.00761     |
|    learning_rate        | 0.0003      |
|    loss                 | 6.19        |
|    n_updates            | 10          |
|    policy_gradient_loss | -0.021      |
|    std                  | 0.998       |
|    value_loss           | 12.7        |
-----------------------------------------
-----------------------------------------
| rollout/                |             |
|    ep_len_mean          | 4.24        |
|    ep_rew_mean          | 0.0576      |
|    success_rate         | 0           |
| time/                   |             |
|    fps                  | 177         |
|    iterations           | 3           |
|    time_elapsed         | 277         |
|    total_timesteps      | 49152       |
| train/                  |             |
|    approx_kl            | 0.016039897 |
|    clip_fraction        | 0.209       |
|    clip_range           | 0.2         |
|    entropy_loss         | -2.8        |
|    explained_variance   | 0.158       |
|    learning_rate        | 0.0003      |
|    loss                 | 4.55        |
|    n_updates            | 20          |
|    policy_gradient_loss | -0.0261     |
|    std                  | 0.98        |
|    value_loss           | 9.61        |
-----------------------------------------
-----------------------------------------
| rollout/                |             |
|    ep_len_mean          | 4.72        |
|    ep_rew_mean          | 1.27        |
|    success_rate         | 0           |
| time/                   |             |
|    fps                  | 176         |
|    iterations           | 4           |
|    time_elapsed         | 371         |
|    total_timesteps      | 65536       |
| train/                  |             |
|    approx_kl            | 0.011828363 |
|    clip_fraction        | 0.13        |
|    clip_range           | 0.2         |
|    entropy_loss         | -2.76       |
|    explained_variance   | 0.169       |
|    learning_rate        | 0.0003      |
|    loss                 | 3           |
|    n_updates            | 30          |
|    policy_gradient_loss | -0.0213     |
|    std                  | 0.957       |
|    value_loss           | 7.23        |
-----------------------------------------
-----------------------------------------
| rollout/                |             |
|    ep_len_mean          | 4.45        |
|    ep_rew_mean          | 0.972       |
|    success_rate         | 0           |
| time/                   |             |
|    fps                  | 176         |
|    iterations           | 5           |
|    time_elapsed         | 464         |
|    total_timesteps      | 81920       |
| train/                  |             |
|    approx_kl            | 0.020216577 |
|    clip_fraction        | 0.198       |
|    clip_range           | 0.2         |
|    entropy_loss         | -2.69       |
|    explained_variance   | 0.105       |
|    learning_rate        | 0.0003      |
|    loss                 | 1.82        |
|    n_updates            | 40          |
|    policy_gradient_loss | -0.0168     |
|    std                  | 0.925       |
|    value_loss           | 4.32        |
-----------------------------------------
-----------------------------------------
| rollout/                |             |
|    ep_len_mean          | 7.38        |
|    ep_rew_mean          | 2.08        |
|    success_rate         | 0           |
| time/                   |             |
|    fps                  | 176         |
|    iterations           | 6           |
|    time_elapsed         | 555         |
|    total_timesteps      | 98304       |
| train/                  |             |
|    approx_kl            | 0.039267972 |
|    clip_fraction        | 0.342       |
|    clip_range           | 0.2         |
|    entropy_loss         | -2.6        |
|    explained_variance   | 0.114       |
|    learning_rate        | 0.0003      |
|    loss                 | 0.37        |
|    n_updates            | 50          |
|    policy_gradient_loss | -0.0268     |
|    std                  | 0.885       |
|    value_loss           | 2.75        |
-----------------------------------------
-----------------------------------------
| rollout/                |             |
|    ep_len_mean          | 7.33        |
|    ep_rew_mean          | 2.16        |
|    success_rate         | 0           |
| time/                   |             |
|    fps                  | 177         |
|    iterations           | 7           |
|    time_elapsed         | 644         |
|    total_timesteps      | 114688      |
| train/                  |             |
|    approx_kl            | 0.035754085 |
|    clip_fraction        | 0.336       |
|    clip_range           | 0.2         |
|    entropy_loss         | -2.51       |
|    explained_variance   | 0.1         |
|    learning_rate        | 0.0003      |
|    loss                 | 1.67        |
|    n_updates            | 60          |
|    policy_gradient_loss | -0.0309     |
|    std                  | 0.849       |
|    value_loss           | 3.38        |
-----------------------------------------
-----------------------------------------
| rollout/                |             |
|    ep_len_mean          | 13.2        |
|    ep_rew_mean          | 3.53        |
|    success_rate         | 0           |
| time/                   |             |
|    fps                  | 179         |
|    iterations           | 8           |
|    time_elapsed         | 730         |
|    total_timesteps      | 131072      |
| train/                  |             |
|    approx_kl            | 0.031861197 |
|    clip_fraction        | 0.293       |
|    clip_range           | 0.2         |
|    entropy_loss         | -2.42       |
|    explained_variance   | 0.133       |
|    learning_rate        | 0.0003      |
|    loss                 | 2.18        |
|    n_updates            | 70          |
|    policy_gradient_loss | -0.0303     |
|    std                  | 0.819       |
|    value_loss           | 4.02        |
-----------------------------------------
-----------------------------------------
| rollout/                |             |
|    ep_len_mean          | 22.9        |
|    ep_rew_mean          | 7.29        |
|    success_rate         | 0.01        |
| time/                   |             |
|    fps                  | 181         |
|    iterations           | 9           |
|    time_elapsed         | 813         |
|    total_timesteps      | 147456      |
| train/                  |             |
|    approx_kl            | 0.020269632 |
|    clip_fraction        | 0.2         |
|    clip_range           | 0.2         |
|    entropy_loss         | -2.34       |
|    explained_variance   | 0.111       |
|    learning_rate        | 0.0003      |
|    loss                 | 3.65        |
|    n_updates            | 80          |
|    policy_gradient_loss | -0.0183     |
|    std                  | 0.788       |
|    value_loss           | 6.33        |
-----------------------------------------
-----------------------------------------
| rollout/                |             |
|    ep_len_mean          | 32.3        |
|    ep_rew_mean          | 9.46        |
|    success_rate         | 0.02        |
| time/                   |             |
|    fps                  | 183         |
|    iterations           | 10          |
|    time_elapsed         | 893         |
|    total_timesteps      | 163840      |
| train/                  |             |
|    approx_kl            | 0.015791278 |
|    clip_fraction        | 0.144       |
|    clip_range           | 0.2         |
|    entropy_loss         | -2.26       |
|    explained_variance   | 0.16        |
|    learning_rate        | 0.0003      |
|    loss                 | 4.67        |
|    n_updates            | 90          |
|    policy_gradient_loss | -0.0121     |
|    std                  | 0.766       |
|    value_loss           | 9.2         |
-----------------------------------------
-----------------------------------------
| rollout/                |             |
|    ep_len_mean          | 46.8        |
|    ep_rew_mean          | 12.7        |
|    success_rate         | 0.01        |
| time/                   |             |
|    fps                  | 185         |
|    iterations           | 11          |
|    time_elapsed         | 972         |
|    total_timesteps      | 180224      |
| train/                  |             |
|    approx_kl            | 0.012215048 |
|    clip_fraction        | 0.121       |
|    clip_range           | 0.2         |
|    entropy_loss         | -2.21       |
|    explained_variance   | 0.275       |
|    learning_rate        | 0.0003      |
|    loss                 | 6.1         |
|    n_updates            | 100         |
|    policy_gradient_loss | -0.00772    |
|    std                  | 0.755       |
|    value_loss           | 12          |
-----------------------------------------
------------------------------------------
| rollout/                |              |
|    ep_len_mean          | 50.4         |
|    ep_rew_mean          | 14.1         |
|    success_rate         | 0            |
| time/                   |              |
|    fps                  | 186          |
|    iterations           | 12           |
|    time_elapsed         | 1051         |
|    total_timesteps      | 196608       |
| train/                  |              |
|    approx_kl            | 0.0132330805 |
|    clip_fraction        | 0.131        |
|    clip_range           | 0.2          |
|    entropy_loss         | -2.15        |
|    explained_variance   | 0.411        |
|    learning_rate        | 0.0003       |
|    loss                 | 3.74         |
|    n_updates            | 110          |
|    policy_gradient_loss | -0.005       |
|    std                  | 0.735        |
|    value_loss           | 11.3         |
------------------------------------------
-----------------------------------------
| rollout/                |             |
|    ep_len_mean          | 57.2        |
|    ep_rew_mean          | 17.2        |
|    success_rate         | 0           |
| time/                   |             |
|    fps                  | 188         |
|    iterations           | 13          |
|    time_elapsed         | 1130        |
|    total_timesteps      | 212992      |
| train/                  |             |
|    approx_kl            | 0.012796378 |
|    clip_fraction        | 0.13        |
|    clip_range           | 0.2         |
|    entropy_loss         | -2.1        |
|    explained_variance   | 0.479       |
|    learning_rate        | 0.0003      |
|    loss                 | 8.67        |
|    n_updates            | 120         |
|    policy_gradient_loss | -0.00365    |
|    std                  | 0.721       |
|    value_loss           | 11.9        |
-----------------------------------------
-----------------------------------------
| rollout/                |             |
|    ep_len_mean          | 56.7        |
|    ep_rew_mean          | 17.3        |
|    success_rate         | 0.01        |
| time/                   |             |
|    fps                  | 189         |
|    iterations           | 14          |
|    time_elapsed         | 1209        |
|    total_timesteps      | 229376      |
| train/                  |             |
|    approx_kl            | 0.011211889 |
|    clip_fraction        | 0.131       |
|    clip_range           | 0.2         |
|    entropy_loss         | -2.06       |
|    explained_variance   | 0.517       |
|    learning_rate        | 0.0003      |
|    loss                 | 6.61        |
|    n_updates            | 130         |
|    policy_gradient_loss | -0.00282    |
|    std                  | 0.711       |
|    value_loss           | 11.8        |
-----------------------------------------
-----------------------------------------
| rollout/                |             |
|    ep_len_mean          | 78.7        |
|    ep_rew_mean          | 24          |
|    success_rate         | 0           |
| time/                   |             |
|    fps                  | 190         |
|    iterations           | 15          |
|    time_elapsed         | 1287        |
|    total_timesteps      | 245760      |
| train/                  |             |
|    approx_kl            | 0.012932532 |
|    clip_fraction        | 0.145       |
|    clip_range           | 0.2         |
|    entropy_loss         | -2          |
|    explained_variance   | 0.559       |
|    learning_rate        | 0.0003      |
|    loss                 | 5.57        |
|    n_updates            | 140         |
|    policy_gradient_loss | -0.00347    |
|    std                  | 0.692       |
|    value_loss           | 9.56        |
-----------------------------------------
-----------------------------------------
| rollout/                |             |
|    ep_len_mean          | 84.7        |
|    ep_rew_mean          | 24.8        |
|    success_rate         | 0           |
| time/                   |             |
|    fps                  | 192         |
|    iterations           | 16          |
|    time_elapsed         | 1365        |
|    total_timesteps      | 262144      |
| train/                  |             |
|    approx_kl            | 0.011658755 |
|    clip_fraction        | 0.123       |
|    clip_range           | 0.2         |
|    entropy_loss         | -1.95       |
|    explained_variance   | 0.549       |
|    learning_rate        | 0.0003      |
|    loss                 | 3.02        |
|    n_updates            | 150         |
|    policy_gradient_loss | -0.00253    |
|    std                  | 0.681       |
|    value_loss           | 10.8        |
-----------------------------------------
-----------------------------------------
| rollout/                |             |
|    ep_len_mean          | 75.6        |
|    ep_rew_mean          | 24.6        |
|    success_rate         | 0           |
| time/                   |             |
|    fps                  | 192         |
|    iterations           | 17          |
|    time_elapsed         | 1443        |
|    total_timesteps      | 278528      |
| train/                  |             |
|    approx_kl            | 0.011813567 |
|    clip_fraction        | 0.148       |
|    clip_range           | 0.2         |
|    entropy_loss         | -1.9        |
|    explained_variance   | 0.585       |
|    learning_rate        | 0.0003      |
|    loss                 | 5.78        |
|    n_updates            | 160         |
|    policy_gradient_loss | -0.00287    |
|    std                  | 0.668       |
|    value_loss           | 9.47        |
-----------------------------------------
-----------------------------------------
| rollout/                |             |
|    ep_len_mean          | 73.3        |
|    ep_rew_mean          | 24.9        |
|    success_rate         | 0           |
| time/                   |             |
|    fps                  | 193         |
|    iterations           | 18          |
|    time_elapsed         | 1521        |
|    total_timesteps      | 294912      |
| train/                  |             |
|    approx_kl            | 0.009985467 |
|    clip_fraction        | 0.13        |
|    clip_range           | 0.2         |
|    entropy_loss         | -1.84       |
|    explained_variance   | 0.604       |
|    learning_rate        | 0.0003      |
|    loss                 | 2.73        |
|    n_updates            | 170         |
|    policy_gradient_loss | -0.00339    |
|    std                  | 0.652       |
|    value_loss           | 9.36        |
-----------------------------------------
-----------------------------------------
| rollout/                |             |
|    ep_len_mean          | 85.3        |
|    ep_rew_mean          | 28.4        |
|    success_rate         | 0           |
| time/                   |             |
|    fps                  | 194         |
|    iterations           | 19          |
|    time_elapsed         | 1598        |
|    total_timesteps      | 311296      |
| train/                  |             |
|    approx_kl            | 0.010924279 |
|    clip_fraction        | 0.128       |
|    clip_range           | 0.2         |
|    entropy_loss         | -1.79       |
|    explained_variance   | 0.62        |
|    learning_rate        | 0.0003      |
|    loss                 | 6.24        |
|    n_updates            | 180         |
|    policy_gradient_loss | -0.00441    |
|    std                  | 0.639       |
|    value_loss           | 10.1        |
-----------------------------------------
-----------------------------------------
| rollout/                |             |
|    ep_len_mean          | 87.5        |
|    ep_rew_mean          | 28.7        |
|    success_rate         | 0           |
| time/                   |             |
|    fps                  | 195         |
|    iterations           | 20          |
|    time_elapsed         | 1675        |
|    total_timesteps      | 327680      |
| train/                  |             |
|    approx_kl            | 0.011179443 |
|    clip_fraction        | 0.132       |
|    clip_range           | 0.2         |
|    entropy_loss         | -1.74       |
|    explained_variance   | 0.621       |
|    learning_rate        | 0.0003      |
|    loss                 | 5.57        |
|    n_updates            | 190         |
|    policy_gradient_loss | -0.00211    |
|    std                  | 0.628       |
|    value_loss           | 11          |
-----------------------------------------
-----------------------------------------
| rollout/                |             |
|    ep_len_mean          | 116         |
|    ep_rew_mean          | 36.2        |
|    success_rate         | 0           |
| time/                   |             |
|    fps                  | 196         |
|    iterations           | 21          |
|    time_elapsed         | 1752        |
|    total_timesteps      | 344064      |
| train/                  |             |
|    approx_kl            | 0.015031376 |
|    clip_fraction        | 0.139       |
|    clip_range           | 0.2         |
|    entropy_loss         | -1.7        |
|    explained_variance   | 0.597       |
|    learning_rate        | 0.0003      |
|    loss                 | 4.25        |
|    n_updates            | 200         |
|    policy_gradient_loss | -0.000585   |
|    std                  | 0.62        |
|    value_loss           | 11.8        |
-----------------------------------------
----------------------------------------
| rollout/                |            |
|    ep_len_mean          | 114        |
|    ep_rew_mean          | 36.4       |
|    success_rate         | 0          |
| time/                   |            |
|    fps                  | 197        |
|    iterations           | 22         |
|    time_elapsed         | 1828       |
|    total_timesteps      | 360448     |
| train/                  |            |
|    approx_kl            | 0.01139672 |
|    clip_fraction        | 0.136      |
|    clip_range           | 0.2        |
|    entropy_loss         | -1.65      |
|    explained_variance   | 0.668      |
|    learning_rate        | 0.0003     |
|    loss                 | 4.91       |
|    n_updates            | 210        |
|    policy_gradient_loss | -0.00091   |
|    std                  | 0.608      |
|    value_loss           | 8.52       |
----------------------------------------
-----------------------------------------
| rollout/                |             |
|    ep_len_mean          | 125         |
|    ep_rew_mean          | 41          |
|    success_rate         | 0           |
| time/                   |             |
|    fps                  | 197         |
|    iterations           | 23          |
|    time_elapsed         | 1904        |
|    total_timesteps      | 376832      |
| train/                  |             |
|    approx_kl            | 0.010269449 |
|    clip_fraction        | 0.126       |
|    clip_range           | 0.2         |
|    entropy_loss         | -1.62       |
|    explained_variance   | 0.677       |
|    learning_rate        | 0.0003      |
|    loss                 | 3.33        |
|    n_updates            | 220         |
|    policy_gradient_loss | -0.00151    |
|    std                  | 0.602       |
|    value_loss           | 8.57        |
-----------------------------------------
-----------------------------------------
| rollout/                |             |
|    ep_len_mean          | 126         |
|    ep_rew_mean          | 39.7        |
|    success_rate         | 0           |
| time/                   |             |
|    fps                  | 198         |
|    iterations           | 24          |
|    time_elapsed         | 1980        |
|    total_timesteps      | 393216      |
| train/                  |             |
|    approx_kl            | 0.010330893 |
|    clip_fraction        | 0.122       |
|    clip_range           | 0.2         |
|    entropy_loss         | -1.58       |
|    explained_variance   | 0.683       |
|    learning_rate        | 0.0003      |
|    loss                 | 2.43        |
|    n_updates            | 230         |
|    policy_gradient_loss | -0.00154    |
|    std                  | 0.595       |
|    value_loss           | 10.2        |
-----------------------------------------
-----------------------------------------
| rollout/                |             |
|    ep_len_mean          | 112         |
|    ep_rew_mean          | 37.3        |
|    success_rate         | 0           |
| time/                   |             |
|    fps                  | 199         |
|    iterations           | 25          |
|    time_elapsed         | 2057        |
|    total_timesteps      | 409600      |
| train/                  |             |
|    approx_kl            | 0.012332047 |
|    clip_fraction        | 0.122       |
|    clip_range           | 0.2         |
|    entropy_loss         | -1.56       |
|    explained_variance   | 0.558       |
|    learning_rate        | 0.0003      |
|    loss                 | 10.2        |
|    n_updates            | 240         |
|    policy_gradient_loss | -0.000369   |
|    std                  | 0.587       |
|    value_loss           | 15          |
-----------------------------------------
-----------------------------------------
| rollout/                |             |
|    ep_len_mean          | 129         |
|    ep_rew_mean          | 44.6        |
|    success_rate         | 0           |
| time/                   |             |
|    fps                  | 199         |
|    iterations           | 26          |
|    time_elapsed         | 2133        |
|    total_timesteps      | 425984      |
| train/                  |             |
|    approx_kl            | 0.010547446 |
|    clip_fraction        | 0.124       |
|    clip_range           | 0.2         |
|    entropy_loss         | -1.51       |
|    explained_variance   | 0.548       |
|    learning_rate        | 0.0003      |
|    loss                 | 14.1        |
|    n_updates            | 250         |
|    policy_gradient_loss | -0.000603   |
|    std                  | 0.576       |
|    value_loss           | 19.5        |
-----------------------------------------
-----------------------------------------
| rollout/                |             |
|    ep_len_mean          | 132         |
|    ep_rew_mean          | 46.2        |
|    success_rate         | 0           |
| time/                   |             |
|    fps                  | 200         |
|    iterations           | 27          |
|    time_elapsed         | 2209        |
|    total_timesteps      | 442368      |
| train/                  |             |
|    approx_kl            | 0.011370449 |
|    clip_fraction        | 0.145       |
|    clip_range           | 0.2         |
|    entropy_loss         | -1.47       |
|    explained_variance   | 0.64        |
|    learning_rate        | 0.0003      |
|    loss                 | 7.5         |
|    n_updates            | 260         |
|    policy_gradient_loss | 7.74e-05    |
|    std                  | 0.571       |
|    value_loss           | 14.2        |
-----------------------------------------
-----------------------------------------
| rollout/                |             |
|    ep_len_mean          | 116         |
|    ep_rew_mean          | 35.6        |
|    success_rate         | 0           |
| time/                   |             |
|    fps                  | 200         |
|    iterations           | 28          |
|    time_elapsed         | 2285        |
|    total_timesteps      | 458752      |
| train/                  |             |
|    approx_kl            | 0.011265735 |
|    clip_fraction        | 0.141       |
|    clip_range           | 0.2         |
|    entropy_loss         | -1.45       |
|    explained_variance   | 0.605       |
|    learning_rate        | 0.0003      |
|    loss                 | 4.86        |
|    n_updates            | 270         |
|    policy_gradient_loss | 0.000213    |
|    std                  | 0.565       |
|    value_loss           | 16.5        |
-----------------------------------------
-----------------------------------------
| rollout/                |             |
|    ep_len_mean          | 136         |
|    ep_rew_mean          | 43.6        |
|    success_rate         | 0           |
| time/                   |             |
|    fps                  | 201         |
|    iterations           | 29          |
|    time_elapsed         | 2361        |
|    total_timesteps      | 475136      |
| train/                  |             |
|    approx_kl            | 0.012251693 |
|    clip_fraction        | 0.134       |
|    clip_range           | 0.2         |
|    entropy_loss         | -1.43       |
|    explained_variance   | 0.537       |
|    learning_rate        | 0.0003      |
|    loss                 | 6.51        |
|    n_updates            | 280         |
|    policy_gradient_loss | -0.00273    |
|    std                  | 0.562       |
|    value_loss           | 20.3        |
-----------------------------------------
-----------------------------------------
| rollout/                |             |
|    ep_len_mean          | 137         |
|    ep_rew_mean          | 44.6        |
|    success_rate         | 0           |
| time/                   |             |
|    fps                  | 201         |
|    iterations           | 30          |
|    time_elapsed         | 2437        |
|    total_timesteps      | 491520      |
| train/                  |             |
|    approx_kl            | 0.015054626 |
|    clip_fraction        | 0.151       |
|    clip_range           | 0.2         |
|    entropy_loss         | -1.39       |
|    explained_variance   | 0.608       |
|    learning_rate        | 0.0003      |
|    loss                 | 6.78        |
|    n_updates            | 290         |
|    policy_gradient_loss | 0.000513    |
|    std                  | 0.55        |
|    value_loss           | 15.6        |
-----------------------------------------
-----------------------------------------
| rollout/                |             |
|    ep_len_mean          | 144         |
|    ep_rew_mean          | 48.4        |
|    success_rate         | 0           |
| time/                   |             |
|    fps                  | 202         |
|    iterations           | 31          |
|    time_elapsed         | 2512        |
|    total_timesteps      | 507904      |
| train/                  |             |
|    approx_kl            | 0.012932886 |
|    clip_fraction        | 0.143       |
|    clip_range           | 0.2         |
|    entropy_loss         | -1.36       |
|    explained_variance   | 0.683       |
|    learning_rate        | 0.0003      |
|    loss                 | 4.71        |
|    n_updates            | 300         |
|    policy_gradient_loss | 0.000158    |
|    std                  | 0.547       |
|    value_loss           | 13.4        |
-----------------------------------------
-----------------------------------------
| rollout/                |             |
|    ep_len_mean          | 150         |
|    ep_rew_mean          | 49.8        |
|    success_rate         | 0           |
| time/                   |             |
|    fps                  | 202         |
|    iterations           | 32          |
|    time_elapsed         | 2587        |
|    total_timesteps      | 524288      |
| train/                  |             |
|    approx_kl            | 0.012001959 |
|    clip_fraction        | 0.145       |
|    clip_range           | 0.2         |
|    entropy_loss         | -1.34       |
|    explained_variance   | 0.689       |
|    learning_rate        | 0.0003      |
|    loss                 | 4.46        |
|    n_updates            | 310         |
|    policy_gradient_loss | 0.000273    |
|    std                  | 0.541       |
|    value_loss           | 12.1        |
-----------------------------------------
-----------------------------------------
| rollout/                |             |
|    ep_len_mean          | 145         |
|    ep_rew_mean          | 45.2        |
|    success_rate         | 0           |
| time/                   |             |
|    fps                  | 203         |
|    iterations           | 33          |
|    time_elapsed         | 2663        |
|    total_timesteps      | 540672      |
| train/                  |             |
|    approx_kl            | 0.013175566 |
|    clip_fraction        | 0.148       |
|    clip_range           | 0.2         |
|    entropy_loss         | -1.32       |
|    explained_variance   | 0.743       |
|    learning_rate        | 0.0003      |
|    loss                 | 1.52        |
|    n_updates            | 320         |
|    policy_gradient_loss | 0.0013      |
|    std                  | 0.544       |
|    value_loss           | 9.23        |
-----------------------------------------
-----------------------------------------
| rollout/                |             |
|    ep_len_mean          | 154         |
|    ep_rew_mean          | 48.4        |
|    success_rate         | 0           |
| time/                   |             |
|    fps                  | 203         |
|    iterations           | 34          |
|    time_elapsed         | 2737        |
|    total_timesteps      | 557056      |
| train/                  |             |
|    approx_kl            | 0.013699036 |
|    clip_fraction        | 0.145       |
|    clip_range           | 0.2         |
|    entropy_loss         | -1.3        |
|    explained_variance   | 0.673       |
|    learning_rate        | 0.0003      |
|    loss                 | 16.5        |
|    n_updates            | 330         |
|    policy_gradient_loss | 4.34e-05    |
|    std                  | 0.538       |
|    value_loss           | 10.7        |
-----------------------------------------
-----------------------------------------
| rollout/                |             |
|    ep_len_mean          | 163         |
|    ep_rew_mean          | 48.4        |
|    success_rate         | 0           |
| time/                   |             |
|    fps                  | 203         |
|    iterations           | 35          |
|    time_elapsed         | 2812        |
|    total_timesteps      | 573440      |
| train/                  |             |
|    approx_kl            | 0.013069922 |
|    clip_fraction        | 0.16        |
|    clip_range           | 0.2         |
|    entropy_loss         | -1.29       |
|    explained_variance   | 0.689       |
|    learning_rate        | 0.0003      |
|    loss                 | 7.93        |
|    n_updates            | 340         |
|    policy_gradient_loss | 0.00173     |
|    std                  | 0.535       |
|    value_loss           | 9.07        |
-----------------------------------------
-----------------------------------------
| rollout/                |             |
|    ep_len_mean          | 159         |
|    ep_rew_mean          | 48.6        |
|    success_rate         | 0           |
| time/                   |             |
|    fps                  | 204         |
|    iterations           | 36          |
|    time_elapsed         | 2887        |
|    total_timesteps      | 589824      |
| train/                  |             |
|    approx_kl            | 0.012893874 |
|    clip_fraction        | 0.164       |
|    clip_range           | 0.2         |
|    entropy_loss         | -1.29       |
|    explained_variance   | 0.659       |
|    learning_rate        | 0.0003      |
|    loss                 | 0.637       |
|    n_updates            | 350         |
|    policy_gradient_loss | 0.00112     |
|    std                  | 0.533       |
|    value_loss           | 6.75        |
-----------------------------------------
-----------------------------------------
| rollout/                |             |
|    ep_len_mean          | 157         |
|    ep_rew_mean          | 48.9        |
|    success_rate         | 0           |
| time/                   |             |
|    fps                  | 204         |
|    iterations           | 37          |
|    time_elapsed         | 2961        |
|    total_timesteps      | 606208      |
| train/                  |             |
|    approx_kl            | 0.011659898 |
|    clip_fraction        | 0.156       |
|    clip_range           | 0.2         |
|    entropy_loss         | -1.28       |
|    explained_variance   | 0.638       |
|    learning_rate        | 0.0003      |
|    loss                 | 2.11        |
|    n_updates            | 360         |
|    policy_gradient_loss | -0.000708   |
|    std                  | 0.534       |
|    value_loss           | 7.81        |
-----------------------------------------
-----------------------------------------
| rollout/                |             |
|    ep_len_mean          | 148         |
|    ep_rew_mean          | 45.1        |
|    success_rate         | 0           |
| time/                   |             |
|    fps                  | 205         |
|    iterations           | 38          |
|    time_elapsed         | 3035        |
|    total_timesteps      | 622592      |
| train/                  |             |
|    approx_kl            | 0.013085269 |
|    clip_fraction        | 0.15        |
|    clip_range           | 0.2         |
|    entropy_loss         | -1.26       |
|    explained_variance   | 0.603       |
|    learning_rate        | 0.0003      |
|    loss                 | 0.948       |
|    n_updates            | 370         |
|    policy_gradient_loss | 5.34e-05    |
|    std                  | 0.528       |
|    value_loss           | 8.67        |
-----------------------------------------
-----------------------------------------
| rollout/                |             |
|    ep_len_mean          | 152         |
|    ep_rew_mean          | 47.5        |
|    success_rate         | 0           |
| time/                   |             |
|    fps                  | 205         |
|    iterations           | 39          |
|    time_elapsed         | 3109        |
|    total_timesteps      | 638976      |
| train/                  |             |
|    approx_kl            | 0.016535021 |
|    clip_fraction        | 0.157       |
|    clip_range           | 0.2         |
|    entropy_loss         | -1.25       |
|    explained_variance   | 0.532       |
|    learning_rate        | 0.0003      |
|    loss                 | 16.3        |
|    n_updates            | 380         |
|    policy_gradient_loss | 0.000849    |
|    std                  | 0.524       |
|    value_loss           | 13.4        |
-----------------------------------------
-----------------------------------------
| rollout/                |             |
|    ep_len_mean          | 161         |
|    ep_rew_mean          | 47.8        |
|    success_rate         | 0           |
| time/                   |             |
|    fps                  | 205         |
|    iterations           | 40          |
|    time_elapsed         | 3183        |
|    total_timesteps      | 655360      |
| train/                  |             |
|    approx_kl            | 0.013083212 |
|    clip_fraction        | 0.159       |
|    clip_range           | 0.2         |
|    entropy_loss         | -1.23       |
|    explained_variance   | 0.631       |
|    learning_rate        | 0.0003      |
|    loss                 | 2.36        |
|    n_updates            | 390         |
|    policy_gradient_loss | 0.00135     |
|    std                  | 0.519       |
|    value_loss           | 12.6        |
-----------------------------------------
-----------------------------------------
| rollout/                |             |
|    ep_len_mean          | 154         |
|    ep_rew_mean          | 46.5        |
|    success_rate         | 0           |
| time/                   |             |
|    fps                  | 206         |
|    iterations           | 41          |
|    time_elapsed         | 3257        |
|    total_timesteps      | 671744      |
| train/                  |             |
|    approx_kl            | 0.016731929 |
|    clip_fraction        | 0.173       |
|    clip_range           | 0.2         |
|    entropy_loss         | -1.2        |
|    explained_variance   | 0.583       |
|    learning_rate        | 0.0003      |
|    loss                 | 8.4         |
|    n_updates            | 400         |
|    policy_gradient_loss | 0.000215    |
|    std                  | 0.513       |
|    value_loss           | 7.89        |
-----------------------------------------
----------------------------------------
| rollout/                |            |
|    ep_len_mean          | 160        |
|    ep_rew_mean          | 49         |
|    success_rate         | 0          |
| time/                   |            |
|    fps                  | 206        |
|    iterations           | 42         |
|    time_elapsed         | 3331       |
|    total_timesteps      | 688128     |
| train/                  |            |
|    approx_kl            | 0.01245296 |
|    clip_fraction        | 0.162      |
|    clip_range           | 0.2        |
|    entropy_loss         | -1.19      |
|    explained_variance   | 0.538      |
|    learning_rate        | 0.0003     |
|    loss                 | 8.59       |
|    n_updates            | 410        |
|    policy_gradient_loss | 0.00179    |
|    std                  | 0.513      |
|    value_loss           | 11.1       |
----------------------------------------
----------------------------------------
| rollout/                |            |
|    ep_len_mean          | 161        |
|    ep_rew_mean          | 49.3       |
|    success_rate         | 0          |
| time/                   |            |
|    fps                  | 206        |
|    iterations           | 43         |
|    time_elapsed         | 3405       |
|    total_timesteps      | 704512     |
| train/                  |            |
|    approx_kl            | 0.01442976 |
|    clip_fraction        | 0.187      |
|    clip_range           | 0.2        |
|    entropy_loss         | -1.18      |
|    explained_variance   | 0.593      |
|    learning_rate        | 0.0003     |
|    loss                 | 0.51       |
|    n_updates            | 420        |
|    policy_gradient_loss | 0.00124    |
|    std                  | 0.509      |
|    value_loss           | 7.84       |
----------------------------------------
-----------------------------------------
| rollout/                |             |
|    ep_len_mean          | 165         |
|    ep_rew_mean          | 54.4        |
|    success_rate         | 0           |
| time/                   |             |
|    fps                  | 207         |
|    iterations           | 44          |
|    time_elapsed         | 3479        |
|    total_timesteps      | 720896      |
| train/                  |             |
|    approx_kl            | 0.016624792 |
|    clip_fraction        | 0.189       |
|    clip_range           | 0.2         |
|    entropy_loss         | -1.16       |
|    explained_variance   | 0.705       |
|    learning_rate        | 0.0003      |
|    loss                 | 0.483       |
|    n_updates            | 430         |
|    policy_gradient_loss | 0.000432    |
|    std                  | 0.507       |
|    value_loss           | 7.26        |
-----------------------------------------
------------------------------------------
| rollout/                |              |
|    ep_len_mean          | 157          |
|    ep_rew_mean          | 50.3         |
|    success_rate         | 0            |
| time/                   |              |
|    fps                  | 207          |
|    iterations           | 45           |
|    time_elapsed         | 3553         |
|    total_timesteps      | 737280       |
| train/                  |              |
|    approx_kl            | 0.0135556245 |
|    clip_fraction        | 0.18         |
|    clip_range           | 0.2          |
|    entropy_loss         | -1.14        |
|    explained_variance   | 0.81         |
|    learning_rate        | 0.0003       |
|    loss                 | 4.85         |
|    n_updates            | 440          |
|    policy_gradient_loss | -0.000771    |
|    std                  | 0.502        |
|    value_loss           | 5.62         |
------------------------------------------
------------------------------------------
| rollout/                |              |
|    ep_len_mean          | 152          |
|    ep_rew_mean          | 50.4         |
|    success_rate         | 0            |
| time/                   |              |
|    fps                  | 207          |
|    iterations           | 46           |
|    time_elapsed         | 3627         |
|    total_timesteps      | 753664       |
| train/                  |              |
|    approx_kl            | 0.0136968875 |
|    clip_fraction        | 0.165        |
|    clip_range           | 0.2          |
|    entropy_loss         | -1.12        |
|    explained_variance   | 0.754        |
|    learning_rate        | 0.0003       |
|    loss                 | 20.1         |
|    n_updates            | 450          |
|    policy_gradient_loss | 0.000209     |
|    std                  | 0.499        |
|    value_loss           | 9.03         |
------------------------------------------
-----------------------------------------
| rollout/                |             |
|    ep_len_mean          | 159         |
|    ep_rew_mean          | 52.4        |
|    success_rate         | 0           |
| time/                   |             |
|    fps                  | 208         |
|    iterations           | 47          |
|    time_elapsed         | 3701        |
|    total_timesteps      | 770048      |
| train/                  |             |
|    approx_kl            | 0.015776424 |
|    clip_fraction        | 0.172       |
|    clip_range           | 0.2         |
|    entropy_loss         | -1.11       |
|    explained_variance   | 0.709       |
|    learning_rate        | 0.0003      |
|    loss                 | 3.51        |
|    n_updates            | 460         |
|    policy_gradient_loss | 0.00119     |
|    std                  | 0.498       |
|    value_loss           | 13.5        |
-----------------------------------------
-----------------------------------------
| rollout/                |             |
|    ep_len_mean          | 165         |
|    ep_rew_mean          | 55.8        |
|    success_rate         | 0           |
| time/                   |             |
|    fps                  | 208         |
|    iterations           | 48          |
|    time_elapsed         | 3775        |
|    total_timesteps      | 786432      |
| train/                  |             |
|    approx_kl            | 0.013289305 |
|    clip_fraction        | 0.177       |
|    clip_range           | 0.2         |
|    entropy_loss         | -1.07       |
|    explained_variance   | 0.809       |
|    learning_rate        | 0.0003      |
|    loss                 | 0.911       |
|    n_updates            | 470         |
|    policy_gradient_loss | 0.000667    |
|    std                  | 0.487       |
|    value_loss           | 7.41        |
-----------------------------------------
-----------------------------------------
| rollout/                |             |
|    ep_len_mean          | 162         |
|    ep_rew_mean          | 55.6        |
|    success_rate         | 0           |
| time/                   |             |
|    fps                  | 208         |
|    iterations           | 49          |
|    time_elapsed         | 3849        |
|    total_timesteps      | 802816      |
| train/                  |             |
|    approx_kl            | 0.015965287 |
|    clip_fraction        | 0.18        |
|    clip_range           | 0.2         |
|    entropy_loss         | -1.06       |
|    explained_variance   | 0.873       |
|    learning_rate        | 0.0003      |
|    loss                 | 0.98        |
|    n_updates            | 480         |
|    policy_gradient_loss | -0.000625   |
|    std                  | 0.484       |
|    value_loss           | 5.02        |
-----------------------------------------
-----------------------------------------
| rollout/                |             |
|    ep_len_mean          | 162         |
|    ep_rew_mean          | 53.8        |
|    success_rate         | 0           |
| time/                   |             |
|    fps                  | 208         |
|    iterations           | 50          |
|    time_elapsed         | 3923        |
|    total_timesteps      | 819200      |
| train/                  |             |
|    approx_kl            | 0.012977852 |
|    clip_fraction        | 0.169       |
|    clip_range           | 0.2         |
|    entropy_loss         | -1.03       |
|    explained_variance   | 0.876       |
|    learning_rate        | 0.0003      |
|    loss                 | 1.41        |
|    n_updates            | 490         |
|    policy_gradient_loss | 0.000264    |
|    std                  | 0.477       |
|    value_loss           | 5.83        |
-----------------------------------------
-----------------------------------------
| rollout/                |             |
|    ep_len_mean          | 156         |
|    ep_rew_mean          | 53          |
|    success_rate         | 0           |
| time/                   |             |
|    fps                  | 209         |
|    iterations           | 51          |
|    time_elapsed         | 3997        |
|    total_timesteps      | 835584      |
| train/                  |             |
|    approx_kl            | 0.016744794 |
|    clip_fraction        | 0.182       |
|    clip_range           | 0.2         |
|    entropy_loss         | -1          |
|    explained_variance   | 0.841       |
|    learning_rate        | 0.0003      |
|    loss                 | 1.72        |
|    n_updates            | 500         |
|    policy_gradient_loss | -0.000212   |
|    std                  | 0.472       |
|    value_loss           | 6.29        |
-----------------------------------------
-----------------------------------------
| rollout/                |             |
|    ep_len_mean          | 163         |
|    ep_rew_mean          | 54.7        |
|    success_rate         | 0           |
| time/                   |             |
|    fps                  | 209         |
|    iterations           | 52          |
|    time_elapsed         | 4071        |
|    total_timesteps      | 851968      |
| train/                  |             |
|    approx_kl            | 0.017144348 |
|    clip_fraction        | 0.176       |
|    clip_range           | 0.2         |
|    entropy_loss         | -0.977      |
|    explained_variance   | 0.841       |
|    learning_rate        | 0.0003      |
|    loss                 | 2.28        |
|    n_updates            | 510         |
|    policy_gradient_loss | 4.07e-05    |
|    std                  | 0.465       |
|    value_loss           | 8.74        |
-----------------------------------------
-----------------------------------------
| rollout/                |             |
|    ep_len_mean          | 151         |
|    ep_rew_mean          | 53.7        |
|    success_rate         | 0           |
| time/                   |             |
|    fps                  | 209         |
|    iterations           | 53          |
|    time_elapsed         | 4145        |
|    total_timesteps      | 868352      |
| train/                  |             |
|    approx_kl            | 0.013834658 |
|    clip_fraction        | 0.166       |
|    clip_range           | 0.2         |
|    entropy_loss         | -0.945      |
|    explained_variance   | 0.9         |
|    learning_rate        | 0.0003      |
|    loss                 | 4.66        |
|    n_updates            | 520         |
|    policy_gradient_loss | 0.000692    |
|    std                  | 0.459       |
|    value_loss           | 4.18        |
-----------------------------------------
-----------------------------------------
| rollout/                |             |
|    ep_len_mean          | 161         |
|    ep_rew_mean          | 55.9        |
|    success_rate         | 0           |
| time/                   |             |
|    fps                  | 209         |
|    iterations           | 54          |
|    time_elapsed         | 4219        |
|    total_timesteps      | 884736      |
| train/                  |             |
|    approx_kl            | 0.016399391 |
|    clip_fraction        | 0.167       |
|    clip_range           | 0.2         |
|    entropy_loss         | -0.911      |
|    explained_variance   | 0.834       |
|    learning_rate        | 0.0003      |
|    loss                 | 5.54        |
|    n_updates            | 530         |
|    policy_gradient_loss | 0.00129     |
|    std                  | 0.45        |
|    value_loss           | 12.5        |
-----------------------------------------
-----------------------------------------
| rollout/                |             |
|    ep_len_mean          | 159         |
|    ep_rew_mean          | 55.7        |
|    success_rate         | 0           |
| time/                   |             |
|    fps                  | 209         |
|    iterations           | 55          |
|    time_elapsed         | 4294        |
|    total_timesteps      | 901120      |
| train/                  |             |
|    approx_kl            | 0.017570848 |
|    clip_fraction        | 0.188       |
|    clip_range           | 0.2         |
|    entropy_loss         | -0.887      |
|    explained_variance   | 0.881       |
|    learning_rate        | 0.0003      |
|    loss                 | 0.695       |
|    n_updates            | 540         |
|    policy_gradient_loss | 0.00286     |
|    std                  | 0.447       |
|    value_loss           | 7.58        |
-----------------------------------------
-----------------------------------------
| rollout/                |             |
|    ep_len_mean          | 152         |
|    ep_rew_mean          | 53.8        |
|    success_rate         | 0           |
| time/                   |             |
|    fps                  | 209         |
|    iterations           | 56          |
|    time_elapsed         | 4369        |
|    total_timesteps      | 917504      |
| train/                  |             |
|    approx_kl            | 0.013245205 |
|    clip_fraction        | 0.164       |
|    clip_range           | 0.2         |
|    entropy_loss         | -0.874      |
|    explained_variance   | 0.903       |
|    learning_rate        | 0.0003      |
|    loss                 | 0.907       |
|    n_updates            | 550         |
|    policy_gradient_loss | 0.00124     |
|    std                  | 0.442       |
|    value_loss           | 6.63        |
-----------------------------------------
-----------------------------------------
| rollout/                |             |
|    ep_len_mean          | 159         |
|    ep_rew_mean          | 54.6        |
|    success_rate         | 0           |
| time/                   |             |
|    fps                  | 210         |
|    iterations           | 57          |
|    time_elapsed         | 4443        |
|    total_timesteps      | 933888      |
| train/                  |             |
|    approx_kl            | 0.012879006 |
|    clip_fraction        | 0.162       |
|    clip_range           | 0.2         |
|    entropy_loss         | -0.851      |
|    explained_variance   | 0.89        |
|    learning_rate        | 0.0003      |
|    loss                 | 2.05        |
|    n_updates            | 560         |
|    policy_gradient_loss | 0.00196     |
|    std                  | 0.436       |
|    value_loss           | 8.33        |
-----------------------------------------
-----------------------------------------
| rollout/                |             |
|    ep_len_mean          | 159         |
|    ep_rew_mean          | 55.9        |
|    success_rate         | 0           |
| time/                   |             |
|    fps                  | 210         |
|    iterations           | 58          |
|    time_elapsed         | 4517        |
|    total_timesteps      | 950272      |
| train/                  |             |
|    approx_kl            | 0.017845558 |
|    clip_fraction        | 0.18        |
|    clip_range           | 0.2         |
|    entropy_loss         | -0.834      |
|    explained_variance   | 0.894       |
|    learning_rate        | 0.0003      |
|    loss                 | 2.35        |
|    n_updates            | 570         |
|    policy_gradient_loss | 0.00125     |
|    std                  | 0.432       |
|    value_loss           | 7.05        |
-----------------------------------------
----------------------------------------
| rollout/                |            |
|    ep_len_mean          | 153        |
|    ep_rew_mean          | 51.3       |
|    success_rate         | 0          |
| time/                   |            |
|    fps                  | 210        |
|    iterations           | 59         |
|    time_elapsed         | 4591       |
|    total_timesteps      | 966656     |
| train/                  |            |
|    approx_kl            | 0.01413843 |
|    clip_fraction        | 0.174      |
|    clip_range           | 0.2        |
|    entropy_loss         | -0.811     |
|    explained_variance   | 0.881      |
|    learning_rate        | 0.0003     |
|    loss                 | 0.865      |
|    n_updates            | 580        |
|    policy_gradient_loss | 0.0021     |
|    std                  | 0.429      |
|    value_loss           | 8.68       |
----------------------------------------
-----------------------------------------
| rollout/                |             |
|    ep_len_mean          | 163         |
|    ep_rew_mean          | 55.6        |
|    success_rate         | 0           |
| time/                   |             |
|    fps                  | 210         |
|    iterations           | 60          |
|    time_elapsed         | 4666        |
|    total_timesteps      | 983040      |
| train/                  |             |
|    approx_kl            | 0.012498747 |
|    clip_fraction        | 0.161       |
|    clip_range           | 0.2         |
|    entropy_loss         | -0.793      |
|    explained_variance   | 0.838       |
|    learning_rate        | 0.0003      |
|    loss                 | 2.79        |
|    n_updates            | 590         |
|    policy_gradient_loss | -0.000412   |
|    std                  | 0.426       |
|    value_loss           | 9.83        |
-----------------------------------------
-----------------------------------------
| rollout/                |             |
|    ep_len_mean          | 153         |
|    ep_rew_mean          | 52          |
|    success_rate         | 0           |
| time/                   |             |
|    fps                  | 210         |
|    iterations           | 61          |
|    time_elapsed         | 4740        |
|    total_timesteps      | 999424      |
| train/                  |             |
|    approx_kl            | 0.014479838 |
|    clip_fraction        | 0.189       |
|    clip_range           | 0.2         |
|    entropy_loss         | -0.776      |
|    explained_variance   | 0.908       |
|    learning_rate        | 0.0003      |
|    loss                 | 4.47        |
|    n_updates            | 600         |
|    policy_gradient_loss | 0.00185     |
|    std                  | 0.419       |
|    value_loss           | 5.57        |
-----------------------------------------
-----------------------------------------
| rollout/                |             |
|    ep_len_mean          | 149         |
|    ep_rew_mean          | 49.3        |
|    success_rate         | 0           |
| time/                   |             |
|    fps                  | 210         |
|    iterations           | 62          |
|    time_elapsed         | 4816        |
|    total_timesteps      | 1015808     |
| train/                  |             |
|    approx_kl            | 0.011408539 |
|    clip_fraction        | 0.166       |
|    clip_range           | 0.2         |
|    entropy_loss         | -0.753      |
|    explained_variance   | 0.845       |
|    learning_rate        | 0.0003      |
|    loss                 | 3.82        |
|    n_updates            | 610         |
|    policy_gradient_loss | 0.000461    |
|    std                  | 0.417       |
|    value_loss           | 9.61        |
-----------------------------------------


###############################################################################
TCHPC Cluster: callan
Job 167179 (base_highway_lanechange_dense_obs20_seed1_ne8_1000000_v9) for User 'hadjitot' in Account 'callan_hadjitot'
Finished at: Sat Mar 14 19:57:17 GMT 2026

Job efficiency estimates:
=========================

Job ID: 167179
Cluster: callan
User/Group: hadjitot/hadjitot
State: COMPLETED (exit code 0)
Nodes: 1
Cores per node: 16
CPU Utilized: 09:12:50
CPU Efficiency: 42.67% of 21:35:28 core-walltime
Job Wall-clock time: 01:20:58
Memory Utilized: 3.33 GB
Memory Efficiency: 10.42% of 32.00 GB (32.00 GB/node)

Job completion status:
======================

JobID           JobName AllocCPUS NTasks NNodes     MaxRSS    MaxRSSNode  MaxDiskRead MaxDiskWrite    Elapsed      State ExitCode 
------------ ---------- --------- ------ ------ ---------- ------------- ------------ ------------ ---------- ---------- -------- 
167179       base_high+        16             1                                                      01:20:58  COMPLETED      0:0 
167179.batch      batch        16      1      1   3496864K    callan-n11     1531.60M     1204.75M   01:20:58  COMPLETED      0:0 
167179.exte+     extern        16      1      1                                                      01:20:58  COMPLETED      0:0 


Job details:
============

JobId=167179 JobName=base_highway_lanechange_dense_obs20_seed1_ne8_1000000_v9
   UserId=hadjitot(2357) GroupId=hadjitot(2300) MCS_label=N/A
   Priority=99522 Nice=0 Account=callan_hadjitot QOS=normal
   JobState=COMPLETING Reason=None Dependency=(null)
   Requeue=0 Restarts=0 BatchFlag=1 Reboot=0 ExitCode=0:0
   DerivedExitCode=0:0
   RunTime=01:20:58 TimeLimit=2-00:00:00 TimeMin=N/A
   SubmitTime=2026-03-14T16:25:32 EligibleTime=2026-03-14T16:25:32
   AccrueTime=2026-03-14T16:25:32
   StartTime=2026-03-14T18:36:19 EndTime=2026-03-14T19:57:17 Deadline=N/A
   SuspendTime=None SecsPreSuspend=0 LastSchedEval=2026-03-14T18:36:19 Scheduler=Backfill
   Partition=compute AllocNode:Sid=callan01:3275852
   ReqNodeList=(null) ExcNodeList=(null)
   NodeList=callan-n11
   BatchHost=callan-n11
   NumNodes=1 NumCPUs=16 NumTasks=1 CPUs/Task=16 ReqB:S:C:T=0:0:*:*
   ReqTRES=cpu=16,mem=32G,node=1,billing=16
   AllocTRES=cpu=16,mem=32G,node=1,billing=16
   Socks/Node=* NtasksPerN:B:S:C=0:0:*:* CoreSpec=*
   JOB_GRES=(null)
     Nodes=callan-n11 CPU_IDs=48-63 Mem=32768 GRES=
   MinCPUsNode=16 MinMemoryNode=32G MinTmpDiskNode=0
   Features=(null) DelayBoot=00:00:00
   OverSubscribe=OK Contiguous=0 Licenses=(null) LicensesAlloc=(null) Network=(null)
   Command=/home/users/hadjitot/fyp/HighwayEnv/slurm/train_baseline.sbatch
   WorkDir=/home/users/hadjitot/fyp/HighwayEnv
   StdErr=/home/users/hadjitot/fyp/HighwayEnv/slurm_out/base_highway_lanechange_dense_obs20_seed1_ne8_1000000_v9_167179.err
   StdIn=/dev/null
   StdOut=/home/users/hadjitot/fyp/HighwayEnv/slurm_out/base_highway_lanechange_dense_obs20_seed1_ne8_1000000_v9_167179.out
   TresPerTask=cpu=16
   


Disk quota details:
===================

                         Block Limits                                    |                     File Limits
Name       type             MB      quota      limit   in_doubt    grace |    files   quota    limit in_doubt    grace
root       USR         4841259          0          0         74     none |   391558       0        0       39     none
root       FILESET     4946753          0          0       3143     none |  9909168       0        0      826     none


SLURM Bank Statement:
=====================

User           Usage |        Account     Usage | Account Limit Available (CPU hrs)
---------- --------- + -------------- --------- + ------------- ---------
hadjitot      17,450 | CALLAN_HADJITOT    17,450 |       300,000   282,550


Acknowledgements:
=================

Note that usage of TCHPC Resources *must* be acknowledged in all publications.

Please see this page for details relevant to this cluster:

http://www.tchpc.tcd.ie/resources/acknowledgementpolicy

################################################################################
