Loading Anaconda 3 2024.02-1
ppo_baseline_highway_lanechange_dense_obs20_v9_seed0 obs shape: (20, 5) action space: Box(-1.0, 1.0, (2,), float32)
Using cpu device
Logging to runs/tb/ppo_baseline_highway_lanechange_dense_obs20_v9_seed0_1
---------------------------------
| rollout/           |          |
|    ep_len_mean     | 5        |
|    ep_rew_mean     | -0.977   |
|    success_rate    | 0        |
| time/              |          |
|    fps             | 125      |
|    iterations      | 1        |
|    time_elapsed    | 130      |
|    total_timesteps | 16384    |
---------------------------------
-----------------------------------------
| rollout/                |             |
|    ep_len_mean          | 4.96        |
|    ep_rew_mean          | -0.64       |
|    success_rate         | 0           |
| time/                   |             |
|    fps                  | 121         |
|    iterations           | 2           |
|    time_elapsed         | 269         |
|    total_timesteps      | 32768       |
| train/                  |             |
|    approx_kl            | 0.014680305 |
|    clip_fraction        | 0.183       |
|    clip_range           | 0.2         |
|    entropy_loss         | -2.83       |
|    explained_variance   | -0.0274     |
|    learning_rate        | 0.0003      |
|    loss                 | 5.83        |
|    n_updates            | 10          |
|    policy_gradient_loss | -0.0218     |
|    std                  | 1           |
|    value_loss           | 12.5        |
-----------------------------------------
----------------------------------------
| rollout/                |            |
|    ep_len_mean          | 4.34       |
|    ep_rew_mean          | 0.28       |
|    success_rate         | 0          |
| time/                   |            |
|    fps                  | 120        |
|    iterations           | 3          |
|    time_elapsed         | 408        |
|    total_timesteps      | 49152      |
| train/                  |            |
|    approx_kl            | 0.01465765 |
|    clip_fraction        | 0.215      |
|    clip_range           | 0.2        |
|    entropy_loss         | -2.83      |
|    explained_variance   | 0.184      |
|    learning_rate        | 0.0003     |
|    loss                 | 6.49       |
|    n_updates            | 20         |
|    policy_gradient_loss | -0.0277    |
|    std                  | 0.992      |
|    value_loss           | 9.62       |
----------------------------------------
-----------------------------------------
| rollout/                |             |
|    ep_len_mean          | 4.53        |
|    ep_rew_mean          | 0.449       |
|    success_rate         | 0           |
| time/                   |             |
|    fps                  | 119         |
|    iterations           | 4           |
|    time_elapsed         | 547         |
|    total_timesteps      | 65536       |
| train/                  |             |
|    approx_kl            | 0.010258362 |
|    clip_fraction        | 0.118       |
|    clip_range           | 0.2         |
|    entropy_loss         | -2.8        |
|    explained_variance   | 0.149       |
|    learning_rate        | 0.0003      |
|    loss                 | 1.96        |
|    n_updates            | 30          |
|    policy_gradient_loss | -0.0183     |
|    std                  | 0.976       |
|    value_loss           | 6.39        |
-----------------------------------------
-----------------------------------------
| rollout/                |             |
|    ep_len_mean          | 4.51        |
|    ep_rew_mean          | 0.724       |
|    success_rate         | 0           |
| time/                   |             |
|    fps                  | 119         |
|    iterations           | 5           |
|    time_elapsed         | 686         |
|    total_timesteps      | 81920       |
| train/                  |             |
|    approx_kl            | 0.021541936 |
|    clip_fraction        | 0.191       |
|    clip_range           | 0.2         |
|    entropy_loss         | -2.73       |
|    explained_variance   | 0.137       |
|    learning_rate        | 0.0003      |
|    loss                 | 2.03        |
|    n_updates            | 40          |
|    policy_gradient_loss | -0.0174     |
|    std                  | 0.937       |
|    value_loss           | 5.11        |
-----------------------------------------
-----------------------------------------
| rollout/                |             |
|    ep_len_mean          | 6.77        |
|    ep_rew_mean          | 2.03        |
|    success_rate         | 0           |
| time/                   |             |
|    fps                  | 119         |
|    iterations           | 6           |
|    time_elapsed         | 822         |
|    total_timesteps      | 98304       |
| train/                  |             |
|    approx_kl            | 0.029349998 |
|    clip_fraction        | 0.302       |
|    clip_range           | 0.2         |
|    entropy_loss         | -2.64       |
|    explained_variance   | 0.124       |
|    learning_rate        | 0.0003      |
|    loss                 | 2.57        |
|    n_updates            | 50          |
|    policy_gradient_loss | -0.0245     |
|    std                  | 0.905       |
|    value_loss           | 3.45        |
-----------------------------------------
-----------------------------------------
| rollout/                |             |
|    ep_len_mean          | 10.2        |
|    ep_rew_mean          | 2.82        |
|    success_rate         | 0           |
| time/                   |             |
|    fps                  | 120         |
|    iterations           | 7           |
|    time_elapsed         | 953         |
|    total_timesteps      | 114688      |
| train/                  |             |
|    approx_kl            | 0.032945413 |
|    clip_fraction        | 0.316       |
|    clip_range           | 0.2         |
|    entropy_loss         | -2.56       |
|    explained_variance   | 0.106       |
|    learning_rate        | 0.0003      |
|    loss                 | 2.47        |
|    n_updates            | 60          |
|    policy_gradient_loss | -0.0287     |
|    std                  | 0.871       |
|    value_loss           | 3.72        |
-----------------------------------------
-----------------------------------------
| rollout/                |             |
|    ep_len_mean          | 17.2        |
|    ep_rew_mean          | 5.21        |
|    success_rate         | 0           |
| time/                   |             |
|    fps                  | 121         |
|    iterations           | 8           |
|    time_elapsed         | 1080        |
|    total_timesteps      | 131072      |
| train/                  |             |
|    approx_kl            | 0.026654564 |
|    clip_fraction        | 0.236       |
|    clip_range           | 0.2         |
|    entropy_loss         | -2.45       |
|    explained_variance   | 0.103       |
|    learning_rate        | 0.0003      |
|    loss                 | 2.81        |
|    n_updates            | 70          |
|    policy_gradient_loss | -0.0225     |
|    std                  | 0.831       |
|    value_loss           | 5.93        |
-----------------------------------------
----------------------------------------
| rollout/                |            |
|    ep_len_mean          | 22.3       |
|    ep_rew_mean          | 6.24       |
|    success_rate         | 0          |
| time/                   |            |
|    fps                  | 122        |
|    iterations           | 9          |
|    time_elapsed         | 1206       |
|    total_timesteps      | 147456     |
| train/                  |            |
|    approx_kl            | 0.01936644 |
|    clip_fraction        | 0.181      |
|    clip_range           | 0.2        |
|    entropy_loss         | -2.38      |
|    explained_variance   | 0.147      |
|    learning_rate        | 0.0003     |
|    loss                 | 5.4        |
|    n_updates            | 80         |
|    policy_gradient_loss | -0.0158    |
|    std                  | 0.807      |
|    value_loss           | 7.68       |
----------------------------------------
-----------------------------------------
| rollout/                |             |
|    ep_len_mean          | 30          |
|    ep_rew_mean          | 8.84        |
|    success_rate         | 0           |
| time/                   |             |
|    fps                  | 123         |
|    iterations           | 10          |
|    time_elapsed         | 1331        |
|    total_timesteps      | 163840      |
| train/                  |             |
|    approx_kl            | 0.013815949 |
|    clip_fraction        | 0.139       |
|    clip_range           | 0.2         |
|    entropy_loss         | -2.31       |
|    explained_variance   | 0.222       |
|    learning_rate        | 0.0003      |
|    loss                 | 8.03        |
|    n_updates            | 90          |
|    policy_gradient_loss | -0.0115     |
|    std                  | 0.784       |
|    value_loss           | 11.7        |
-----------------------------------------
-----------------------------------------
| rollout/                |             |
|    ep_len_mean          | 45.1        |
|    ep_rew_mean          | 13          |
|    success_rate         | 0.01        |
| time/                   |             |
|    fps                  | 124         |
|    iterations           | 11          |
|    time_elapsed         | 1453        |
|    total_timesteps      | 180224      |
| train/                  |             |
|    approx_kl            | 0.012514415 |
|    clip_fraction        | 0.134       |
|    clip_range           | 0.2         |
|    entropy_loss         | -2.23       |
|    explained_variance   | 0.291       |
|    learning_rate        | 0.0003      |
|    loss                 | 7.49        |
|    n_updates            | 100         |
|    policy_gradient_loss | -0.00927    |
|    std                  | 0.761       |
|    value_loss           | 13          |
-----------------------------------------
-----------------------------------------
| rollout/                |             |
|    ep_len_mean          | 59.6        |
|    ep_rew_mean          | 15.4        |
|    success_rate         | 0.03        |
| time/                   |             |
|    fps                  | 124         |
|    iterations           | 12          |
|    time_elapsed         | 1573        |
|    total_timesteps      | 196608      |
| train/                  |             |
|    approx_kl            | 0.010872787 |
|    clip_fraction        | 0.119       |
|    clip_range           | 0.2         |
|    entropy_loss         | -2.19       |
|    explained_variance   | 0.381       |
|    learning_rate        | 0.0003      |
|    loss                 | 6.64        |
|    n_updates            | 110         |
|    policy_gradient_loss | -0.00527    |
|    std                  | 0.75        |
|    value_loss           | 11.8        |
-----------------------------------------
-----------------------------------------
| rollout/                |             |
|    ep_len_mean          | 75.3        |
|    ep_rew_mean          | 20          |
|    success_rate         | 0.05        |
| time/                   |             |
|    fps                  | 125         |
|    iterations           | 13          |
|    time_elapsed         | 1693        |
|    total_timesteps      | 212992      |
| train/                  |             |
|    approx_kl            | 0.010780701 |
|    clip_fraction        | 0.11        |
|    clip_range           | 0.2         |
|    entropy_loss         | -2.14       |
|    explained_variance   | 0.403       |
|    learning_rate        | 0.0003      |
|    loss                 | 9.49        |
|    n_updates            | 120         |
|    policy_gradient_loss | -0.00455    |
|    std                  | 0.733       |
|    value_loss           | 14          |
-----------------------------------------
----------------------------------------
| rollout/                |            |
|    ep_len_mean          | 79         |
|    ep_rew_mean          | 22.3       |
|    success_rate         | 0.04       |
| time/                   |            |
|    fps                  | 126        |
|    iterations           | 14         |
|    time_elapsed         | 1811       |
|    total_timesteps      | 229376     |
| train/                  |            |
|    approx_kl            | 0.01052078 |
|    clip_fraction        | 0.141      |
|    clip_range           | 0.2        |
|    entropy_loss         | -2.1       |
|    explained_variance   | 0.413      |
|    learning_rate        | 0.0003     |
|    loss                 | 2.88       |
|    n_updates            | 130        |
|    policy_gradient_loss | -0.00312   |
|    std                  | 0.724      |
|    value_loss           | 11.6       |
----------------------------------------
-----------------------------------------
| rollout/                |             |
|    ep_len_mean          | 81.4        |
|    ep_rew_mean          | 24.9        |
|    success_rate         | 0.01        |
| time/                   |             |
|    fps                  | 127         |
|    iterations           | 15          |
|    time_elapsed         | 1930        |
|    total_timesteps      | 245760      |
| train/                  |             |
|    approx_kl            | 0.011223871 |
|    clip_fraction        | 0.132       |
|    clip_range           | 0.2         |
|    entropy_loss         | -2.07       |
|    explained_variance   | 0.498       |
|    learning_rate        | 0.0003      |
|    loss                 | 5.74        |
|    n_updates            | 140         |
|    policy_gradient_loss | -0.00221    |
|    std                  | 0.712       |
|    value_loss           | 10.4        |
-----------------------------------------
-----------------------------------------
| rollout/                |             |
|    ep_len_mean          | 94.5        |
|    ep_rew_mean          | 29.2        |
|    success_rate         | 0.03        |
| time/                   |             |
|    fps                  | 127         |
|    iterations           | 16          |
|    time_elapsed         | 2049        |
|    total_timesteps      | 262144      |
| train/                  |             |
|    approx_kl            | 0.009649891 |
|    clip_fraction        | 0.113       |
|    clip_range           | 0.2         |
|    entropy_loss         | -2.04       |
|    explained_variance   | 0.485       |
|    learning_rate        | 0.0003      |
|    loss                 | 8.67        |
|    n_updates            | 150         |
|    policy_gradient_loss | -0.00242    |
|    std                  | 0.708       |
|    value_loss           | 13.6        |
-----------------------------------------
------------------------------------------
| rollout/                |              |
|    ep_len_mean          | 82.3         |
|    ep_rew_mean          | 26.8         |
|    success_rate         | 0            |
| time/                   |              |
|    fps                  | 128          |
|    iterations           | 17           |
|    time_elapsed         | 2168         |
|    total_timesteps      | 278528       |
| train/                  |              |
|    approx_kl            | 0.0112937465 |
|    clip_fraction        | 0.136        |
|    clip_range           | 0.2          |
|    entropy_loss         | -2           |
|    explained_variance   | 0.578        |
|    learning_rate        | 0.0003       |
|    loss                 | 10.8         |
|    n_updates            | 160          |
|    policy_gradient_loss | -2.77e-05    |
|    std                  | 0.695        |
|    value_loss           | 12           |
------------------------------------------
-----------------------------------------
| rollout/                |             |
|    ep_len_mean          | 96          |
|    ep_rew_mean          | 30.2        |
|    success_rate         | 0.01        |
| time/                   |             |
|    fps                  | 128         |
|    iterations           | 18          |
|    time_elapsed         | 2287        |
|    total_timesteps      | 294912      |
| train/                  |             |
|    approx_kl            | 0.007865642 |
|    clip_fraction        | 0.106       |
|    clip_range           | 0.2         |
|    entropy_loss         | -1.96       |
|    explained_variance   | 0.611       |
|    learning_rate        | 0.0003      |
|    loss                 | 11.2        |
|    n_updates            | 170         |
|    policy_gradient_loss | -0.000777   |
|    std                  | 0.684       |
|    value_loss           | 15.2        |
-----------------------------------------
-----------------------------------------
| rollout/                |             |
|    ep_len_mean          | 108         |
|    ep_rew_mean          | 32.4        |
|    success_rate         | 0           |
| time/                   |             |
|    fps                  | 129         |
|    iterations           | 19          |
|    time_elapsed         | 2405        |
|    total_timesteps      | 311296      |
| train/                  |             |
|    approx_kl            | 0.010633296 |
|    clip_fraction        | 0.119       |
|    clip_range           | 0.2         |
|    entropy_loss         | -1.93       |
|    explained_variance   | 0.603       |
|    learning_rate        | 0.0003      |
|    loss                 | 5.8         |
|    n_updates            | 180         |
|    policy_gradient_loss | -0.00139    |
|    std                  | 0.68        |
|    value_loss           | 17.3        |
-----------------------------------------
-----------------------------------------
| rollout/                |             |
|    ep_len_mean          | 112         |
|    ep_rew_mean          | 32.8        |
|    success_rate         | 0.01        |
| time/                   |             |
|    fps                  | 129         |
|    iterations           | 20          |
|    time_elapsed         | 2524        |
|    total_timesteps      | 327680      |
| train/                  |             |
|    approx_kl            | 0.012184259 |
|    clip_fraction        | 0.132       |
|    clip_range           | 0.2         |
|    entropy_loss         | -1.89       |
|    explained_variance   | 0.634       |
|    learning_rate        | 0.0003      |
|    loss                 | 7.06        |
|    n_updates            | 190         |
|    policy_gradient_loss | -0.00205    |
|    std                  | 0.666       |
|    value_loss           | 12.7        |
-----------------------------------------
-----------------------------------------
| rollout/                |             |
|    ep_len_mean          | 116         |
|    ep_rew_mean          | 34.8        |
|    success_rate         | 0           |
| time/                   |             |
|    fps                  | 130         |
|    iterations           | 21          |
|    time_elapsed         | 2641        |
|    total_timesteps      | 344064      |
| train/                  |             |
|    approx_kl            | 0.008528691 |
|    clip_fraction        | 0.111       |
|    clip_range           | 0.2         |
|    entropy_loss         | -1.87       |
|    explained_variance   | 0.639       |
|    learning_rate        | 0.0003      |
|    loss                 | 8.41        |
|    n_updates            | 200         |
|    policy_gradient_loss | -0.00012    |
|    std                  | 0.66        |
|    value_loss           | 16.8        |
-----------------------------------------
-----------------------------------------
| rollout/                |             |
|    ep_len_mean          | 103         |
|    ep_rew_mean          | 31.5        |
|    success_rate         | 0           |
| time/                   |             |
|    fps                  | 130         |
|    iterations           | 22          |
|    time_elapsed         | 2760        |
|    total_timesteps      | 360448      |
| train/                  |             |
|    approx_kl            | 0.010405684 |
|    clip_fraction        | 0.131       |
|    clip_range           | 0.2         |
|    entropy_loss         | -1.83       |
|    explained_variance   | 0.719       |
|    learning_rate        | 0.0003      |
|    loss                 | 4.13        |
|    n_updates            | 210         |
|    policy_gradient_loss | -0.000601   |
|    std                  | 0.648       |
|    value_loss           | 11          |
-----------------------------------------
-----------------------------------------
| rollout/                |             |
|    ep_len_mean          | 124         |
|    ep_rew_mean          | 38.4        |
|    success_rate         | 0           |
| time/                   |             |
|    fps                  | 130         |
|    iterations           | 23          |
|    time_elapsed         | 2878        |
|    total_timesteps      | 376832      |
| train/                  |             |
|    approx_kl            | 0.013868066 |
|    clip_fraction        | 0.139       |
|    clip_range           | 0.2         |
|    entropy_loss         | -1.8        |
|    explained_variance   | 0.692       |
|    learning_rate        | 0.0003      |
|    loss                 | 11.9        |
|    n_updates            | 220         |
|    policy_gradient_loss | -0.00114    |
|    std                  | 0.642       |
|    value_loss           | 14.6        |
-----------------------------------------
-----------------------------------------
| rollout/                |             |
|    ep_len_mean          | 134         |
|    ep_rew_mean          | 38.9        |
|    success_rate         | 0           |
| time/                   |             |
|    fps                  | 131         |
|    iterations           | 24          |
|    time_elapsed         | 2995        |
|    total_timesteps      | 393216      |
| train/                  |             |
|    approx_kl            | 0.011435941 |
|    clip_fraction        | 0.133       |
|    clip_range           | 0.2         |
|    entropy_loss         | -1.79       |
|    explained_variance   | 0.71        |
|    learning_rate        | 0.0003      |
|    loss                 | 9.9         |
|    n_updates            | 230         |
|    policy_gradient_loss | -4.09e-05   |
|    std                  | 0.64        |
|    value_loss           | 12          |
-----------------------------------------
-----------------------------------------
| rollout/                |             |
|    ep_len_mean          | 129         |
|    ep_rew_mean          | 37.4        |
|    success_rate         | 0           |
| time/                   |             |
|    fps                  | 131         |
|    iterations           | 25          |
|    time_elapsed         | 3113        |
|    total_timesteps      | 409600      |
| train/                  |             |
|    approx_kl            | 0.015750883 |
|    clip_fraction        | 0.146       |
|    clip_range           | 0.2         |
|    entropy_loss         | -1.74       |
|    explained_variance   | 0.648       |
|    learning_rate        | 0.0003      |
|    loss                 | 3.86        |
|    n_updates            | 240         |
|    policy_gradient_loss | 0.000267    |
|    std                  | 0.626       |
|    value_loss           | 12.1        |
-----------------------------------------
-----------------------------------------
| rollout/                |             |
|    ep_len_mean          | 128         |
|    ep_rew_mean          | 36.1        |
|    success_rate         | 0           |
| time/                   |             |
|    fps                  | 131         |
|    iterations           | 26          |
|    time_elapsed         | 3231        |
|    total_timesteps      | 425984      |
| train/                  |             |
|    approx_kl            | 0.011451812 |
|    clip_fraction        | 0.134       |
|    clip_range           | 0.2         |
|    entropy_loss         | -1.71       |
|    explained_variance   | 0.667       |
|    learning_rate        | 0.0003      |
|    loss                 | 3.86        |
|    n_updates            | 250         |
|    policy_gradient_loss | 0.000736    |
|    std                  | 0.621       |
|    value_loss           | 12.3        |
-----------------------------------------
----------------------------------------
| rollout/                |            |
|    ep_len_mean          | 139        |
|    ep_rew_mean          | 38.4       |
|    success_rate         | 0          |
| time/                   |            |
|    fps                  | 132        |
|    iterations           | 27         |
|    time_elapsed         | 3350       |
|    total_timesteps      | 442368     |
| train/                  |            |
|    approx_kl            | 0.01268864 |
|    clip_fraction        | 0.132      |
|    clip_range           | 0.2        |
|    entropy_loss         | -1.68      |
|    explained_variance   | 0.648      |
|    learning_rate        | 0.0003     |
|    loss                 | 6.19       |
|    n_updates            | 260        |
|    policy_gradient_loss | -0.000965  |
|    std                  | 0.611      |
|    value_loss           | 13.9       |
----------------------------------------
-----------------------------------------
| rollout/                |             |
|    ep_len_mean          | 145         |
|    ep_rew_mean          | 43.2        |
|    success_rate         | 0           |
| time/                   |             |
|    fps                  | 132         |
|    iterations           | 28          |
|    time_elapsed         | 3468        |
|    total_timesteps      | 458752      |
| train/                  |             |
|    approx_kl            | 0.013077003 |
|    clip_fraction        | 0.157       |
|    clip_range           | 0.2         |
|    entropy_loss         | -1.65       |
|    explained_variance   | 0.713       |
|    learning_rate        | 0.0003      |
|    loss                 | 8.27        |
|    n_updates            | 270         |
|    policy_gradient_loss | -0.000195   |
|    std                  | 0.602       |
|    value_loss           | 9.75        |
-----------------------------------------
-----------------------------------------
| rollout/                |             |
|    ep_len_mean          | 135         |
|    ep_rew_mean          | 40.4        |
|    success_rate         | 0           |
| time/                   |             |
|    fps                  | 132         |
|    iterations           | 29          |
|    time_elapsed         | 3587        |
|    total_timesteps      | 475136      |
| train/                  |             |
|    approx_kl            | 0.011686135 |
|    clip_fraction        | 0.138       |
|    clip_range           | 0.2         |
|    entropy_loss         | -1.62       |
|    explained_variance   | 0.659       |
|    learning_rate        | 0.0003      |
|    loss                 | 10.8        |
|    n_updates            | 280         |
|    policy_gradient_loss | 0.000431    |
|    std                  | 0.596       |
|    value_loss           | 10.4        |
-----------------------------------------
-----------------------------------------
| rollout/                |             |
|    ep_len_mean          | 133         |
|    ep_rew_mean          | 39.3        |
|    success_rate         | 0           |
| time/                   |             |
|    fps                  | 132         |
|    iterations           | 30          |
|    time_elapsed         | 3704        |
|    total_timesteps      | 491520      |
| train/                  |             |
|    approx_kl            | 0.011682784 |
|    clip_fraction        | 0.143       |
|    clip_range           | 0.2         |
|    entropy_loss         | -1.6        |
|    explained_variance   | 0.668       |
|    learning_rate        | 0.0003      |
|    loss                 | 4.4         |
|    n_updates            | 290         |
|    policy_gradient_loss | -0.000393   |
|    std                  | 0.592       |
|    value_loss           | 12.8        |
-----------------------------------------
-----------------------------------------
| rollout/                |             |
|    ep_len_mean          | 138         |
|    ep_rew_mean          | 42.1        |
|    success_rate         | 0           |
| time/                   |             |
|    fps                  | 132         |
|    iterations           | 31          |
|    time_elapsed         | 3822        |
|    total_timesteps      | 507904      |
| train/                  |             |
|    approx_kl            | 0.011025194 |
|    clip_fraction        | 0.13        |
|    clip_range           | 0.2         |
|    entropy_loss         | -1.59       |
|    explained_variance   | 0.654       |
|    learning_rate        | 0.0003      |
|    loss                 | 4.99        |
|    n_updates            | 300         |
|    policy_gradient_loss | -0.000688   |
|    std                  | 0.593       |
|    value_loss           | 13.7        |
-----------------------------------------
-----------------------------------------
| rollout/                |             |
|    ep_len_mean          | 145         |
|    ep_rew_mean          | 43.5        |
|    success_rate         | 0           |
| time/                   |             |
|    fps                  | 133         |
|    iterations           | 32          |
|    time_elapsed         | 3940        |
|    total_timesteps      | 524288      |
| train/                  |             |
|    approx_kl            | 0.013256988 |
|    clip_fraction        | 0.164       |
|    clip_range           | 0.2         |
|    entropy_loss         | -1.57       |
|    explained_variance   | 0.701       |
|    learning_rate        | 0.0003      |
|    loss                 | 4.06        |
|    n_updates            | 310         |
|    policy_gradient_loss | -0.00116    |
|    std                  | 0.586       |
|    value_loss           | 11          |
-----------------------------------------
-----------------------------------------
| rollout/                |             |
|    ep_len_mean          | 138         |
|    ep_rew_mean          | 36          |
|    success_rate         | 0           |
| time/                   |             |
|    fps                  | 133         |
|    iterations           | 33          |
|    time_elapsed         | 4059        |
|    total_timesteps      | 540672      |
| train/                  |             |
|    approx_kl            | 0.013033802 |
|    clip_fraction        | 0.14        |
|    clip_range           | 0.2         |
|    entropy_loss         | -1.55       |
|    explained_variance   | 0.665       |
|    learning_rate        | 0.0003      |
|    loss                 | 4.64        |
|    n_updates            | 320         |
|    policy_gradient_loss | 0.00114     |
|    std                  | 0.584       |
|    value_loss           | 10.2        |
-----------------------------------------
-----------------------------------------
| rollout/                |             |
|    ep_len_mean          | 144         |
|    ep_rew_mean          | 39.3        |
|    success_rate         | 0           |
| time/                   |             |
|    fps                  | 133         |
|    iterations           | 34          |
|    time_elapsed         | 4177        |
|    total_timesteps      | 557056      |
| train/                  |             |
|    approx_kl            | 0.012660551 |
|    clip_fraction        | 0.17        |
|    clip_range           | 0.2         |
|    entropy_loss         | -1.52       |
|    explained_variance   | 0.505       |
|    learning_rate        | 0.0003      |
|    loss                 | 1.93        |
|    n_updates            | 330         |
|    policy_gradient_loss | 0.000136    |
|    std                  | 0.574       |
|    value_loss           | 12.3        |
-----------------------------------------
-----------------------------------------
| rollout/                |             |
|    ep_len_mean          | 139         |
|    ep_rew_mean          | 40.4        |
|    success_rate         | 0           |
| time/                   |             |
|    fps                  | 133         |
|    iterations           | 35          |
|    time_elapsed         | 4297        |
|    total_timesteps      | 573440      |
| train/                  |             |
|    approx_kl            | 0.010899182 |
|    clip_fraction        | 0.173       |
|    clip_range           | 0.2         |
|    entropy_loss         | -1.49       |
|    explained_variance   | 0.571       |
|    learning_rate        | 0.0003      |
|    loss                 | 4.82        |
|    n_updates            | 340         |
|    policy_gradient_loss | 0.000739    |
|    std                  | 0.568       |
|    value_loss           | 9.63        |
-----------------------------------------
----------------------------------------
| rollout/                |            |
|    ep_len_mean          | 156        |
|    ep_rew_mean          | 43.8       |
|    success_rate         | 0          |
| time/                   |            |
|    fps                  | 133        |
|    iterations           | 36         |
|    time_elapsed         | 4415       |
|    total_timesteps      | 589824     |
| train/                  |            |
|    approx_kl            | 0.01357345 |
|    clip_fraction        | 0.142      |
|    clip_range           | 0.2        |
|    entropy_loss         | -1.46      |
|    explained_variance   | 0.633      |
|    learning_rate        | 0.0003     |
|    loss                 | 14.4       |
|    n_updates            | 350        |
|    policy_gradient_loss | -5.51e-05  |
|    std                  | 0.557      |
|    value_loss           | 13.1       |
----------------------------------------
-----------------------------------------
| rollout/                |             |
|    ep_len_mean          | 150         |
|    ep_rew_mean          | 43.7        |
|    success_rate         | 0           |
| time/                   |             |
|    fps                  | 133         |
|    iterations           | 37          |
|    time_elapsed         | 4533        |
|    total_timesteps      | 606208      |
| train/                  |             |
|    approx_kl            | 0.014383411 |
|    clip_fraction        | 0.17        |
|    clip_range           | 0.2         |
|    entropy_loss         | -1.42       |
|    explained_variance   | 0.633       |
|    learning_rate        | 0.0003      |
|    loss                 | 2.18        |
|    n_updates            | 360         |
|    policy_gradient_loss | 0.000576    |
|    std                  | 0.55        |
|    value_loss           | 7.35        |
-----------------------------------------
----------------------------------------
| rollout/                |            |
|    ep_len_mean          | 154        |
|    ep_rew_mean          | 48.7       |
|    success_rate         | 0          |
| time/                   |            |
|    fps                  | 133        |
|    iterations           | 38         |
|    time_elapsed         | 4651       |
|    total_timesteps      | 622592     |
| train/                  |            |
|    approx_kl            | 0.01578033 |
|    clip_fraction        | 0.147      |
|    clip_range           | 0.2        |
|    entropy_loss         | -1.4       |
|    explained_variance   | 0.596      |
|    learning_rate        | 0.0003     |
|    loss                 | 2.34       |
|    n_updates            | 370        |
|    policy_gradient_loss | 0.00064    |
|    std                  | 0.551      |
|    value_loss           | 10.2       |
----------------------------------------
-----------------------------------------
| rollout/                |             |
|    ep_len_mean          | 156         |
|    ep_rew_mean          | 47.7        |
|    success_rate         | 0           |
| time/                   |             |
|    fps                  | 133         |
|    iterations           | 39          |
|    time_elapsed         | 4769        |
|    total_timesteps      | 638976      |
| train/                  |             |
|    approx_kl            | 0.013490032 |
|    clip_fraction        | 0.174       |
|    clip_range           | 0.2         |
|    entropy_loss         | -1.4        |
|    explained_variance   | 0.714       |
|    learning_rate        | 0.0003      |
|    loss                 | 4.26        |
|    n_updates            | 380         |
|    policy_gradient_loss | 0.000563    |
|    std                  | 0.551       |
|    value_loss           | 6.69        |
-----------------------------------------
-----------------------------------------
| rollout/                |             |
|    ep_len_mean          | 154         |
|    ep_rew_mean          | 47.8        |
|    success_rate         | 0           |
| time/                   |             |
|    fps                  | 134         |
|    iterations           | 40          |
|    time_elapsed         | 4886        |
|    total_timesteps      | 655360      |
| train/                  |             |
|    approx_kl            | 0.011669093 |
|    clip_fraction        | 0.159       |
|    clip_range           | 0.2         |
|    entropy_loss         | -1.37       |
|    explained_variance   | 0.652       |
|    learning_rate        | 0.0003      |
|    loss                 | 1.06        |
|    n_updates            | 390         |
|    policy_gradient_loss | 0.000857    |
|    std                  | 0.544       |
|    value_loss           | 6.87        |
-----------------------------------------
-----------------------------------------
| rollout/                |             |
|    ep_len_mean          | 156         |
|    ep_rew_mean          | 45.2        |
|    success_rate         | 0           |
| time/                   |             |
|    fps                  | 134         |
|    iterations           | 41          |
|    time_elapsed         | 5003        |
|    total_timesteps      | 671744      |
| train/                  |             |
|    approx_kl            | 0.012987177 |
|    clip_fraction        | 0.168       |
|    clip_range           | 0.2         |
|    entropy_loss         | -1.37       |
|    explained_variance   | 0.576       |
|    learning_rate        | 0.0003      |
|    loss                 | 5.68        |
|    n_updates            | 400         |
|    policy_gradient_loss | -0.0012     |
|    std                  | 0.545       |
|    value_loss           | 10.4        |
-----------------------------------------
----------------------------------------
| rollout/                |            |
|    ep_len_mean          | 150        |
|    ep_rew_mean          | 44.7       |
|    success_rate         | 0          |
| time/                   |            |
|    fps                  | 134        |
|    iterations           | 42         |
|    time_elapsed         | 5120       |
|    total_timesteps      | 688128     |
| train/                  |            |
|    approx_kl            | 0.01224363 |
|    clip_fraction        | 0.162      |
|    clip_range           | 0.2        |
|    entropy_loss         | -1.36      |
|    explained_variance   | 0.508      |
|    learning_rate        | 0.0003     |
|    loss                 | 7.15       |
|    n_updates            | 410        |
|    policy_gradient_loss | 0.000749   |
|    std                  | 0.544      |
|    value_loss           | 9.17       |
----------------------------------------
-----------------------------------------
| rollout/                |             |
|    ep_len_mean          | 148         |
|    ep_rew_mean          | 43.7        |
|    success_rate         | 0           |
| time/                   |             |
|    fps                  | 134         |
|    iterations           | 43          |
|    time_elapsed         | 5239        |
|    total_timesteps      | 704512      |
| train/                  |             |
|    approx_kl            | 0.010180761 |
|    clip_fraction        | 0.142       |
|    clip_range           | 0.2         |
|    entropy_loss         | -1.34       |
|    explained_variance   | 0.467       |
|    learning_rate        | 0.0003      |
|    loss                 | 5.91        |
|    n_updates            | 420         |
|    policy_gradient_loss | 0.000373    |
|    std                  | 0.538       |
|    value_loss           | 13.8        |
-----------------------------------------
-----------------------------------------
| rollout/                |             |
|    ep_len_mean          | 139         |
|    ep_rew_mean          | 42          |
|    success_rate         | 0           |
| time/                   |             |
|    fps                  | 134         |
|    iterations           | 44          |
|    time_elapsed         | 5356        |
|    total_timesteps      | 720896      |
| train/                  |             |
|    approx_kl            | 0.013212154 |
|    clip_fraction        | 0.167       |
|    clip_range           | 0.2         |
|    entropy_loss         | -1.32       |
|    explained_variance   | 0.523       |
|    learning_rate        | 0.0003      |
|    loss                 | 1.28        |
|    n_updates            | 430         |
|    policy_gradient_loss | -0.000714   |
|    std                  | 0.531       |
|    value_loss           | 8.6         |
-----------------------------------------
----------------------------------------
| rollout/                |            |
|    ep_len_mean          | 147        |
|    ep_rew_mean          | 44.1       |
|    success_rate         | 0          |
| time/                   |            |
|    fps                  | 134        |
|    iterations           | 45         |
|    time_elapsed         | 5474       |
|    total_timesteps      | 737280     |
| train/                  |            |
|    approx_kl            | 0.01208759 |
|    clip_fraction        | 0.146      |
|    clip_range           | 0.2        |
|    entropy_loss         | -1.29      |
|    explained_variance   | 0.55       |
|    learning_rate        | 0.0003     |
|    loss                 | 1.93       |
|    n_updates            | 440        |
|    policy_gradient_loss | -0.000578  |
|    std                  | 0.525      |
|    value_loss           | 10.7       |
----------------------------------------
-----------------------------------------
| rollout/                |             |
|    ep_len_mean          | 151         |
|    ep_rew_mean          | 46.5        |
|    success_rate         | 0           |
| time/                   |             |
|    fps                  | 134         |
|    iterations           | 46          |
|    time_elapsed         | 5591        |
|    total_timesteps      | 753664      |
| train/                  |             |
|    approx_kl            | 0.012038075 |
|    clip_fraction        | 0.17        |
|    clip_range           | 0.2         |
|    entropy_loss         | -1.28       |
|    explained_variance   | 0.59        |
|    learning_rate        | 0.0003      |
|    loss                 | 3.5         |
|    n_updates            | 450         |
|    policy_gradient_loss | 0.00078     |
|    std                  | 0.526       |
|    value_loss           | 7.72        |
-----------------------------------------
----------------------------------------
| rollout/                |            |
|    ep_len_mean          | 160        |
|    ep_rew_mean          | 46.9       |
|    success_rate         | 0          |
| time/                   |            |
|    fps                  | 134        |
|    iterations           | 47         |
|    time_elapsed         | 5708       |
|    total_timesteps      | 770048     |
| train/                  |            |
|    approx_kl            | 0.01162821 |
|    clip_fraction        | 0.142      |
|    clip_range           | 0.2        |
|    entropy_loss         | -1.28      |
|    explained_variance   | 0.51       |
|    learning_rate        | 0.0003     |
|    loss                 | 5.17       |
|    n_updates            | 460        |
|    policy_gradient_loss | 0.000508   |
|    std                  | 0.527      |
|    value_loss           | 11.9       |
----------------------------------------
-----------------------------------------
| rollout/                |             |
|    ep_len_mean          | 150         |
|    ep_rew_mean          | 44.5        |
|    success_rate         | 0           |
| time/                   |             |
|    fps                  | 134         |
|    iterations           | 48          |
|    time_elapsed         | 5826        |
|    total_timesteps      | 786432      |
| train/                  |             |
|    approx_kl            | 0.011229806 |
|    clip_fraction        | 0.171       |
|    clip_range           | 0.2         |
|    entropy_loss         | -1.28       |
|    explained_variance   | 0.544       |
|    learning_rate        | 0.0003      |
|    loss                 | 4.25        |
|    n_updates            | 470         |
|    policy_gradient_loss | 0.00263     |
|    std                  | 0.525       |
|    value_loss           | 5.68        |
-----------------------------------------
-----------------------------------------
| rollout/                |             |
|    ep_len_mean          | 131         |
|    ep_rew_mean          | 40.2        |
|    success_rate         | 0           |
| time/                   |             |
|    fps                  | 135         |
|    iterations           | 49          |
|    time_elapsed         | 5943        |
|    total_timesteps      | 802816      |
| train/                  |             |
|    approx_kl            | 0.014900923 |
|    clip_fraction        | 0.152       |
|    clip_range           | 0.2         |
|    entropy_loss         | -1.25       |
|    explained_variance   | 0.489       |
|    learning_rate        | 0.0003      |
|    loss                 | 14.4        |
|    n_updates            | 480         |
|    policy_gradient_loss | 0.000429    |
|    std                  | 0.519       |
|    value_loss           | 10.2        |
-----------------------------------------
----------------------------------------
| rollout/                |            |
|    ep_len_mean          | 164        |
|    ep_rew_mean          | 50.7       |
|    success_rate         | 0          |
| time/                   |            |
|    fps                  | 135        |
|    iterations           | 50         |
|    time_elapsed         | 6061       |
|    total_timesteps      | 819200     |
| train/                  |            |
|    approx_kl            | 0.01301638 |
|    clip_fraction        | 0.146      |
|    clip_range           | 0.2        |
|    entropy_loss         | -1.22      |
|    explained_variance   | 0.451      |
|    learning_rate        | 0.0003     |
|    loss                 | 5.2        |
|    n_updates            | 490        |
|    policy_gradient_loss | -0.00162   |
|    std                  | 0.514      |
|    value_loss           | 18.7       |
----------------------------------------
-----------------------------------------
| rollout/                |             |
|    ep_len_mean          | 152         |
|    ep_rew_mean          | 47.5        |
|    success_rate         | 0           |
| time/                   |             |
|    fps                  | 135         |
|    iterations           | 51          |
|    time_elapsed         | 6179        |
|    total_timesteps      | 835584      |
| train/                  |             |
|    approx_kl            | 0.015188853 |
|    clip_fraction        | 0.19        |
|    clip_range           | 0.2         |
|    entropy_loss         | -1.2        |
|    explained_variance   | 0.595       |
|    learning_rate        | 0.0003      |
|    loss                 | 9.26        |
|    n_updates            | 500         |
|    policy_gradient_loss | 0.000684    |
|    std                  | 0.511       |
|    value_loss           | 6.38        |
-----------------------------------------
-----------------------------------------
| rollout/                |             |
|    ep_len_mean          | 160         |
|    ep_rew_mean          | 48.1        |
|    success_rate         | 0           |
| time/                   |             |
|    fps                  | 135         |
|    iterations           | 52          |
|    time_elapsed         | 6296        |
|    total_timesteps      | 851968      |
| train/                  |             |
|    approx_kl            | 0.013207251 |
|    clip_fraction        | 0.158       |
|    clip_range           | 0.2         |
|    entropy_loss         | -1.19       |
|    explained_variance   | 0.583       |
|    learning_rate        | 0.0003      |
|    loss                 | 5.16        |
|    n_updates            | 510         |
|    policy_gradient_loss | -5.41e-05   |
|    std                  | 0.508       |
|    value_loss           | 7.89        |
-----------------------------------------
----------------------------------------
| rollout/                |            |
|    ep_len_mean          | 159        |
|    ep_rew_mean          | 50.5       |
|    success_rate         | 0          |
| time/                   |            |
|    fps                  | 135        |
|    iterations           | 53         |
|    time_elapsed         | 6414       |
|    total_timesteps      | 868352     |
| train/                  |            |
|    approx_kl            | 0.01483395 |
|    clip_fraction        | 0.189      |
|    clip_range           | 0.2        |
|    entropy_loss         | -1.16      |
|    explained_variance   | 0.638      |
|    learning_rate        | 0.0003     |
|    loss                 | 5.98       |
|    n_updates            | 520        |
|    policy_gradient_loss | 0.000385   |
|    std                  | 0.506      |
|    value_loss           | 5.09       |
----------------------------------------
-----------------------------------------
| rollout/                |             |
|    ep_len_mean          | 136         |
|    ep_rew_mean          | 45.8        |
|    success_rate         | 0           |
| time/                   |             |
|    fps                  | 135         |
|    iterations           | 54          |
|    time_elapsed         | 6532        |
|    total_timesteps      | 884736      |
| train/                  |             |
|    approx_kl            | 0.013910327 |
|    clip_fraction        | 0.189       |
|    clip_range           | 0.2         |
|    entropy_loss         | -1.13       |
|    explained_variance   | 0.537       |
|    learning_rate        | 0.0003      |
|    loss                 | 2.21        |
|    n_updates            | 530         |
|    policy_gradient_loss | -0.000331   |
|    std                  | 0.499       |
|    value_loss           | 7.87        |
-----------------------------------------
----------------------------------------
| rollout/                |            |
|    ep_len_mean          | 143        |
|    ep_rew_mean          | 50.1       |
|    success_rate         | 0          |
| time/                   |            |
|    fps                  | 135        |
|    iterations           | 55         |
|    time_elapsed         | 6651       |
|    total_timesteps      | 901120     |
| train/                  |            |
|    approx_kl            | 0.01251492 |
|    clip_fraction        | 0.127      |
|    clip_range           | 0.2        |
|    entropy_loss         | -1.11      |
|    explained_variance   | 0.486      |
|    learning_rate        | 0.0003     |
|    loss                 | 7.5        |
|    n_updates            | 540        |
|    policy_gradient_loss | -0.000128  |
|    std                  | 0.492      |
|    value_loss           | 18.8       |
----------------------------------------
-----------------------------------------
| rollout/                |             |
|    ep_len_mean          | 142         |
|    ep_rew_mean          | 49.9        |
|    success_rate         | 0           |
| time/                   |             |
|    fps                  | 135         |
|    iterations           | 56          |
|    time_elapsed         | 6769        |
|    total_timesteps      | 917504      |
| train/                  |             |
|    approx_kl            | 0.013745366 |
|    clip_fraction        | 0.167       |
|    clip_range           | 0.2         |
|    entropy_loss         | -1.1        |
|    explained_variance   | 0.614       |
|    learning_rate        | 0.0003      |
|    loss                 | 15.1        |
|    n_updates            | 550         |
|    policy_gradient_loss | 4.61e-05    |
|    std                  | 0.492       |
|    value_loss           | 15.4        |
-----------------------------------------
-----------------------------------------
| rollout/                |             |
|    ep_len_mean          | 144         |
|    ep_rew_mean          | 49.2        |
|    success_rate         | 0           |
| time/                   |             |
|    fps                  | 135         |
|    iterations           | 57          |
|    time_elapsed         | 6886        |
|    total_timesteps      | 933888      |
| train/                  |             |
|    approx_kl            | 0.015802192 |
|    clip_fraction        | 0.175       |
|    clip_range           | 0.2         |
|    entropy_loss         | -1.09       |
|    explained_variance   | 0.698       |
|    learning_rate        | 0.0003      |
|    loss                 | 9.85        |
|    n_updates            | 560         |
|    policy_gradient_loss | 6.65e-05    |
|    std                  | 0.491       |
|    value_loss           | 12.2        |
-----------------------------------------
-----------------------------------------
| rollout/                |             |
|    ep_len_mean          | 150         |
|    ep_rew_mean          | 52.5        |
|    success_rate         | 0           |
| time/                   |             |
|    fps                  | 135         |
|    iterations           | 58          |
|    time_elapsed         | 7004        |
|    total_timesteps      | 950272      |
| train/                  |             |
|    approx_kl            | 0.017311353 |
|    clip_fraction        | 0.183       |
|    clip_range           | 0.2         |
|    entropy_loss         | -1.06       |
|    explained_variance   | 0.695       |
|    learning_rate        | 0.0003      |
|    loss                 | 3.14        |
|    n_updates            | 570         |
|    policy_gradient_loss | -0.00046    |
|    std                  | 0.48        |
|    value_loss           | 10.6        |
-----------------------------------------
-----------------------------------------
| rollout/                |             |
|    ep_len_mean          | 149         |
|    ep_rew_mean          | 52.5        |
|    success_rate         | 0           |
| time/                   |             |
|    fps                  | 135         |
|    iterations           | 59          |
|    time_elapsed         | 7121        |
|    total_timesteps      | 966656      |
| train/                  |             |
|    approx_kl            | 0.014285746 |
|    clip_fraction        | 0.176       |
|    clip_range           | 0.2         |
|    entropy_loss         | -1.02       |
|    explained_variance   | 0.743       |
|    learning_rate        | 0.0003      |
|    loss                 | 3.65        |
|    n_updates            | 580         |
|    policy_gradient_loss | -0.000166   |
|    std                  | 0.472       |
|    value_loss           | 11.2        |
-----------------------------------------
-----------------------------------------
| rollout/                |             |
|    ep_len_mean          | 137         |
|    ep_rew_mean          | 48.4        |
|    success_rate         | 0           |
| time/                   |             |
|    fps                  | 135         |
|    iterations           | 60          |
|    time_elapsed         | 7239        |
|    total_timesteps      | 983040      |
| train/                  |             |
|    approx_kl            | 0.013205373 |
|    clip_fraction        | 0.171       |
|    clip_range           | 0.2         |
|    entropy_loss         | -0.993      |
|    explained_variance   | 0.759       |
|    learning_rate        | 0.0003      |
|    loss                 | 6.8         |
|    n_updates            | 590         |
|    policy_gradient_loss | -0.00115    |
|    std                  | 0.466       |
|    value_loss           | 11.5        |
-----------------------------------------
-----------------------------------------
| rollout/                |             |
|    ep_len_mean          | 144         |
|    ep_rew_mean          | 49.3        |
|    success_rate         | 0           |
| time/                   |             |
|    fps                  | 135         |
|    iterations           | 61          |
|    time_elapsed         | 7357        |
|    total_timesteps      | 999424      |
| train/                  |             |
|    approx_kl            | 0.015155975 |
|    clip_fraction        | 0.18        |
|    clip_range           | 0.2         |
|    entropy_loss         | -0.962      |
|    explained_variance   | 0.68        |
|    learning_rate        | 0.0003      |
|    loss                 | 5.77        |
|    n_updates            | 600         |
|    policy_gradient_loss | 0.00104     |
|    std                  | 0.46        |
|    value_loss           | 17.1        |
-----------------------------------------
-----------------------------------------
| rollout/                |             |
|    ep_len_mean          | 144         |
|    ep_rew_mean          | 48.8        |
|    success_rate         | 0           |
| time/                   |             |
|    fps                  | 135         |
|    iterations           | 62          |
|    time_elapsed         | 7475        |
|    total_timesteps      | 1015808     |
| train/                  |             |
|    approx_kl            | 0.015191404 |
|    clip_fraction        | 0.178       |
|    clip_range           | 0.2         |
|    entropy_loss         | -0.941      |
|    explained_variance   | 0.653       |
|    learning_rate        | 0.0003      |
|    loss                 | 11.2        |
|    n_updates            | 610         |
|    policy_gradient_loss | 0.00142     |
|    std                  | 0.458       |
|    value_loss           | 17.1        |
-----------------------------------------


###############################################################################
TCHPC Cluster: callan
Job 167177 (base_highway_lanechange_dense_obs20_seed0_ne8_1000000_v9) for User 'hadjitot' in Account 'callan_hadjitot'
Finished at: Sat Mar 14 20:35:06 GMT 2026

Job efficiency estimates:
=========================

Job ID: 167177
Cluster: callan
User/Group: hadjitot/hadjitot
State: COMPLETED (exit code 0)
Nodes: 1
Cores per node: 16
CPU Utilized: 13:07:22
CPU Efficiency: 39.22% of 1-09:27:44 core-walltime
Job Wall-clock time: 02:05:29
Memory Utilized: 3.48 GB
Memory Efficiency: 10.88% of 32.00 GB (32.00 GB/node)

Job completion status:
======================

JobID           JobName AllocCPUS NTasks NNodes     MaxRSS    MaxRSSNode  MaxDiskRead MaxDiskWrite    Elapsed      State ExitCode 
------------ ---------- --------- ------ ------ ---------- ------------- ------------ ------------ ---------- ---------- -------- 
167177       base_high+        16             1                                                      02:05:29  COMPLETED      0:0 
167177.batch      batch        16      1      1   3649572K    callan-n02     1533.51M     1206.65M   02:05:29  COMPLETED      0:0 
167177.exte+     extern        16      1      1                                                      02:05:29  COMPLETED      0:0 


Job details:
============

JobId=167177 JobName=base_highway_lanechange_dense_obs20_seed0_ne8_1000000_v9
   UserId=hadjitot(2357) GroupId=hadjitot(2300) MCS_label=N/A
   Priority=99488 Nice=0 Account=callan_hadjitot QOS=normal
   JobState=COMPLETING Reason=None Dependency=(null)
   Requeue=0 Restarts=0 BatchFlag=1 Reboot=0 ExitCode=0:0
   DerivedExitCode=0:0
   RunTime=02:05:29 TimeLimit=2-00:00:00 TimeMin=N/A
   SubmitTime=2026-03-14T16:25:32 EligibleTime=2026-03-14T16:25:32
   AccrueTime=2026-03-14T16:25:32
   StartTime=2026-03-14T18:29:37 EndTime=2026-03-14T20:35:06 Deadline=N/A
   SuspendTime=None SecsPreSuspend=0 LastSchedEval=2026-03-14T18:29:37 Scheduler=Main
   Partition=compute AllocNode:Sid=callan01:3275852
   ReqNodeList=(null) ExcNodeList=(null)
   NodeList=callan-n02
   BatchHost=callan-n02
   NumNodes=1 NumCPUs=16 NumTasks=1 CPUs/Task=16 ReqB:S:C:T=0:0:*:*
   ReqTRES=cpu=16,mem=32G,node=1,billing=16
   AllocTRES=cpu=16,mem=32G,node=1,billing=16
   Socks/Node=* NtasksPerN:B:S:C=0:0:*:* CoreSpec=*
   JOB_GRES=(null)
     Nodes=callan-n02 CPU_IDs=2-3,7-8,10-14,16,22-23,54-55,62-63 Mem=32768 GRES=
   MinCPUsNode=16 MinMemoryNode=32G MinTmpDiskNode=0
   Features=(null) DelayBoot=00:00:00
   OverSubscribe=OK Contiguous=0 Licenses=(null) LicensesAlloc=(null) Network=(null)
   Command=/home/users/hadjitot/fyp/HighwayEnv/slurm/train_baseline.sbatch
   WorkDir=/home/users/hadjitot/fyp/HighwayEnv
   StdErr=/home/users/hadjitot/fyp/HighwayEnv/slurm_out/base_highway_lanechange_dense_obs20_seed0_ne8_1000000_v9_167177.err
   StdIn=/dev/null
   StdOut=/home/users/hadjitot/fyp/HighwayEnv/slurm_out/base_highway_lanechange_dense_obs20_seed0_ne8_1000000_v9_167177.out
   TresPerTask=cpu=16
   


Disk quota details:
===================

                         Block Limits                                    |                     File Limits
Name       type             MB      quota      limit   in_doubt    grace |    files   quota    limit in_doubt    grace
root       USR         4841345          0          0          0     none |   391570       0        0        0     none
root       FILESET     4950556          0          0       3202     none |  9909198       0        0      846     none


SLURM Bank Statement:
=====================

User           Usage |        Account     Usage | Account Limit Available (CPU hrs)
---------- --------- + -------------- --------- + ------------- ---------
hadjitot      17,492 | CALLAN_HADJITOT    17,492 |       300,000   282,508


Acknowledgements:
=================

Note that usage of TCHPC Resources *must* be acknowledged in all publications.

Please see this page for details relevant to this cluster:

http://www.tchpc.tcd.ie/resources/acknowledgementpolicy

################################################################################
