Loading Anaconda 3 2024.02-1
ppo_baseline_cf_obs15_v7_seed0 obs shape: (15, 5) action space: Box(-1.0, 1.0, (1,), float32)
Using cpu device
Logging to runs/tb/ppo_baseline_cf_obs15_v7_seed0_1
---------------------------------
| rollout/           |          |
|    ep_len_mean     | 14.9     |
|    ep_rew_mean     | 1.37     |
| time/              |          |
|    fps             | 365      |
|    iterations      | 1        |
|    time_elapsed    | 44       |
|    total_timesteps | 16384    |
---------------------------------
------------------------------------------
| rollout/                |              |
|    ep_len_mean          | 15.5         |
|    ep_rew_mean          | 1.53         |
| time/                   |              |
|    fps                  | 350          |
|    iterations           | 2            |
|    time_elapsed         | 93           |
|    total_timesteps      | 32768        |
| train/                  |              |
|    approx_kl            | 0.0033807438 |
|    clip_fraction        | 0.0126       |
|    clip_range           | 0.2          |
|    entropy_loss         | -1.42        |
|    explained_variance   | -0.00807     |
|    learning_rate        | 0.0003       |
|    loss                 | 0.129        |
|    n_updates            | 10           |
|    policy_gradient_loss | -0.000897    |
|    std                  | 0.994        |
|    value_loss           | 2.1          |
------------------------------------------
-----------------------------------------
| rollout/                |             |
|    ep_len_mean          | 16.3        |
|    ep_rew_mean          | 1.8         |
| time/                   |             |
|    fps                  | 346         |
|    iterations           | 3           |
|    time_elapsed         | 141         |
|    total_timesteps      | 49152       |
| train/                  |             |
|    approx_kl            | 0.011563442 |
|    clip_fraction        | 0.178       |
|    clip_range           | 0.2         |
|    entropy_loss         | -1.41       |
|    explained_variance   | 0.979       |
|    learning_rate        | 0.0003      |
|    loss                 | 0.0397      |
|    n_updates            | 20          |
|    policy_gradient_loss | -0.0187     |
|    std                  | 0.988       |
|    value_loss           | 0.124       |
-----------------------------------------
-----------------------------------------
| rollout/                |             |
|    ep_len_mean          | 17.2        |
|    ep_rew_mean          | 1.82        |
| time/                   |             |
|    fps                  | 344         |
|    iterations           | 4           |
|    time_elapsed         | 190         |
|    total_timesteps      | 65536       |
| train/                  |             |
|    approx_kl            | 0.016658358 |
|    clip_fraction        | 0.256       |
|    clip_range           | 0.2         |
|    entropy_loss         | -1.39       |
|    explained_variance   | 0.991       |
|    learning_rate        | 0.0003      |
|    loss                 | 0.00365     |
|    n_updates            | 30          |
|    policy_gradient_loss | -0.0294     |
|    std                  | 0.976       |
|    value_loss           | 0.0886      |
-----------------------------------------
----------------------------------------
| rollout/                |            |
|    ep_len_mean          | 22         |
|    ep_rew_mean          | 1.83       |
| time/                   |            |
|    fps                  | 344        |
|    iterations           | 5          |
|    time_elapsed         | 237        |
|    total_timesteps      | 81920      |
| train/                  |            |
|    approx_kl            | 0.02833649 |
|    clip_fraction        | 0.296      |
|    clip_range           | 0.2        |
|    entropy_loss         | -1.32      |
|    explained_variance   | 0.994      |
|    learning_rate        | 0.0003     |
|    loss                 | 0.0826     |
|    n_updates            | 40         |
|    policy_gradient_loss | -0.0389    |
|    std                  | 0.9        |
|    value_loss           | 0.0889     |
----------------------------------------
-----------------------------------------
| rollout/                |             |
|    ep_len_mean          | 30.3        |
|    ep_rew_mean          | 0.734       |
| time/                   |             |
|    fps                  | 346         |
|    iterations           | 6           |
|    time_elapsed         | 283         |
|    total_timesteps      | 98304       |
| train/                  |             |
|    approx_kl            | 0.011281135 |
|    clip_fraction        | 0.137       |
|    clip_range           | 0.2         |
|    entropy_loss         | -1.29       |
|    explained_variance   | 0.316       |
|    learning_rate        | 0.0003      |
|    loss                 | 0.154       |
|    n_updates            | 50          |
|    policy_gradient_loss | -0.00461    |
|    std                  | 0.874       |
|    value_loss           | 1.34        |
-----------------------------------------
-----------------------------------------
| rollout/                |             |
|    ep_len_mean          | 45.7        |
|    ep_rew_mean          | -2.24       |
| time/                   |             |
|    fps                  | 348         |
|    iterations           | 7           |
|    time_elapsed         | 329         |
|    total_timesteps      | 114688      |
| train/                  |             |
|    approx_kl            | 0.015274063 |
|    clip_fraction        | 0.125       |
|    clip_range           | 0.2         |
|    entropy_loss         | -1.24       |
|    explained_variance   | -0.0786     |
|    learning_rate        | 0.0003      |
|    loss                 | 0.681       |
|    n_updates            | 60          |
|    policy_gradient_loss | -0.00529    |
|    std                  | 0.822       |
|    value_loss           | 2.23        |
-----------------------------------------
-----------------------------------------
| rollout/                |             |
|    ep_len_mean          | 62.9        |
|    ep_rew_mean          | -5.9        |
| time/                   |             |
|    fps                  | 351         |
|    iterations           | 8           |
|    time_elapsed         | 373         |
|    total_timesteps      | 131072      |
| train/                  |             |
|    approx_kl            | 0.010517163 |
|    clip_fraction        | 0.0969      |
|    clip_range           | 0.2         |
|    entropy_loss         | -1.18       |
|    explained_variance   | 0.577       |
|    learning_rate        | 0.0003      |
|    loss                 | 0.967       |
|    n_updates            | 70          |
|    policy_gradient_loss | -0.00614    |
|    std                  | 0.782       |
|    value_loss           | 2.32        |
-----------------------------------------
-----------------------------------------
| rollout/                |             |
|    ep_len_mean          | 95          |
|    ep_rew_mean          | -12.5       |
| time/                   |             |
|    fps                  | 353         |
|    iterations           | 9           |
|    time_elapsed         | 417         |
|    total_timesteps      | 147456      |
| train/                  |             |
|    approx_kl            | 0.006767912 |
|    clip_fraction        | 0.0614      |
|    clip_range           | 0.2         |
|    entropy_loss         | -1.15       |
|    explained_variance   | 0.841       |
|    learning_rate        | 0.0003      |
|    loss                 | 0.393       |
|    n_updates            | 80          |
|    policy_gradient_loss | -0.00343    |
|    std                  | 0.756       |
|    value_loss           | 1.4         |
-----------------------------------------
------------------------------------------
| rollout/                |              |
|    ep_len_mean          | 87.1         |
|    ep_rew_mean          | -9.45        |
| time/                   |              |
|    fps                  | 355          |
|    iterations           | 10           |
|    time_elapsed         | 460          |
|    total_timesteps      | 163840       |
| train/                  |              |
|    approx_kl            | 0.0052954936 |
|    clip_fraction        | 0.0506       |
|    clip_range           | 0.2          |
|    entropy_loss         | -1.16        |
|    explained_variance   | 0.921        |
|    learning_rate        | 0.0003       |
|    loss                 | 0.421        |
|    n_updates            | 90           |
|    policy_gradient_loss | -0.00191     |
|    std                  | 0.777        |
|    value_loss           | 0.919        |
------------------------------------------
-----------------------------------------
| rollout/                |             |
|    ep_len_mean          | 61.6        |
|    ep_rew_mean          | -3.71       |
| time/                   |             |
|    fps                  | 356         |
|    iterations           | 11          |
|    time_elapsed         | 505         |
|    total_timesteps      | 180224      |
| train/                  |             |
|    approx_kl            | 0.010332745 |
|    clip_fraction        | 0.0988      |
|    clip_range           | 0.2         |
|    entropy_loss         | -1.2        |
|    explained_variance   | 0.955       |
|    learning_rate        | 0.0003      |
|    loss                 | 0.463       |
|    n_updates            | 100         |
|    policy_gradient_loss | -0.00803    |
|    std                  | 0.812       |
|    value_loss           | 1.17        |
-----------------------------------------
-----------------------------------------
| rollout/                |             |
|    ep_len_mean          | 36.6        |
|    ep_rew_mean          | 1.95        |
| time/                   |             |
|    fps                  | 356         |
|    iterations           | 12          |
|    time_elapsed         | 551         |
|    total_timesteps      | 196608      |
| train/                  |             |
|    approx_kl            | 0.015698474 |
|    clip_fraction        | 0.158       |
|    clip_range           | 0.2         |
|    entropy_loss         | -1.25       |
|    explained_variance   | 0.975       |
|    learning_rate        | 0.0003      |
|    loss                 | 0.749       |
|    n_updates            | 110         |
|    policy_gradient_loss | -0.0161     |
|    std                  | 0.855       |
|    value_loss           | 1.46        |
-----------------------------------------
-----------------------------------------
| rollout/                |             |
|    ep_len_mean          | 30.9        |
|    ep_rew_mean          | 2.72        |
| time/                   |             |
|    fps                  | 356         |
|    iterations           | 13          |
|    time_elapsed         | 596         |
|    total_timesteps      | 212992      |
| train/                  |             |
|    approx_kl            | 0.007654883 |
|    clip_fraction        | 0.0918      |
|    clip_range           | 0.2         |
|    entropy_loss         | -1.24       |
|    explained_variance   | 0.974       |
|    learning_rate        | 0.0003      |
|    loss                 | 0.649       |
|    n_updates            | 120         |
|    policy_gradient_loss | -0.0116     |
|    std                  | 0.828       |
|    value_loss           | 1.19        |
-----------------------------------------
-----------------------------------------
| rollout/                |             |
|    ep_len_mean          | 43.4        |
|    ep_rew_mean          | 3.97        |
| time/                   |             |
|    fps                  | 356         |
|    iterations           | 14          |
|    time_elapsed         | 642         |
|    total_timesteps      | 229376      |
| train/                  |             |
|    approx_kl            | 0.009299966 |
|    clip_fraction        | 0.116       |
|    clip_range           | 0.2         |
|    entropy_loss         | -1.21       |
|    explained_variance   | 0.977       |
|    learning_rate        | 0.0003      |
|    loss                 | 0.28        |
|    n_updates            | 130         |
|    policy_gradient_loss | -0.0104     |
|    std                  | 0.804       |
|    value_loss           | 0.673       |
-----------------------------------------
-----------------------------------------
| rollout/                |             |
|    ep_len_mean          | 32.5        |
|    ep_rew_mean          | 4.46        |
| time/                   |             |
|    fps                  | 357         |
|    iterations           | 15          |
|    time_elapsed         | 688         |
|    total_timesteps      | 245760      |
| train/                  |             |
|    approx_kl            | 0.011703605 |
|    clip_fraction        | 0.118       |
|    clip_range           | 0.2         |
|    entropy_loss         | -1.16       |
|    explained_variance   | 0.969       |
|    learning_rate        | 0.0003      |
|    loss                 | 0.657       |
|    n_updates            | 140         |
|    policy_gradient_loss | -0.0138     |
|    std                  | 0.764       |
|    value_loss           | 0.984       |
-----------------------------------------
------------------------------------------
| rollout/                |              |
|    ep_len_mean          | 51.6         |
|    ep_rew_mean          | 7.2          |
| time/                   |              |
|    fps                  | 357          |
|    iterations           | 16           |
|    time_elapsed         | 732          |
|    total_timesteps      | 262144       |
| train/                  |              |
|    approx_kl            | 0.0091710035 |
|    clip_fraction        | 0.0993       |
|    clip_range           | 0.2          |
|    entropy_loss         | -1.12        |
|    explained_variance   | 0.936        |
|    learning_rate        | 0.0003       |
|    loss                 | 0.311        |
|    n_updates            | 150          |
|    policy_gradient_loss | -0.00783     |
|    std                  | 0.732        |
|    value_loss           | 0.763        |
------------------------------------------
------------------------------------------
| rollout/                |              |
|    ep_len_mean          | 64.9         |
|    ep_rew_mean          | 10.2         |
| time/                   |              |
|    fps                  | 358          |
|    iterations           | 17           |
|    time_elapsed         | 777          |
|    total_timesteps      | 278528       |
| train/                  |              |
|    approx_kl            | 0.0108544845 |
|    clip_fraction        | 0.12         |
|    clip_range           | 0.2          |
|    entropy_loss         | -1.08        |
|    explained_variance   | 0.893        |
|    learning_rate        | 0.0003       |
|    loss                 | 0.539        |
|    n_updates            | 160          |
|    policy_gradient_loss | -0.0123      |
|    std                  | 0.705        |
|    value_loss           | 1.41         |
------------------------------------------
-----------------------------------------
| rollout/                |             |
|    ep_len_mean          | 97          |
|    ep_rew_mean          | 16.7        |
| time/                   |             |
|    fps                  | 358         |
|    iterations           | 18          |
|    time_elapsed         | 822         |
|    total_timesteps      | 294912      |
| train/                  |             |
|    approx_kl            | 0.010016931 |
|    clip_fraction        | 0.116       |
|    clip_range           | 0.2         |
|    entropy_loss         | -1.04       |
|    explained_variance   | 0.852       |
|    learning_rate        | 0.0003      |
|    loss                 | 0.888       |
|    n_updates            | 170         |
|    policy_gradient_loss | -0.0117     |
|    std                  | 0.683       |
|    value_loss           | 1.72        |
-----------------------------------------
-----------------------------------------
| rollout/                |             |
|    ep_len_mean          | 115         |
|    ep_rew_mean          | 21          |
| time/                   |             |
|    fps                  | 359         |
|    iterations           | 19          |
|    time_elapsed         | 866         |
|    total_timesteps      | 311296      |
| train/                  |             |
|    approx_kl            | 0.010048194 |
|    clip_fraction        | 0.11        |
|    clip_range           | 0.2         |
|    entropy_loss         | -1.01       |
|    explained_variance   | 0.803       |
|    learning_rate        | 0.0003      |
|    loss                 | 0.97        |
|    n_updates            | 180         |
|    policy_gradient_loss | -0.0112     |
|    std                  | 0.661       |
|    value_loss           | 1.96        |
-----------------------------------------
-----------------------------------------
| rollout/                |             |
|    ep_len_mean          | 139         |
|    ep_rew_mean          | 27.9        |
| time/                   |             |
|    fps                  | 360         |
|    iterations           | 20          |
|    time_elapsed         | 910         |
|    total_timesteps      | 327680      |
| train/                  |             |
|    approx_kl            | 0.013331832 |
|    clip_fraction        | 0.122       |
|    clip_range           | 0.2         |
|    entropy_loss         | -0.976      |
|    explained_variance   | 0.811       |
|    learning_rate        | 0.0003      |
|    loss                 | 0.82        |
|    n_updates            | 190         |
|    policy_gradient_loss | -0.0108     |
|    std                  | 0.637       |
|    value_loss           | 1.92        |
-----------------------------------------
-----------------------------------------
| rollout/                |             |
|    ep_len_mean          | 149         |
|    ep_rew_mean          | 30          |
| time/                   |             |
|    fps                  | 360         |
|    iterations           | 21          |
|    time_elapsed         | 953         |
|    total_timesteps      | 344064      |
| train/                  |             |
|    approx_kl            | 0.008798927 |
|    clip_fraction        | 0.106       |
|    clip_range           | 0.2         |
|    entropy_loss         | -0.942      |
|    explained_variance   | 0.782       |
|    learning_rate        | 0.0003      |
|    loss                 | 0.758       |
|    n_updates            | 200         |
|    policy_gradient_loss | -0.00698    |
|    std                  | 0.613       |
|    value_loss           | 1.27        |
-----------------------------------------
-----------------------------------------
| rollout/                |             |
|    ep_len_mean          | 142         |
|    ep_rew_mean          | 28.9        |
| time/                   |             |
|    fps                  | 361         |
|    iterations           | 22          |
|    time_elapsed         | 997         |
|    total_timesteps      | 360448      |
| train/                  |             |
|    approx_kl            | 0.007449273 |
|    clip_fraction        | 0.0854      |
|    clip_range           | 0.2         |
|    entropy_loss         | -0.906      |
|    explained_variance   | 0.84        |
|    learning_rate        | 0.0003      |
|    loss                 | 0.198       |
|    n_updates            | 210         |
|    policy_gradient_loss | -0.0013     |
|    std                  | 0.592       |
|    value_loss           | 0.48        |
-----------------------------------------
------------------------------------------
| rollout/                |              |
|    ep_len_mean          | 148          |
|    ep_rew_mean          | 30.1         |
| time/                   |              |
|    fps                  | 361          |
|    iterations           | 23           |
|    time_elapsed         | 1041         |
|    total_timesteps      | 376832       |
| train/                  |              |
|    approx_kl            | 0.0067560924 |
|    clip_fraction        | 0.0823       |
|    clip_range           | 0.2          |
|    entropy_loss         | -0.883       |
|    explained_variance   | 0.839        |
|    learning_rate        | 0.0003       |
|    loss                 | 0.159        |
|    n_updates            | 220          |
|    policy_gradient_loss | -0.00103     |
|    std                  | 0.581        |
|    value_loss           | 0.659        |
------------------------------------------
------------------------------------------
| rollout/                |              |
|    ep_len_mean          | 151          |
|    ep_rew_mean          | 30.1         |
| time/                   |              |
|    fps                  | 362          |
|    iterations           | 24           |
|    time_elapsed         | 1084         |
|    total_timesteps      | 393216       |
| train/                  |              |
|    approx_kl            | 0.0048224498 |
|    clip_fraction        | 0.069        |
|    clip_range           | 0.2          |
|    entropy_loss         | -0.866       |
|    explained_variance   | 0.909        |
|    learning_rate        | 0.0003       |
|    loss                 | 0.572        |
|    n_updates            | 230          |
|    policy_gradient_loss | 0.00141      |
|    std                  | 0.577        |
|    value_loss           | 0.295        |
------------------------------------------
------------------------------------------
| rollout/                |              |
|    ep_len_mean          | 151          |
|    ep_rew_mean          | 30.3         |
| time/                   |              |
|    fps                  | 363          |
|    iterations           | 25           |
|    time_elapsed         | 1127         |
|    total_timesteps      | 409600       |
| train/                  |              |
|    approx_kl            | 0.0053400313 |
|    clip_fraction        | 0.0658       |
|    clip_range           | 0.2          |
|    entropy_loss         | -0.858       |
|    explained_variance   | 0.926        |
|    learning_rate        | 0.0003       |
|    loss                 | 0.0867       |
|    n_updates            | 240          |
|    policy_gradient_loss | 0.000999     |
|    std                  | 0.57         |
|    value_loss           | 0.113        |
------------------------------------------
------------------------------------------
| rollout/                |              |
|    ep_len_mean          | 150          |
|    ep_rew_mean          | 29.9         |
| time/                   |              |
|    fps                  | 363          |
|    iterations           | 26           |
|    time_elapsed         | 1171         |
|    total_timesteps      | 425984       |
| train/                  |              |
|    approx_kl            | 0.0057595195 |
|    clip_fraction        | 0.0798       |
|    clip_range           | 0.2          |
|    entropy_loss         | -0.849       |
|    explained_variance   | 0.965        |
|    learning_rate        | 0.0003       |
|    loss                 | 0.0382       |
|    n_updates            | 250          |
|    policy_gradient_loss | -0.00151     |
|    std                  | 0.564        |
|    value_loss           | 0.0789       |
------------------------------------------
------------------------------------------
| rollout/                |              |
|    ep_len_mean          | 151          |
|    ep_rew_mean          | 30.4         |
| time/                   |              |
|    fps                  | 364          |
|    iterations           | 27           |
|    time_elapsed         | 1214         |
|    total_timesteps      | 442368       |
| train/                  |              |
|    approx_kl            | 0.0075789243 |
|    clip_fraction        | 0.0988       |
|    clip_range           | 0.2          |
|    entropy_loss         | -0.842       |
|    explained_variance   | 0.925        |
|    learning_rate        | 0.0003       |
|    loss                 | 0.121        |
|    n_updates            | 260          |
|    policy_gradient_loss | -0.00316     |
|    std                  | 0.56         |
|    value_loss           | 0.121        |
------------------------------------------
-----------------------------------------
| rollout/                |             |
|    ep_len_mean          | 148         |
|    ep_rew_mean          | 30.2        |
| time/                   |             |
|    fps                  | 364         |
|    iterations           | 28          |
|    time_elapsed         | 1257        |
|    total_timesteps      | 458752      |
| train/                  |             |
|    approx_kl            | 0.007735722 |
|    clip_fraction        | 0.0852      |
|    clip_range           | 0.2         |
|    entropy_loss         | -0.831      |
|    explained_variance   | 0.973       |
|    learning_rate        | 0.0003      |
|    loss                 | 0.0506      |
|    n_updates            | 270         |
|    policy_gradient_loss | -0.00167    |
|    std                  | 0.551       |
|    value_loss           | 0.0675      |
-----------------------------------------
------------------------------------------
| rollout/                |              |
|    ep_len_mean          | 150          |
|    ep_rew_mean          | 30.7         |
| time/                   |              |
|    fps                  | 364          |
|    iterations           | 29           |
|    time_elapsed         | 1301         |
|    total_timesteps      | 475136       |
| train/                  |              |
|    approx_kl            | 0.0065321936 |
|    clip_fraction        | 0.0796       |
|    clip_range           | 0.2          |
|    entropy_loss         | -0.815       |
|    explained_variance   | 0.776        |
|    learning_rate        | 0.0003       |
|    loss                 | 0.354        |
|    n_updates            | 280          |
|    policy_gradient_loss | 0.000557     |
|    std                  | 0.548        |
|    value_loss           | 0.73         |
------------------------------------------
-----------------------------------------
| rollout/                |             |
|    ep_len_mean          | 150         |
|    ep_rew_mean          | 30.3        |
| time/                   |             |
|    fps                  | 365         |
|    iterations           | 30          |
|    time_elapsed         | 1345        |
|    total_timesteps      | 491520      |
| train/                  |             |
|    approx_kl            | 0.008154552 |
|    clip_fraction        | 0.0923      |
|    clip_range           | 0.2         |
|    entropy_loss         | -0.802      |
|    explained_variance   | 0.806       |
|    learning_rate        | 0.0003      |
|    loss                 | 0.196       |
|    n_updates            | 290         |
|    policy_gradient_loss | -0.0014     |
|    std                  | 0.539       |
|    value_loss           | 0.662       |
-----------------------------------------
------------------------------------------
| rollout/                |              |
|    ep_len_mean          | 151          |
|    ep_rew_mean          | 30.5         |
| time/                   |              |
|    fps                  | 365          |
|    iterations           | 31           |
|    time_elapsed         | 1389         |
|    total_timesteps      | 507904       |
| train/                  |              |
|    approx_kl            | 0.0054954328 |
|    clip_fraction        | 0.0625       |
|    clip_range           | 0.2          |
|    entropy_loss         | -0.79        |
|    explained_variance   | 0.932        |
|    learning_rate        | 0.0003       |
|    loss                 | 0.0144       |
|    n_updates            | 300          |
|    policy_gradient_loss | 0.0013       |
|    std                  | 0.533        |
|    value_loss           | 0.253        |
------------------------------------------
ppo_baseline_cf_obs15_v7_seed1 obs shape: (15, 5) action space: Box(-1.0, 1.0, (1,), float32)
Using cpu device
Logging to runs/tb/ppo_baseline_cf_obs15_v7_seed1_1
---------------------------------
| rollout/           |          |
|    ep_len_mean     | 14.9     |
|    ep_rew_mean     | 1.38     |
| time/              |          |
|    fps             | 375      |
|    iterations      | 1        |
|    time_elapsed    | 43       |
|    total_timesteps | 16384    |
---------------------------------
-----------------------------------------
| rollout/                |             |
|    ep_len_mean          | 15.3        |
|    ep_rew_mean          | 1.44        |
| time/                   |             |
|    fps                  | 355         |
|    iterations           | 2           |
|    time_elapsed         | 92          |
|    total_timesteps      | 32768       |
| train/                  |             |
|    approx_kl            | 0.002423744 |
|    clip_fraction        | 0.0119      |
|    clip_range           | 0.2         |
|    entropy_loss         | -1.42       |
|    explained_variance   | -0.00734    |
|    learning_rate        | 0.0003      |
|    loss                 | 0.143       |
|    n_updates            | 10          |
|    policy_gradient_loss | -0.000899   |
|    std                  | 0.999       |
|    value_loss           | 2.05        |
-----------------------------------------
-----------------------------------------
| rollout/                |             |
|    ep_len_mean          | 16.4        |
|    ep_rew_mean          | 1.75        |
| time/                   |             |
|    fps                  | 348         |
|    iterations           | 3           |
|    time_elapsed         | 140         |
|    total_timesteps      | 49152       |
| train/                  |             |
|    approx_kl            | 0.010877164 |
|    clip_fraction        | 0.162       |
|    clip_range           | 0.2         |
|    entropy_loss         | -1.41       |
|    explained_variance   | 0.98        |
|    learning_rate        | 0.0003      |
|    loss                 | 0.0144      |
|    n_updates            | 20          |
|    policy_gradient_loss | -0.0168     |
|    std                  | 0.991       |
|    value_loss           | 0.126       |
-----------------------------------------
-----------------------------------------
| rollout/                |             |
|    ep_len_mean          | 17.3        |
|    ep_rew_mean          | 1.87        |
| time/                   |             |
|    fps                  | 345         |
|    iterations           | 4           |
|    time_elapsed         | 189         |
|    total_timesteps      | 65536       |
| train/                  |             |
|    approx_kl            | 0.020784223 |
|    clip_fraction        | 0.282       |
|    clip_range           | 0.2         |
|    entropy_loss         | -1.37       |
|    explained_variance   | 0.993       |
|    learning_rate        | 0.0003      |
|    loss                 | 0.0111      |
|    n_updates            | 30          |
|    policy_gradient_loss | -0.0323     |
|    std                  | 0.943       |
|    value_loss           | 0.0862      |
-----------------------------------------
-----------------------------------------
| rollout/                |             |
|    ep_len_mean          | 19.8        |
|    ep_rew_mean          | 2.36        |
| time/                   |             |
|    fps                  | 345         |
|    iterations           | 5           |
|    time_elapsed         | 237         |
|    total_timesteps      | 81920       |
| train/                  |             |
|    approx_kl            | 0.027181413 |
|    clip_fraction        | 0.283       |
|    clip_range           | 0.2         |
|    entropy_loss         | -1.3        |
|    explained_variance   | 0.969       |
|    learning_rate        | 0.0003      |
|    loss                 | 0.0974      |
|    n_updates            | 40          |
|    policy_gradient_loss | -0.0278     |
|    std                  | 0.877       |
|    value_loss           | 0.211       |
-----------------------------------------
-----------------------------------------
| rollout/                |             |
|    ep_len_mean          | 27.6        |
|    ep_rew_mean          | 1.35        |
| time/                   |             |
|    fps                  | 346         |
|    iterations           | 6           |
|    time_elapsed         | 283         |
|    total_timesteps      | 98304       |
| train/                  |             |
|    approx_kl            | 0.022853747 |
|    clip_fraction        | 0.252       |
|    clip_range           | 0.2         |
|    entropy_loss         | -1.23       |
|    explained_variance   | 0.793       |
|    learning_rate        | 0.0003      |
|    loss                 | 0.148       |
|    n_updates            | 50          |
|    policy_gradient_loss | -0.0123     |
|    std                  | 0.816       |
|    value_loss           | 0.803       |
-----------------------------------------
-----------------------------------------
| rollout/                |             |
|    ep_len_mean          | 57.2        |
|    ep_rew_mean          | -5.08       |
| time/                   |             |
|    fps                  | 349         |
|    iterations           | 7           |
|    time_elapsed         | 327         |
|    total_timesteps      | 114688      |
| train/                  |             |
|    approx_kl            | 0.011962909 |
|    clip_fraction        | 0.119       |
|    clip_range           | 0.2         |
|    entropy_loss         | -1.18       |
|    explained_variance   | 0.21        |
|    learning_rate        | 0.0003      |
|    loss                 | 0.513       |
|    n_updates            | 60          |
|    policy_gradient_loss | -0.00565    |
|    std                  | 0.779       |
|    value_loss           | 2.15        |
-----------------------------------------
-----------------------------------------
| rollout/                |             |
|    ep_len_mean          | 68          |
|    ep_rew_mean          | -6.44       |
| time/                   |             |
|    fps                  | 352         |
|    iterations           | 8           |
|    time_elapsed         | 371         |
|    total_timesteps      | 131072      |
| train/                  |             |
|    approx_kl            | 0.009565026 |
|    clip_fraction        | 0.0928      |
|    clip_range           | 0.2         |
|    entropy_loss         | -1.13       |
|    explained_variance   | 0.693       |
|    learning_rate        | 0.0003      |
|    loss                 | 0.693       |
|    n_updates            | 70          |
|    policy_gradient_loss | -0.00594    |
|    std                  | 0.744       |
|    value_loss           | 1.95        |
-----------------------------------------
------------------------------------------
| rollout/                |              |
|    ep_len_mean          | 104          |
|    ep_rew_mean          | -12.1        |
| time/                   |              |
|    fps                  | 355          |
|    iterations           | 9            |
|    time_elapsed         | 415          |
|    total_timesteps      | 147456       |
| train/                  |              |
|    approx_kl            | 0.0072730854 |
|    clip_fraction        | 0.0797       |
|    clip_range           | 0.2          |
|    entropy_loss         | -1.1         |
|    explained_variance   | 0.887        |
|    learning_rate        | 0.0003       |
|    loss                 | 0.724        |
|    n_updates            | 80           |
|    policy_gradient_loss | -0.00558     |
|    std                  | 0.719        |
|    value_loss           | 1.28         |
------------------------------------------
------------------------------------------
| rollout/                |              |
|    ep_len_mean          | 90.4         |
|    ep_rew_mean          | -7.85        |
| time/                   |              |
|    fps                  | 356          |
|    iterations           | 10           |
|    time_elapsed         | 459          |
|    total_timesteps      | 163840       |
| train/                  |              |
|    approx_kl            | 0.0063153356 |
|    clip_fraction        | 0.0752       |
|    clip_range           | 0.2          |
|    entropy_loss         | -1.1         |
|    explained_variance   | 0.923        |
|    learning_rate        | 0.0003       |
|    loss                 | 0.437        |
|    n_updates            | 90           |
|    policy_gradient_loss | -0.00665     |
|    std                  | 0.732        |
|    value_loss           | 1.29         |
------------------------------------------
-----------------------------------------
| rollout/                |             |
|    ep_len_mean          | 54.1        |
|    ep_rew_mean          | -1.23       |
| time/                   |             |
|    fps                  | 358         |
|    iterations           | 11          |
|    time_elapsed         | 503         |
|    total_timesteps      | 180224      |
| train/                  |             |
|    approx_kl            | 0.013412483 |
|    clip_fraction        | 0.152       |
|    clip_range           | 0.2         |
|    entropy_loss         | -1.14       |
|    explained_variance   | 0.946       |
|    learning_rate        | 0.0003      |
|    loss                 | 0.58        |
|    n_updates            | 100         |
|    policy_gradient_loss | -0.0129     |
|    std                  | 0.763       |
|    value_loss           | 1.5         |
-----------------------------------------
-----------------------------------------
| rollout/                |             |
|    ep_len_mean          | 49.4        |
|    ep_rew_mean          | 0.954       |
| time/                   |             |
|    fps                  | 357         |
|    iterations           | 12          |
|    time_elapsed         | 549         |
|    total_timesteps      | 196608      |
| train/                  |             |
|    approx_kl            | 0.013756857 |
|    clip_fraction        | 0.192       |
|    clip_range           | 0.2         |
|    entropy_loss         | -1.16       |
|    explained_variance   | 0.97        |
|    learning_rate        | 0.0003      |
|    loss                 | 0.884       |
|    n_updates            | 110         |
|    policy_gradient_loss | -0.019      |
|    std                  | 0.771       |
|    value_loss           | 1.5         |
-----------------------------------------
-----------------------------------------
| rollout/                |             |
|    ep_len_mean          | 37.2        |
|    ep_rew_mean          | 2.31        |
| time/                   |             |
|    fps                  | 358         |
|    iterations           | 13          |
|    time_elapsed         | 594         |
|    total_timesteps      | 212992      |
| train/                  |             |
|    approx_kl            | 0.010491411 |
|    clip_fraction        | 0.124       |
|    clip_range           | 0.2         |
|    entropy_loss         | -1.13       |
|    explained_variance   | 0.974       |
|    learning_rate        | 0.0003      |
|    loss                 | 0.71        |
|    n_updates            | 120         |
|    policy_gradient_loss | -0.0138     |
|    std                  | 0.751       |
|    value_loss           | 1.14        |
-----------------------------------------
-----------------------------------------
| rollout/                |             |
|    ep_len_mean          | 37.7        |
|    ep_rew_mean          | 3.75        |
| time/                   |             |
|    fps                  | 358         |
|    iterations           | 14          |
|    time_elapsed         | 640         |
|    total_timesteps      | 229376      |
| train/                  |             |
|    approx_kl            | 0.008969216 |
|    clip_fraction        | 0.117       |
|    clip_range           | 0.2         |
|    entropy_loss         | -1.09       |
|    explained_variance   | 0.973       |
|    learning_rate        | 0.0003      |
|    loss                 | 0.498       |
|    n_updates            | 130         |
|    policy_gradient_loss | -0.0132     |
|    std                  | 0.717       |
|    value_loss           | 0.944       |
-----------------------------------------
----------------------------------------
| rollout/                |            |
|    ep_len_mean          | 43.1       |
|    ep_rew_mean          | 5.59       |
| time/                   |            |
|    fps                  | 358        |
|    iterations           | 15         |
|    time_elapsed         | 685        |
|    total_timesteps      | 245760     |
| train/                  |            |
|    approx_kl            | 0.00956105 |
|    clip_fraction        | 0.11       |
|    clip_range           | 0.2        |
|    entropy_loss         | -1.05      |
|    explained_variance   | 0.955      |
|    learning_rate        | 0.0003     |
|    loss                 | 0.682      |
|    n_updates            | 140        |
|    policy_gradient_loss | -0.0118    |
|    std                  | 0.686      |
|    value_loss           | 0.976      |
----------------------------------------
-----------------------------------------
| rollout/                |             |
|    ep_len_mean          | 45.4        |
|    ep_rew_mean          | 6.31        |
| time/                   |             |
|    fps                  | 358         |
|    iterations           | 16          |
|    time_elapsed         | 731         |
|    total_timesteps      | 262144      |
| train/                  |             |
|    approx_kl            | 0.012030492 |
|    clip_fraction        | 0.129       |
|    clip_range           | 0.2         |
|    entropy_loss         | -0.992      |
|    explained_variance   | 0.945       |
|    learning_rate        | 0.0003      |
|    loss                 | 0.472       |
|    n_updates            | 150         |
|    policy_gradient_loss | -0.0138     |
|    std                  | 0.647       |
|    value_loss           | 0.893       |
-----------------------------------------
-----------------------------------------
| rollout/                |             |
|    ep_len_mean          | 59          |
|    ep_rew_mean          | 8.81        |
| time/                   |             |
|    fps                  | 358         |
|    iterations           | 17          |
|    time_elapsed         | 776         |
|    total_timesteps      | 278528      |
| train/                  |             |
|    approx_kl            | 0.008931849 |
|    clip_fraction        | 0.117       |
|    clip_range           | 0.2         |
|    entropy_loss         | -0.962      |
|    explained_variance   | 0.921       |
|    learning_rate        | 0.0003      |
|    loss                 | 0.217       |
|    n_updates            | 160         |
|    policy_gradient_loss | -0.0108     |
|    std                  | 0.631       |
|    value_loss           | 0.898       |
-----------------------------------------
---------------------------------------
| rollout/                |           |
|    ep_len_mean          | 96        |
|    ep_rew_mean          | 16.7      |
| time/                   |           |
|    fps                  | 359       |
|    iterations           | 18        |
|    time_elapsed         | 820       |
|    total_timesteps      | 294912    |
| train/                  |           |
|    approx_kl            | 0.0111659 |
|    clip_fraction        | 0.145     |
|    clip_range           | 0.2       |
|    entropy_loss         | -0.939    |
|    explained_variance   | 0.884     |
|    learning_rate        | 0.0003    |
|    loss                 | 0.821     |
|    n_updates            | 170       |
|    policy_gradient_loss | -0.0131   |
|    std                  | 0.617     |
|    value_loss           | 1.49      |
---------------------------------------
-----------------------------------------
| rollout/                |             |
|    ep_len_mean          | 83.4        |
|    ep_rew_mean          | 14.4        |
| time/                   |             |
|    fps                  | 359         |
|    iterations           | 19          |
|    time_elapsed         | 864         |
|    total_timesteps      | 311296      |
| train/                  |             |
|    approx_kl            | 0.012639618 |
|    clip_fraction        | 0.141       |
|    clip_range           | 0.2         |
|    entropy_loss         | -0.902      |
|    explained_variance   | 0.835       |
|    learning_rate        | 0.0003      |
|    loss                 | 1.15        |
|    n_updates            | 180         |
|    policy_gradient_loss | -0.0142     |
|    std                  | 0.593       |
|    value_loss           | 1.86        |
-----------------------------------------
-----------------------------------------
| rollout/                |             |
|    ep_len_mean          | 123         |
|    ep_rew_mean          | 23.7        |
| time/                   |             |
|    fps                  | 360         |
|    iterations           | 20          |
|    time_elapsed         | 908         |
|    total_timesteps      | 327680      |
| train/                  |             |
|    approx_kl            | 0.012174557 |
|    clip_fraction        | 0.14        |
|    clip_range           | 0.2         |
|    entropy_loss         | -0.876      |
|    explained_variance   | 0.798       |
|    learning_rate        | 0.0003      |
|    loss                 | 0.853       |
|    n_updates            | 190         |
|    policy_gradient_loss | -0.0116     |
|    std                  | 0.579       |
|    value_loss           | 2.6         |
-----------------------------------------
-----------------------------------------
| rollout/                |             |
|    ep_len_mean          | 140         |
|    ep_rew_mean          | 27.9        |
| time/                   |             |
|    fps                  | 361         |
|    iterations           | 21          |
|    time_elapsed         | 952         |
|    total_timesteps      | 344064      |
| train/                  |             |
|    approx_kl            | 0.012599869 |
|    clip_fraction        | 0.163       |
|    clip_range           | 0.2         |
|    entropy_loss         | -0.854      |
|    explained_variance   | 0.803       |
|    learning_rate        | 0.0003      |
|    loss                 | 0.637       |
|    n_updates            | 200         |
|    policy_gradient_loss | -0.0134     |
|    std                  | 0.566       |
|    value_loss           | 2.31        |
-----------------------------------------
-----------------------------------------
| rollout/                |             |
|    ep_len_mean          | 149         |
|    ep_rew_mean          | 29.6        |
| time/                   |             |
|    fps                  | 361         |
|    iterations           | 22          |
|    time_elapsed         | 995         |
|    total_timesteps      | 360448      |
| train/                  |             |
|    approx_kl            | 0.011347704 |
|    clip_fraction        | 0.113       |
|    clip_range           | 0.2         |
|    entropy_loss         | -0.819      |
|    explained_variance   | 0.8         |
|    learning_rate        | 0.0003      |
|    loss                 | 0.966       |
|    n_updates            | 210         |
|    policy_gradient_loss | -0.00649    |
|    std                  | 0.547       |
|    value_loss           | 1.16        |
-----------------------------------------
-----------------------------------------
| rollout/                |             |
|    ep_len_mean          | 151         |
|    ep_rew_mean          | 30.7        |
| time/                   |             |
|    fps                  | 362         |
|    iterations           | 23          |
|    time_elapsed         | 1039        |
|    total_timesteps      | 376832      |
| train/                  |             |
|    approx_kl            | 0.005378781 |
|    clip_fraction        | 0.0746      |
|    clip_range           | 0.2         |
|    entropy_loss         | -0.804      |
|    explained_variance   | 0.832       |
|    learning_rate        | 0.0003      |
|    loss                 | 0.112       |
|    n_updates            | 220         |
|    policy_gradient_loss | 0.000804    |
|    std                  | 0.539       |
|    value_loss           | 0.497       |
-----------------------------------------
------------------------------------------
| rollout/                |              |
|    ep_len_mean          | 151          |
|    ep_rew_mean          | 30.3         |
| time/                   |              |
|    fps                  | 362          |
|    iterations           | 24           |
|    time_elapsed         | 1083         |
|    total_timesteps      | 393216       |
| train/                  |              |
|    approx_kl            | 0.0048648505 |
|    clip_fraction        | 0.0782       |
|    clip_range           | 0.2          |
|    entropy_loss         | -0.789       |
|    explained_variance   | 0.885        |
|    learning_rate        | 0.0003       |
|    loss                 | 0.0635       |
|    n_updates            | 230          |
|    policy_gradient_loss | 0.00156      |
|    std                  | 0.531        |
|    value_loss           | 0.34         |
------------------------------------------
------------------------------------------
| rollout/                |              |
|    ep_len_mean          | 148          |
|    ep_rew_mean          | 29.8         |
| time/                   |              |
|    fps                  | 363          |
|    iterations           | 25           |
|    time_elapsed         | 1127         |
|    total_timesteps      | 409600       |
| train/                  |              |
|    approx_kl            | 0.0061403075 |
|    clip_fraction        | 0.0844       |
|    clip_range           | 0.2          |
|    entropy_loss         | -0.787       |
|    explained_variance   | 0.932        |
|    learning_rate        | 0.0003       |
|    loss                 | 0.0362       |
|    n_updates            | 240          |
|    policy_gradient_loss | 0.000696     |
|    std                  | 0.53         |
|    value_loss           | 0.212        |
------------------------------------------
-----------------------------------------
| rollout/                |             |
|    ep_len_mean          | 146         |
|    ep_rew_mean          | 30          |
| time/                   |             |
|    fps                  | 363         |
|    iterations           | 26          |
|    time_elapsed         | 1170        |
|    total_timesteps      | 425984      |
| train/                  |             |
|    approx_kl            | 0.006846638 |
|    clip_fraction        | 0.0857      |
|    clip_range           | 0.2         |
|    entropy_loss         | -0.785      |
|    explained_variance   | 0.921       |
|    learning_rate        | 0.0003      |
|    loss                 | 0.46        |
|    n_updates            | 250         |
|    policy_gradient_loss | -0.00073    |
|    std                  | 0.535       |
|    value_loss           | 0.201       |
-----------------------------------------
-----------------------------------------
| rollout/                |             |
|    ep_len_mean          | 125         |
|    ep_rew_mean          | 23.5        |
| time/                   |             |
|    fps                  | 364         |
|    iterations           | 27          |
|    time_elapsed         | 1215        |
|    total_timesteps      | 442368      |
| train/                  |             |
|    approx_kl            | 0.011659313 |
|    clip_fraction        | 0.0936      |
|    clip_range           | 0.2         |
|    entropy_loss         | -0.785      |
|    explained_variance   | 0.693       |
|    learning_rate        | 0.0003      |
|    loss                 | 4.22        |
|    n_updates            | 260         |
|    policy_gradient_loss | 0.00159     |
|    std                  | 0.526       |
|    value_loss           | 1.36        |
-----------------------------------------
-----------------------------------------
| rollout/                |             |
|    ep_len_mean          | 149         |
|    ep_rew_mean          | 30.4        |
| time/                   |             |
|    fps                  | 364         |
|    iterations           | 28          |
|    time_elapsed         | 1259        |
|    total_timesteps      | 458752      |
| train/                  |             |
|    approx_kl            | 0.008223129 |
|    clip_fraction        | 0.135       |
|    clip_range           | 0.2         |
|    entropy_loss         | -0.78       |
|    explained_variance   | 0.44        |
|    learning_rate        | 0.0003      |
|    loss                 | 3.03        |
|    n_updates            | 270         |
|    policy_gradient_loss | -0.00762    |
|    std                  | 0.532       |
|    value_loss           | 5.22        |
-----------------------------------------
-----------------------------------------
| rollout/                |             |
|    ep_len_mean          | 145         |
|    ep_rew_mean          | 29.5        |
| time/                   |             |
|    fps                  | 364         |
|    iterations           | 29          |
|    time_elapsed         | 1303        |
|    total_timesteps      | 475136      |
| train/                  |             |
|    approx_kl            | 0.009063682 |
|    clip_fraction        | 0.128       |
|    clip_range           | 0.2         |
|    entropy_loss         | -0.754      |
|    explained_variance   | 0.842       |
|    learning_rate        | 0.0003      |
|    loss                 | 0.164       |
|    n_updates            | 280         |
|    policy_gradient_loss | -0.00326    |
|    std                  | 0.511       |
|    value_loss           | 0.538       |
-----------------------------------------
-----------------------------------------
| rollout/                |             |
|    ep_len_mean          | 151         |
|    ep_rew_mean          | 30.6        |
| time/                   |             |
|    fps                  | 364         |
|    iterations           | 30          |
|    time_elapsed         | 1347        |
|    total_timesteps      | 491520      |
| train/                  |             |
|    approx_kl            | 0.015287814 |
|    clip_fraction        | 0.176       |
|    clip_range           | 0.2         |
|    entropy_loss         | -0.731      |
|    explained_variance   | 0.761       |
|    learning_rate        | 0.0003      |
|    loss                 | 0.301       |
|    n_updates            | 290         |
|    policy_gradient_loss | -0.00781    |
|    std                  | 0.496       |
|    value_loss           | 1.44        |
-----------------------------------------
------------------------------------------
| rollout/                |              |
|    ep_len_mean          | 151          |
|    ep_rew_mean          | 30.6         |
| time/                   |              |
|    fps                  | 365          |
|    iterations           | 31           |
|    time_elapsed         | 1390         |
|    total_timesteps      | 507904       |
| train/                  |              |
|    approx_kl            | 0.0062830253 |
|    clip_fraction        | 0.0911       |
|    clip_range           | 0.2          |
|    entropy_loss         | -0.696       |
|    explained_variance   | 0.97         |
|    learning_rate        | 0.0003       |
|    loss                 | -0.00248     |
|    n_updates            | 300          |
|    policy_gradient_loss | -0.000147    |
|    std                  | 0.484        |
|    value_loss           | 0.0406       |
------------------------------------------
ppo_baseline_cf_obs15_v7_seed2 obs shape: (15, 5) action space: Box(-1.0, 1.0, (1,), float32)
Using cpu device
Logging to runs/tb/ppo_baseline_cf_obs15_v7_seed2_1
---------------------------------
| rollout/           |          |
|    ep_len_mean     | 14.8     |
|    ep_rew_mean     | 1.35     |
| time/              |          |
|    fps             | 364      |
|    iterations      | 1        |
|    time_elapsed    | 44       |
|    total_timesteps | 16384    |
---------------------------------
-----------------------------------------
| rollout/                |             |
|    ep_len_mean          | 15.1        |
|    ep_rew_mean          | 1.41        |
| time/                   |             |
|    fps                  | 346         |
|    iterations           | 2           |
|    time_elapsed         | 94          |
|    total_timesteps      | 32768       |
| train/                  |             |
|    approx_kl            | 0.002663154 |
|    clip_fraction        | 0.00737     |
|    clip_range           | 0.2         |
|    entropy_loss         | -1.42       |
|    explained_variance   | -0.000444   |
|    learning_rate        | 0.0003      |
|    loss                 | 0.099       |
|    n_updates            | 10          |
|    policy_gradient_loss | -0.00032    |
|    std                  | 0.999       |
|    value_loss           | 1.82        |
-----------------------------------------
-----------------------------------------
| rollout/                |             |
|    ep_len_mean          | 16.2        |
|    ep_rew_mean          | 1.7         |
| time/                   |             |
|    fps                  | 342         |
|    iterations           | 3           |
|    time_elapsed         | 143         |
|    total_timesteps      | 49152       |
| train/                  |             |
|    approx_kl            | 0.012307109 |
|    clip_fraction        | 0.177       |
|    clip_range           | 0.2         |
|    entropy_loss         | -1.39       |
|    explained_variance   | 0.98        |
|    learning_rate        | 0.0003      |
|    loss                 | 0.0625      |
|    n_updates            | 20          |
|    policy_gradient_loss | -0.0176     |
|    std                  | 0.969       |
|    value_loss           | 0.127       |
-----------------------------------------
-----------------------------------------
| rollout/                |             |
|    ep_len_mean          | 17.7        |
|    ep_rew_mean          | 1.89        |
| time/                   |             |
|    fps                  | 339         |
|    iterations           | 4           |
|    time_elapsed         | 192         |
|    total_timesteps      | 65536       |
| train/                  |             |
|    approx_kl            | 0.019224998 |
|    clip_fraction        | 0.251       |
|    clip_range           | 0.2         |
|    entropy_loss         | -1.36       |
|    explained_variance   | 0.992       |
|    learning_rate        | 0.0003      |
|    loss                 | 0.0381      |
|    n_updates            | 30          |
|    policy_gradient_loss | -0.0311     |
|    std                  | 0.936       |
|    value_loss           | 0.0892      |
-----------------------------------------
-----------------------------------------
| rollout/                |             |
|    ep_len_mean          | 18.9        |
|    ep_rew_mean          | 2.1         |
| time/                   |             |
|    fps                  | 339         |
|    iterations           | 5           |
|    time_elapsed         | 241         |
|    total_timesteps      | 81920       |
| train/                  |             |
|    approx_kl            | 0.026220985 |
|    clip_fraction        | 0.291       |
|    clip_range           | 0.2         |
|    entropy_loss         | -1.29       |
|    explained_variance   | 0.994       |
|    learning_rate        | 0.0003      |
|    loss                 | 0.00111     |
|    n_updates            | 40          |
|    policy_gradient_loss | -0.0384     |
|    std                  | 0.873       |
|    value_loss           | 0.0905      |
-----------------------------------------
-----------------------------------------
| rollout/                |             |
|    ep_len_mean          | 31.4        |
|    ep_rew_mean          | 0.153       |
| time/                   |             |
|    fps                  | 341         |
|    iterations           | 6           |
|    time_elapsed         | 287         |
|    total_timesteps      | 98304       |
| train/                  |             |
|    approx_kl            | 0.020096615 |
|    clip_fraction        | 0.243       |
|    clip_range           | 0.2         |
|    entropy_loss         | -1.24       |
|    explained_variance   | 0.82        |
|    learning_rate        | 0.0003      |
|    loss                 | 0.705       |
|    n_updates            | 50          |
|    policy_gradient_loss | -0.0139     |
|    std                  | 0.824       |
|    value_loss           | 0.741       |
-----------------------------------------
-----------------------------------------
| rollout/                |             |
|    ep_len_mean          | 54.7        |
|    ep_rew_mean          | -4.4        |
| time/                   |             |
|    fps                  | 344         |
|    iterations           | 7           |
|    time_elapsed         | 333         |
|    total_timesteps      | 114688      |
| train/                  |             |
|    approx_kl            | 0.013542633 |
|    clip_fraction        | 0.118       |
|    clip_range           | 0.2         |
|    entropy_loss         | -1.19       |
|    explained_variance   | -0.00301    |
|    learning_rate        | 0.0003      |
|    loss                 | 0.564       |
|    n_updates            | 60          |
|    policy_gradient_loss | -0.00475    |
|    std                  | 0.782       |
|    value_loss           | 2.73        |
-----------------------------------------
-----------------------------------------
| rollout/                |             |
|    ep_len_mean          | 69.8        |
|    ep_rew_mean          | -7.87       |
| time/                   |             |
|    fps                  | 347         |
|    iterations           | 8           |
|    time_elapsed         | 377         |
|    total_timesteps      | 131072      |
| train/                  |             |
|    approx_kl            | 0.008293128 |
|    clip_fraction        | 0.075       |
|    clip_range           | 0.2         |
|    entropy_loss         | -1.14       |
|    explained_variance   | 0.568       |
|    learning_rate        | 0.0003      |
|    loss                 | 1.07        |
|    n_updates            | 70          |
|    policy_gradient_loss | -0.0039     |
|    std                  | 0.751       |
|    value_loss           | 2.7         |
-----------------------------------------
------------------------------------------
| rollout/                |              |
|    ep_len_mean          | 93.8         |
|    ep_rew_mean          | -12.5        |
| time/                   |              |
|    fps                  | 349          |
|    iterations           | 9            |
|    time_elapsed         | 421          |
|    total_timesteps      | 147456       |
| train/                  |              |
|    approx_kl            | 0.0071145752 |
|    clip_fraction        | 0.0598       |
|    clip_range           | 0.2          |
|    entropy_loss         | -1.1         |
|    explained_variance   | 0.855        |
|    learning_rate        | 0.0003       |
|    loss                 | 0.785        |
|    n_updates            | 80           |
|    policy_gradient_loss | -0.00287     |
|    std                  | 0.721        |
|    value_loss           | 1.87         |
------------------------------------------
-----------------------------------------
| rollout/                |             |
|    ep_len_mean          | 66.8        |
|    ep_rew_mean          | -5.45       |
| time/                   |             |
|    fps                  | 351         |
|    iterations           | 10          |
|    time_elapsed         | 466         |
|    total_timesteps      | 163840      |
| train/                  |             |
|    approx_kl            | 0.005781547 |
|    clip_fraction        | 0.0624      |
|    clip_range           | 0.2         |
|    entropy_loss         | -1.11       |
|    explained_variance   | 0.913       |
|    learning_rate        | 0.0003      |
|    loss                 | 0.679       |
|    n_updates            | 90          |
|    policy_gradient_loss | -0.00411    |
|    std                  | 0.739       |
|    value_loss           | 1.19        |
-----------------------------------------
-----------------------------------------
| rollout/                |             |
|    ep_len_mean          | 57.7        |
|    ep_rew_mean          | -2.28       |
| time/                   |             |
|    fps                  | 352         |
|    iterations           | 11          |
|    time_elapsed         | 511         |
|    total_timesteps      | 180224      |
| train/                  |             |
|    approx_kl            | 0.007250327 |
|    clip_fraction        | 0.0833      |
|    clip_range           | 0.2         |
|    entropy_loss         | -1.14       |
|    explained_variance   | 0.964       |
|    learning_rate        | 0.0003      |
|    loss                 | 0.687       |
|    n_updates            | 100         |
|    policy_gradient_loss | -0.00696    |
|    std                  | 0.763       |
|    value_loss           | 1.27        |
-----------------------------------------
-----------------------------------------
| rollout/                |             |
|    ep_len_mean          | 26.9        |
|    ep_rew_mean          | 2.42        |
| time/                   |             |
|    fps                  | 352         |
|    iterations           | 12          |
|    time_elapsed         | 557         |
|    total_timesteps      | 196608      |
| train/                  |             |
|    approx_kl            | 0.012600016 |
|    clip_fraction        | 0.153       |
|    clip_range           | 0.2         |
|    entropy_loss         | -1.16       |
|    explained_variance   | 0.976       |
|    learning_rate        | 0.0003      |
|    loss                 | 0.744       |
|    n_updates            | 110         |
|    policy_gradient_loss | -0.0149     |
|    std                  | 0.779       |
|    value_loss           | 1.47        |
-----------------------------------------
------------------------------------------
| rollout/                |              |
|    ep_len_mean          | 27.4         |
|    ep_rew_mean          | 2.65         |
| time/                   |              |
|    fps                  | 352          |
|    iterations           | 13           |
|    time_elapsed         | 604          |
|    total_timesteps      | 212992       |
| train/                  |              |
|    approx_kl            | 0.0097694155 |
|    clip_fraction        | 0.116        |
|    clip_range           | 0.2          |
|    entropy_loss         | -1.15        |
|    explained_variance   | 0.984        |
|    learning_rate        | 0.0003       |
|    loss                 | 0.482        |
|    n_updates            | 120          |
|    policy_gradient_loss | -0.0138      |
|    std                  | 0.759        |
|    value_loss           | 1.21         |
------------------------------------------
-----------------------------------------
| rollout/                |             |
|    ep_len_mean          | 26.6        |
|    ep_rew_mean          | 3.17        |
| time/                   |             |
|    fps                  | 352         |
|    iterations           | 14          |
|    time_elapsed         | 651         |
|    total_timesteps      | 229376      |
| train/                  |             |
|    approx_kl            | 0.010908907 |
|    clip_fraction        | 0.0987      |
|    clip_range           | 0.2         |
|    entropy_loss         | -1.1        |
|    explained_variance   | 0.979       |
|    learning_rate        | 0.0003      |
|    loss                 | 0.523       |
|    n_updates            | 130         |
|    policy_gradient_loss | -0.0101     |
|    std                  | 0.72        |
|    value_loss           | 0.688       |
-----------------------------------------
-----------------------------------------
| rollout/                |             |
|    ep_len_mean          | 32.7        |
|    ep_rew_mean          | 4.51        |
| time/                   |             |
|    fps                  | 352         |
|    iterations           | 15          |
|    time_elapsed         | 697         |
|    total_timesteps      | 245760      |
| train/                  |             |
|    approx_kl            | 0.010288043 |
|    clip_fraction        | 0.122       |
|    clip_range           | 0.2         |
|    entropy_loss         | -1.06       |
|    explained_variance   | 0.974       |
|    learning_rate        | 0.0003      |
|    loss                 | 0.136       |
|    n_updates            | 140         |
|    policy_gradient_loss | -0.0122     |
|    std                  | 0.692       |
|    value_loss           | 0.621       |
-----------------------------------------
-----------------------------------------
| rollout/                |             |
|    ep_len_mean          | 35.7        |
|    ep_rew_mean          | 5.08        |
| time/                   |             |
|    fps                  | 352         |
|    iterations           | 16          |
|    time_elapsed         | 744         |
|    total_timesteps      | 262144      |
| train/                  |             |
|    approx_kl            | 0.010986736 |
|    clip_fraction        | 0.118       |
|    clip_range           | 0.2         |
|    entropy_loss         | -1.02       |
|    explained_variance   | 0.943       |
|    learning_rate        | 0.0003      |
|    loss                 | 0.177       |
|    n_updates            | 150         |
|    policy_gradient_loss | -0.0112     |
|    std                  | 0.663       |
|    value_loss           | 0.644       |
-----------------------------------------
-----------------------------------------
| rollout/                |             |
|    ep_len_mean          | 44          |
|    ep_rew_mean          | 6.22        |
| time/                   |             |
|    fps                  | 352         |
|    iterations           | 17          |
|    time_elapsed         | 789         |
|    total_timesteps      | 278528      |
| train/                  |             |
|    approx_kl            | 0.011170508 |
|    clip_fraction        | 0.147       |
|    clip_range           | 0.2         |
|    entropy_loss         | -0.988      |
|    explained_variance   | 0.906       |
|    learning_rate        | 0.0003      |
|    loss                 | 0.403       |
|    n_updates            | 160         |
|    policy_gradient_loss | -0.0111     |
|    std                  | 0.648       |
|    value_loss           | 0.703       |
-----------------------------------------
-----------------------------------------
| rollout/                |             |
|    ep_len_mean          | 67.5        |
|    ep_rew_mean          | 11          |
| time/                   |             |
|    fps                  | 353         |
|    iterations           | 18          |
|    time_elapsed         | 834         |
|    total_timesteps      | 294912      |
| train/                  |             |
|    approx_kl            | 0.012428478 |
|    clip_fraction        | 0.17        |
|    clip_range           | 0.2         |
|    entropy_loss         | -0.968      |
|    explained_variance   | 0.894       |
|    learning_rate        | 0.0003      |
|    loss                 | 0.568       |
|    n_updates            | 170         |
|    policy_gradient_loss | -0.017      |
|    std                  | 0.635       |
|    value_loss           | 1.3         |
-----------------------------------------
-----------------------------------------
| rollout/                |             |
|    ep_len_mean          | 90.4        |
|    ep_rew_mean          | 15.6        |
| time/                   |             |
|    fps                  | 354         |
|    iterations           | 19          |
|    time_elapsed         | 878         |
|    total_timesteps      | 311296      |
| train/                  |             |
|    approx_kl            | 0.012868652 |
|    clip_fraction        | 0.141       |
|    clip_range           | 0.2         |
|    entropy_loss         | -0.941      |
|    explained_variance   | 0.844       |
|    learning_rate        | 0.0003      |
|    loss                 | 1.19        |
|    n_updates            | 180         |
|    policy_gradient_loss | -0.0159     |
|    std                  | 0.616       |
|    value_loss           | 2.09        |
-----------------------------------------
-----------------------------------------
| rollout/                |             |
|    ep_len_mean          | 131         |
|    ep_rew_mean          | 25.5        |
| time/                   |             |
|    fps                  | 355         |
|    iterations           | 20          |
|    time_elapsed         | 922         |
|    total_timesteps      | 327680      |
| train/                  |             |
|    approx_kl            | 0.009775581 |
|    clip_fraction        | 0.133       |
|    clip_range           | 0.2         |
|    entropy_loss         | -0.908      |
|    explained_variance   | 0.818       |
|    learning_rate        | 0.0003      |
|    loss                 | 1.12        |
|    n_updates            | 190         |
|    policy_gradient_loss | -0.0142     |
|    std                  | 0.598       |
|    value_loss           | 2.4         |
-----------------------------------------
-----------------------------------------
| rollout/                |             |
|    ep_len_mean          | 143         |
|    ep_rew_mean          | 28.5        |
| time/                   |             |
|    fps                  | 355         |
|    iterations           | 21          |
|    time_elapsed         | 967         |
|    total_timesteps      | 344064      |
| train/                  |             |
|    approx_kl            | 0.009535208 |
|    clip_fraction        | 0.104       |
|    clip_range           | 0.2         |
|    entropy_loss         | -0.865      |
|    explained_variance   | 0.735       |
|    learning_rate        | 0.0003      |
|    loss                 | 0.439       |
|    n_updates            | 200         |
|    policy_gradient_loss | -0.008      |
|    std                  | 0.57        |
|    value_loss           | 1.34        |
-----------------------------------------
------------------------------------------
| rollout/                |              |
|    ep_len_mean          | 151          |
|    ep_rew_mean          | 30.4         |
| time/                   |              |
|    fps                  | 356          |
|    iterations           | 22           |
|    time_elapsed         | 1011         |
|    total_timesteps      | 360448       |
| train/                  |              |
|    approx_kl            | 0.0075386153 |
|    clip_fraction        | 0.105        |
|    clip_range           | 0.2          |
|    entropy_loss         | -0.829       |
|    explained_variance   | 0.751        |
|    learning_rate        | 0.0003       |
|    loss                 | 0.136        |
|    n_updates            | 210          |
|    policy_gradient_loss | -0.00181     |
|    std                  | 0.551        |
|    value_loss           | 0.944        |
------------------------------------------
-----------------------------------------
| rollout/                |             |
|    ep_len_mean          | 148         |
|    ep_rew_mean          | 29.8        |
| time/                   |             |
|    fps                  | 357         |
|    iterations           | 23          |
|    time_elapsed         | 1055        |
|    total_timesteps      | 376832      |
| train/                  |             |
|    approx_kl            | 0.006304588 |
|    clip_fraction        | 0.0816      |
|    clip_range           | 0.2         |
|    entropy_loss         | -0.81       |
|    explained_variance   | 0.895       |
|    learning_rate        | 0.0003      |
|    loss                 | 0.12        |
|    n_updates            | 220         |
|    policy_gradient_loss | -0.000183   |
|    std                  | 0.541       |
|    value_loss           | 0.2         |
-----------------------------------------
-----------------------------------------
| rollout/                |             |
|    ep_len_mean          | 147         |
|    ep_rew_mean          | 29.2        |
| time/                   |             |
|    fps                  | 357         |
|    iterations           | 24          |
|    time_elapsed         | 1098        |
|    total_timesteps      | 393216      |
| train/                  |             |
|    approx_kl            | 0.009163687 |
|    clip_fraction        | 0.0917      |
|    clip_range           | 0.2         |
|    entropy_loss         | -0.791      |
|    explained_variance   | 0.866       |
|    learning_rate        | 0.0003      |
|    loss                 | 0.102       |
|    n_updates            | 230         |
|    policy_gradient_loss | -0.00033    |
|    std                  | 0.534       |
|    value_loss           | 0.434       |
-----------------------------------------
-----------------------------------------
| rollout/                |             |
|    ep_len_mean          | 149         |
|    ep_rew_mean          | 30.3        |
| time/                   |             |
|    fps                  | 358         |
|    iterations           | 25          |
|    time_elapsed         | 1142        |
|    total_timesteps      | 409600      |
| train/                  |             |
|    approx_kl            | 0.007821704 |
|    clip_fraction        | 0.0971      |
|    clip_range           | 0.2         |
|    entropy_loss         | -0.775      |
|    explained_variance   | 0.765       |
|    learning_rate        | 0.0003      |
|    loss                 | 0.11        |
|    n_updates            | 240         |
|    policy_gradient_loss | -0.000898   |
|    std                  | 0.52        |
|    value_loss           | 1.16        |
-----------------------------------------
-----------------------------------------
| rollout/                |             |
|    ep_len_mean          | 143         |
|    ep_rew_mean          | 28.8        |
| time/                   |             |
|    fps                  | 359         |
|    iterations           | 26          |
|    time_elapsed         | 1186        |
|    total_timesteps      | 425984      |
| train/                  |             |
|    approx_kl            | 0.006779544 |
|    clip_fraction        | 0.11        |
|    clip_range           | 0.2         |
|    entropy_loss         | -0.766      |
|    explained_variance   | 0.876       |
|    learning_rate        | 0.0003      |
|    loss                 | 0.0562      |
|    n_updates            | 250         |
|    policy_gradient_loss | 0.00206     |
|    std                  | 0.521       |
|    value_loss           | 0.46        |
-----------------------------------------
-----------------------------------------
| rollout/                |             |
|    ep_len_mean          | 151         |
|    ep_rew_mean          | 31          |
| time/                   |             |
|    fps                  | 359         |
|    iterations           | 27          |
|    time_elapsed         | 1230        |
|    total_timesteps      | 442368      |
| train/                  |             |
|    approx_kl            | 0.008108591 |
|    clip_fraction        | 0.136       |
|    clip_range           | 0.2         |
|    entropy_loss         | -0.76       |
|    explained_variance   | 0.657       |
|    learning_rate        | 0.0003      |
|    loss                 | 1.45        |
|    n_updates            | 260         |
|    policy_gradient_loss | -0.00133    |
|    std                  | 0.515       |
|    value_loss           | 1.95        |
-----------------------------------------
-----------------------------------------
| rollout/                |             |
|    ep_len_mean          | 151         |
|    ep_rew_mean          | 30.9        |
| time/                   |             |
|    fps                  | 360         |
|    iterations           | 28          |
|    time_elapsed         | 1274        |
|    total_timesteps      | 458752      |
| train/                  |             |
|    approx_kl            | 0.006897789 |
|    clip_fraction        | 0.116       |
|    clip_range           | 0.2         |
|    entropy_loss         | -0.736      |
|    explained_variance   | 0.975       |
|    learning_rate        | 0.0003      |
|    loss                 | 0.039       |
|    n_updates            | 270         |
|    policy_gradient_loss | 0.00129     |
|    std                  | 0.503       |
|    value_loss           | 0.055       |
-----------------------------------------
------------------------------------------
| rollout/                |              |
|    ep_len_mean          | 151          |
|    ep_rew_mean          | 31           |
| time/                   |              |
|    fps                  | 360          |
|    iterations           | 29           |
|    time_elapsed         | 1318         |
|    total_timesteps      | 475136       |
| train/                  |              |
|    approx_kl            | 0.0061207875 |
|    clip_fraction        | 0.0869       |
|    clip_range           | 0.2          |
|    entropy_loss         | -0.725       |
|    explained_variance   | 0.919        |
|    learning_rate        | 0.0003       |
|    loss                 | 0.00491      |
|    n_updates            | 280          |
|    policy_gradient_loss | 0.00178      |
|    std                  | 0.499        |
|    value_loss           | 0.264        |
------------------------------------------
----------------------------------------
| rollout/                |            |
|    ep_len_mean          | 151        |
|    ep_rew_mean          | 30.7       |
| time/                   |            |
|    fps                  | 360        |
|    iterations           | 30         |
|    time_elapsed         | 1361       |
|    total_timesteps      | 491520     |
| train/                  |            |
|    approx_kl            | 0.00655207 |
|    clip_fraction        | 0.0803     |
|    clip_range           | 0.2        |
|    entropy_loss         | -0.715     |
|    explained_variance   | 0.987      |
|    learning_rate        | 0.0003     |
|    loss                 | 0.0413     |
|    n_updates            | 290        |
|    policy_gradient_loss | 0.00221    |
|    std                  | 0.494      |
|    value_loss           | 0.0375     |
----------------------------------------
-----------------------------------------
| rollout/                |             |
|    ep_len_mean          | 151         |
|    ep_rew_mean          | 30.9        |
| time/                   |             |
|    fps                  | 361         |
|    iterations           | 31          |
|    time_elapsed         | 1405        |
|    total_timesteps      | 507904      |
| train/                  |             |
|    approx_kl            | 0.006023183 |
|    clip_fraction        | 0.0937      |
|    clip_range           | 0.2         |
|    entropy_loss         | -0.701      |
|    explained_variance   | 0.988       |
|    learning_rate        | 0.0003      |
|    loss                 | 0.00272     |
|    n_updates            | 300         |
|    policy_gradient_loss | 0.00127     |
|    std                  | 0.487       |
|    value_loss           | 0.0359      |
-----------------------------------------


###############################################################################
TCHPC Cluster: callan
Job 166053 (base_cf_obs15_ne8_500000_v7) for User 'hadjitot' in Account 'callan_hadjitot'
Finished at: Fri Mar 13 00:23:55 GMT 2026

Job efficiency estimates:
=========================

Job ID: 166053
Cluster: callan
User/Group: hadjitot/hadjitot
State: COMPLETED (exit code 0)
Nodes: 1
Cores per node: 16
CPU Utilized: 07:29:46
CPU Efficiency: 39.50% of 18:58:40 core-walltime
Job Wall-clock time: 01:11:10
Memory Utilized: 3.36 GB
Memory Efficiency: 10.49% of 32.00 GB (32.00 GB/node)

Job completion status:
======================

JobID           JobName AllocCPUS NTasks NNodes     MaxRSS    MaxRSSNode  MaxDiskRead MaxDiskWrite    Elapsed      State ExitCode 
------------ ---------- --------- ------ ------ ---------- ------------- ------------ ------------ ---------- ---------- -------- 
166053       base_cf_o+        16             1                                                      01:11:10  COMPLETED      0:0 
166053.batch      batch        16      1      1   3518724K    callan-n05     2429.37M     1571.98M   01:11:10  COMPLETED      0:0 
166053.exte+     extern        16      1      1                                                      01:11:10  COMPLETED      0:0 


Job details:
============

JobId=166053 JobName=base_cf_obs15_ne8_500000_v7
   UserId=hadjitot(2357) GroupId=hadjitot(2300) MCS_label=N/A
   Priority=104229 Nice=0 Account=callan_hadjitot QOS=normal
   JobState=COMPLETING Reason=None Dependency=(null)
   Requeue=0 Restarts=0 BatchFlag=1 Reboot=0 ExitCode=0:0
   DerivedExitCode=0:0
   RunTime=01:11:10 TimeLimit=2-00:00:00 TimeMin=N/A
   SubmitTime=2026-03-12T17:41:08 EligibleTime=2026-03-12T17:41:08
   AccrueTime=2026-03-12T17:41:08
   StartTime=2026-03-12T23:12:45 EndTime=2026-03-13T00:23:55 Deadline=N/A
   SuspendTime=None SecsPreSuspend=0 LastSchedEval=2026-03-12T23:12:45 Scheduler=Backfill
   Partition=compute AllocNode:Sid=callan01:1943781
   ReqNodeList=(null) ExcNodeList=(null)
   NodeList=callan-n05
   BatchHost=callan-n05
   NumNodes=1 NumCPUs=16 NumTasks=1 CPUs/Task=16 ReqB:S:C:T=0:0:*:*
   ReqTRES=cpu=16,mem=32G,node=1,billing=16
   AllocTRES=cpu=16,mem=32G,node=1,billing=16
   Socks/Node=* NtasksPerN:B:S:C=0:0:*:* CoreSpec=*
   JOB_GRES=(null)
     Nodes=callan-n05 CPU_IDs=20-27,30-31,42-47 Mem=32768 GRES=
   MinCPUsNode=16 MinMemoryNode=32G MinTmpDiskNode=0
   Features=(null) DelayBoot=00:00:00
   OverSubscribe=OK Contiguous=0 Licenses=(null) LicensesAlloc=(null) Network=(null)
   Command=/home/users/hadjitot/fyp/HighwayEnv/slurm/train_baseline.sbatch
   WorkDir=/home/users/hadjitot/fyp/HighwayEnv
   StdErr=/home/users/hadjitot/fyp/HighwayEnv/slurm_out/base_cf_obs15_ne8_500000_v7_166053.err
   StdIn=/dev/null
   StdOut=/home/users/hadjitot/fyp/HighwayEnv/slurm_out/base_cf_obs15_ne8_500000_v7_166053.out
   TresPerTask=cpu=16
   


Disk quota details:
===================

                         Block Limits                                    |                     File Limits
Name       type             MB      quota      limit   in_doubt    grace |    files   quota    limit in_doubt    grace
root       USR         4835491          0          0        408     none |   390412       0        0      386     none
root       FILESET     4786854          0          0       2907     none |  9907325       0        0      687     none


SLURM Bank Statement:
=====================

User           Usage |        Account     Usage | Account Limit Available (CPU hrs)
---------- --------- + -------------- --------- + ------------- ---------
hadjitot      17,583 | CALLAN_HADJITOT    17,583 |       300,000   282,417


Acknowledgements:
=================

Note that usage of TCHPC Resources *must* be acknowledged in all publications.

Please see this page for details relevant to this cluster:

http://www.tchpc.tcd.ie/resources/acknowledgementpolicy

################################################################################
