Loading Anaconda 3 2024.02-1
ppo_baseline_cf_obs20_dense_v8_seed2 obs shape: (20, 5) action space: Box(-1.0, 1.0, (1,), float32)
Using cpu device
Logging to runs/tb/ppo_baseline_cf_obs20_dense_v8_seed2_1
---------------------------------
| rollout/           |          |
|    ep_len_mean     | 12.1     |
|    ep_rew_mean     | -0.782   |
| time/              |          |
|    fps             | 271      |
|    iterations      | 1        |
|    time_elapsed    | 60       |
|    total_timesteps | 16384    |
---------------------------------
------------------------------------------
| rollout/                |              |
|    ep_len_mean          | 12.2         |
|    ep_rew_mean          | -0.867       |
| time/                   |              |
|    fps                  | 265          |
|    iterations           | 2            |
|    time_elapsed         | 123          |
|    total_timesteps      | 32768        |
| train/                  |              |
|    approx_kl            | 0.0034592862 |
|    clip_fraction        | 0.0219       |
|    clip_range           | 0.2          |
|    entropy_loss         | -1.41        |
|    explained_variance   | -0.026       |
|    learning_rate        | 0.0003       |
|    loss                 | 0.102        |
|    n_updates            | 10           |
|    policy_gradient_loss | -0.00116     |
|    std                  | 0.985        |
|    value_loss           | 1.62         |
------------------------------------------
-----------------------------------------
| rollout/                |             |
|    ep_len_mean          | 12.4        |
|    ep_rew_mean          | -0.895      |
| time/                   |             |
|    fps                  | 263         |
|    iterations           | 3           |
|    time_elapsed         | 186         |
|    total_timesteps      | 49152       |
| train/                  |             |
|    approx_kl            | 0.010248878 |
|    clip_fraction        | 0.149       |
|    clip_range           | 0.2         |
|    entropy_loss         | -1.41       |
|    explained_variance   | 0.975       |
|    learning_rate        | 0.0003      |
|    loss                 | 0.0569      |
|    n_updates            | 20          |
|    policy_gradient_loss | -0.013      |
|    std                  | 0.995       |
|    value_loss           | 0.101       |
-----------------------------------------
-----------------------------------------
| rollout/                |             |
|    ep_len_mean          | 12.8        |
|    ep_rew_mean          | -0.807      |
| time/                   |             |
|    fps                  | 264         |
|    iterations           | 4           |
|    time_elapsed         | 248         |
|    total_timesteps      | 65536       |
| train/                  |             |
|    approx_kl            | 0.010694877 |
|    clip_fraction        | 0.152       |
|    clip_range           | 0.2         |
|    entropy_loss         | -1.43       |
|    explained_variance   | 0.989       |
|    learning_rate        | 0.0003      |
|    loss                 | 0.018       |
|    n_updates            | 30          |
|    policy_gradient_loss | -0.016      |
|    std                  | 1.02        |
|    value_loss           | 0.0579      |
-----------------------------------------
-----------------------------------------
| rollout/                |             |
|    ep_len_mean          | 13.7        |
|    ep_rew_mean          | -0.474      |
| time/                   |             |
|    fps                  | 263         |
|    iterations           | 5           |
|    time_elapsed         | 311         |
|    total_timesteps      | 81920       |
| train/                  |             |
|    approx_kl            | 0.016647166 |
|    clip_fraction        | 0.198       |
|    clip_range           | 0.2         |
|    entropy_loss         | -1.39       |
|    explained_variance   | 0.995       |
|    learning_rate        | 0.0003      |
|    loss                 | 0.00743     |
|    n_updates            | 40          |
|    policy_gradient_loss | -0.0229     |
|    std                  | 0.966       |
|    value_loss           | 0.044       |
-----------------------------------------
-----------------------------------------
| rollout/                |             |
|    ep_len_mean          | 14.4        |
|    ep_rew_mean          | -0.507      |
| time/                   |             |
|    fps                  | 263         |
|    iterations           | 6           |
|    time_elapsed         | 372         |
|    total_timesteps      | 98304       |
| train/                  |             |
|    approx_kl            | 0.017570462 |
|    clip_fraction        | 0.192       |
|    clip_range           | 0.2         |
|    entropy_loss         | -1.33       |
|    explained_variance   | 0.996       |
|    learning_rate        | 0.0003      |
|    loss                 | -0.0434     |
|    n_updates            | 50          |
|    policy_gradient_loss | -0.0227     |
|    std                  | 0.905       |
|    value_loss           | 0.0408      |
-----------------------------------------
----------------------------------------
| rollout/                |            |
|    ep_len_mean          | 15.2       |
|    ep_rew_mean          | -0.354     |
| time/                   |            |
|    fps                  | 262        |
|    iterations           | 7          |
|    time_elapsed         | 436        |
|    total_timesteps      | 114688     |
| train/                  |            |
|    approx_kl            | 0.01976262 |
|    clip_fraction        | 0.201      |
|    clip_range           | 0.2        |
|    entropy_loss         | -1.26      |
|    explained_variance   | 0.996      |
|    learning_rate        | 0.0003     |
|    loss                 | -0.0166    |
|    n_updates            | 60         |
|    policy_gradient_loss | -0.0236    |
|    std                  | 0.842      |
|    value_loss           | 0.0368     |
----------------------------------------
-----------------------------------------
| rollout/                |             |
|    ep_len_mean          | 15.9        |
|    ep_rew_mean          | -0.414      |
| time/                   |             |
|    fps                  | 262         |
|    iterations           | 8           |
|    time_elapsed         | 499         |
|    total_timesteps      | 131072      |
| train/                  |             |
|    approx_kl            | 0.023936387 |
|    clip_fraction        | 0.221       |
|    clip_range           | 0.2         |
|    entropy_loss         | -1.17       |
|    explained_variance   | 0.996       |
|    learning_rate        | 0.0003      |
|    loss                 | -0.0216     |
|    n_updates            | 70          |
|    policy_gradient_loss | -0.0264     |
|    std                  | 0.769       |
|    value_loss           | 0.0377      |
-----------------------------------------
-----------------------------------------
| rollout/                |             |
|    ep_len_mean          | 16.7        |
|    ep_rew_mean          | -0.348      |
| time/                   |             |
|    fps                  | 262         |
|    iterations           | 9           |
|    time_elapsed         | 561         |
|    total_timesteps      | 147456      |
| train/                  |             |
|    approx_kl            | 0.023278361 |
|    clip_fraction        | 0.211       |
|    clip_range           | 0.2         |
|    entropy_loss         | -1.08       |
|    explained_variance   | 0.98        |
|    learning_rate        | 0.0003      |
|    loss                 | -0.0612     |
|    n_updates            | 80          |
|    policy_gradient_loss | -0.0192     |
|    std                  | 0.7         |
|    value_loss           | 0.0903      |
-----------------------------------------
------------------------------------------
| rollout/                |              |
|    ep_len_mean          | 20           |
|    ep_rew_mean          | -1.27        |
| time/                   |              |
|    fps                  | 262          |
|    iterations           | 10           |
|    time_elapsed         | 622          |
|    total_timesteps      | 163840       |
| train/                  |              |
|    approx_kl            | 0.0062828646 |
|    clip_fraction        | 0.0587       |
|    clip_range           | 0.2          |
|    entropy_loss         | -1.06        |
|    explained_variance   | 0.174        |
|    learning_rate        | 0.0003       |
|    loss                 | 0.0807       |
|    n_updates            | 90           |
|    policy_gradient_loss | -0.000987    |
|    std                  | 0.692        |
|    value_loss           | 0.548        |
------------------------------------------
-----------------------------------------
| rollout/                |             |
|    ep_len_mean          | 22.5        |
|    ep_rew_mean          | -1.52       |
| time/                   |             |
|    fps                  | 263         |
|    iterations           | 11          |
|    time_elapsed         | 684         |
|    total_timesteps      | 180224      |
| train/                  |             |
|    approx_kl            | 0.008734808 |
|    clip_fraction        | 0.092       |
|    clip_range           | 0.2         |
|    entropy_loss         | -1.03       |
|    explained_variance   | 0.645       |
|    learning_rate        | 0.0003      |
|    loss                 | 0.0752      |
|    n_updates            | 100         |
|    policy_gradient_loss | -0.00231    |
|    std                  | 0.669       |
|    value_loss           | 0.332       |
-----------------------------------------
------------------------------------------
| rollout/                |              |
|    ep_len_mean          | 21.4         |
|    ep_rew_mean          | -1.03        |
| time/                   |              |
|    fps                  | 263          |
|    iterations           | 12           |
|    time_elapsed         | 745          |
|    total_timesteps      | 196608       |
| train/                  |              |
|    approx_kl            | 0.0041354396 |
|    clip_fraction        | 0.0461       |
|    clip_range           | 0.2          |
|    entropy_loss         | -1           |
|    explained_variance   | 0.72         |
|    learning_rate        | 0.0003       |
|    loss                 | 0.201        |
|    n_updates            | 110          |
|    policy_gradient_loss | -0.000538    |
|    std                  | 0.654        |
|    value_loss           | 0.313        |
------------------------------------------
-----------------------------------------
| rollout/                |             |
|    ep_len_mean          | 23.1        |
|    ep_rew_mean          | -1.47       |
| time/                   |             |
|    fps                  | 264         |
|    iterations           | 13          |
|    time_elapsed         | 804         |
|    total_timesteps      | 212992      |
| train/                  |             |
|    approx_kl            | 0.003494594 |
|    clip_fraction        | 0.0374      |
|    clip_range           | 0.2         |
|    entropy_loss         | -0.979      |
|    explained_variance   | 0.89        |
|    learning_rate        | 0.0003      |
|    loss                 | 0.0987      |
|    n_updates            | 120         |
|    policy_gradient_loss | -0.000292   |
|    std                  | 0.645       |
|    value_loss           | 0.324       |
-----------------------------------------
------------------------------------------
| rollout/                |              |
|    ep_len_mean          | 27.6         |
|    ep_rew_mean          | -2.82        |
| time/                   |              |
|    fps                  | 265          |
|    iterations           | 14           |
|    time_elapsed         | 864          |
|    total_timesteps      | 229376       |
| train/                  |              |
|    approx_kl            | 0.0050209393 |
|    clip_fraction        | 0.0426       |
|    clip_range           | 0.2          |
|    entropy_loss         | -0.963       |
|    explained_variance   | 0.943        |
|    learning_rate        | 0.0003       |
|    loss                 | 0.481        |
|    n_updates            | 130          |
|    policy_gradient_loss | -0.0012      |
|    std                  | 0.628        |
|    value_loss           | 0.771        |
------------------------------------------
-----------------------------------------
| rollout/                |             |
|    ep_len_mean          | 25.9        |
|    ep_rew_mean          | -2.37       |
| time/                   |             |
|    fps                  | 265         |
|    iterations           | 15          |
|    time_elapsed         | 925         |
|    total_timesteps      | 245760      |
| train/                  |             |
|    approx_kl            | 0.003685387 |
|    clip_fraction        | 0.0553      |
|    clip_range           | 0.2         |
|    entropy_loss         | -0.959      |
|    explained_variance   | 0.964       |
|    learning_rate        | 0.0003      |
|    loss                 | 0.803       |
|    n_updates            | 140         |
|    policy_gradient_loss | -0.00186    |
|    std                  | 0.634       |
|    value_loss           | 1.22        |
-----------------------------------------
------------------------------------------
| rollout/                |              |
|    ep_len_mean          | 21.1         |
|    ep_rew_mean          | -1.09        |
| time/                   |              |
|    fps                  | 265          |
|    iterations           | 16           |
|    time_elapsed         | 986          |
|    total_timesteps      | 262144       |
| train/                  |              |
|    approx_kl            | 0.0061593964 |
|    clip_fraction        | 0.0684       |
|    clip_range           | 0.2          |
|    entropy_loss         | -0.965       |
|    explained_variance   | 0.967        |
|    learning_rate        | 0.0003       |
|    loss                 | 0.804        |
|    n_updates            | 150          |
|    policy_gradient_loss | -0.00304     |
|    std                  | 0.633        |
|    value_loss           | 1.76         |
------------------------------------------
------------------------------------------
| rollout/                |              |
|    ep_len_mean          | 18.7         |
|    ep_rew_mean          | -0.794       |
| time/                   |              |
|    fps                  | 266          |
|    iterations           | 17           |
|    time_elapsed         | 1046         |
|    total_timesteps      | 278528       |
| train/                  |              |
|    approx_kl            | 0.0046032583 |
|    clip_fraction        | 0.0631       |
|    clip_range           | 0.2          |
|    entropy_loss         | -0.973       |
|    explained_variance   | 0.972        |
|    learning_rate        | 0.0003       |
|    loss                 | 0.457        |
|    n_updates            | 160          |
|    policy_gradient_loss | -0.00247     |
|    std                  | 0.644        |
|    value_loss           | 1.74         |
------------------------------------------
------------------------------------------
| rollout/                |              |
|    ep_len_mean          | 22.7         |
|    ep_rew_mean          | -1.5         |
| time/                   |              |
|    fps                  | 266          |
|    iterations           | 18           |
|    time_elapsed         | 1107         |
|    total_timesteps      | 294912       |
| train/                  |              |
|    approx_kl            | 0.0059135268 |
|    clip_fraction        | 0.0687       |
|    clip_range           | 0.2          |
|    entropy_loss         | -0.981       |
|    explained_variance   | 0.966        |
|    learning_rate        | 0.0003       |
|    loss                 | 1.16         |
|    n_updates            | 170          |
|    policy_gradient_loss | -0.00171     |
|    std                  | 0.649        |
|    value_loss           | 1.74         |
------------------------------------------
------------------------------------------
| rollout/                |              |
|    ep_len_mean          | 18.2         |
|    ep_rew_mean          | -0.229       |
| time/                   |              |
|    fps                  | 266          |
|    iterations           | 19           |
|    time_elapsed         | 1169         |
|    total_timesteps      | 311296       |
| train/                  |              |
|    approx_kl            | 0.0044562845 |
|    clip_fraction        | 0.0604       |
|    clip_range           | 0.2          |
|    entropy_loss         | -0.99        |
|    explained_variance   | 0.968        |
|    learning_rate        | 0.0003       |
|    loss                 | 0.973        |
|    n_updates            | 180          |
|    policy_gradient_loss | -0.00208     |
|    std                  | 0.651        |
|    value_loss           | 1.88         |
------------------------------------------
------------------------------------------
| rollout/                |              |
|    ep_len_mean          | 19.4         |
|    ep_rew_mean          | -0.538       |
| time/                   |              |
|    fps                  | 266          |
|    iterations           | 20           |
|    time_elapsed         | 1231         |
|    total_timesteps      | 327680       |
| train/                  |              |
|    approx_kl            | 0.0060782544 |
|    clip_fraction        | 0.0664       |
|    clip_range           | 0.2          |
|    entropy_loss         | -0.99        |
|    explained_variance   | 0.96         |
|    learning_rate        | 0.0003       |
|    loss                 | 0.57         |
|    n_updates            | 190          |
|    policy_gradient_loss | -0.00173     |
|    std                  | 0.652        |
|    value_loss           | 1.66         |
------------------------------------------
-----------------------------------------
| rollout/                |             |
|    ep_len_mean          | 17.1        |
|    ep_rew_mean          | -0.409      |
| time/                   |             |
|    fps                  | 266         |
|    iterations           | 21          |
|    time_elapsed         | 1292        |
|    total_timesteps      | 344064      |
| train/                  |             |
|    approx_kl            | 0.004387659 |
|    clip_fraction        | 0.0496      |
|    clip_range           | 0.2         |
|    entropy_loss         | -0.988      |
|    explained_variance   | 0.971       |
|    learning_rate        | 0.0003      |
|    loss                 | 1.65        |
|    n_updates            | 200         |
|    policy_gradient_loss | -0.000538   |
|    std                  | 0.65        |
|    value_loss           | 0.971       |
-----------------------------------------
-----------------------------------------
| rollout/                |             |
|    ep_len_mean          | 19.5        |
|    ep_rew_mean          | -0.713      |
| time/                   |             |
|    fps                  | 266         |
|    iterations           | 22          |
|    time_elapsed         | 1353        |
|    total_timesteps      | 360448      |
| train/                  |             |
|    approx_kl            | 0.004211992 |
|    clip_fraction        | 0.0554      |
|    clip_range           | 0.2         |
|    entropy_loss         | -0.969      |
|    explained_variance   | 0.975       |
|    learning_rate        | 0.0003      |
|    loss                 | 0.277       |
|    n_updates            | 210         |
|    policy_gradient_loss | -0.00104    |
|    std                  | 0.632       |
|    value_loss           | 0.61        |
-----------------------------------------
-----------------------------------------
| rollout/                |             |
|    ep_len_mean          | 22.9        |
|    ep_rew_mean          | -1.38       |
| time/                   |             |
|    fps                  | 266         |
|    iterations           | 23          |
|    time_elapsed         | 1415        |
|    total_timesteps      | 376832      |
| train/                  |             |
|    approx_kl            | 0.006253881 |
|    clip_fraction        | 0.0616      |
|    clip_range           | 0.2         |
|    entropy_loss         | -0.93       |
|    explained_variance   | 0.975       |
|    learning_rate        | 0.0003      |
|    loss                 | 0.081       |
|    n_updates            | 220         |
|    policy_gradient_loss | -0.00142    |
|    std                  | 0.608       |
|    value_loss           | 0.937       |
-----------------------------------------
-----------------------------------------
| rollout/                |             |
|    ep_len_mean          | 17.6        |
|    ep_rew_mean          | -0.354      |
| time/                   |             |
|    fps                  | 266         |
|    iterations           | 24          |
|    time_elapsed         | 1476        |
|    total_timesteps      | 393216      |
| train/                  |             |
|    approx_kl            | 0.008305572 |
|    clip_fraction        | 0.0565      |
|    clip_range           | 0.2         |
|    entropy_loss         | -0.894      |
|    explained_variance   | 0.973       |
|    learning_rate        | 0.0003      |
|    loss                 | 0.424       |
|    n_updates            | 230         |
|    policy_gradient_loss | -0.0013     |
|    std                  | 0.585       |
|    value_loss           | 0.902       |
-----------------------------------------
-----------------------------------------
| rollout/                |             |
|    ep_len_mean          | 18.2        |
|    ep_rew_mean          | -0.248      |
| time/                   |             |
|    fps                  | 266         |
|    iterations           | 25          |
|    time_elapsed         | 1536        |
|    total_timesteps      | 409600      |
| train/                  |             |
|    approx_kl            | 0.005235878 |
|    clip_fraction        | 0.0571      |
|    clip_range           | 0.2         |
|    entropy_loss         | -0.886      |
|    explained_variance   | 0.972       |
|    learning_rate        | 0.0003      |
|    loss                 | 0.673       |
|    n_updates            | 240         |
|    policy_gradient_loss | 0.000406    |
|    std                  | 0.586       |
|    value_loss           | 0.789       |
-----------------------------------------
------------------------------------------
| rollout/                |              |
|    ep_len_mean          | 21.8         |
|    ep_rew_mean          | -1           |
| time/                   |              |
|    fps                  | 266          |
|    iterations           | 26           |
|    time_elapsed         | 1598         |
|    total_timesteps      | 425984       |
| train/                  |              |
|    approx_kl            | 0.0064478954 |
|    clip_fraction        | 0.0629       |
|    clip_range           | 0.2          |
|    entropy_loss         | -0.862       |
|    explained_variance   | 0.974        |
|    learning_rate        | 0.0003       |
|    loss                 | 0.223        |
|    n_updates            | 250          |
|    policy_gradient_loss | -0.00122     |
|    std                  | 0.572        |
|    value_loss           | 0.763        |
------------------------------------------
-----------------------------------------
| rollout/                |             |
|    ep_len_mean          | 18.5        |
|    ep_rew_mean          | -0.276      |
| time/                   |             |
|    fps                  | 266         |
|    iterations           | 27          |
|    time_elapsed         | 1661        |
|    total_timesteps      | 442368      |
| train/                  |             |
|    approx_kl            | 0.005700687 |
|    clip_fraction        | 0.0677      |
|    clip_range           | 0.2         |
|    entropy_loss         | -0.836      |
|    explained_variance   | 0.972       |
|    learning_rate        | 0.0003      |
|    loss                 | 0.0709      |
|    n_updates            | 260         |
|    policy_gradient_loss | -0.000164   |
|    std                  | 0.552       |
|    value_loss           | 0.454       |
-----------------------------------------
-----------------------------------------
| rollout/                |             |
|    ep_len_mean          | 20.5        |
|    ep_rew_mean          | -0.564      |
| time/                   |             |
|    fps                  | 266         |
|    iterations           | 28          |
|    time_elapsed         | 1722        |
|    total_timesteps      | 458752      |
| train/                  |             |
|    approx_kl            | 0.007553229 |
|    clip_fraction        | 0.0735      |
|    clip_range           | 0.2         |
|    entropy_loss         | -0.798      |
|    explained_variance   | 0.983       |
|    learning_rate        | 0.0003      |
|    loss                 | 0.0211      |
|    n_updates            | 270         |
|    policy_gradient_loss | -0.00108    |
|    std                  | 0.534       |
|    value_loss           | 0.343       |
-----------------------------------------
-----------------------------------------
| rollout/                |             |
|    ep_len_mean          | 21.8        |
|    ep_rew_mean          | -0.326      |
| time/                   |             |
|    fps                  | 266         |
|    iterations           | 29          |
|    time_elapsed         | 1782        |
|    total_timesteps      | 475136      |
| train/                  |             |
|    approx_kl            | 0.009673968 |
|    clip_fraction        | 0.102       |
|    clip_range           | 0.2         |
|    entropy_loss         | -0.745      |
|    explained_variance   | 0.974       |
|    learning_rate        | 0.0003      |
|    loss                 | 0.608       |
|    n_updates            | 280         |
|    policy_gradient_loss | -0.00247    |
|    std                  | 0.505       |
|    value_loss           | 0.395       |
-----------------------------------------
-----------------------------------------
| rollout/                |             |
|    ep_len_mean          | 21.9        |
|    ep_rew_mean          | -0.34       |
| time/                   |             |
|    fps                  | 266         |
|    iterations           | 30          |
|    time_elapsed         | 1842        |
|    total_timesteps      | 491520      |
| train/                  |             |
|    approx_kl            | 0.010454141 |
|    clip_fraction        | 0.0884      |
|    clip_range           | 0.2         |
|    entropy_loss         | -0.702      |
|    explained_variance   | 0.976       |
|    learning_rate        | 0.0003      |
|    loss                 | 0.289       |
|    n_updates            | 290         |
|    policy_gradient_loss | -0.00182    |
|    std                  | 0.481       |
|    value_loss           | 0.827       |
-----------------------------------------
------------------------------------------
| rollout/                |              |
|    ep_len_mean          | 21.6         |
|    ep_rew_mean          | -0.479       |
| time/                   |              |
|    fps                  | 266          |
|    iterations           | 31           |
|    time_elapsed         | 1903         |
|    total_timesteps      | 507904       |
| train/                  |              |
|    approx_kl            | 0.0095593305 |
|    clip_fraction        | 0.103        |
|    clip_range           | 0.2          |
|    entropy_loss         | -0.669       |
|    explained_variance   | 0.982        |
|    learning_rate        | 0.0003       |
|    loss                 | 0.0154       |
|    n_updates            | 300          |
|    policy_gradient_loss | -0.000472    |
|    std                  | 0.471        |
|    value_loss           | 0.366        |
------------------------------------------
-----------------------------------------
| rollout/                |             |
|    ep_len_mean          | 20.5        |
|    ep_rew_mean          | 0.0522      |
| time/                   |             |
|    fps                  | 266         |
|    iterations           | 32          |
|    time_elapsed         | 1964        |
|    total_timesteps      | 524288      |
| train/                  |             |
|    approx_kl            | 0.008404781 |
|    clip_fraction        | 0.107       |
|    clip_range           | 0.2         |
|    entropy_loss         | -0.623      |
|    explained_variance   | 0.961       |
|    learning_rate        | 0.0003      |
|    loss                 | 0.0369      |
|    n_updates            | 310         |
|    policy_gradient_loss | -0.00187    |
|    std                  | 0.447       |
|    value_loss           | 0.323       |
-----------------------------------------
-----------------------------------------
| rollout/                |             |
|    ep_len_mean          | 22.3        |
|    ep_rew_mean          | -0.344      |
| time/                   |             |
|    fps                  | 267         |
|    iterations           | 33          |
|    time_elapsed         | 2023        |
|    total_timesteps      | 540672      |
| train/                  |             |
|    approx_kl            | 0.008037407 |
|    clip_fraction        | 0.0932      |
|    clip_range           | 0.2         |
|    entropy_loss         | -0.583      |
|    explained_variance   | 0.988       |
|    learning_rate        | 0.0003      |
|    loss                 | 0.028       |
|    n_updates            | 320         |
|    policy_gradient_loss | -0.0017     |
|    std                  | 0.431       |
|    value_loss           | 0.24        |
-----------------------------------------
-----------------------------------------
| rollout/                |             |
|    ep_len_mean          | 22.1        |
|    ep_rew_mean          | -0.383      |
| time/                   |             |
|    fps                  | 267         |
|    iterations           | 34          |
|    time_elapsed         | 2085        |
|    total_timesteps      | 557056      |
| train/                  |             |
|    approx_kl            | 0.007892316 |
|    clip_fraction        | 0.114       |
|    clip_range           | 0.2         |
|    entropy_loss         | -0.548      |
|    explained_variance   | 0.988       |
|    learning_rate        | 0.0003      |
|    loss                 | 0.0252      |
|    n_updates            | 330         |
|    policy_gradient_loss | -0.00238    |
|    std                  | 0.417       |
|    value_loss           | 0.156       |
-----------------------------------------
-----------------------------------------
| rollout/                |             |
|    ep_len_mean          | 22.1        |
|    ep_rew_mean          | -0.404      |
| time/                   |             |
|    fps                  | 267         |
|    iterations           | 35          |
|    time_elapsed         | 2147        |
|    total_timesteps      | 573440      |
| train/                  |             |
|    approx_kl            | 0.010644928 |
|    clip_fraction        | 0.1         |
|    clip_range           | 0.2         |
|    entropy_loss         | -0.518      |
|    explained_variance   | 0.986       |
|    learning_rate        | 0.0003      |
|    loss                 | 0.0916      |
|    n_updates            | 340         |
|    policy_gradient_loss | -0.000899   |
|    std                  | 0.401       |
|    value_loss           | 0.375       |
-----------------------------------------
-----------------------------------------
| rollout/                |             |
|    ep_len_mean          | 24.2        |
|    ep_rew_mean          | -0.0864     |
| time/                   |             |
|    fps                  | 267         |
|    iterations           | 36          |
|    time_elapsed         | 2208        |
|    total_timesteps      | 589824      |
| train/                  |             |
|    approx_kl            | 0.012014128 |
|    clip_fraction        | 0.115       |
|    clip_range           | 0.2         |
|    entropy_loss         | -0.475      |
|    explained_variance   | 0.987       |
|    learning_rate        | 0.0003      |
|    loss                 | 0.187       |
|    n_updates            | 350         |
|    policy_gradient_loss | -0.00143    |
|    std                  | 0.385       |
|    value_loss           | 0.265       |
-----------------------------------------
-----------------------------------------
| rollout/                |             |
|    ep_len_mean          | 25.3        |
|    ep_rew_mean          | -0.453      |
| time/                   |             |
|    fps                  | 267         |
|    iterations           | 37          |
|    time_elapsed         | 2268        |
|    total_timesteps      | 606208      |
| train/                  |             |
|    approx_kl            | 0.009468504 |
|    clip_fraction        | 0.102       |
|    clip_range           | 0.2         |
|    entropy_loss         | -0.435      |
|    explained_variance   | 0.985       |
|    learning_rate        | 0.0003      |
|    loss                 | 0.0436      |
|    n_updates            | 360         |
|    policy_gradient_loss | -0.000752   |
|    std                  | 0.37        |
|    value_loss           | 0.352       |
-----------------------------------------
----------------------------------------
| rollout/                |            |
|    ep_len_mean          | 26.1       |
|    ep_rew_mean          | -0.528     |
| time/                   |            |
|    fps                  | 267        |
|    iterations           | 38         |
|    time_elapsed         | 2328       |
|    total_timesteps      | 622592     |
| train/                  |            |
|    approx_kl            | 0.00759993 |
|    clip_fraction        | 0.106      |
|    clip_range           | 0.2        |
|    entropy_loss         | -0.411     |
|    explained_variance   | 0.983      |
|    learning_rate        | 0.0003     |
|    loss                 | 0.156      |
|    n_updates            | 370        |
|    policy_gradient_loss | -0.000532  |
|    std                  | 0.362      |
|    value_loss           | 0.664      |
----------------------------------------
-----------------------------------------
| rollout/                |             |
|    ep_len_mean          | 37.8        |
|    ep_rew_mean          | -1.01       |
| time/                   |             |
|    fps                  | 267         |
|    iterations           | 39          |
|    time_elapsed         | 2389        |
|    total_timesteps      | 638976      |
| train/                  |             |
|    approx_kl            | 0.012246377 |
|    clip_fraction        | 0.0996      |
|    clip_range           | 0.2         |
|    entropy_loss         | -0.373      |
|    explained_variance   | 0.987       |
|    learning_rate        | 0.0003      |
|    loss                 | 0.29        |
|    n_updates            | 380         |
|    policy_gradient_loss | -0.00162    |
|    std                  | 0.35        |
|    value_loss           | 0.523       |
-----------------------------------------
-----------------------------------------
| rollout/                |             |
|    ep_len_mean          | 26.7        |
|    ep_rew_mean          | -0.25       |
| time/                   |             |
|    fps                  | 267         |
|    iterations           | 40          |
|    time_elapsed         | 2449        |
|    total_timesteps      | 655360      |
| train/                  |             |
|    approx_kl            | 0.009155575 |
|    clip_fraction        | 0.0964      |
|    clip_range           | 0.2         |
|    entropy_loss         | -0.35       |
|    explained_variance   | 0.985       |
|    learning_rate        | 0.0003      |
|    loss                 | 0.188       |
|    n_updates            | 390         |
|    policy_gradient_loss | -0.00146    |
|    std                  | 0.342       |
|    value_loss           | 0.574       |
-----------------------------------------
-----------------------------------------
| rollout/                |             |
|    ep_len_mean          | 35.3        |
|    ep_rew_mean          | -0.178      |
| time/                   |             |
|    fps                  | 267         |
|    iterations           | 41          |
|    time_elapsed         | 2510        |
|    total_timesteps      | 671744      |
| train/                  |             |
|    approx_kl            | 0.011494955 |
|    clip_fraction        | 0.104       |
|    clip_range           | 0.2         |
|    entropy_loss         | -0.325      |
|    explained_variance   | 0.984       |
|    learning_rate        | 0.0003      |
|    loss                 | 0.171       |
|    n_updates            | 400         |
|    policy_gradient_loss | -0.00266    |
|    std                  | 0.334       |
|    value_loss           | 0.549       |
-----------------------------------------
----------------------------------------
| rollout/                |            |
|    ep_len_mean          | 26.4       |
|    ep_rew_mean          | 0.0716     |
| time/                   |            |
|    fps                  | 267        |
|    iterations           | 42         |
|    time_elapsed         | 2572       |
|    total_timesteps      | 688128     |
| train/                  |            |
|    approx_kl            | 0.00722765 |
|    clip_fraction        | 0.0937     |
|    clip_range           | 0.2        |
|    entropy_loss         | -0.305     |
|    explained_variance   | 0.98       |
|    learning_rate        | 0.0003     |
|    loss                 | 0.162      |
|    n_updates            | 410        |
|    policy_gradient_loss | -3.52e-05  |
|    std                  | 0.328      |
|    value_loss           | 0.58       |
----------------------------------------
-----------------------------------------
| rollout/                |             |
|    ep_len_mean          | 31          |
|    ep_rew_mean          | 0.493       |
| time/                   |             |
|    fps                  | 267         |
|    iterations           | 43          |
|    time_elapsed         | 2633        |
|    total_timesteps      | 704512      |
| train/                  |             |
|    approx_kl            | 0.007409437 |
|    clip_fraction        | 0.0919      |
|    clip_range           | 0.2         |
|    entropy_loss         | -0.284      |
|    explained_variance   | 0.971       |
|    learning_rate        | 0.0003      |
|    loss                 | 0.149       |
|    n_updates            | 420         |
|    policy_gradient_loss | -0.000615   |
|    std                  | 0.319       |
|    value_loss           | 0.492       |
-----------------------------------------
---------------------------------------
| rollout/                |           |
|    ep_len_mean          | 29.1      |
|    ep_rew_mean          | 0.536     |
| time/                   |           |
|    fps                  | 267       |
|    iterations           | 44        |
|    time_elapsed         | 2692      |
|    total_timesteps      | 720896    |
| train/                  |           |
|    approx_kl            | 0.0088499 |
|    clip_fraction        | 0.1       |
|    clip_range           | 0.2       |
|    entropy_loss         | -0.254    |
|    explained_variance   | 0.922     |
|    learning_rate        | 0.0003    |
|    loss                 | 0.258     |
|    n_updates            | 430       |
|    policy_gradient_loss | -0.000705 |
|    std                  | 0.311     |
|    value_loss           | 0.515     |
---------------------------------------
-----------------------------------------
| rollout/                |             |
|    ep_len_mean          | 31.9        |
|    ep_rew_mean          | 0.553       |
| time/                   |             |
|    fps                  | 267         |
|    iterations           | 45          |
|    time_elapsed         | 2752        |
|    total_timesteps      | 737280      |
| train/                  |             |
|    approx_kl            | 0.009998481 |
|    clip_fraction        | 0.119       |
|    clip_range           | 0.2         |
|    entropy_loss         | -0.237      |
|    explained_variance   | 0.949       |
|    learning_rate        | 0.0003      |
|    loss                 | 0.374       |
|    n_updates            | 440         |
|    policy_gradient_loss | -0.00503    |
|    std                  | 0.307       |
|    value_loss           | 0.532       |
-----------------------------------------
----------------------------------------
| rollout/                |            |
|    ep_len_mean          | 43.1       |
|    ep_rew_mean          | 1.8        |
| time/                   |            |
|    fps                  | 267        |
|    iterations           | 46         |
|    time_elapsed         | 2812       |
|    total_timesteps      | 753664     |
| train/                  |            |
|    approx_kl            | 0.01165346 |
|    clip_fraction        | 0.12       |
|    clip_range           | 0.2        |
|    entropy_loss         | -0.209     |
|    explained_variance   | 0.951      |
|    learning_rate        | 0.0003     |
|    loss                 | 0.232      |
|    n_updates            | 450        |
|    policy_gradient_loss | -0.00514   |
|    std                  | 0.295      |
|    value_loss           | 0.542      |
----------------------------------------
-----------------------------------------
| rollout/                |             |
|    ep_len_mean          | 46.4        |
|    ep_rew_mean          | 2.27        |
| time/                   |             |
|    fps                  | 268         |
|    iterations           | 47          |
|    time_elapsed         | 2871        |
|    total_timesteps      | 770048      |
| train/                  |             |
|    approx_kl            | 0.008249828 |
|    clip_fraction        | 0.0941      |
|    clip_range           | 0.2         |
|    entropy_loss         | -0.172      |
|    explained_variance   | 0.902       |
|    learning_rate        | 0.0003      |
|    loss                 | 0.366       |
|    n_updates            | 460         |
|    policy_gradient_loss | -0.00432    |
|    std                  | 0.286       |
|    value_loss           | 0.802       |
-----------------------------------------
-----------------------------------------
| rollout/                |             |
|    ep_len_mean          | 43.3        |
|    ep_rew_mean          | 1.92        |
| time/                   |             |
|    fps                  | 268         |
|    iterations           | 48          |
|    time_elapsed         | 2930        |
|    total_timesteps      | 786432      |
| train/                  |             |
|    approx_kl            | 0.007822059 |
|    clip_fraction        | 0.0895      |
|    clip_range           | 0.2         |
|    entropy_loss         | -0.144      |
|    explained_variance   | 0.89        |
|    learning_rate        | 0.0003      |
|    loss                 | 0.448       |
|    n_updates            | 470         |
|    policy_gradient_loss | -0.00128    |
|    std                  | 0.278       |
|    value_loss           | 0.801       |
-----------------------------------------
-----------------------------------------
| rollout/                |             |
|    ep_len_mean          | 58.6        |
|    ep_rew_mean          | 3.32        |
| time/                   |             |
|    fps                  | 268         |
|    iterations           | 49          |
|    time_elapsed         | 2988        |
|    total_timesteps      | 802816      |
| train/                  |             |
|    approx_kl            | 0.006693501 |
|    clip_fraction        | 0.0854      |
|    clip_range           | 0.2         |
|    entropy_loss         | -0.125      |
|    explained_variance   | 0.889       |
|    learning_rate        | 0.0003      |
|    loss                 | 0.468       |
|    n_updates            | 480         |
|    policy_gradient_loss | -0.000625   |
|    std                  | 0.276       |
|    value_loss           | 0.943       |
-----------------------------------------
-----------------------------------------
| rollout/                |             |
|    ep_len_mean          | 57.8        |
|    ep_rew_mean          | 3.4         |
| time/                   |             |
|    fps                  | 268         |
|    iterations           | 50          |
|    time_elapsed         | 3046        |
|    total_timesteps      | 819200      |
| train/                  |             |
|    approx_kl            | 0.008006239 |
|    clip_fraction        | 0.0934      |
|    clip_range           | 0.2         |
|    entropy_loss         | -0.11       |
|    explained_variance   | 0.882       |
|    learning_rate        | 0.0003      |
|    loss                 | 0.591       |
|    n_updates            | 490         |
|    policy_gradient_loss | -0.00137    |
|    std                  | 0.269       |
|    value_loss           | 1.05        |
-----------------------------------------
-----------------------------------------
| rollout/                |             |
|    ep_len_mean          | 60.9        |
|    ep_rew_mean          | 3.58        |
| time/                   |             |
|    fps                  | 269         |
|    iterations           | 51          |
|    time_elapsed         | 3104        |
|    total_timesteps      | 835584      |
| train/                  |             |
|    approx_kl            | 0.010168977 |
|    clip_fraction        | 0.0941      |
|    clip_range           | 0.2         |
|    entropy_loss         | -0.105      |
|    explained_variance   | 0.877       |
|    learning_rate        | 0.0003      |
|    loss                 | 0.487       |
|    n_updates            | 500         |
|    policy_gradient_loss | 0.00133     |
|    std                  | 0.268       |
|    value_loss           | 1.04        |
-----------------------------------------
-----------------------------------------
| rollout/                |             |
|    ep_len_mean          | 52.2        |
|    ep_rew_mean          | 2.74        |
| time/                   |             |
|    fps                  | 269         |
|    iterations           | 52          |
|    time_elapsed         | 3161        |
|    total_timesteps      | 851968      |
| train/                  |             |
|    approx_kl            | 0.009788768 |
|    clip_fraction        | 0.116       |
|    clip_range           | 0.2         |
|    entropy_loss         | -0.0911     |
|    explained_variance   | 0.875       |
|    learning_rate        | 0.0003      |
|    loss                 | 0.842       |
|    n_updates            | 510         |
|    policy_gradient_loss | 0.00307     |
|    std                  | 0.264       |
|    value_loss           | 1.26        |
-----------------------------------------
-----------------------------------------
| rollout/                |             |
|    ep_len_mean          | 62.3        |
|    ep_rew_mean          | 3.98        |
| time/                   |             |
|    fps                  | 269         |
|    iterations           | 53          |
|    time_elapsed         | 3218        |
|    total_timesteps      | 868352      |
| train/                  |             |
|    approx_kl            | 0.008724563 |
|    clip_fraction        | 0.116       |
|    clip_range           | 0.2         |
|    entropy_loss         | -0.0832     |
|    explained_variance   | 0.855       |
|    learning_rate        | 0.0003      |
|    loss                 | 0.6         |
|    n_updates            | 520         |
|    policy_gradient_loss | 0.0007      |
|    std                  | 0.263       |
|    value_loss           | 1.63        |
-----------------------------------------
----------------------------------------
| rollout/                |            |
|    ep_len_mean          | 66.8       |
|    ep_rew_mean          | 4.23       |
| time/                   |            |
|    fps                  | 270        |
|    iterations           | 54         |
|    time_elapsed         | 3274       |
|    total_timesteps      | 884736     |
| train/                  |            |
|    approx_kl            | 0.01226827 |
|    clip_fraction        | 0.114      |
|    clip_range           | 0.2        |
|    entropy_loss         | -0.0606    |
|    explained_variance   | 0.893      |
|    learning_rate        | 0.0003     |
|    loss                 | 0.489      |
|    n_updates            | 530        |
|    policy_gradient_loss | 0.000896   |
|    std                  | 0.256      |
|    value_loss           | 1.11       |
----------------------------------------
-----------------------------------------
| rollout/                |             |
|    ep_len_mean          | 67.5        |
|    ep_rew_mean          | 4.44        |
| time/                   |             |
|    fps                  | 270         |
|    iterations           | 55          |
|    time_elapsed         | 3331        |
|    total_timesteps      | 901120      |
| train/                  |             |
|    approx_kl            | 0.008943195 |
|    clip_fraction        | 0.113       |
|    clip_range           | 0.2         |
|    entropy_loss         | -0.0357     |
|    explained_variance   | 0.917       |
|    learning_rate        | 0.0003      |
|    loss                 | 0.726       |
|    n_updates            | 540         |
|    policy_gradient_loss | 0.00173     |
|    std                  | 0.25        |
|    value_loss           | 0.949       |
-----------------------------------------
-----------------------------------------
| rollout/                |             |
|    ep_len_mean          | 68          |
|    ep_rew_mean          | 4.53        |
| time/                   |             |
|    fps                  | 270         |
|    iterations           | 56          |
|    time_elapsed         | 3388        |
|    total_timesteps      | 917504      |
| train/                  |             |
|    approx_kl            | 0.010391596 |
|    clip_fraction        | 0.119       |
|    clip_range           | 0.2         |
|    entropy_loss         | -0.0231     |
|    explained_variance   | 0.898       |
|    learning_rate        | 0.0003      |
|    loss                 | 0.825       |
|    n_updates            | 550         |
|    policy_gradient_loss | 0.00193     |
|    std                  | 0.246       |
|    value_loss           | 1.13        |
-----------------------------------------
----------------------------------------
| rollout/                |            |
|    ep_len_mean          | 63.6       |
|    ep_rew_mean          | 3.96       |
| time/                   |            |
|    fps                  | 271        |
|    iterations           | 57         |
|    time_elapsed         | 3445       |
|    total_timesteps      | 933888     |
| train/                  |            |
|    approx_kl            | 0.01630443 |
|    clip_fraction        | 0.127      |
|    clip_range           | 0.2        |
|    entropy_loss         | 0.00495    |
|    explained_variance   | 0.9        |
|    learning_rate        | 0.0003     |
|    loss                 | 0.482      |
|    n_updates            | 560        |
|    policy_gradient_loss | 0.00179    |
|    std                  | 0.239      |
|    value_loss           | 0.917      |
----------------------------------------
-----------------------------------------
| rollout/                |             |
|    ep_len_mean          | 70.2        |
|    ep_rew_mean          | 4.66        |
| time/                   |             |
|    fps                  | 271         |
|    iterations           | 58          |
|    time_elapsed         | 3501        |
|    total_timesteps      | 950272      |
| train/                  |             |
|    approx_kl            | 0.013382417 |
|    clip_fraction        | 0.143       |
|    clip_range           | 0.2         |
|    entropy_loss         | 0.00942     |
|    explained_variance   | 0.886       |
|    learning_rate        | 0.0003      |
|    loss                 | 0.51        |
|    n_updates            | 570         |
|    policy_gradient_loss | 0.00132     |
|    std                  | 0.24        |
|    value_loss           | 1.27        |
-----------------------------------------
-----------------------------------------
| rollout/                |             |
|    ep_len_mean          | 78.3        |
|    ep_rew_mean          | 5.52        |
| time/                   |             |
|    fps                  | 271         |
|    iterations           | 59          |
|    time_elapsed         | 3558        |
|    total_timesteps      | 966656      |
| train/                  |             |
|    approx_kl            | 0.011819512 |
|    clip_fraction        | 0.14        |
|    clip_range           | 0.2         |
|    entropy_loss         | 0.0259      |
|    explained_variance   | 0.913       |
|    learning_rate        | 0.0003      |
|    loss                 | 0.378       |
|    n_updates            | 580         |
|    policy_gradient_loss | 0.00293     |
|    std                  | 0.234       |
|    value_loss           | 1.03        |
-----------------------------------------
-----------------------------------------
| rollout/                |             |
|    ep_len_mean          | 57.1        |
|    ep_rew_mean          | 3.34        |
| time/                   |             |
|    fps                  | 271         |
|    iterations           | 60          |
|    time_elapsed         | 3614        |
|    total_timesteps      | 983040      |
| train/                  |             |
|    approx_kl            | 0.009704614 |
|    clip_fraction        | 0.126       |
|    clip_range           | 0.2         |
|    entropy_loss         | 0.0479      |
|    explained_variance   | 0.903       |
|    learning_rate        | 0.0003      |
|    loss                 | 0.769       |
|    n_updates            | 590         |
|    policy_gradient_loss | 0.00222     |
|    std                  | 0.229       |
|    value_loss           | 1.08        |
-----------------------------------------
-----------------------------------------
| rollout/                |             |
|    ep_len_mean          | 74.6        |
|    ep_rew_mean          | 5.05        |
| time/                   |             |
|    fps                  | 272         |
|    iterations           | 61          |
|    time_elapsed         | 3671        |
|    total_timesteps      | 999424      |
| train/                  |             |
|    approx_kl            | 0.019391567 |
|    clip_fraction        | 0.158       |
|    clip_range           | 0.2         |
|    entropy_loss         | 0.0632      |
|    explained_variance   | 0.926       |
|    learning_rate        | 0.0003      |
|    loss                 | 0.539       |
|    n_updates            | 600         |
|    policy_gradient_loss | 0.00398     |
|    std                  | 0.226       |
|    value_loss           | 1.09        |
-----------------------------------------
-----------------------------------------
| rollout/                |             |
|    ep_len_mean          | 62.1        |
|    ep_rew_mean          | 3.81        |
| time/                   |             |
|    fps                  | 272         |
|    iterations           | 62          |
|    time_elapsed         | 3728        |
|    total_timesteps      | 1015808     |
| train/                  |             |
|    approx_kl            | 0.010668138 |
|    clip_fraction        | 0.103       |
|    clip_range           | 0.2         |
|    entropy_loss         | 0.0794      |
|    explained_variance   | 0.93        |
|    learning_rate        | 0.0003      |
|    loss                 | 0.907       |
|    n_updates            | 610         |
|    policy_gradient_loss | 0.00129     |
|    std                  | 0.222       |
|    value_loss           | 0.97        |
-----------------------------------------


###############################################################################
TCHPC Cluster: callan
Job 166714 (base_cf_obs20_dense_seed2_ne8_1000000_v8) for User 'hadjitot' in Account 'callan_hadjitot'
Finished at: Sat Mar 14 06:35:04 GMT 2026

Job efficiency estimates:
=========================

Job ID: 166714
Cluster: callan
User/Group: hadjitot/hadjitot
State: COMPLETED (exit code 0)
Nodes: 1
Cores per node: 16
CPU Utilized: 06:32:39
CPU Efficiency: 39.06% of 16:45:20 core-walltime
Job Wall-clock time: 01:02:50
Memory Utilized: 3.38 GB
Memory Efficiency: 10.55% of 32.00 GB (32.00 GB/node)

Job completion status:
======================

JobID           JobName AllocCPUS NTasks NNodes     MaxRSS    MaxRSSNode  MaxDiskRead MaxDiskWrite    Elapsed      State ExitCode 
------------ ---------- --------- ------ ------ ---------- ------------- ------------ ------------ ---------- ---------- -------- 
166714       base_cf_o+        16             1                                                      01:02:50  COMPLETED      0:0 
166714.batch      batch        16      1      1   3540724K    callan-n12     1479.40M     1152.82M   01:02:50  COMPLETED      0:0 
166714.exte+     extern        16      1      1                                                      01:02:50  COMPLETED      0:0 


Job details:
============

JobId=166714 JobName=base_cf_obs20_dense_seed2_ne8_1000000_v8
   UserId=hadjitot(2357) GroupId=hadjitot(2300) MCS_label=N/A
   Priority=103264 Nice=0 Account=callan_hadjitot QOS=normal
   JobState=COMPLETING Reason=None Dependency=(null)
   Requeue=0 Restarts=0 BatchFlag=1 Reboot=0 ExitCode=0:0
   DerivedExitCode=0:0
   RunTime=01:02:50 TimeLimit=2-00:00:00 TimeMin=N/A
   SubmitTime=2026-03-14T02:10:40 EligibleTime=2026-03-14T02:10:40
   AccrueTime=2026-03-14T02:10:40
   StartTime=2026-03-14T05:32:14 EndTime=2026-03-14T06:35:04 Deadline=N/A
   SuspendTime=None SecsPreSuspend=0 LastSchedEval=2026-03-14T05:32:14 Scheduler=Backfill
   Partition=compute AllocNode:Sid=callan01:408560
   ReqNodeList=(null) ExcNodeList=(null)
   NodeList=callan-n12
   BatchHost=callan-n12
   NumNodes=1 NumCPUs=16 NumTasks=1 CPUs/Task=16 ReqB:S:C:T=0:0:*:*
   ReqTRES=cpu=16,mem=32G,node=1,billing=16
   AllocTRES=cpu=16,mem=32G,node=1,billing=16
   Socks/Node=* NtasksPerN:B:S:C=0:0:*:* CoreSpec=*
   JOB_GRES=(null)
     Nodes=callan-n12 CPU_IDs=7-22 Mem=32768 GRES=
   MinCPUsNode=16 MinMemoryNode=32G MinTmpDiskNode=0
   Features=(null) DelayBoot=00:00:00
   OverSubscribe=OK Contiguous=0 Licenses=(null) LicensesAlloc=(null) Network=(null)
   Command=/home/users/hadjitot/fyp/HighwayEnv/slurm/train_baseline.sbatch
   WorkDir=/home/users/hadjitot/fyp/HighwayEnv
   StdErr=/home/users/hadjitot/fyp/HighwayEnv/slurm_out/base_cf_obs20_dense_seed2_ne8_1000000_v8_166714.err
   StdIn=/dev/null
   StdOut=/home/users/hadjitot/fyp/HighwayEnv/slurm_out/base_cf_obs20_dense_seed2_ne8_1000000_v8_166714.out
   TresPerTask=cpu=16
   


Disk quota details:
===================

                         Block Limits                                    |                     File Limits
Name       type             MB      quota      limit   in_doubt    grace |    files   quota    limit in_doubt    grace
root       USR         4840634          0          0        438     none |   391023       0        0      215     none
root       FILESET     4892857          0          0       3564     none |  9908493       0        0      900     none


SLURM Bank Statement:
=====================

User           Usage |        Account     Usage | Account Limit Available (CPU hrs)
---------- --------- + -------------- --------- + ------------- ---------
hadjitot      17,465 | CALLAN_HADJITOT    17,465 |       300,000   282,535


Acknowledgements:
=================

Note that usage of TCHPC Resources *must* be acknowledged in all publications.

Please see this page for details relevant to this cluster:

http://www.tchpc.tcd.ie/resources/acknowledgementpolicy

################################################################################
