Loading Anaconda 3 2024.02-1
TRAIN_SCENARIO_NAME=cf_obs15
EVAL_SCENARIO_NAME=cf_obs15
EXP_VERSION=v11_mappo_attn
SEEDS=0,1,2
CONTROLLED_VEHICLES=2
N_EVAL_EPISODES=50
MAX_STEPS=0
MODEL_DIR=runs/models
ATTN_MODE=learned
DEVICE=cpu
Train scenario: cf_obs15
Eval scenario: cf_obs15
EXP_VERSION=v11_mappo_attn
CONTROLLED_VEHICLES=2
SEEDS=[0, 1, 2]
N_EVAL_EPISODES=50
ATTN_MODE=learned
DEVICE=cpu
[mappo_cf_obs15_v11_mappo_attn_cv2_seed0.pt] seed=0 ep=0/50
[mappo_cf_obs15_v11_mappo_attn_cv2_seed0.pt] seed=0 ep=5/50
[mappo_cf_obs15_v11_mappo_attn_cv2_seed0.pt] seed=0 ep=10/50
[mappo_cf_obs15_v11_mappo_attn_cv2_seed0.pt] seed=0 ep=15/50
[mappo_cf_obs15_v11_mappo_attn_cv2_seed0.pt] seed=0 ep=20/50
[mappo_cf_obs15_v11_mappo_attn_cv2_seed0.pt] seed=0 ep=25/50
[mappo_cf_obs15_v11_mappo_attn_cv2_seed0.pt] seed=0 ep=30/50
[mappo_cf_obs15_v11_mappo_attn_cv2_seed0.pt] seed=0 ep=35/50
[mappo_cf_obs15_v11_mappo_attn_cv2_seed0.pt] seed=0 ep=40/50
[mappo_cf_obs15_v11_mappo_attn_cv2_seed0.pt] seed=0 ep=45/50
[mappo_attn_learned_cf_obs15_v11_mappo_attn_cv2_seed0.pt] seed=0 ep=0/50
[mappo_attn_learned_cf_obs15_v11_mappo_attn_cv2_seed0.pt] seed=0 ep=5/50
[mappo_attn_learned_cf_obs15_v11_mappo_attn_cv2_seed0.pt] seed=0 ep=10/50
[mappo_attn_learned_cf_obs15_v11_mappo_attn_cv2_seed0.pt] seed=0 ep=15/50
[mappo_attn_learned_cf_obs15_v11_mappo_attn_cv2_seed0.pt] seed=0 ep=20/50
[mappo_attn_learned_cf_obs15_v11_mappo_attn_cv2_seed0.pt] seed=0 ep=25/50
[mappo_attn_learned_cf_obs15_v11_mappo_attn_cv2_seed0.pt] seed=0 ep=30/50
[mappo_attn_learned_cf_obs15_v11_mappo_attn_cv2_seed0.pt] seed=0 ep=35/50
[mappo_attn_learned_cf_obs15_v11_mappo_attn_cv2_seed0.pt] seed=0 ep=40/50
[mappo_attn_learned_cf_obs15_v11_mappo_attn_cv2_seed0.pt] seed=0 ep=45/50
[mappo_cf_obs15_v11_mappo_attn_cv2_seed1.pt] seed=1 ep=0/50
[mappo_cf_obs15_v11_mappo_attn_cv2_seed1.pt] seed=1 ep=5/50
[mappo_cf_obs15_v11_mappo_attn_cv2_seed1.pt] seed=1 ep=10/50
[mappo_cf_obs15_v11_mappo_attn_cv2_seed1.pt] seed=1 ep=15/50
[mappo_cf_obs15_v11_mappo_attn_cv2_seed1.pt] seed=1 ep=20/50
[mappo_cf_obs15_v11_mappo_attn_cv2_seed1.pt] seed=1 ep=25/50
[mappo_cf_obs15_v11_mappo_attn_cv2_seed1.pt] seed=1 ep=30/50
[mappo_cf_obs15_v11_mappo_attn_cv2_seed1.pt] seed=1 ep=35/50
[mappo_cf_obs15_v11_mappo_attn_cv2_seed1.pt] seed=1 ep=40/50
[mappo_cf_obs15_v11_mappo_attn_cv2_seed1.pt] seed=1 ep=45/50
[mappo_attn_learned_cf_obs15_v11_mappo_attn_cv2_seed1.pt] seed=1 ep=0/50
[mappo_attn_learned_cf_obs15_v11_mappo_attn_cv2_seed1.pt] seed=1 ep=5/50
[mappo_attn_learned_cf_obs15_v11_mappo_attn_cv2_seed1.pt] seed=1 ep=10/50
[mappo_attn_learned_cf_obs15_v11_mappo_attn_cv2_seed1.pt] seed=1 ep=15/50
[mappo_attn_learned_cf_obs15_v11_mappo_attn_cv2_seed1.pt] seed=1 ep=20/50
[mappo_attn_learned_cf_obs15_v11_mappo_attn_cv2_seed1.pt] seed=1 ep=25/50
[mappo_attn_learned_cf_obs15_v11_mappo_attn_cv2_seed1.pt] seed=1 ep=30/50
[mappo_attn_learned_cf_obs15_v11_mappo_attn_cv2_seed1.pt] seed=1 ep=35/50
[mappo_attn_learned_cf_obs15_v11_mappo_attn_cv2_seed1.pt] seed=1 ep=40/50
[mappo_attn_learned_cf_obs15_v11_mappo_attn_cv2_seed1.pt] seed=1 ep=45/50
[mappo_cf_obs15_v11_mappo_attn_cv2_seed2.pt] seed=2 ep=0/50
[mappo_cf_obs15_v11_mappo_attn_cv2_seed2.pt] seed=2 ep=5/50
[mappo_cf_obs15_v11_mappo_attn_cv2_seed2.pt] seed=2 ep=10/50
[mappo_cf_obs15_v11_mappo_attn_cv2_seed2.pt] seed=2 ep=15/50
[mappo_cf_obs15_v11_mappo_attn_cv2_seed2.pt] seed=2 ep=20/50
[mappo_cf_obs15_v11_mappo_attn_cv2_seed2.pt] seed=2 ep=25/50
[mappo_cf_obs15_v11_mappo_attn_cv2_seed2.pt] seed=2 ep=30/50
[mappo_cf_obs15_v11_mappo_attn_cv2_seed2.pt] seed=2 ep=35/50
[mappo_cf_obs15_v11_mappo_attn_cv2_seed2.pt] seed=2 ep=40/50
[mappo_cf_obs15_v11_mappo_attn_cv2_seed2.pt] seed=2 ep=45/50
[mappo_attn_learned_cf_obs15_v11_mappo_attn_cv2_seed2.pt] seed=2 ep=0/50
[mappo_attn_learned_cf_obs15_v11_mappo_attn_cv2_seed2.pt] seed=2 ep=5/50
[mappo_attn_learned_cf_obs15_v11_mappo_attn_cv2_seed2.pt] seed=2 ep=10/50
[mappo_attn_learned_cf_obs15_v11_mappo_attn_cv2_seed2.pt] seed=2 ep=15/50
[mappo_attn_learned_cf_obs15_v11_mappo_attn_cv2_seed2.pt] seed=2 ep=20/50
[mappo_attn_learned_cf_obs15_v11_mappo_attn_cv2_seed2.pt] seed=2 ep=25/50
[mappo_attn_learned_cf_obs15_v11_mappo_attn_cv2_seed2.pt] seed=2 ep=30/50
[mappo_attn_learned_cf_obs15_v11_mappo_attn_cv2_seed2.pt] seed=2 ep=35/50
[mappo_attn_learned_cf_obs15_v11_mappo_attn_cv2_seed2.pt] seed=2 ep=40/50
[mappo_attn_learned_cf_obs15_v11_mappo_attn_cv2_seed2.pt] seed=2 ep=45/50

MAPPO BASELINE
  world_reward_return: 32.087 +/- 2.428
  joint_return: 64.173 +/- 4.856
  agent_return: 32.087 +/- 2.428
  world_crash_rate: 0.387 +/- 0.426
  agent_crash_rate: 0.193 +/- 0.213
  world_success_rate: 0.000 +/- 0.000
  mean_len: 146.307 +/- 3.471

MAPPO ATTENTION (learned)
  world_reward_return: -38.104 +/- 2.742
  joint_return: -76.207 +/- 5.484
  agent_return: -38.104 +/- 2.742
  world_crash_rate: 0.013 +/- 0.009
  agent_crash_rate: 0.007 +/- 0.005
  world_success_rate: 0.000 +/- 0.000
  mean_len: 148.260 +/- 1.231


###############################################################################
TCHPC Cluster: callan
Job 169729 (cmp_mappo_cf_obs15_cv2_v11_mappo_attn) for User 'hadjitot' in Account 'callan_hadjitot'
Finished at: Thu Mar 26 12:54:12 GMT 2026

Job efficiency estimates:
=========================

Job ID: 169729
Cluster: callan
User/Group: hadjitot/hadjitot
State: COMPLETED (exit code 0)
Nodes: 1
Cores per node: 8
CPU Utilized: 00:20:17
CPU Efficiency: 0.56% of 2-12:51:28 core-walltime
Job Wall-clock time: 07:36:26
Memory Utilized: 389.58 MB
Memory Efficiency: 2.38% of 16.00 GB (16.00 GB/node)

Job completion status:
======================

JobID           JobName AllocCPUS NTasks NNodes     MaxRSS    MaxRSSNode  MaxDiskRead MaxDiskWrite    Elapsed      State ExitCode 
------------ ---------- --------- ------ ------ ---------- ------------- ------------ ------------ ---------- ---------- -------- 
169729       cmp_mappo+         8             1                                                      07:36:26  COMPLETED      0:0 
169729.batch      batch         8      1      1    398928K    callan-n02       62.91M        0.01M   07:36:26  COMPLETED      0:0 
169729.exte+     extern         8      1      1                                                      07:36:26  COMPLETED      0:0 


Job details:
============

JobId=169729 JobName=cmp_mappo_cf_obs15_cv2_v11_mappo_attn
   UserId=hadjitot(2357) GroupId=hadjitot(2300) MCS_label=N/A
   Priority=124425 Nice=0 Account=callan_hadjitot QOS=normal
   JobState=COMPLETING Reason=None Dependency=(null)
   Requeue=0 Restarts=0 BatchFlag=1 Reboot=0 ExitCode=0:0
   DerivedExitCode=0:0
   RunTime=07:36:26 TimeLimit=1-00:00:00 TimeMin=N/A
   SubmitTime=2026-03-21T18:18:12 EligibleTime=2026-03-24T14:57:19
   AccrueTime=2026-03-24T14:57:19
   StartTime=2026-03-26T05:17:46 EndTime=2026-03-26T12:54:12 Deadline=N/A
   SuspendTime=None SecsPreSuspend=0 LastSchedEval=2026-03-26T05:17:46 Scheduler=Backfill
   Partition=compute AllocNode:Sid=callan01:87215
   ReqNodeList=(null) ExcNodeList=(null)
   NodeList=callan-n02
   BatchHost=callan-n02
   NumNodes=1 NumCPUs=8 NumTasks=1 CPUs/Task=8 ReqB:S:C:T=0:0:*:*
   ReqTRES=cpu=8,mem=16G,node=1,billing=8
   AllocTRES=cpu=8,mem=16G,node=1,billing=8
   Socks/Node=* NtasksPerN:B:S:C=0:0:*:* CoreSpec=*
   JOB_GRES=(null)
     Nodes=callan-n02 CPU_IDs=2-9 Mem=16384 GRES=
   MinCPUsNode=8 MinMemoryNode=16G MinTmpDiskNode=0
   Features=(null) DelayBoot=00:00:00
   OverSubscribe=OK Contiguous=0 Licenses=(null) LicensesAlloc=(null) Network=(null)
   Command=/home/users/hadjitot/fyp/HighwayEnv/slurm/eval_mappo_metrics.sbatch
   WorkDir=/home/users/hadjitot/fyp/HighwayEnv
   StdErr=/home/users/hadjitot/fyp/HighwayEnv/slurm_out/cmp_mappo_cf_obs15_cv2_v11_mappo_attn_169729.err
   StdIn=/dev/null
   StdOut=/home/users/hadjitot/fyp/HighwayEnv/slurm_out/cmp_mappo_cf_obs15_cv2_v11_mappo_attn_169729.out
   TresPerTask=cpu=8
   


Disk quota details:
===================

                         Block Limits                                    |                     File Limits
Name       type             MB      quota      limit   in_doubt    grace |    files   quota    limit in_doubt    grace
root       USR         4929314          0          0       1682     none |   396309       0        0      595     none
root       FILESET     5156597          0          0       5206     none |  9912474       0        0     1753     none


SLURM Bank Statement:
=====================

User           Usage |        Account     Usage | Account Limit Available (CPU hrs)
---------- --------- + -------------- --------- + ------------- ---------
hadjitot      11,921 | CALLAN_HADJITOT    11,921 |       300,000   288,079


Acknowledgements:
=================

Note that usage of TCHPC Resources *must* be acknowledged in all publications.

Please see this page for details relevant to this cluster:

http://www.tchpc.tcd.ie/resources/acknowledgementpolicy

################################################################################
