Loading Anaconda 3 2024.02-1
TRAIN_SCENARIO_NAME=cf_obs15_stopgo
EVAL_SCENARIO_NAME=cf_obs15_stopgo
EXP_VERSION=v10_diag
SEEDS=0,1,2
CONTROLLED_VEHICLES=2
N_EVAL_EPISODES=50
MAX_STEPS=0
MODEL_DIR=runs/models
ATTN_MODE=oracle
Train scenario: cf_obs15_stopgo
Eval scenario: cf_obs15_stopgo
EXP_VERSION=v10_diag
CONTROLLED_VEHICLES=2
ATTN_MODE=oracle
N_EVAL_EPISODES=50
[ppo_shared_cf_obs15_stopgo_v10_diag_cv2_seed0.zip] seed=0 ep=0/50
[ppo_shared_cf_obs15_stopgo_v10_diag_cv2_seed0.zip] seed=0 ep=5/50
[ppo_shared_cf_obs15_stopgo_v10_diag_cv2_seed0.zip] seed=0 ep=10/50
[ppo_shared_cf_obs15_stopgo_v10_diag_cv2_seed0.zip] seed=0 ep=15/50
[ppo_shared_cf_obs15_stopgo_v10_diag_cv2_seed0.zip] seed=0 ep=20/50
[ppo_shared_cf_obs15_stopgo_v10_diag_cv2_seed0.zip] seed=0 ep=25/50
[ppo_shared_cf_obs15_stopgo_v10_diag_cv2_seed0.zip] seed=0 ep=30/50
[ppo_shared_cf_obs15_stopgo_v10_diag_cv2_seed0.zip] seed=0 ep=35/50
[ppo_shared_cf_obs15_stopgo_v10_diag_cv2_seed0.zip] seed=0 ep=40/50
[ppo_shared_cf_obs15_stopgo_v10_diag_cv2_seed0.zip] seed=0 ep=45/50
[ppo_shared_attn_oracle_cf_obs15_stopgo_v10_diag_cv2_seed0.zip] seed=0 ep=0/50
[ppo_shared_attn_oracle_cf_obs15_stopgo_v10_diag_cv2_seed0.zip] seed=0 ep=5/50
[ppo_shared_attn_oracle_cf_obs15_stopgo_v10_diag_cv2_seed0.zip] seed=0 ep=10/50
[ppo_shared_attn_oracle_cf_obs15_stopgo_v10_diag_cv2_seed0.zip] seed=0 ep=15/50
[ppo_shared_attn_oracle_cf_obs15_stopgo_v10_diag_cv2_seed0.zip] seed=0 ep=20/50
[ppo_shared_attn_oracle_cf_obs15_stopgo_v10_diag_cv2_seed0.zip] seed=0 ep=25/50
[ppo_shared_attn_oracle_cf_obs15_stopgo_v10_diag_cv2_seed0.zip] seed=0 ep=30/50
[ppo_shared_attn_oracle_cf_obs15_stopgo_v10_diag_cv2_seed0.zip] seed=0 ep=35/50
[ppo_shared_attn_oracle_cf_obs15_stopgo_v10_diag_cv2_seed0.zip] seed=0 ep=40/50
[ppo_shared_attn_oracle_cf_obs15_stopgo_v10_diag_cv2_seed0.zip] seed=0 ep=45/50
[ppo_shared_cf_obs15_stopgo_v10_diag_cv2_seed1.zip] seed=1 ep=0/50
[ppo_shared_cf_obs15_stopgo_v10_diag_cv2_seed1.zip] seed=1 ep=5/50
[ppo_shared_cf_obs15_stopgo_v10_diag_cv2_seed1.zip] seed=1 ep=10/50
[ppo_shared_cf_obs15_stopgo_v10_diag_cv2_seed1.zip] seed=1 ep=15/50
[ppo_shared_cf_obs15_stopgo_v10_diag_cv2_seed1.zip] seed=1 ep=20/50
[ppo_shared_cf_obs15_stopgo_v10_diag_cv2_seed1.zip] seed=1 ep=25/50
[ppo_shared_cf_obs15_stopgo_v10_diag_cv2_seed1.zip] seed=1 ep=30/50
[ppo_shared_cf_obs15_stopgo_v10_diag_cv2_seed1.zip] seed=1 ep=35/50
[ppo_shared_cf_obs15_stopgo_v10_diag_cv2_seed1.zip] seed=1 ep=40/50
[ppo_shared_cf_obs15_stopgo_v10_diag_cv2_seed1.zip] seed=1 ep=45/50
[ppo_shared_attn_oracle_cf_obs15_stopgo_v10_diag_cv2_seed1.zip] seed=1 ep=0/50
[ppo_shared_attn_oracle_cf_obs15_stopgo_v10_diag_cv2_seed1.zip] seed=1 ep=5/50
[ppo_shared_attn_oracle_cf_obs15_stopgo_v10_diag_cv2_seed1.zip] seed=1 ep=10/50
[ppo_shared_attn_oracle_cf_obs15_stopgo_v10_diag_cv2_seed1.zip] seed=1 ep=15/50
[ppo_shared_attn_oracle_cf_obs15_stopgo_v10_diag_cv2_seed1.zip] seed=1 ep=20/50
[ppo_shared_attn_oracle_cf_obs15_stopgo_v10_diag_cv2_seed1.zip] seed=1 ep=25/50
[ppo_shared_attn_oracle_cf_obs15_stopgo_v10_diag_cv2_seed1.zip] seed=1 ep=30/50
[ppo_shared_attn_oracle_cf_obs15_stopgo_v10_diag_cv2_seed1.zip] seed=1 ep=35/50
[ppo_shared_attn_oracle_cf_obs15_stopgo_v10_diag_cv2_seed1.zip] seed=1 ep=40/50
[ppo_shared_attn_oracle_cf_obs15_stopgo_v10_diag_cv2_seed1.zip] seed=1 ep=45/50
[ppo_shared_cf_obs15_stopgo_v10_diag_cv2_seed2.zip] seed=2 ep=0/50
[ppo_shared_cf_obs15_stopgo_v10_diag_cv2_seed2.zip] seed=2 ep=5/50
[ppo_shared_cf_obs15_stopgo_v10_diag_cv2_seed2.zip] seed=2 ep=10/50
[ppo_shared_cf_obs15_stopgo_v10_diag_cv2_seed2.zip] seed=2 ep=15/50
[ppo_shared_cf_obs15_stopgo_v10_diag_cv2_seed2.zip] seed=2 ep=20/50
[ppo_shared_cf_obs15_stopgo_v10_diag_cv2_seed2.zip] seed=2 ep=25/50
[ppo_shared_cf_obs15_stopgo_v10_diag_cv2_seed2.zip] seed=2 ep=30/50
[ppo_shared_cf_obs15_stopgo_v10_diag_cv2_seed2.zip] seed=2 ep=35/50
[ppo_shared_cf_obs15_stopgo_v10_diag_cv2_seed2.zip] seed=2 ep=40/50
[ppo_shared_cf_obs15_stopgo_v10_diag_cv2_seed2.zip] seed=2 ep=45/50
[ppo_shared_attn_oracle_cf_obs15_stopgo_v10_diag_cv2_seed2.zip] seed=2 ep=0/50
[ppo_shared_attn_oracle_cf_obs15_stopgo_v10_diag_cv2_seed2.zip] seed=2 ep=5/50
[ppo_shared_attn_oracle_cf_obs15_stopgo_v10_diag_cv2_seed2.zip] seed=2 ep=10/50
[ppo_shared_attn_oracle_cf_obs15_stopgo_v10_diag_cv2_seed2.zip] seed=2 ep=15/50
[ppo_shared_attn_oracle_cf_obs15_stopgo_v10_diag_cv2_seed2.zip] seed=2 ep=20/50
[ppo_shared_attn_oracle_cf_obs15_stopgo_v10_diag_cv2_seed2.zip] seed=2 ep=25/50
[ppo_shared_attn_oracle_cf_obs15_stopgo_v10_diag_cv2_seed2.zip] seed=2 ep=30/50
[ppo_shared_attn_oracle_cf_obs15_stopgo_v10_diag_cv2_seed2.zip] seed=2 ep=35/50
[ppo_shared_attn_oracle_cf_obs15_stopgo_v10_diag_cv2_seed2.zip] seed=2 ep=40/50
[ppo_shared_attn_oracle_cf_obs15_stopgo_v10_diag_cv2_seed2.zip] seed=2 ep=45/50

SHARED BASELINE
  world_reward_return: 32.628 +/- 3.253
  joint_return: 65.256 +/- 6.506
  agent_return: 32.628 +/- 3.253
  world_crash_rate: 0.280 +/- 0.354
  agent_crash_rate: 0.140 +/- 0.177
  world_success_rate: 0.000 +/- 0.000
  mean_len: 164.193 +/- 14.519

SHARED ATTENTION (oracle)
  world_reward_return: 26.283 +/- 13.226
  joint_return: 52.567 +/- 26.452
  agent_return: 26.283 +/- 13.226
  world_crash_rate: 0.333 +/- 0.471
  agent_crash_rate: 0.180 +/- 0.255
  world_success_rate: 0.000 +/- 0.000
  mean_len: 125.120 +/- 70.541


###############################################################################
TCHPC Cluster: callan
Job 168847 (cmp_oracle_cf_obs15_stopgo_cv2_v10_diag) for User 'hadjitot' in Account 'callan_hadjitot'
Finished at: Fri Mar 20 12:42:48 GMT 2026

Job efficiency estimates:
=========================

Job ID: 168847
Cluster: callan
User/Group: hadjitot/hadjitot
State: RUNNING
Nodes: 1
Cores per node: 8
CPU Utilized: 00:15:29
CPU Efficiency: 12.68% of 02:02:08 core-walltime
Job Wall-clock time: 00:15:16
Memory Utilized: 420.36 MB
Memory Efficiency: 2.57% of 16.00 GB (16.00 GB/node)
WARNING: Efficiency statistics can only be obtained after the job has ended as seff tool is based on the accounting database data.

Job completion status:
======================

JobID           JobName AllocCPUS NTasks NNodes     MaxRSS    MaxRSSNode  MaxDiskRead MaxDiskWrite    Elapsed      State ExitCode 
------------ ---------- --------- ------ ------ ---------- ------------- ------------ ------------ ---------- ---------- -------- 
168847       cmp_oracl+         8             1                                                      00:15:16    RUNNING      0:0 
168847.batch      batch         8      1      1    430452K    callan-n08       63.42M        0.01M   00:15:51  COMPLETED      0:0 
168847.exte+     extern         8      1      1                                                      00:15:16    RUNNING      0:0 


Job details:
============

JobId=168847 JobName=cmp_oracle_cf_obs15_stopgo_cv2_v10_diag
   UserId=hadjitot(2357) GroupId=hadjitot(2300) MCS_label=N/A
   Priority=102131 Nice=0 Account=callan_hadjitot QOS=normal
   JobState=COMPLETING Reason=None Dependency=(null)
   Requeue=0 Restarts=0 BatchFlag=1 Reboot=0 ExitCode=0:0
   DerivedExitCode=0:0
   RunTime=00:15:51 TimeLimit=1-00:00:00 TimeMin=N/A
   SubmitTime=2026-03-19T20:18:40 EligibleTime=2026-03-20T12:26:47
   AccrueTime=2026-03-20T12:26:47
   StartTime=2026-03-20T12:26:57 EndTime=2026-03-20T12:42:48 Deadline=N/A
   SuspendTime=None SecsPreSuspend=0 LastSchedEval=2026-03-20T12:26:57 Scheduler=Backfill
   Partition=compute AllocNode:Sid=callan01:191490
   ReqNodeList=(null) ExcNodeList=(null)
   NodeList=callan-n08
   BatchHost=callan-n08
   NumNodes=1 NumCPUs=8 NumTasks=1 CPUs/Task=8 ReqB:S:C:T=0:0:*:*
   ReqTRES=cpu=8,mem=16G,node=1,billing=8
   AllocTRES=cpu=8,mem=16G,node=1,billing=8
   Socks/Node=* NtasksPerN:B:S:C=0:0:*:* CoreSpec=*
   JOB_GRES=(null)
     Nodes=callan-n08 CPU_IDs=50-55,58-59 Mem=16384 GRES=
   MinCPUsNode=8 MinMemoryNode=16G MinTmpDiskNode=0
   Features=(null) DelayBoot=00:00:00
   OverSubscribe=OK Contiguous=0 Licenses=(null) LicensesAlloc=(null) Network=(null)
   Command=/home/users/hadjitot/fyp/HighwayEnv/slurm/eval_shared_metrics.sbatch
   WorkDir=/home/users/hadjitot/fyp/HighwayEnv
   StdErr=/home/users/hadjitot/fyp/HighwayEnv/slurm_out/cmp_oracle_cf_obs15_stopgo_cv2_v10_diag_168847.err
   StdIn=/dev/null
   StdOut=/home/users/hadjitot/fyp/HighwayEnv/slurm_out/cmp_oracle_cf_obs15_stopgo_cv2_v10_diag_168847.out
   TresPerTask=cpu=8
   


Disk quota details:
===================

                         Block Limits                                    |                     File Limits
Name       type             MB      quota      limit   in_doubt    grace |    files   quota    limit in_doubt    grace
root       USR         4872513          0          0       1568     none |   393880       0        0      667     none
root       FILESET     4841125          0          0       3841     none |  9857370       0        0     1051     none


SLURM Bank Statement:
=====================

User           Usage |        Account     Usage | Account Limit Available (CPU hrs)
---------- --------- + -------------- --------- + ------------- ---------
hadjitot      14,580 | CALLAN_HADJITOT    14,580 |       300,000   285,420


Acknowledgements:
=================

Note that usage of TCHPC Resources *must* be acknowledged in all publications.

Please see this page for details relevant to this cluster:

http://www.tchpc.tcd.ie/resources/acknowledgementpolicy

################################################################################
