Loading Anaconda 3 2024.02-1
TRAIN_SCENARIO_NAME=cf_obs15_stopgo
EVAL_SCENARIO_NAME=cf_obs15_stopgo
EXP_VERSION=v10_diag
SEEDS=0,1,2
CONTROLLED_VEHICLES=2
N_EVAL_EPISODES=50
MAX_STEPS=0
MODEL_DIR=runs/models
ATTN_MODE=uniform
Train scenario: cf_obs15_stopgo
Eval scenario: cf_obs15_stopgo
EXP_VERSION=v10_diag
CONTROLLED_VEHICLES=2
ATTN_MODE=uniform
N_EVAL_EPISODES=50
[ppo_shared_cf_obs15_stopgo_v10_diag_cv2_seed0.zip] seed=0 ep=0/50
[ppo_shared_cf_obs15_stopgo_v10_diag_cv2_seed0.zip] seed=0 ep=5/50
[ppo_shared_cf_obs15_stopgo_v10_diag_cv2_seed0.zip] seed=0 ep=10/50
[ppo_shared_cf_obs15_stopgo_v10_diag_cv2_seed0.zip] seed=0 ep=15/50
[ppo_shared_cf_obs15_stopgo_v10_diag_cv2_seed0.zip] seed=0 ep=20/50
[ppo_shared_cf_obs15_stopgo_v10_diag_cv2_seed0.zip] seed=0 ep=25/50
[ppo_shared_cf_obs15_stopgo_v10_diag_cv2_seed0.zip] seed=0 ep=30/50
[ppo_shared_cf_obs15_stopgo_v10_diag_cv2_seed0.zip] seed=0 ep=35/50
[ppo_shared_cf_obs15_stopgo_v10_diag_cv2_seed0.zip] seed=0 ep=40/50
[ppo_shared_cf_obs15_stopgo_v10_diag_cv2_seed0.zip] seed=0 ep=45/50
[ppo_shared_attn_uniform_cf_obs15_stopgo_v10_diag_cv2_seed0.zip] seed=0 ep=0/50
[ppo_shared_attn_uniform_cf_obs15_stopgo_v10_diag_cv2_seed0.zip] seed=0 ep=5/50
[ppo_shared_attn_uniform_cf_obs15_stopgo_v10_diag_cv2_seed0.zip] seed=0 ep=10/50
[ppo_shared_attn_uniform_cf_obs15_stopgo_v10_diag_cv2_seed0.zip] seed=0 ep=15/50
[ppo_shared_attn_uniform_cf_obs15_stopgo_v10_diag_cv2_seed0.zip] seed=0 ep=20/50
[ppo_shared_attn_uniform_cf_obs15_stopgo_v10_diag_cv2_seed0.zip] seed=0 ep=25/50
[ppo_shared_attn_uniform_cf_obs15_stopgo_v10_diag_cv2_seed0.zip] seed=0 ep=30/50
[ppo_shared_attn_uniform_cf_obs15_stopgo_v10_diag_cv2_seed0.zip] seed=0 ep=35/50
[ppo_shared_attn_uniform_cf_obs15_stopgo_v10_diag_cv2_seed0.zip] seed=0 ep=40/50
[ppo_shared_attn_uniform_cf_obs15_stopgo_v10_diag_cv2_seed0.zip] seed=0 ep=45/50
[ppo_shared_cf_obs15_stopgo_v10_diag_cv2_seed1.zip] seed=1 ep=0/50
[ppo_shared_cf_obs15_stopgo_v10_diag_cv2_seed1.zip] seed=1 ep=5/50
[ppo_shared_cf_obs15_stopgo_v10_diag_cv2_seed1.zip] seed=1 ep=10/50
[ppo_shared_cf_obs15_stopgo_v10_diag_cv2_seed1.zip] seed=1 ep=15/50
[ppo_shared_cf_obs15_stopgo_v10_diag_cv2_seed1.zip] seed=1 ep=20/50
[ppo_shared_cf_obs15_stopgo_v10_diag_cv2_seed1.zip] seed=1 ep=25/50
[ppo_shared_cf_obs15_stopgo_v10_diag_cv2_seed1.zip] seed=1 ep=30/50
[ppo_shared_cf_obs15_stopgo_v10_diag_cv2_seed1.zip] seed=1 ep=35/50
[ppo_shared_cf_obs15_stopgo_v10_diag_cv2_seed1.zip] seed=1 ep=40/50
[ppo_shared_cf_obs15_stopgo_v10_diag_cv2_seed1.zip] seed=1 ep=45/50
[ppo_shared_attn_uniform_cf_obs15_stopgo_v10_diag_cv2_seed1.zip] seed=1 ep=0/50
[ppo_shared_attn_uniform_cf_obs15_stopgo_v10_diag_cv2_seed1.zip] seed=1 ep=5/50
[ppo_shared_attn_uniform_cf_obs15_stopgo_v10_diag_cv2_seed1.zip] seed=1 ep=10/50
[ppo_shared_attn_uniform_cf_obs15_stopgo_v10_diag_cv2_seed1.zip] seed=1 ep=15/50
[ppo_shared_attn_uniform_cf_obs15_stopgo_v10_diag_cv2_seed1.zip] seed=1 ep=20/50
[ppo_shared_attn_uniform_cf_obs15_stopgo_v10_diag_cv2_seed1.zip] seed=1 ep=25/50
[ppo_shared_attn_uniform_cf_obs15_stopgo_v10_diag_cv2_seed1.zip] seed=1 ep=30/50
[ppo_shared_attn_uniform_cf_obs15_stopgo_v10_diag_cv2_seed1.zip] seed=1 ep=35/50
[ppo_shared_attn_uniform_cf_obs15_stopgo_v10_diag_cv2_seed1.zip] seed=1 ep=40/50
[ppo_shared_attn_uniform_cf_obs15_stopgo_v10_diag_cv2_seed1.zip] seed=1 ep=45/50
[ppo_shared_cf_obs15_stopgo_v10_diag_cv2_seed2.zip] seed=2 ep=0/50
[ppo_shared_cf_obs15_stopgo_v10_diag_cv2_seed2.zip] seed=2 ep=5/50
[ppo_shared_cf_obs15_stopgo_v10_diag_cv2_seed2.zip] seed=2 ep=10/50
[ppo_shared_cf_obs15_stopgo_v10_diag_cv2_seed2.zip] seed=2 ep=15/50
[ppo_shared_cf_obs15_stopgo_v10_diag_cv2_seed2.zip] seed=2 ep=20/50
[ppo_shared_cf_obs15_stopgo_v10_diag_cv2_seed2.zip] seed=2 ep=25/50
[ppo_shared_cf_obs15_stopgo_v10_diag_cv2_seed2.zip] seed=2 ep=30/50
[ppo_shared_cf_obs15_stopgo_v10_diag_cv2_seed2.zip] seed=2 ep=35/50
[ppo_shared_cf_obs15_stopgo_v10_diag_cv2_seed2.zip] seed=2 ep=40/50
[ppo_shared_cf_obs15_stopgo_v10_diag_cv2_seed2.zip] seed=2 ep=45/50
[ppo_shared_attn_uniform_cf_obs15_stopgo_v10_diag_cv2_seed2.zip] seed=2 ep=0/50
[ppo_shared_attn_uniform_cf_obs15_stopgo_v10_diag_cv2_seed2.zip] seed=2 ep=5/50
[ppo_shared_attn_uniform_cf_obs15_stopgo_v10_diag_cv2_seed2.zip] seed=2 ep=10/50
[ppo_shared_attn_uniform_cf_obs15_stopgo_v10_diag_cv2_seed2.zip] seed=2 ep=15/50
[ppo_shared_attn_uniform_cf_obs15_stopgo_v10_diag_cv2_seed2.zip] seed=2 ep=20/50
[ppo_shared_attn_uniform_cf_obs15_stopgo_v10_diag_cv2_seed2.zip] seed=2 ep=25/50
[ppo_shared_attn_uniform_cf_obs15_stopgo_v10_diag_cv2_seed2.zip] seed=2 ep=30/50
[ppo_shared_attn_uniform_cf_obs15_stopgo_v10_diag_cv2_seed2.zip] seed=2 ep=35/50
[ppo_shared_attn_uniform_cf_obs15_stopgo_v10_diag_cv2_seed2.zip] seed=2 ep=40/50
[ppo_shared_attn_uniform_cf_obs15_stopgo_v10_diag_cv2_seed2.zip] seed=2 ep=45/50

SHARED BASELINE
  world_reward_return: 32.628 +/- 3.253
  joint_return: 65.256 +/- 6.506
  agent_return: 32.628 +/- 3.253
  world_crash_rate: 0.280 +/- 0.354
  agent_crash_rate: 0.140 +/- 0.177
  world_success_rate: 0.000 +/- 0.000
  mean_len: 164.193 +/- 14.519

SHARED ATTENTION (uniform)
  world_reward_return: 32.276 +/- 0.500
  joint_return: 64.553 +/- 1.001
  agent_return: 32.276 +/- 0.500
  world_crash_rate: 0.113 +/- 0.082
  agent_crash_rate: 0.057 +/- 0.041
  world_success_rate: 0.000 +/- 0.000
  mean_len: 169.247 +/- 2.937


###############################################################################
TCHPC Cluster: callan
Job 168845 (cmp_uniform_cf_obs15_stopgo_cv2_v10_diag) for User 'hadjitot' in Account 'callan_hadjitot'
Finished at: Fri Mar 20 12:21:41 GMT 2026

Job efficiency estimates:
=========================

Job ID: 168845
Cluster: callan
User/Group: hadjitot/hadjitot
State: RUNNING
Nodes: 1
Cores per node: 8
CPU Utilized: 00:17:51
CPU Efficiency: 12.63% of 02:21:20 core-walltime
Job Wall-clock time: 00:17:40
Memory Utilized: 418.48 MB
Memory Efficiency: 2.55% of 16.00 GB (16.00 GB/node)
WARNING: Efficiency statistics can only be obtained after the job has ended as seff tool is based on the accounting database data.

Job completion status:
======================

JobID           JobName AllocCPUS NTasks NNodes     MaxRSS    MaxRSSNode  MaxDiskRead MaxDiskWrite    Elapsed      State ExitCode 
------------ ---------- --------- ------ ------ ---------- ------------- ------------ ------------ ---------- ---------- -------- 
168845       cmp_unifo+         8             1                                                      00:17:40    RUNNING      0:0 
168845.batch      batch         8      1      1    428524K    callan-n10       63.42M        0.01M   00:18:15  COMPLETED      0:0 
168845.exte+     extern         8      1      1                                                      00:17:40    RUNNING      0:0 


Job details:
============

JobId=168845 JobName=cmp_uniform_cf_obs15_stopgo_cv2_v10_diag
   UserId=hadjitot(2357) GroupId=hadjitot(2300) MCS_label=N/A
   Priority=102131 Nice=0 Account=callan_hadjitot QOS=normal
   JobState=COMPLETING Reason=None Dependency=(null)
   Requeue=0 Restarts=0 BatchFlag=1 Reboot=0 ExitCode=0:0
   DerivedExitCode=0:0
   RunTime=00:18:15 TimeLimit=1-00:00:00 TimeMin=N/A
   SubmitTime=2026-03-19T20:18:40 EligibleTime=2026-03-20T12:03:26
   AccrueTime=Unknown
   StartTime=2026-03-20T12:03:26 EndTime=2026-03-20T12:21:41 Deadline=N/A
   SuspendTime=None SecsPreSuspend=0 LastSchedEval=2026-03-20T12:03:26 Scheduler=Backfill
   Partition=compute AllocNode:Sid=callan01:191490
   ReqNodeList=(null) ExcNodeList=(null)
   NodeList=callan-n10
   BatchHost=callan-n10
   NumNodes=1 NumCPUs=8 NumTasks=1 CPUs/Task=8 ReqB:S:C:T=0:0:*:*
   ReqTRES=cpu=8,mem=16G,node=1,billing=8
   AllocTRES=cpu=8,mem=16G,node=1,billing=8
   Socks/Node=* NtasksPerN:B:S:C=0:0:*:* CoreSpec=*
   JOB_GRES=(null)
     Nodes=callan-n10 CPU_IDs=52-59 Mem=16384 GRES=
   MinCPUsNode=8 MinMemoryNode=16G MinTmpDiskNode=0
   Features=(null) DelayBoot=00:00:00
   OverSubscribe=OK Contiguous=0 Licenses=(null) LicensesAlloc=(null) Network=(null)
   Command=/home/users/hadjitot/fyp/HighwayEnv/slurm/eval_shared_metrics.sbatch
   WorkDir=/home/users/hadjitot/fyp/HighwayEnv
   StdErr=/home/users/hadjitot/fyp/HighwayEnv/slurm_out/cmp_uniform_cf_obs15_stopgo_cv2_v10_diag_168845.err
   StdIn=/dev/null
   StdOut=/home/users/hadjitot/fyp/HighwayEnv/slurm_out/cmp_uniform_cf_obs15_stopgo_cv2_v10_diag_168845.out
   TresPerTask=cpu=8
   


Disk quota details:
===================

                         Block Limits                                    |                     File Limits
Name       type             MB      quota      limit   in_doubt    grace |    files   quota    limit in_doubt    grace
root       USR         4872153          0          0       1308     none |   393861       0        0      493     none
root       FILESET     4851304          0          0       3495     none |  9857315       0        0      976     none


SLURM Bank Statement:
=====================

User           Usage |        Account     Usage | Account Limit Available (CPU hrs)
---------- --------- + -------------- --------- + ------------- ---------
hadjitot      14,526 | CALLAN_HADJITOT    14,526 |       300,000   285,474


Acknowledgements:
=================

Note that usage of TCHPC Resources *must* be acknowledged in all publications.

Please see this page for details relevant to this cluster:

http://www.tchpc.tcd.ie/resources/acknowledgementpolicy

################################################################################
