Loading Anaconda 3 2024.02-1
SCENARIO_NAME=highway_lanechange_dense_obs20
EXP_VERSION=v9
TOTAL_TIMESTEPS=1000000
N_ENVS=8
DEEPSETS_HIDDEN=64
ppo_deepsets_highway_lanechange_dense_obs20_v9_seed2 obs shape: (20, 5) action space: Box(-1.0, 1.0, (2,), float32)
Using cpu device
Logging to runs/tb/ppo_deepsets_highway_lanechange_dense_obs20_v9_seed2_1
---------------------------------
| rollout/           |          |
|    ep_len_mean     | 5.79     |
|    ep_rew_mean     | -1.18    |
|    success_rate    | 0        |
| time/              |          |
|    fps             | 185      |
|    iterations      | 1        |
|    time_elapsed    | 88       |
|    total_timesteps | 16384    |
---------------------------------
-----------------------------------------
| rollout/                |             |
|    ep_len_mean          | 4.55        |
|    ep_rew_mean          | 0.387       |
|    success_rate         | 0           |
| time/                   |             |
|    fps                  | 176         |
|    iterations           | 2           |
|    time_elapsed         | 185         |
|    total_timesteps      | 32768       |
| train/                  |             |
|    approx_kl            | 0.014015395 |
|    clip_fraction        | 0.193       |
|    clip_range           | 0.2         |
|    entropy_loss         | -2.84       |
|    explained_variance   | 0.015       |
|    learning_rate        | 0.0003      |
|    loss                 | 5.83        |
|    n_updates            | 10          |
|    policy_gradient_loss | -0.0224     |
|    std                  | 0.998       |
|    value_loss           | 12.7        |
-----------------------------------------
----------------------------------------
| rollout/                |            |
|    ep_len_mean          | 3.67       |
|    ep_rew_mean          | 0.78       |
|    success_rate         | 0          |
| time/                   |            |
|    fps                  | 172        |
|    iterations           | 3          |
|    time_elapsed         | 284        |
|    total_timesteps      | 49152      |
| train/                  |            |
|    approx_kl            | 0.01630476 |
|    clip_fraction        | 0.231      |
|    clip_range           | 0.2        |
|    entropy_loss         | -2.81      |
|    explained_variance   | 0.173      |
|    learning_rate        | 0.0003     |
|    loss                 | 5.74       |
|    n_updates            | 20         |
|    policy_gradient_loss | -0.0255    |
|    std                  | 0.981      |
|    value_loss           | 9.67       |
----------------------------------------
-----------------------------------------
| rollout/                |             |
|    ep_len_mean          | 3.45        |
|    ep_rew_mean          | 0.692       |
|    success_rate         | 0           |
| time/                   |             |
|    fps                  | 170         |
|    iterations           | 4           |
|    time_elapsed         | 383         |
|    total_timesteps      | 65536       |
| train/                  |             |
|    approx_kl            | 0.014281174 |
|    clip_fraction        | 0.137       |
|    clip_range           | 0.2         |
|    entropy_loss         | -2.74       |
|    explained_variance   | 0.102       |
|    learning_rate        | 0.0003      |
|    loss                 | 2.09        |
|    n_updates            | 30          |
|    policy_gradient_loss | -0.0172     |
|    std                  | 0.948       |
|    value_loss           | 5.7         |
-----------------------------------------
-----------------------------------------
| rollout/                |             |
|    ep_len_mean          | 5.05        |
|    ep_rew_mean          | 0.769       |
|    success_rate         | 0           |
| time/                   |             |
|    fps                  | 169         |
|    iterations           | 5           |
|    time_elapsed         | 482         |
|    total_timesteps      | 81920       |
| train/                  |             |
|    approx_kl            | 0.027525602 |
|    clip_fraction        | 0.273       |
|    clip_range           | 0.2         |
|    entropy_loss         | -2.66       |
|    explained_variance   | 0.0915      |
|    learning_rate        | 0.0003      |
|    loss                 | 2.7         |
|    n_updates            | 40          |
|    policy_gradient_loss | -0.017      |
|    std                  | 0.915       |
|    value_loss           | 2.91        |
-----------------------------------------
-----------------------------------------
| rollout/                |             |
|    ep_len_mean          | 4.83        |
|    ep_rew_mean          | 1.14        |
|    success_rate         | 0           |
| time/                   |             |
|    fps                  | 169         |
|    iterations           | 6           |
|    time_elapsed         | 579         |
|    total_timesteps      | 98304       |
| train/                  |             |
|    approx_kl            | 0.030896515 |
|    clip_fraction        | 0.303       |
|    clip_range           | 0.2         |
|    entropy_loss         | -2.59       |
|    explained_variance   | 0.0898      |
|    learning_rate        | 0.0003      |
|    loss                 | 2.15        |
|    n_updates            | 50          |
|    policy_gradient_loss | -0.0222     |
|    std                  | 0.879       |
|    value_loss           | 3.98        |
-----------------------------------------
-----------------------------------------
| rollout/                |             |
|    ep_len_mean          | 7.84        |
|    ep_rew_mean          | 2.34        |
|    success_rate         | 0           |
| time/                   |             |
|    fps                  | 170         |
|    iterations           | 7           |
|    time_elapsed         | 674         |
|    total_timesteps      | 114688      |
| train/                  |             |
|    approx_kl            | 0.035287276 |
|    clip_fraction        | 0.354       |
|    clip_range           | 0.2         |
|    entropy_loss         | -2.5        |
|    explained_variance   | 0.116       |
|    learning_rate        | 0.0003      |
|    loss                 | 0.85        |
|    n_updates            | 60          |
|    policy_gradient_loss | -0.0281     |
|    std                  | 0.847       |
|    value_loss           | 2.83        |
-----------------------------------------
----------------------------------------
| rollout/                |            |
|    ep_len_mean          | 9.96       |
|    ep_rew_mean          | 3.02       |
|    success_rate         | 0          |
| time/                   |            |
|    fps                  | 170        |
|    iterations           | 8          |
|    time_elapsed         | 767        |
|    total_timesteps      | 131072     |
| train/                  |            |
|    approx_kl            | 0.03773364 |
|    clip_fraction        | 0.273      |
|    clip_range           | 0.2        |
|    entropy_loss         | -2.41      |
|    explained_variance   | 0.101      |
|    learning_rate        | 0.0003     |
|    loss                 | 3.95       |
|    n_updates            | 70         |
|    policy_gradient_loss | -0.0197    |
|    std                  | 0.811      |
|    value_loss           | 5.87       |
----------------------------------------
-----------------------------------------
| rollout/                |             |
|    ep_len_mean          | 19          |
|    ep_rew_mean          | 6.33        |
|    success_rate         | 0           |
| time/                   |             |
|    fps                  | 172         |
|    iterations           | 9           |
|    time_elapsed         | 856         |
|    total_timesteps      | 147456      |
| train/                  |             |
|    approx_kl            | 0.036627416 |
|    clip_fraction        | 0.323       |
|    clip_range           | 0.2         |
|    entropy_loss         | -2.3        |
|    explained_variance   | 0.169       |
|    learning_rate        | 0.0003      |
|    loss                 | 2.37        |
|    n_updates            | 80          |
|    policy_gradient_loss | -0.0287     |
|    std                  | 0.783       |
|    value_loss           | 3.94        |
-----------------------------------------
-----------------------------------------
| rollout/                |             |
|    ep_len_mean          | 27          |
|    ep_rew_mean          | 8.92        |
|    success_rate         | 0           |
| time/                   |             |
|    fps                  | 173         |
|    iterations           | 10          |
|    time_elapsed         | 943         |
|    total_timesteps      | 163840      |
| train/                  |             |
|    approx_kl            | 0.028189177 |
|    clip_fraction        | 0.236       |
|    clip_range           | 0.2         |
|    entropy_loss         | -2.21       |
|    explained_variance   | 0.202       |
|    learning_rate        | 0.0003      |
|    loss                 | 3.2         |
|    n_updates            | 90          |
|    policy_gradient_loss | -0.0157     |
|    std                  | 0.757       |
|    value_loss           | 6.94        |
-----------------------------------------
-----------------------------------------
| rollout/                |             |
|    ep_len_mean          | 36          |
|    ep_rew_mean          | 11.8        |
|    success_rate         | 0           |
| time/                   |             |
|    fps                  | 175         |
|    iterations           | 11          |
|    time_elapsed         | 1028        |
|    total_timesteps      | 180224      |
| train/                  |             |
|    approx_kl            | 0.021997917 |
|    clip_fraction        | 0.217       |
|    clip_range           | 0.2         |
|    entropy_loss         | -2.14       |
|    explained_variance   | 0.346       |
|    learning_rate        | 0.0003      |
|    loss                 | 1.99        |
|    n_updates            | 100         |
|    policy_gradient_loss | -0.00511    |
|    std                  | 0.742       |
|    value_loss           | 7.2         |
-----------------------------------------
-----------------------------------------
| rollout/                |             |
|    ep_len_mean          | 48.1        |
|    ep_rew_mean          | 17.4        |
|    success_rate         | 0           |
| time/                   |             |
|    fps                  | 176         |
|    iterations           | 12          |
|    time_elapsed         | 1112        |
|    total_timesteps      | 196608      |
| train/                  |             |
|    approx_kl            | 0.020146284 |
|    clip_fraction        | 0.204       |
|    clip_range           | 0.2         |
|    entropy_loss         | -2.09       |
|    explained_variance   | 0.461       |
|    learning_rate        | 0.0003      |
|    loss                 | 3.16        |
|    n_updates            | 110         |
|    policy_gradient_loss | -0.0029     |
|    std                  | 0.726       |
|    value_loss           | 8.82        |
-----------------------------------------
-----------------------------------------
| rollout/                |             |
|    ep_len_mean          | 51.9        |
|    ep_rew_mean          | 18.1        |
|    success_rate         | 0           |
| time/                   |             |
|    fps                  | 178         |
|    iterations           | 13          |
|    time_elapsed         | 1196        |
|    total_timesteps      | 212992      |
| train/                  |             |
|    approx_kl            | 0.027449472 |
|    clip_fraction        | 0.21        |
|    clip_range           | 0.2         |
|    entropy_loss         | -2.03       |
|    explained_variance   | 0.547       |
|    learning_rate        | 0.0003      |
|    loss                 | 3.75        |
|    n_updates            | 120         |
|    policy_gradient_loss | 0.00529     |
|    std                  | 0.71        |
|    value_loss           | 10.2        |
-----------------------------------------
-----------------------------------------
| rollout/                |             |
|    ep_len_mean          | 65.5        |
|    ep_rew_mean          | 23.3        |
|    success_rate         | 0           |
| time/                   |             |
|    fps                  | 179         |
|    iterations           | 14          |
|    time_elapsed         | 1279        |
|    total_timesteps      | 229376      |
| train/                  |             |
|    approx_kl            | 0.030573858 |
|    clip_fraction        | 0.231       |
|    clip_range           | 0.2         |
|    entropy_loss         | -1.96       |
|    explained_variance   | 0.626       |
|    learning_rate        | 0.0003      |
|    loss                 | 5.61        |
|    n_updates            | 130         |
|    policy_gradient_loss | 0.00448     |
|    std                  | 0.695       |
|    value_loss           | 9.2         |
-----------------------------------------
-----------------------------------------
| rollout/                |             |
|    ep_len_mean          | 62.1        |
|    ep_rew_mean          | 22.1        |
|    success_rate         | 0           |
| time/                   |             |
|    fps                  | 180         |
|    iterations           | 15          |
|    time_elapsed         | 1362        |
|    total_timesteps      | 245760      |
| train/                  |             |
|    approx_kl            | 0.033795007 |
|    clip_fraction        | 0.26        |
|    clip_range           | 0.2         |
|    entropy_loss         | -1.92       |
|    explained_variance   | 0.621       |
|    learning_rate        | 0.0003      |
|    loss                 | 2.95        |
|    n_updates            | 140         |
|    policy_gradient_loss | 0.00978     |
|    std                  | 0.687       |
|    value_loss           | 9.93        |
-----------------------------------------
-----------------------------------------
| rollout/                |             |
|    ep_len_mean          | 87.8        |
|    ep_rew_mean          | 31.7        |
|    success_rate         | 0           |
| time/                   |             |
|    fps                  | 181         |
|    iterations           | 16          |
|    time_elapsed         | 1445        |
|    total_timesteps      | 262144      |
| train/                  |             |
|    approx_kl            | 0.023314636 |
|    clip_fraction        | 0.236       |
|    clip_range           | 0.2         |
|    entropy_loss         | -1.87       |
|    explained_variance   | 0.709       |
|    learning_rate        | 0.0003      |
|    loss                 | 2.09        |
|    n_updates            | 150         |
|    policy_gradient_loss | 0.00604     |
|    std                  | 0.676       |
|    value_loss           | 6.6         |
-----------------------------------------
----------------------------------------
| rollout/                |            |
|    ep_len_mean          | 95.8       |
|    ep_rew_mean          | 32.3       |
|    success_rate         | 0          |
| time/                   |            |
|    fps                  | 182        |
|    iterations           | 17         |
|    time_elapsed         | 1528       |
|    total_timesteps      | 278528     |
| train/                  |            |
|    approx_kl            | 0.03187835 |
|    clip_fraction        | 0.268      |
|    clip_range           | 0.2        |
|    entropy_loss         | -1.81      |
|    explained_variance   | 0.723      |
|    learning_rate        | 0.0003     |
|    loss                 | 2.3        |
|    n_updates            | 160        |
|    policy_gradient_loss | 0.00921    |
|    std                  | 0.659      |
|    value_loss           | 6.59       |
----------------------------------------
----------------------------------------
| rollout/                |            |
|    ep_len_mean          | 108        |
|    ep_rew_mean          | 38.2       |
|    success_rate         | 0          |
| time/                   |            |
|    fps                  | 183        |
|    iterations           | 18         |
|    time_elapsed         | 1609       |
|    total_timesteps      | 294912     |
| train/                  |            |
|    approx_kl            | 0.03441725 |
|    clip_fraction        | 0.287      |
|    clip_range           | 0.2        |
|    entropy_loss         | -1.77      |
|    explained_variance   | 0.644      |
|    learning_rate        | 0.0003     |
|    loss                 | 4.34       |
|    n_updates            | 170        |
|    policy_gradient_loss | 0.0129     |
|    std                  | 0.649      |
|    value_loss           | 10.2       |
----------------------------------------
-----------------------------------------
| rollout/                |             |
|    ep_len_mean          | 117         |
|    ep_rew_mean          | 40.6        |
|    success_rate         | 0           |
| time/                   |             |
|    fps                  | 183         |
|    iterations           | 19          |
|    time_elapsed         | 1692        |
|    total_timesteps      | 311296      |
| train/                  |             |
|    approx_kl            | 0.042385694 |
|    clip_fraction        | 0.275       |
|    clip_range           | 0.2         |
|    entropy_loss         | -1.71       |
|    explained_variance   | 0.646       |
|    learning_rate        | 0.0003      |
|    loss                 | 5.14        |
|    n_updates            | 180         |
|    policy_gradient_loss | 0.012       |
|    std                  | 0.638       |
|    value_loss           | 9.44        |
-----------------------------------------
-----------------------------------------
| rollout/                |             |
|    ep_len_mean          | 118         |
|    ep_rew_mean          | 41.1        |
|    success_rate         | 0           |
| time/                   |             |
|    fps                  | 184         |
|    iterations           | 20          |
|    time_elapsed         | 1773        |
|    total_timesteps      | 327680      |
| train/                  |             |
|    approx_kl            | 0.041255575 |
|    clip_fraction        | 0.282       |
|    clip_range           | 0.2         |
|    entropy_loss         | -1.67       |
|    explained_variance   | 0.606       |
|    learning_rate        | 0.0003      |
|    loss                 | 4.72        |
|    n_updates            | 190         |
|    policy_gradient_loss | 0.0126      |
|    std                  | 0.63        |
|    value_loss           | 9.39        |
-----------------------------------------
-----------------------------------------
| rollout/                |             |
|    ep_len_mean          | 104         |
|    ep_rew_mean          | 37.7        |
|    success_rate         | 0.01        |
| time/                   |             |
|    fps                  | 185         |
|    iterations           | 21          |
|    time_elapsed         | 1856        |
|    total_timesteps      | 344064      |
| train/                  |             |
|    approx_kl            | 0.047294505 |
|    clip_fraction        | 0.31        |
|    clip_range           | 0.2         |
|    entropy_loss         | -1.63       |
|    explained_variance   | 0.596       |
|    learning_rate        | 0.0003      |
|    loss                 | 4.75        |
|    n_updates            | 200         |
|    policy_gradient_loss | 0.0173      |
|    std                  | 0.627       |
|    value_loss           | 11.6        |
-----------------------------------------
----------------------------------------
| rollout/                |            |
|    ep_len_mean          | 112        |
|    ep_rew_mean          | 43.5       |
|    success_rate         | 0          |
| time/                   |            |
|    fps                  | 185        |
|    iterations           | 22         |
|    time_elapsed         | 1939       |
|    total_timesteps      | 360448     |
| train/                  |            |
|    approx_kl            | 0.04434283 |
|    clip_fraction        | 0.294      |
|    clip_range           | 0.2        |
|    entropy_loss         | -1.6       |
|    explained_variance   | 0.532      |
|    learning_rate        | 0.0003     |
|    loss                 | 7.61       |
|    n_updates            | 210        |
|    policy_gradient_loss | 0.0162     |
|    std                  | 0.626      |
|    value_loss           | 14.6       |
----------------------------------------
-----------------------------------------
| rollout/                |             |
|    ep_len_mean          | 98.3        |
|    ep_rew_mean          | 37.1        |
|    success_rate         | 0           |
| time/                   |             |
|    fps                  | 186         |
|    iterations           | 23          |
|    time_elapsed         | 2021        |
|    total_timesteps      | 376832      |
| train/                  |             |
|    approx_kl            | 0.036996227 |
|    clip_fraction        | 0.303       |
|    clip_range           | 0.2         |
|    entropy_loss         | -1.56       |
|    explained_variance   | 0.604       |
|    learning_rate        | 0.0003      |
|    loss                 | 7.31        |
|    n_updates            | 220         |
|    policy_gradient_loss | 0.0131      |
|    std                  | 0.617       |
|    value_loss           | 10.2        |
-----------------------------------------
----------------------------------------
| rollout/                |            |
|    ep_len_mean          | 105        |
|    ep_rew_mean          | 39.2       |
|    success_rate         | 0          |
| time/                   |            |
|    fps                  | 186        |
|    iterations           | 24         |
|    time_elapsed         | 2103       |
|    total_timesteps      | 393216     |
| train/                  |            |
|    approx_kl            | 0.03737851 |
|    clip_fraction        | 0.283      |
|    clip_range           | 0.2        |
|    entropy_loss         | -1.51      |
|    explained_variance   | 0.633      |
|    learning_rate        | 0.0003     |
|    loss                 | 4.28       |
|    n_updates            | 230        |
|    policy_gradient_loss | 0.0119     |
|    std                  | 0.607      |
|    value_loss           | 11         |
----------------------------------------
-----------------------------------------
| rollout/                |             |
|    ep_len_mean          | 121         |
|    ep_rew_mean          | 48.8        |
|    success_rate         | 0           |
| time/                   |             |
|    fps                  | 187         |
|    iterations           | 25          |
|    time_elapsed         | 2185        |
|    total_timesteps      | 409600      |
| train/                  |             |
|    approx_kl            | 0.043118417 |
|    clip_fraction        | 0.325       |
|    clip_range           | 0.2         |
|    entropy_loss         | -1.47       |
|    explained_variance   | 0.658       |
|    learning_rate        | 0.0003      |
|    loss                 | 5.39        |
|    n_updates            | 240         |
|    policy_gradient_loss | 0.0171      |
|    std                  | 0.6         |
|    value_loss           | 11.6        |
-----------------------------------------
----------------------------------------
| rollout/                |            |
|    ep_len_mean          | 119        |
|    ep_rew_mean          | 50         |
|    success_rate         | 0          |
| time/                   |            |
|    fps                  | 187        |
|    iterations           | 26         |
|    time_elapsed         | 2266       |
|    total_timesteps      | 425984     |
| train/                  |            |
|    approx_kl            | 0.04072696 |
|    clip_fraction        | 0.301      |
|    clip_range           | 0.2        |
|    entropy_loss         | -1.43      |
|    explained_variance   | 0.725      |
|    learning_rate        | 0.0003     |
|    loss                 | 2.27       |
|    n_updates            | 250        |
|    policy_gradient_loss | 0.0133     |
|    std                  | 0.59       |
|    value_loss           | 8.32       |
----------------------------------------
-----------------------------------------
| rollout/                |             |
|    ep_len_mean          | 119         |
|    ep_rew_mean          | 48.9        |
|    success_rate         | 0           |
| time/                   |             |
|    fps                  | 188         |
|    iterations           | 27          |
|    time_elapsed         | 2348        |
|    total_timesteps      | 442368      |
| train/                  |             |
|    approx_kl            | 0.034713216 |
|    clip_fraction        | 0.286       |
|    clip_range           | 0.2         |
|    entropy_loss         | -1.37       |
|    explained_variance   | 0.736       |
|    learning_rate        | 0.0003      |
|    loss                 | 4.04        |
|    n_updates            | 260         |
|    policy_gradient_loss | 0.0142      |
|    std                  | 0.581       |
|    value_loss           | 9.8         |
-----------------------------------------
----------------------------------------
| rollout/                |            |
|    ep_len_mean          | 117        |
|    ep_rew_mean          | 47.1       |
|    success_rate         | 0          |
| time/                   |            |
|    fps                  | 188        |
|    iterations           | 28         |
|    time_elapsed         | 2431       |
|    total_timesteps      | 458752     |
| train/                  |            |
|    approx_kl            | 0.05016486 |
|    clip_fraction        | 0.298      |
|    clip_range           | 0.2        |
|    entropy_loss         | -1.33      |
|    explained_variance   | 0.748      |
|    learning_rate        | 0.0003     |
|    loss                 | 3.36       |
|    n_updates            | 270        |
|    policy_gradient_loss | 0.015      |
|    std                  | 0.571      |
|    value_loss           | 8.8        |
----------------------------------------
-----------------------------------------
| rollout/                |             |
|    ep_len_mean          | 121         |
|    ep_rew_mean          | 47.5        |
|    success_rate         | 0           |
| time/                   |             |
|    fps                  | 189         |
|    iterations           | 29          |
|    time_elapsed         | 2513        |
|    total_timesteps      | 475136      |
| train/                  |             |
|    approx_kl            | 0.038716454 |
|    clip_fraction        | 0.299       |
|    clip_range           | 0.2         |
|    entropy_loss         | -1.3        |
|    explained_variance   | 0.756       |
|    learning_rate        | 0.0003      |
|    loss                 | 3.4         |
|    n_updates            | 280         |
|    policy_gradient_loss | 0.0132      |
|    std                  | 0.571       |
|    value_loss           | 8.64        |
-----------------------------------------
-----------------------------------------
| rollout/                |             |
|    ep_len_mean          | 132         |
|    ep_rew_mean          | 54.5        |
|    success_rate         | 0           |
| time/                   |             |
|    fps                  | 189         |
|    iterations           | 30          |
|    time_elapsed         | 2596        |
|    total_timesteps      | 491520      |
| train/                  |             |
|    approx_kl            | 0.041378237 |
|    clip_fraction        | 0.294       |
|    clip_range           | 0.2         |
|    entropy_loss         | -1.26       |
|    explained_variance   | 0.772       |
|    learning_rate        | 0.0003      |
|    loss                 | 2.89        |
|    n_updates            | 290         |
|    policy_gradient_loss | 0.0103      |
|    std                  | 0.561       |
|    value_loss           | 8.88        |
-----------------------------------------
-----------------------------------------
| rollout/                |             |
|    ep_len_mean          | 129         |
|    ep_rew_mean          | 53.5        |
|    success_rate         | 0           |
| time/                   |             |
|    fps                  | 189         |
|    iterations           | 31          |
|    time_elapsed         | 2678        |
|    total_timesteps      | 507904      |
| train/                  |             |
|    approx_kl            | 0.056640893 |
|    clip_fraction        | 0.319       |
|    clip_range           | 0.2         |
|    entropy_loss         | -1.22       |
|    explained_variance   | 0.842       |
|    learning_rate        | 0.0003      |
|    loss                 | 4.13        |
|    n_updates            | 300         |
|    policy_gradient_loss | 0.0184      |
|    std                  | 0.559       |
|    value_loss           | 6.86        |
-----------------------------------------
-----------------------------------------
| rollout/                |             |
|    ep_len_mean          | 125         |
|    ep_rew_mean          | 52.7        |
|    success_rate         | 0           |
| time/                   |             |
|    fps                  | 189         |
|    iterations           | 32          |
|    time_elapsed         | 2760        |
|    total_timesteps      | 524288      |
| train/                  |             |
|    approx_kl            | 0.037753254 |
|    clip_fraction        | 0.272       |
|    clip_range           | 0.2         |
|    entropy_loss         | -1.21       |
|    explained_variance   | 0.831       |
|    learning_rate        | 0.0003      |
|    loss                 | 6.1         |
|    n_updates            | 310         |
|    policy_gradient_loss | 0.0131      |
|    std                  | 0.558       |
|    value_loss           | 8.02        |
-----------------------------------------
-----------------------------------------
| rollout/                |             |
|    ep_len_mean          | 116         |
|    ep_rew_mean          | 48.8        |
|    success_rate         | 0.01        |
| time/                   |             |
|    fps                  | 190         |
|    iterations           | 33          |
|    time_elapsed         | 2843        |
|    total_timesteps      | 540672      |
| train/                  |             |
|    approx_kl            | 0.052373394 |
|    clip_fraction        | 0.325       |
|    clip_range           | 0.2         |
|    entropy_loss         | -1.17       |
|    explained_variance   | 0.775       |
|    learning_rate        | 0.0003      |
|    loss                 | 3.39        |
|    n_updates            | 320         |
|    policy_gradient_loss | 0.0187      |
|    std                  | 0.549       |
|    value_loss           | 10.5        |
-----------------------------------------
-----------------------------------------
| rollout/                |             |
|    ep_len_mean          | 131         |
|    ep_rew_mean          | 57.1        |
|    success_rate         | 0           |
| time/                   |             |
|    fps                  | 190         |
|    iterations           | 34          |
|    time_elapsed         | 2925        |
|    total_timesteps      | 557056      |
| train/                  |             |
|    approx_kl            | 0.048997506 |
|    clip_fraction        | 0.313       |
|    clip_range           | 0.2         |
|    entropy_loss         | -1.15       |
|    explained_variance   | 0.695       |
|    learning_rate        | 0.0003      |
|    loss                 | 2.45        |
|    n_updates            | 330         |
|    policy_gradient_loss | 0.0181      |
|    std                  | 0.548       |
|    value_loss           | 13          |
-----------------------------------------
-----------------------------------------
| rollout/                |             |
|    ep_len_mean          | 118         |
|    ep_rew_mean          | 52.6        |
|    success_rate         | 0           |
| time/                   |             |
|    fps                  | 190         |
|    iterations           | 35          |
|    time_elapsed         | 3007        |
|    total_timesteps      | 573440      |
| train/                  |             |
|    approx_kl            | 0.041178785 |
|    clip_fraction        | 0.323       |
|    clip_range           | 0.2         |
|    entropy_loss         | -1.11       |
|    explained_variance   | 0.823       |
|    learning_rate        | 0.0003      |
|    loss                 | 1.65        |
|    n_updates            | 340         |
|    policy_gradient_loss | 0.0185      |
|    std                  | 0.538       |
|    value_loss           | 6.97        |
-----------------------------------------
----------------------------------------
| rollout/                |            |
|    ep_len_mean          | 111        |
|    ep_rew_mean          | 47.5       |
|    success_rate         | 0          |
| time/                   |            |
|    fps                  | 190        |
|    iterations           | 36         |
|    time_elapsed         | 3090       |
|    total_timesteps      | 589824     |
| train/                  |            |
|    approx_kl            | 0.06204945 |
|    clip_fraction        | 0.321      |
|    clip_range           | 0.2        |
|    entropy_loss         | -1.09      |
|    explained_variance   | 0.794      |
|    learning_rate        | 0.0003     |
|    loss                 | 2.35       |
|    n_updates            | 350        |
|    policy_gradient_loss | 0.0204     |
|    std                  | 0.538      |
|    value_loss           | 10.3       |
----------------------------------------
----------------------------------------
| rollout/                |            |
|    ep_len_mean          | 144        |
|    ep_rew_mean          | 62.5       |
|    success_rate         | 0          |
| time/                   |            |
|    fps                  | 191        |
|    iterations           | 37         |
|    time_elapsed         | 3172       |
|    total_timesteps      | 606208     |
| train/                  |            |
|    approx_kl            | 0.04899568 |
|    clip_fraction        | 0.342      |
|    clip_range           | 0.2        |
|    entropy_loss         | -1.05      |
|    explained_variance   | 0.721      |
|    learning_rate        | 0.0003     |
|    loss                 | 6.36       |
|    n_updates            | 360        |
|    policy_gradient_loss | 0.0227     |
|    std                  | 0.529      |
|    value_loss           | 12         |
----------------------------------------
----------------------------------------
| rollout/                |            |
|    ep_len_mean          | 120        |
|    ep_rew_mean          | 53.9       |
|    success_rate         | 0          |
| time/                   |            |
|    fps                  | 191        |
|    iterations           | 38         |
|    time_elapsed         | 3255       |
|    total_timesteps      | 622592     |
| train/                  |            |
|    approx_kl            | 0.04710731 |
|    clip_fraction        | 0.336      |
|    clip_range           | 0.2        |
|    entropy_loss         | -1.04      |
|    explained_variance   | 0.884      |
|    learning_rate        | 0.0003     |
|    loss                 | 0.954      |
|    n_updates            | 370        |
|    policy_gradient_loss | 0.0212     |
|    std                  | 0.522      |
|    value_loss           | 4.45       |
----------------------------------------
----------------------------------------
| rollout/                |            |
|    ep_len_mean          | 125        |
|    ep_rew_mean          | 57.1       |
|    success_rate         | 0          |
| time/                   |            |
|    fps                  | 191        |
|    iterations           | 39         |
|    time_elapsed         | 3337       |
|    total_timesteps      | 638976     |
| train/                  |            |
|    approx_kl            | 0.04237707 |
|    clip_fraction        | 0.289      |
|    clip_range           | 0.2        |
|    entropy_loss         | -0.992     |
|    explained_variance   | 0.835      |
|    learning_rate        | 0.0003     |
|    loss                 | 1.55       |
|    n_updates            | 380        |
|    policy_gradient_loss | 0.0114     |
|    std                  | 0.513      |
|    value_loss           | 9.46       |
----------------------------------------
----------------------------------------
| rollout/                |            |
|    ep_len_mean          | 125        |
|    ep_rew_mean          | 57.8       |
|    success_rate         | 0          |
| time/                   |            |
|    fps                  | 191        |
|    iterations           | 40         |
|    time_elapsed         | 3419       |
|    total_timesteps      | 655360     |
| train/                  |            |
|    approx_kl            | 0.04068197 |
|    clip_fraction        | 0.29       |
|    clip_range           | 0.2        |
|    entropy_loss         | -0.962     |
|    explained_variance   | 0.885      |
|    learning_rate        | 0.0003     |
|    loss                 | 3.48       |
|    n_updates            | 390        |
|    policy_gradient_loss | 0.0139     |
|    std                  | 0.51       |
|    value_loss           | 6.79       |
----------------------------------------
-----------------------------------------
| rollout/                |             |
|    ep_len_mean          | 131         |
|    ep_rew_mean          | 60.1        |
|    success_rate         | 0           |
| time/                   |             |
|    fps                  | 191         |
|    iterations           | 41          |
|    time_elapsed         | 3502        |
|    total_timesteps      | 671744      |
| train/                  |             |
|    approx_kl            | 0.038206376 |
|    clip_fraction        | 0.317       |
|    clip_range           | 0.2         |
|    entropy_loss         | -0.934      |
|    explained_variance   | 0.876       |
|    learning_rate        | 0.0003      |
|    loss                 | 5.92        |
|    n_updates            | 400         |
|    policy_gradient_loss | 0.0125      |
|    std                  | 0.506       |
|    value_loss           | 7.34        |
-----------------------------------------
----------------------------------------
| rollout/                |            |
|    ep_len_mean          | 132        |
|    ep_rew_mean          | 60.9       |
|    success_rate         | 0          |
| time/                   |            |
|    fps                  | 191        |
|    iterations           | 42         |
|    time_elapsed         | 3584       |
|    total_timesteps      | 688128     |
| train/                  |            |
|    approx_kl            | 0.03720229 |
|    clip_fraction        | 0.295      |
|    clip_range           | 0.2        |
|    entropy_loss         | -0.916     |
|    explained_variance   | 0.901      |
|    learning_rate        | 0.0003     |
|    loss                 | 3.54       |
|    n_updates            | 410        |
|    policy_gradient_loss | 0.0158     |
|    std                  | 0.501      |
|    value_loss           | 6.5        |
----------------------------------------
-----------------------------------------
| rollout/                |             |
|    ep_len_mean          | 131         |
|    ep_rew_mean          | 61.2        |
|    success_rate         | 0           |
| time/                   |             |
|    fps                  | 192         |
|    iterations           | 43          |
|    time_elapsed         | 3667        |
|    total_timesteps      | 704512      |
| train/                  |             |
|    approx_kl            | 0.031809896 |
|    clip_fraction        | 0.279       |
|    clip_range           | 0.2         |
|    entropy_loss         | -0.906      |
|    explained_variance   | 0.9         |
|    learning_rate        | 0.0003      |
|    loss                 | 1.62        |
|    n_updates            | 420         |
|    policy_gradient_loss | 0.0138      |
|    std                  | 0.499       |
|    value_loss           | 6.29        |
-----------------------------------------
-----------------------------------------
| rollout/                |             |
|    ep_len_mean          | 135         |
|    ep_rew_mean          | 63.1        |
|    success_rate         | 0           |
| time/                   |             |
|    fps                  | 192         |
|    iterations           | 44          |
|    time_elapsed         | 3750        |
|    total_timesteps      | 720896      |
| train/                  |             |
|    approx_kl            | 0.036666214 |
|    clip_fraction        | 0.307       |
|    clip_range           | 0.2         |
|    entropy_loss         | -0.891      |
|    explained_variance   | 0.902       |
|    learning_rate        | 0.0003      |
|    loss                 | 6.89        |
|    n_updates            | 430         |
|    policy_gradient_loss | 0.0153      |
|    std                  | 0.496       |
|    value_loss           | 6.47        |
-----------------------------------------
-----------------------------------------
| rollout/                |             |
|    ep_len_mean          | 132         |
|    ep_rew_mean          | 62.5        |
|    success_rate         | 0           |
| time/                   |             |
|    fps                  | 192         |
|    iterations           | 45          |
|    time_elapsed         | 3832        |
|    total_timesteps      | 737280      |
| train/                  |             |
|    approx_kl            | 0.021822546 |
|    clip_fraction        | 0.256       |
|    clip_range           | 0.2         |
|    entropy_loss         | -0.865      |
|    explained_variance   | 0.95        |
|    learning_rate        | 0.0003      |
|    loss                 | 1.62        |
|    n_updates            | 440         |
|    policy_gradient_loss | 0.011       |
|    std                  | 0.49        |
|    value_loss           | 3.52        |
-----------------------------------------
-----------------------------------------
| rollout/                |             |
|    ep_len_mean          | 128         |
|    ep_rew_mean          | 60.3        |
|    success_rate         | 0           |
| time/                   |             |
|    fps                  | 192         |
|    iterations           | 46          |
|    time_elapsed         | 3914        |
|    total_timesteps      | 753664      |
| train/                  |             |
|    approx_kl            | 0.045853578 |
|    clip_fraction        | 0.298       |
|    clip_range           | 0.2         |
|    entropy_loss         | -0.83       |
|    explained_variance   | 0.923       |
|    learning_rate        | 0.0003      |
|    loss                 | 2.96        |
|    n_updates            | 450         |
|    policy_gradient_loss | 0.016       |
|    std                  | 0.484       |
|    value_loss           | 4.88        |
-----------------------------------------
-----------------------------------------
| rollout/                |             |
|    ep_len_mean          | 116         |
|    ep_rew_mean          | 54.1        |
|    success_rate         | 0           |
| time/                   |             |
|    fps                  | 192         |
|    iterations           | 47          |
|    time_elapsed         | 3996        |
|    total_timesteps      | 770048      |
| train/                  |             |
|    approx_kl            | 0.040419415 |
|    clip_fraction        | 0.285       |
|    clip_range           | 0.2         |
|    entropy_loss         | -0.819      |
|    explained_variance   | 0.862       |
|    learning_rate        | 0.0003      |
|    loss                 | 7.09        |
|    n_updates            | 460         |
|    policy_gradient_loss | 0.0127      |
|    std                  | 0.485       |
|    value_loss           | 10.7        |
-----------------------------------------
----------------------------------------
| rollout/                |            |
|    ep_len_mean          | 101        |
|    ep_rew_mean          | 47.7       |
|    success_rate         | 0          |
| time/                   |            |
|    fps                  | 192        |
|    iterations           | 48         |
|    time_elapsed         | 4079       |
|    total_timesteps      | 786432     |
| train/                  |            |
|    approx_kl            | 0.03892067 |
|    clip_fraction        | 0.28       |
|    clip_range           | 0.2        |
|    entropy_loss         | -0.801     |
|    explained_variance   | 0.807      |
|    learning_rate        | 0.0003     |
|    loss                 | 1.79       |
|    n_updates            | 470        |
|    policy_gradient_loss | 0.0109     |
|    std                  | 0.478      |
|    value_loss           | 14.6       |
----------------------------------------
----------------------------------------
| rollout/                |            |
|    ep_len_mean          | 86.2       |
|    ep_rew_mean          | 40.3       |
|    success_rate         | 0          |
| time/                   |            |
|    fps                  | 192        |
|    iterations           | 49         |
|    time_elapsed         | 4162       |
|    total_timesteps      | 802816     |
| train/                  |            |
|    approx_kl            | 0.04453887 |
|    clip_fraction        | 0.268      |
|    clip_range           | 0.2        |
|    entropy_loss         | -0.772     |
|    explained_variance   | 0.71       |
|    learning_rate        | 0.0003     |
|    loss                 | 8.88       |
|    n_updates            | 480        |
|    policy_gradient_loss | 0.0135     |
|    std                  | 0.473      |
|    value_loss           | 18.4       |
----------------------------------------
-----------------------------------------
| rollout/                |             |
|    ep_len_mean          | 96.5        |
|    ep_rew_mean          | 45.2        |
|    success_rate         | 0           |
| time/                   |             |
|    fps                  | 192         |
|    iterations           | 50          |
|    time_elapsed         | 4245        |
|    total_timesteps      | 819200      |
| train/                  |             |
|    approx_kl            | 0.038340665 |
|    clip_fraction        | 0.284       |
|    clip_range           | 0.2         |
|    entropy_loss         | -0.745      |
|    explained_variance   | 0.694       |
|    learning_rate        | 0.0003      |
|    loss                 | 5.53        |
|    n_updates            | 490         |
|    policy_gradient_loss | 0.0111      |
|    std                  | 0.473       |
|    value_loss           | 23.2        |
-----------------------------------------
----------------------------------------
| rollout/                |            |
|    ep_len_mean          | 102        |
|    ep_rew_mean          | 48.2       |
|    success_rate         | 0          |
| time/                   |            |
|    fps                  | 193        |
|    iterations           | 51         |
|    time_elapsed         | 4328       |
|    total_timesteps      | 835584     |
| train/                  |            |
|    approx_kl            | 0.04382244 |
|    clip_fraction        | 0.312      |
|    clip_range           | 0.2        |
|    entropy_loss         | -0.699     |
|    explained_variance   | 0.656      |
|    learning_rate        | 0.0003     |
|    loss                 | 13.8       |
|    n_updates            | 500        |
|    policy_gradient_loss | 0.013      |
|    std                  | 0.462      |
|    value_loss           | 23.5       |
----------------------------------------
----------------------------------------
| rollout/                |            |
|    ep_len_mean          | 127        |
|    ep_rew_mean          | 60.8       |
|    success_rate         | 0          |
| time/                   |            |
|    fps                  | 193        |
|    iterations           | 52         |
|    time_elapsed         | 4410       |
|    total_timesteps      | 851968     |
| train/                  |            |
|    approx_kl            | 0.06642324 |
|    clip_fraction        | 0.348      |
|    clip_range           | 0.2        |
|    entropy_loss         | -0.672     |
|    explained_variance   | 0.736      |
|    learning_rate        | 0.0003     |
|    loss                 | 5.96       |
|    n_updates            | 510        |
|    policy_gradient_loss | 0.0257     |
|    std                  | 0.458      |
|    value_loss           | 13.3       |
----------------------------------------
-----------------------------------------
| rollout/                |             |
|    ep_len_mean          | 128         |
|    ep_rew_mean          | 61.6        |
|    success_rate         | 0           |
| time/                   |             |
|    fps                  | 193         |
|    iterations           | 53          |
|    time_elapsed         | 4492        |
|    total_timesteps      | 868352      |
| train/                  |             |
|    approx_kl            | 0.046878193 |
|    clip_fraction        | 0.354       |
|    clip_range           | 0.2         |
|    entropy_loss         | -0.644      |
|    explained_variance   | 0.817       |
|    learning_rate        | 0.0003      |
|    loss                 | 0.95        |
|    n_updates            | 520         |
|    policy_gradient_loss | 0.0222      |
|    std                  | 0.455       |
|    value_loss           | 6.14        |
-----------------------------------------
-----------------------------------------
| rollout/                |             |
|    ep_len_mean          | 123         |
|    ep_rew_mean          | 58.6        |
|    success_rate         | 0           |
| time/                   |             |
|    fps                  | 193         |
|    iterations           | 54          |
|    time_elapsed         | 4575        |
|    total_timesteps      | 884736      |
| train/                  |             |
|    approx_kl            | 0.045585077 |
|    clip_fraction        | 0.309       |
|    clip_range           | 0.2         |
|    entropy_loss         | -0.632      |
|    explained_variance   | 0.901       |
|    learning_rate        | 0.0003      |
|    loss                 | 0.745       |
|    n_updates            | 530         |
|    policy_gradient_loss | 0.0141      |
|    std                  | 0.452       |
|    value_loss           | 4.82        |
-----------------------------------------
-----------------------------------------
| rollout/                |             |
|    ep_len_mean          | 131         |
|    ep_rew_mean          | 63.8        |
|    success_rate         | 0           |
| time/                   |             |
|    fps                  | 193         |
|    iterations           | 55          |
|    time_elapsed         | 4658        |
|    total_timesteps      | 901120      |
| train/                  |             |
|    approx_kl            | 0.040755413 |
|    clip_fraction        | 0.282       |
|    clip_range           | 0.2         |
|    entropy_loss         | -0.616      |
|    explained_variance   | 0.861       |
|    learning_rate        | 0.0003      |
|    loss                 | 3.35        |
|    n_updates            | 540         |
|    policy_gradient_loss | 0.0112      |
|    std                  | 0.451       |
|    value_loss           | 8.95        |
-----------------------------------------
-----------------------------------------
| rollout/                |             |
|    ep_len_mean          | 129         |
|    ep_rew_mean          | 62.8        |
|    success_rate         | 0           |
| time/                   |             |
|    fps                  | 193         |
|    iterations           | 56          |
|    time_elapsed         | 4740        |
|    total_timesteps      | 917504      |
| train/                  |             |
|    approx_kl            | 0.024658853 |
|    clip_fraction        | 0.248       |
|    clip_range           | 0.2         |
|    entropy_loss         | -0.605      |
|    explained_variance   | 0.943       |
|    learning_rate        | 0.0003      |
|    loss                 | 0.473       |
|    n_updates            | 550         |
|    policy_gradient_loss | 0.0104      |
|    std                  | 0.447       |
|    value_loss           | 3.33        |
-----------------------------------------
-----------------------------------------
| rollout/                |             |
|    ep_len_mean          | 130         |
|    ep_rew_mean          | 62.9        |
|    success_rate         | 0           |
| time/                   |             |
|    fps                  | 193         |
|    iterations           | 57          |
|    time_elapsed         | 4821        |
|    total_timesteps      | 933888      |
| train/                  |             |
|    approx_kl            | 0.042041924 |
|    clip_fraction        | 0.263       |
|    clip_range           | 0.2         |
|    entropy_loss         | -0.594      |
|    explained_variance   | 0.924       |
|    learning_rate        | 0.0003      |
|    loss                 | 4.49        |
|    n_updates            | 560         |
|    policy_gradient_loss | 0.0114      |
|    std                  | 0.443       |
|    value_loss           | 4.92        |
-----------------------------------------
----------------------------------------
| rollout/                |            |
|    ep_len_mean          | 135        |
|    ep_rew_mean          | 65.8       |
|    success_rate         | 0          |
| time/                   |            |
|    fps                  | 193        |
|    iterations           | 58         |
|    time_elapsed         | 4903       |
|    total_timesteps      | 950272     |
| train/                  |            |
|    approx_kl            | 0.03126108 |
|    clip_fraction        | 0.274      |
|    clip_range           | 0.2        |
|    entropy_loss         | -0.572     |
|    explained_variance   | 0.936      |
|    learning_rate        | 0.0003     |
|    loss                 | 0.546      |
|    n_updates            | 570        |
|    policy_gradient_loss | 0.0146     |
|    std                  | 0.44       |
|    value_loss           | 3.91       |
----------------------------------------
-----------------------------------------
| rollout/                |             |
|    ep_len_mean          | 133         |
|    ep_rew_mean          | 64.6        |
|    success_rate         | 0           |
| time/                   |             |
|    fps                  | 193         |
|    iterations           | 59          |
|    time_elapsed         | 4985        |
|    total_timesteps      | 966656      |
| train/                  |             |
|    approx_kl            | 0.030200176 |
|    clip_fraction        | 0.252       |
|    clip_range           | 0.2         |
|    entropy_loss         | -0.587      |
|    explained_variance   | 0.94        |
|    learning_rate        | 0.0003      |
|    loss                 | 3.33        |
|    n_updates            | 580         |
|    policy_gradient_loss | 0.0106      |
|    std                  | 0.444       |
|    value_loss           | 3.93        |
-----------------------------------------
----------------------------------------
| rollout/                |            |
|    ep_len_mean          | 112        |
|    ep_rew_mean          | 54.1       |
|    success_rate         | 0          |
| time/                   |            |
|    fps                  | 193        |
|    iterations           | 60         |
|    time_elapsed         | 5067       |
|    total_timesteps      | 983040     |
| train/                  |            |
|    approx_kl            | 0.03414441 |
|    clip_fraction        | 0.268      |
|    clip_range           | 0.2        |
|    entropy_loss         | -0.604     |
|    explained_variance   | 0.926      |
|    learning_rate        | 0.0003     |
|    loss                 | 1.13       |
|    n_updates            | 590        |
|    policy_gradient_loss | 0.0108     |
|    std                  | 0.446      |
|    value_loss           | 5.87       |
----------------------------------------
-----------------------------------------
| rollout/                |             |
|    ep_len_mean          | 114         |
|    ep_rew_mean          | 55.3        |
|    success_rate         | 0           |
| time/                   |             |
|    fps                  | 194         |
|    iterations           | 61          |
|    time_elapsed         | 5149        |
|    total_timesteps      | 999424      |
| train/                  |             |
|    approx_kl            | 0.038854647 |
|    clip_fraction        | 0.271       |
|    clip_range           | 0.2         |
|    entropy_loss         | -0.6        |
|    explained_variance   | 0.801       |
|    learning_rate        | 0.0003      |
|    loss                 | 6.22        |
|    n_updates            | 600         |
|    policy_gradient_loss | 0.00766     |
|    std                  | 0.442       |
|    value_loss           | 15.1        |
-----------------------------------------
----------------------------------------
| rollout/                |            |
|    ep_len_mean          | 120        |
|    ep_rew_mean          | 58.3       |
|    success_rate         | 0          |
| time/                   |            |
|    fps                  | 194        |
|    iterations           | 62         |
|    time_elapsed         | 5231       |
|    total_timesteps      | 1015808    |
| train/                  |            |
|    approx_kl            | 0.04248298 |
|    clip_fraction        | 0.298      |
|    clip_range           | 0.2        |
|    entropy_loss         | -0.579     |
|    explained_variance   | 0.834      |
|    learning_rate        | 0.0003     |
|    loss                 | 1.1        |
|    n_updates            | 610        |
|    policy_gradient_loss | 0.0127     |
|    std                  | 0.438      |
|    value_loss           | 11.6       |
----------------------------------------


###############################################################################
TCHPC Cluster: callan
Job 167182 (deepsets_highway_lanechange_dense_obs20_seed2_ne8_1000000_v9) for User 'hadjitot' in Account 'callan_hadjitot'
Finished at: Sat Mar 14 20:09:21 GMT 2026

Job efficiency estimates:
=========================

Job ID: 167182
Cluster: callan
User/Group: hadjitot/hadjitot
State: RUNNING
Nodes: 1
Cores per node: 16
CPU Utilized: 09:30:20
CPU Efficiency: 40.76% of 23:19:12 core-walltime
Job Wall-clock time: 01:27:27
Memory Utilized: 3.29 GB
Memory Efficiency: 10.27% of 32.00 GB (32.00 GB/node)
WARNING: Efficiency statistics can only be obtained after the job has ended as seff tool is based on the accounting database data.

Job completion status:
======================

JobID           JobName AllocCPUS NTasks NNodes     MaxRSS    MaxRSSNode  MaxDiskRead MaxDiskWrite    Elapsed      State ExitCode 
------------ ---------- --------- ------ ------ ---------- ------------- ------------ ------------ ---------- ---------- -------- 
167182       deepsets_+        16             1                                                      01:27:27    RUNNING      0:0 
167182.batch      batch        16      1      1   3444948K    callan-n11     1539.20M     1212.41M   01:28:02  COMPLETED      0:0 
167182.exte+     extern        16      1      1                                                      01:27:27    RUNNING      0:0 


Job details:
============

JobId=167182 JobName=deepsets_highway_lanechange_dense_obs20_seed2_ne8_1000000_v9
   UserId=hadjitot(2357) GroupId=hadjitot(2300) MCS_label=N/A
   Priority=99547 Nice=0 Account=callan_hadjitot QOS=normal
   JobState=COMPLETING Reason=None Dependency=(null)
   Requeue=0 Restarts=0 BatchFlag=1 Reboot=0 ExitCode=0:0
   DerivedExitCode=0:0
   RunTime=01:28:02 TimeLimit=2-00:00:00 TimeMin=N/A
   SubmitTime=2026-03-14T16:25:32 EligibleTime=2026-03-14T16:25:32
   AccrueTime=2026-03-14T16:25:32
   StartTime=2026-03-14T18:41:19 EndTime=2026-03-14T20:09:21 Deadline=N/A
   SuspendTime=None SecsPreSuspend=0 LastSchedEval=2026-03-14T18:41:19 Scheduler=Backfill
   Partition=compute AllocNode:Sid=callan01:3275852
   ReqNodeList=(null) ExcNodeList=(null)
   NodeList=callan-n11
   BatchHost=callan-n11
   NumNodes=1 NumCPUs=16 NumTasks=1 CPUs/Task=16 ReqB:S:C:T=0:0:*:*
   ReqTRES=cpu=16,mem=32G,node=1,billing=16
   AllocTRES=cpu=16,mem=32G,node=1,billing=16
   Socks/Node=* NtasksPerN:B:S:C=0:0:*:* CoreSpec=*
   JOB_GRES=(null)
     Nodes=callan-n11 CPU_IDs=32-47 Mem=32768 GRES=
   MinCPUsNode=16 MinMemoryNode=32G MinTmpDiskNode=0
   Features=(null) DelayBoot=00:00:00
   OverSubscribe=OK Contiguous=0 Licenses=(null) LicensesAlloc=(null) Network=(null)
   Command=/home/users/hadjitot/fyp/HighwayEnv/slurm/train_deepsets.sbatch
   WorkDir=/home/users/hadjitot/fyp/HighwayEnv
   StdErr=/home/users/hadjitot/fyp/HighwayEnv/slurm_out/deepsets_highway_lanechange_dense_obs20_seed2_ne8_1000000_v9_167182.err
   StdIn=/dev/null
   StdOut=/home/users/hadjitot/fyp/HighwayEnv/slurm_out/deepsets_highway_lanechange_dense_obs20_seed2_ne8_1000000_v9_167182.out
   TresPerTask=cpu=16
   


Disk quota details:
===================

                         Block Limits                                    |                     File Limits
Name       type             MB      quota      limit   in_doubt    grace |    files   quota    limit in_doubt    grace
root       USR         4841293          0          0        272     none |   391561       0        0       59     none
root       FILESET     4947720          0          0       3520     none |  9909175       0        0      864     none


SLURM Bank Statement:
=====================

User           Usage |        Account     Usage | Account Limit Available (CPU hrs)
---------- --------- + -------------- --------- + ------------- ---------
hadjitot      17,476 | CALLAN_HADJITOT    17,476 |       300,000   282,524


Acknowledgements:
=================

Note that usage of TCHPC Resources *must* be acknowledged in all publications.

Please see this page for details relevant to this cluster:

http://www.tchpc.tcd.ie/resources/acknowledgementpolicy

################################################################################
