Loading Anaconda 3 2024.02-1
TRAIN_SCENARIO_NAME=highway_lanechange_dense_obs20
EVAL_SCENARIO_NAME=highway_lanechange_dense_obs20_shuffle
EXP_VERSION=v10_diag_ttc
SEEDS=0,1,2
CONTROLLED_VEHICLES=2
N_EVAL_EPISODES=50
MAX_STEPS=0
MODEL_DIR=runs/models
ATTN_MODE=oracle
Train scenario: highway_lanechange_dense_obs20
Eval scenario: highway_lanechange_dense_obs20_shuffle
EXP_VERSION=v10_diag_ttc
CONTROLLED_VEHICLES=2
ATTN_MODE=oracle
N_EVAL_EPISODES=50
[ppo_shared_highway_lanechange_dense_obs20_v10_diag_ttc_cv2_seed0.zip] seed=0 ep=0/50
[ppo_shared_highway_lanechange_dense_obs20_v10_diag_ttc_cv2_seed0.zip] seed=0 ep=5/50
[ppo_shared_highway_lanechange_dense_obs20_v10_diag_ttc_cv2_seed0.zip] seed=0 ep=10/50
[ppo_shared_highway_lanechange_dense_obs20_v10_diag_ttc_cv2_seed0.zip] seed=0 ep=15/50
[ppo_shared_highway_lanechange_dense_obs20_v10_diag_ttc_cv2_seed0.zip] seed=0 ep=20/50
[ppo_shared_highway_lanechange_dense_obs20_v10_diag_ttc_cv2_seed0.zip] seed=0 ep=25/50
[ppo_shared_highway_lanechange_dense_obs20_v10_diag_ttc_cv2_seed0.zip] seed=0 ep=30/50
[ppo_shared_highway_lanechange_dense_obs20_v10_diag_ttc_cv2_seed0.zip] seed=0 ep=35/50
[ppo_shared_highway_lanechange_dense_obs20_v10_diag_ttc_cv2_seed0.zip] seed=0 ep=40/50
[ppo_shared_highway_lanechange_dense_obs20_v10_diag_ttc_cv2_seed0.zip] seed=0 ep=45/50
[ppo_shared_attn_oracle_highway_lanechange_dense_obs20_v10_diag_ttc_cv2_seed0.zip] seed=0 ep=0/50
[ppo_shared_attn_oracle_highway_lanechange_dense_obs20_v10_diag_ttc_cv2_seed0.zip] seed=0 ep=5/50
[ppo_shared_attn_oracle_highway_lanechange_dense_obs20_v10_diag_ttc_cv2_seed0.zip] seed=0 ep=10/50
[ppo_shared_attn_oracle_highway_lanechange_dense_obs20_v10_diag_ttc_cv2_seed0.zip] seed=0 ep=15/50
[ppo_shared_attn_oracle_highway_lanechange_dense_obs20_v10_diag_ttc_cv2_seed0.zip] seed=0 ep=20/50
[ppo_shared_attn_oracle_highway_lanechange_dense_obs20_v10_diag_ttc_cv2_seed0.zip] seed=0 ep=25/50
[ppo_shared_attn_oracle_highway_lanechange_dense_obs20_v10_diag_ttc_cv2_seed0.zip] seed=0 ep=30/50
[ppo_shared_attn_oracle_highway_lanechange_dense_obs20_v10_diag_ttc_cv2_seed0.zip] seed=0 ep=35/50
[ppo_shared_attn_oracle_highway_lanechange_dense_obs20_v10_diag_ttc_cv2_seed0.zip] seed=0 ep=40/50
[ppo_shared_attn_oracle_highway_lanechange_dense_obs20_v10_diag_ttc_cv2_seed0.zip] seed=0 ep=45/50
[ppo_shared_highway_lanechange_dense_obs20_v10_diag_ttc_cv2_seed1.zip] seed=1 ep=0/50
[ppo_shared_highway_lanechange_dense_obs20_v10_diag_ttc_cv2_seed1.zip] seed=1 ep=5/50
[ppo_shared_highway_lanechange_dense_obs20_v10_diag_ttc_cv2_seed1.zip] seed=1 ep=10/50
[ppo_shared_highway_lanechange_dense_obs20_v10_diag_ttc_cv2_seed1.zip] seed=1 ep=15/50
[ppo_shared_highway_lanechange_dense_obs20_v10_diag_ttc_cv2_seed1.zip] seed=1 ep=20/50
[ppo_shared_highway_lanechange_dense_obs20_v10_diag_ttc_cv2_seed1.zip] seed=1 ep=25/50
[ppo_shared_highway_lanechange_dense_obs20_v10_diag_ttc_cv2_seed1.zip] seed=1 ep=30/50
[ppo_shared_highway_lanechange_dense_obs20_v10_diag_ttc_cv2_seed1.zip] seed=1 ep=35/50
[ppo_shared_highway_lanechange_dense_obs20_v10_diag_ttc_cv2_seed1.zip] seed=1 ep=40/50
[ppo_shared_highway_lanechange_dense_obs20_v10_diag_ttc_cv2_seed1.zip] seed=1 ep=45/50
[ppo_shared_attn_oracle_highway_lanechange_dense_obs20_v10_diag_ttc_cv2_seed1.zip] seed=1 ep=0/50
[ppo_shared_attn_oracle_highway_lanechange_dense_obs20_v10_diag_ttc_cv2_seed1.zip] seed=1 ep=5/50
[ppo_shared_attn_oracle_highway_lanechange_dense_obs20_v10_diag_ttc_cv2_seed1.zip] seed=1 ep=10/50
[ppo_shared_attn_oracle_highway_lanechange_dense_obs20_v10_diag_ttc_cv2_seed1.zip] seed=1 ep=15/50
[ppo_shared_attn_oracle_highway_lanechange_dense_obs20_v10_diag_ttc_cv2_seed1.zip] seed=1 ep=20/50
[ppo_shared_attn_oracle_highway_lanechange_dense_obs20_v10_diag_ttc_cv2_seed1.zip] seed=1 ep=25/50
[ppo_shared_attn_oracle_highway_lanechange_dense_obs20_v10_diag_ttc_cv2_seed1.zip] seed=1 ep=30/50
[ppo_shared_attn_oracle_highway_lanechange_dense_obs20_v10_diag_ttc_cv2_seed1.zip] seed=1 ep=35/50
[ppo_shared_attn_oracle_highway_lanechange_dense_obs20_v10_diag_ttc_cv2_seed1.zip] seed=1 ep=40/50
[ppo_shared_attn_oracle_highway_lanechange_dense_obs20_v10_diag_ttc_cv2_seed1.zip] seed=1 ep=45/50
[ppo_shared_highway_lanechange_dense_obs20_v10_diag_ttc_cv2_seed2.zip] seed=2 ep=0/50
[ppo_shared_highway_lanechange_dense_obs20_v10_diag_ttc_cv2_seed2.zip] seed=2 ep=5/50
[ppo_shared_highway_lanechange_dense_obs20_v10_diag_ttc_cv2_seed2.zip] seed=2 ep=10/50
[ppo_shared_highway_lanechange_dense_obs20_v10_diag_ttc_cv2_seed2.zip] seed=2 ep=15/50
[ppo_shared_highway_lanechange_dense_obs20_v10_diag_ttc_cv2_seed2.zip] seed=2 ep=20/50
[ppo_shared_highway_lanechange_dense_obs20_v10_diag_ttc_cv2_seed2.zip] seed=2 ep=25/50
[ppo_shared_highway_lanechange_dense_obs20_v10_diag_ttc_cv2_seed2.zip] seed=2 ep=30/50
[ppo_shared_highway_lanechange_dense_obs20_v10_diag_ttc_cv2_seed2.zip] seed=2 ep=35/50
[ppo_shared_highway_lanechange_dense_obs20_v10_diag_ttc_cv2_seed2.zip] seed=2 ep=40/50
[ppo_shared_highway_lanechange_dense_obs20_v10_diag_ttc_cv2_seed2.zip] seed=2 ep=45/50
[ppo_shared_attn_oracle_highway_lanechange_dense_obs20_v10_diag_ttc_cv2_seed2.zip] seed=2 ep=0/50
[ppo_shared_attn_oracle_highway_lanechange_dense_obs20_v10_diag_ttc_cv2_seed2.zip] seed=2 ep=5/50
[ppo_shared_attn_oracle_highway_lanechange_dense_obs20_v10_diag_ttc_cv2_seed2.zip] seed=2 ep=10/50
[ppo_shared_attn_oracle_highway_lanechange_dense_obs20_v10_diag_ttc_cv2_seed2.zip] seed=2 ep=15/50
[ppo_shared_attn_oracle_highway_lanechange_dense_obs20_v10_diag_ttc_cv2_seed2.zip] seed=2 ep=20/50
[ppo_shared_attn_oracle_highway_lanechange_dense_obs20_v10_diag_ttc_cv2_seed2.zip] seed=2 ep=25/50
[ppo_shared_attn_oracle_highway_lanechange_dense_obs20_v10_diag_ttc_cv2_seed2.zip] seed=2 ep=30/50
[ppo_shared_attn_oracle_highway_lanechange_dense_obs20_v10_diag_ttc_cv2_seed2.zip] seed=2 ep=35/50
[ppo_shared_attn_oracle_highway_lanechange_dense_obs20_v10_diag_ttc_cv2_seed2.zip] seed=2 ep=40/50
[ppo_shared_attn_oracle_highway_lanechange_dense_obs20_v10_diag_ttc_cv2_seed2.zip] seed=2 ep=45/50

SHARED BASELINE
  world_reward_return: 4.509 +/- 4.256
  joint_return: 9.018 +/- 8.513
  agent_return: 4.509 +/- 4.256
  world_crash_rate: 0.820 +/- 0.123
  agent_crash_rate: 0.410 +/- 0.062
  world_success_rate: 0.000 +/- 0.000
  mean_len: 29.320 +/- 21.465

SHARED ATTENTION (oracle)
  world_reward_return: 47.209 +/- 8.358
  joint_return: 94.419 +/- 16.716
  agent_return: 47.209 +/- 8.358
  world_crash_rate: 0.187 +/- 0.125
  agent_crash_rate: 0.093 +/- 0.062
  world_success_rate: 0.000 +/- 0.000
  mean_len: 149.407 +/- 6.034


###############################################################################
TCHPC Cluster: callan
Job 168895 (gen_oraclettc_highway_lanechange_dense_obs20_to_highway_lanechange_dense_obs20_shuffle_cv2_v10_diag_ttc) for User 'hadjitot' in Account 'callan_hadjitot'
Finished at: Fri Mar 20 17:29:09 GMT 2026

Job efficiency estimates:
=========================

Job ID: 168895
Cluster: callan
User/Group: hadjitot/hadjitot
State: COMPLETED (exit code 0)
Nodes: 1
Cores per node: 8
CPU Utilized: 00:22:32
CPU Efficiency: 9.51% of 03:57:04 core-walltime
Job Wall-clock time: 00:29:38
Memory Utilized: 560.64 MB
Memory Efficiency: 3.42% of 16.00 GB (16.00 GB/node)

Job completion status:
======================

JobID           JobName AllocCPUS NTasks NNodes     MaxRSS    MaxRSSNode  MaxDiskRead MaxDiskWrite    Elapsed      State ExitCode 
------------ ---------- --------- ------ ------ ---------- ------------- ------------ ------------ ---------- ---------- -------- 
168895       gen_oracl+         8             1                                                      00:29:38  COMPLETED      0:0 
168895.batch      batch         8      1      1    574096K    callan-n12       63.55M        0.01M   00:29:38  COMPLETED      0:0 
168895.exte+     extern         8      1      1                                                      00:29:38  COMPLETED      0:0 


Job details:
============

JobId=168895 JobName=gen_oraclettc_highway_lanechange_dense_obs20_to_highway_lanechange_dense_obs20_shuffle_cv2_v10_diag_ttc
   UserId=hadjitot(2357) GroupId=hadjitot(2300) MCS_label=N/A
   Priority=102131 Nice=0 Account=callan_hadjitot QOS=normal
   JobState=COMPLETING Reason=None Dependency=(null)
   Requeue=0 Restarts=0 BatchFlag=1 Reboot=0 ExitCode=0:0
   DerivedExitCode=0:0
   RunTime=00:29:38 TimeLimit=1-00:00:00 TimeMin=N/A
   SubmitTime=2026-03-19T20:19:24 EligibleTime=2026-03-20T16:59:31
   AccrueTime=Unknown
   StartTime=2026-03-20T16:59:31 EndTime=2026-03-20T17:29:09 Deadline=N/A
   SuspendTime=None SecsPreSuspend=0 LastSchedEval=2026-03-20T16:59:31 Scheduler=Backfill
   Partition=compute AllocNode:Sid=callan01:191490
   ReqNodeList=(null) ExcNodeList=(null)
   NodeList=callan-n12
   BatchHost=callan-n12
   NumNodes=1 NumCPUs=8 NumTasks=1 CPUs/Task=8 ReqB:S:C:T=0:0:*:*
   ReqTRES=cpu=8,mem=16G,node=1,billing=8
   AllocTRES=cpu=8,mem=16G,node=1,billing=8
   Socks/Node=* NtasksPerN:B:S:C=0:0:*:* CoreSpec=*
   JOB_GRES=(null)
     Nodes=callan-n12 CPU_IDs=18-25 Mem=16384 GRES=
   MinCPUsNode=8 MinMemoryNode=16G MinTmpDiskNode=0
   Features=(null) DelayBoot=00:00:00
   OverSubscribe=OK Contiguous=0 Licenses=(null) LicensesAlloc=(null) Network=(null)
   Command=/home/users/hadjitot/fyp/HighwayEnv/slurm/eval_shared_metrics.sbatch
   WorkDir=/home/users/hadjitot/fyp/HighwayEnv
   StdErr=/home/users/hadjitot/fyp/HighwayEnv/slurm_out/gen_oraclettc_highway_lanechange_dense_obs20_to_highway_lanechange_dense_obs20_shuffle_cv2_v10_diag_ttc_168895.err
   StdIn=/dev/null
   StdOut=/home/users/hadjitot/fyp/HighwayEnv/slurm_out/gen_oraclettc_highway_lanechange_dense_obs20_to_highway_lanechange_dense_obs20_shuffle_cv2_v10_diag_ttc_168895.out
   TresPerTask=cpu=8
   


Disk quota details:
===================

                         Block Limits                                    |                     File Limits
Name       type             MB      quota      limit   in_doubt    grace |    files   quota    limit in_doubt    grace
root       USR         4876398          0          0       1152     none |   394066       0        0      742     none
root       FILESET     4897136          0          0       3073     none |  9859846       0        0      943     none


SLURM Bank Statement:
=====================

User           Usage |        Account     Usage | Account Limit Available (CPU hrs)
---------- --------- + -------------- --------- + ------------- ---------
hadjitot      15,264 | CALLAN_HADJITOT    15,264 |       300,000   284,736


Acknowledgements:
=================

Note that usage of TCHPC Resources *must* be acknowledged in all publications.

Please see this page for details relevant to this cluster:

http://www.tchpc.tcd.ie/resources/acknowledgementpolicy

################################################################################
