Loading Anaconda 3 2024.02-1
TRAIN_SCENARIO_NAME=highway_lanechange_dense_obs20
EVAL_SCENARIO_NAME=highway_lanechange_dense_obs20_shuffle
EXP_VERSION=v12
MODEL_KIND=attn
ATTN_MODE=learned
Loading models trained on: highway_lanechange_dense_obs20 (EXP_VERSION=v12)
Evaluating in env: highway_lanechange_dense_obs20_shuffle -> continuous-exit-v0
Model kind: attn
Seeds: [2]
N_EVAL_EPISODES=100
Attention mode: learned
[ppo_baseline_highway_lanechange_dense_obs20_v12_seed2.zip] seed=2 ep=0/100
[ppo_baseline_highway_lanechange_dense_obs20_v12_seed2.zip] seed=2 ep=5/100
[ppo_baseline_highway_lanechange_dense_obs20_v12_seed2.zip] seed=2 ep=10/100
[ppo_baseline_highway_lanechange_dense_obs20_v12_seed2.zip] seed=2 ep=15/100
[ppo_baseline_highway_lanechange_dense_obs20_v12_seed2.zip] seed=2 ep=20/100
[ppo_baseline_highway_lanechange_dense_obs20_v12_seed2.zip] seed=2 ep=25/100
[ppo_baseline_highway_lanechange_dense_obs20_v12_seed2.zip] seed=2 ep=30/100
[ppo_baseline_highway_lanechange_dense_obs20_v12_seed2.zip] seed=2 ep=35/100
[ppo_baseline_highway_lanechange_dense_obs20_v12_seed2.zip] seed=2 ep=40/100
[ppo_baseline_highway_lanechange_dense_obs20_v12_seed2.zip] seed=2 ep=45/100
[ppo_baseline_highway_lanechange_dense_obs20_v12_seed2.zip] seed=2 ep=50/100
[ppo_baseline_highway_lanechange_dense_obs20_v12_seed2.zip] seed=2 ep=55/100
[ppo_baseline_highway_lanechange_dense_obs20_v12_seed2.zip] seed=2 ep=60/100
[ppo_baseline_highway_lanechange_dense_obs20_v12_seed2.zip] seed=2 ep=65/100
[ppo_baseline_highway_lanechange_dense_obs20_v12_seed2.zip] seed=2 ep=70/100
[ppo_baseline_highway_lanechange_dense_obs20_v12_seed2.zip] seed=2 ep=75/100
[ppo_baseline_highway_lanechange_dense_obs20_v12_seed2.zip] seed=2 ep=80/100
[ppo_baseline_highway_lanechange_dense_obs20_v12_seed2.zip] seed=2 ep=85/100
[ppo_baseline_highway_lanechange_dense_obs20_v12_seed2.zip] seed=2 ep=90/100
[ppo_baseline_highway_lanechange_dense_obs20_v12_seed2.zip] seed=2 ep=95/100
[ppo_attn_learned_highway_lanechange_dense_obs20_v12_seed2.zip] seed=2 ep=0/100
[ppo_attn_learned_highway_lanechange_dense_obs20_v12_seed2.zip] seed=2 ep=5/100
[ppo_attn_learned_highway_lanechange_dense_obs20_v12_seed2.zip] seed=2 ep=10/100
[ppo_attn_learned_highway_lanechange_dense_obs20_v12_seed2.zip] seed=2 ep=15/100
[ppo_attn_learned_highway_lanechange_dense_obs20_v12_seed2.zip] seed=2 ep=20/100
[ppo_attn_learned_highway_lanechange_dense_obs20_v12_seed2.zip] seed=2 ep=25/100
[ppo_attn_learned_highway_lanechange_dense_obs20_v12_seed2.zip] seed=2 ep=30/100
[ppo_attn_learned_highway_lanechange_dense_obs20_v12_seed2.zip] seed=2 ep=35/100
[ppo_attn_learned_highway_lanechange_dense_obs20_v12_seed2.zip] seed=2 ep=40/100
[ppo_attn_learned_highway_lanechange_dense_obs20_v12_seed2.zip] seed=2 ep=45/100
[ppo_attn_learned_highway_lanechange_dense_obs20_v12_seed2.zip] seed=2 ep=50/100
[ppo_attn_learned_highway_lanechange_dense_obs20_v12_seed2.zip] seed=2 ep=55/100
[ppo_attn_learned_highway_lanechange_dense_obs20_v12_seed2.zip] seed=2 ep=60/100
[ppo_attn_learned_highway_lanechange_dense_obs20_v12_seed2.zip] seed=2 ep=65/100
[ppo_attn_learned_highway_lanechange_dense_obs20_v12_seed2.zip] seed=2 ep=70/100
[ppo_attn_learned_highway_lanechange_dense_obs20_v12_seed2.zip] seed=2 ep=75/100
[ppo_attn_learned_highway_lanechange_dense_obs20_v12_seed2.zip] seed=2 ep=80/100
[ppo_attn_learned_highway_lanechange_dense_obs20_v12_seed2.zip] seed=2 ep=85/100
[ppo_attn_learned_highway_lanechange_dense_obs20_v12_seed2.zip] seed=2 ep=90/100
[ppo_attn_learned_highway_lanechange_dense_obs20_v12_seed2.zip] seed=2 ep=95/100

BASELINE
  return:     13.904 ± 0.000
  crash_rate: 0.770 ± 0.000
  ep_len:     42.740 ± 0.000

ATTENTION (learned)
  return:     67.447 ± 0.000
  crash_rate: 0.000 ± 0.000
  ep_len:     142.690 ± 0.000


###############################################################################
TCHPC Cluster: callan
Job 171174 (gen_learned_highway_lanechange_dense_obs20_seed2_v12_e100) for User 'hadjitot' in Account 'callan_hadjitot'
Finished at: Sat Mar 28 19:46:33 GMT 2026

Job efficiency estimates:
=========================

Job ID: 171174
Cluster: callan
User/Group: hadjitot/hadjitot
State: RUNNING
Nodes: 1
Cores per node: 16
CPU Utilized: 00:12:44
CPU Efficiency: 5.73% of 03:42:08 core-walltime
Job Wall-clock time: 00:13:53
Memory Utilized: 556.40 MB
Memory Efficiency: 1.70% of 32.00 GB (32.00 GB/node)
WARNING: Efficiency statistics can only be obtained after the job has ended as seff tool is based on the accounting database data.

Job completion status:
======================

JobID           JobName AllocCPUS NTasks NNodes     MaxRSS    MaxRSSNode  MaxDiskRead MaxDiskWrite    Elapsed      State ExitCode 
------------ ---------- --------- ------ ------ ---------- ------------- ------------ ------------ ---------- ---------- -------- 
171174       gen_learn+        16             1                                                      00:14:29  COMPLETED      0:0 
171174.batch      batch        16      1      1    569752K    callan-n05       61.67M        0.01M   00:14:29  COMPLETED      0:0 
171174.exte+     extern        16      1      1                                                      00:14:29  COMPLETED      0:0 


Job details:
============

JobId=171174 JobName=gen_learned_highway_lanechange_dense_obs20_seed2_v12_e100
   UserId=hadjitot(2357) GroupId=hadjitot(2300) MCS_label=N/A
   Priority=99819 Nice=0 Account=callan_hadjitot QOS=normal
   JobState=COMPLETING Reason=None Dependency=(null)
   Requeue=0 Restarts=0 BatchFlag=1 Reboot=0 ExitCode=0:0
   DerivedExitCode=0:0
   RunTime=00:14:29 TimeLimit=2-00:00:00 TimeMin=N/A
   SubmitTime=2026-03-27T20:37:57 EligibleTime=2026-03-28T18:27:32
   AccrueTime=2026-03-28T18:27:32
   StartTime=2026-03-28T19:32:04 EndTime=2026-03-28T19:46:33 Deadline=N/A
   SuspendTime=None SecsPreSuspend=0 LastSchedEval=2026-03-28T19:32:04 Scheduler=Backfill
   Partition=compute AllocNode:Sid=callan01:1076092
   ReqNodeList=(null) ExcNodeList=(null)
   NodeList=callan-n05
   BatchHost=callan-n05
   NumNodes=1 NumCPUs=16 NumTasks=1 CPUs/Task=16 ReqB:S:C:T=0:0:*:*
   ReqTRES=cpu=16,mem=32G,node=1,billing=16
   AllocTRES=cpu=16,mem=32G,node=1,billing=16
   Socks/Node=* NtasksPerN:B:S:C=0:0:*:* CoreSpec=*
   JOB_GRES=(null)
     Nodes=callan-n05 CPU_IDs=10-17,32-39 Mem=32768 GRES=
   MinCPUsNode=16 MinMemoryNode=32G MinTmpDiskNode=0
   Features=(null) DelayBoot=00:00:00
   OverSubscribe=OK Contiguous=0 Licenses=(null) LicensesAlloc=(null) Network=(null)
   Command=/home/users/hadjitot/fyp/HighwayEnv/slurm/eval_metrics.sbatch
   WorkDir=/home/users/hadjitot/fyp/HighwayEnv
   StdErr=/home/users/hadjitot/fyp/HighwayEnv/slurm_out/gen_learned_highway_lanechange_dense_obs20_seed2_v12_e100_171174.err
   StdIn=/dev/null
   StdOut=/home/users/hadjitot/fyp/HighwayEnv/slurm_out/gen_learned_highway_lanechange_dense_obs20_seed2_v12_e100_171174.out
   TresPerTask=cpu=16
   


Disk quota details:
===================

                         Block Limits                                    |                     File Limits
Name       type             MB      quota      limit   in_doubt    grace |    files   quota    limit in_doubt    grace
root       USR         4978961          0          0       2582     none |   398476       0        0      925     none
root       FILESET     5361507          0          0       5014     none |  9914628       0        0     1839     none


SLURM Bank Statement:
=====================

User           Usage |        Account     Usage | Account Limit Available (CPU hrs)
---------- --------- + -------------- --------- + ------------- ---------
hadjitot      13,209 | CALLAN_HADJITOT    13,209 |       300,000   286,791


Acknowledgements:
=================

Note that usage of TCHPC Resources *must* be acknowledged in all publications.

Please see this page for details relevant to this cluster:

http://www.tchpc.tcd.ie/resources/acknowledgementpolicy

################################################################################
