Loading Anaconda 3 2024.02-1
TRAIN_SCENARIO_NAME=cf_obs15
EVAL_SCENARIO_NAME=cf_obs15_shuffle
EXP_VERSION=v10_diag
SEEDS=0,1,2
CONTROLLED_VEHICLES=2
N_EVAL_EPISODES=50
MAX_STEPS=0
MODEL_DIR=runs/models
ATTN_MODE=learned
Train scenario: cf_obs15
Eval scenario: cf_obs15_shuffle
EXP_VERSION=v10_diag
CONTROLLED_VEHICLES=2
ATTN_MODE=learned
N_EVAL_EPISODES=50
[ppo_shared_cf_obs15_v10_diag_cv2_seed0.zip] seed=0 ep=0/50
[ppo_shared_cf_obs15_v10_diag_cv2_seed0.zip] seed=0 ep=5/50
[ppo_shared_cf_obs15_v10_diag_cv2_seed0.zip] seed=0 ep=10/50
[ppo_shared_cf_obs15_v10_diag_cv2_seed0.zip] seed=0 ep=15/50
[ppo_shared_cf_obs15_v10_diag_cv2_seed0.zip] seed=0 ep=20/50
[ppo_shared_cf_obs15_v10_diag_cv2_seed0.zip] seed=0 ep=25/50
[ppo_shared_cf_obs15_v10_diag_cv2_seed0.zip] seed=0 ep=30/50
[ppo_shared_cf_obs15_v10_diag_cv2_seed0.zip] seed=0 ep=35/50
[ppo_shared_cf_obs15_v10_diag_cv2_seed0.zip] seed=0 ep=40/50
[ppo_shared_cf_obs15_v10_diag_cv2_seed0.zip] seed=0 ep=45/50
[ppo_shared_attn_learned_cf_obs15_v10_diag_cv2_seed0.zip] seed=0 ep=0/50
[ppo_shared_attn_learned_cf_obs15_v10_diag_cv2_seed0.zip] seed=0 ep=5/50
[ppo_shared_attn_learned_cf_obs15_v10_diag_cv2_seed0.zip] seed=0 ep=10/50
[ppo_shared_attn_learned_cf_obs15_v10_diag_cv2_seed0.zip] seed=0 ep=15/50
[ppo_shared_attn_learned_cf_obs15_v10_diag_cv2_seed0.zip] seed=0 ep=20/50
[ppo_shared_attn_learned_cf_obs15_v10_diag_cv2_seed0.zip] seed=0 ep=25/50
[ppo_shared_attn_learned_cf_obs15_v10_diag_cv2_seed0.zip] seed=0 ep=30/50
[ppo_shared_attn_learned_cf_obs15_v10_diag_cv2_seed0.zip] seed=0 ep=35/50
[ppo_shared_attn_learned_cf_obs15_v10_diag_cv2_seed0.zip] seed=0 ep=40/50
[ppo_shared_attn_learned_cf_obs15_v10_diag_cv2_seed0.zip] seed=0 ep=45/50
[ppo_shared_cf_obs15_v10_diag_cv2_seed1.zip] seed=1 ep=0/50
[ppo_shared_cf_obs15_v10_diag_cv2_seed1.zip] seed=1 ep=5/50
[ppo_shared_cf_obs15_v10_diag_cv2_seed1.zip] seed=1 ep=10/50
[ppo_shared_cf_obs15_v10_diag_cv2_seed1.zip] seed=1 ep=15/50
[ppo_shared_cf_obs15_v10_diag_cv2_seed1.zip] seed=1 ep=20/50
[ppo_shared_cf_obs15_v10_diag_cv2_seed1.zip] seed=1 ep=25/50
[ppo_shared_cf_obs15_v10_diag_cv2_seed1.zip] seed=1 ep=30/50
[ppo_shared_cf_obs15_v10_diag_cv2_seed1.zip] seed=1 ep=35/50
[ppo_shared_cf_obs15_v10_diag_cv2_seed1.zip] seed=1 ep=40/50
[ppo_shared_cf_obs15_v10_diag_cv2_seed1.zip] seed=1 ep=45/50
[ppo_shared_attn_learned_cf_obs15_v10_diag_cv2_seed1.zip] seed=1 ep=0/50
[ppo_shared_attn_learned_cf_obs15_v10_diag_cv2_seed1.zip] seed=1 ep=5/50
[ppo_shared_attn_learned_cf_obs15_v10_diag_cv2_seed1.zip] seed=1 ep=10/50
[ppo_shared_attn_learned_cf_obs15_v10_diag_cv2_seed1.zip] seed=1 ep=15/50
[ppo_shared_attn_learned_cf_obs15_v10_diag_cv2_seed1.zip] seed=1 ep=20/50
[ppo_shared_attn_learned_cf_obs15_v10_diag_cv2_seed1.zip] seed=1 ep=25/50
[ppo_shared_attn_learned_cf_obs15_v10_diag_cv2_seed1.zip] seed=1 ep=30/50
[ppo_shared_attn_learned_cf_obs15_v10_diag_cv2_seed1.zip] seed=1 ep=35/50
[ppo_shared_attn_learned_cf_obs15_v10_diag_cv2_seed1.zip] seed=1 ep=40/50
[ppo_shared_attn_learned_cf_obs15_v10_diag_cv2_seed1.zip] seed=1 ep=45/50
[ppo_shared_cf_obs15_v10_diag_cv2_seed2.zip] seed=2 ep=0/50
[ppo_shared_cf_obs15_v10_diag_cv2_seed2.zip] seed=2 ep=5/50
[ppo_shared_cf_obs15_v10_diag_cv2_seed2.zip] seed=2 ep=10/50
[ppo_shared_cf_obs15_v10_diag_cv2_seed2.zip] seed=2 ep=15/50
[ppo_shared_cf_obs15_v10_diag_cv2_seed2.zip] seed=2 ep=20/50
[ppo_shared_cf_obs15_v10_diag_cv2_seed2.zip] seed=2 ep=25/50
[ppo_shared_cf_obs15_v10_diag_cv2_seed2.zip] seed=2 ep=30/50
[ppo_shared_cf_obs15_v10_diag_cv2_seed2.zip] seed=2 ep=35/50
[ppo_shared_cf_obs15_v10_diag_cv2_seed2.zip] seed=2 ep=40/50
[ppo_shared_cf_obs15_v10_diag_cv2_seed2.zip] seed=2 ep=45/50
[ppo_shared_attn_learned_cf_obs15_v10_diag_cv2_seed2.zip] seed=2 ep=0/50
[ppo_shared_attn_learned_cf_obs15_v10_diag_cv2_seed2.zip] seed=2 ep=5/50
[ppo_shared_attn_learned_cf_obs15_v10_diag_cv2_seed2.zip] seed=2 ep=10/50
[ppo_shared_attn_learned_cf_obs15_v10_diag_cv2_seed2.zip] seed=2 ep=15/50
[ppo_shared_attn_learned_cf_obs15_v10_diag_cv2_seed2.zip] seed=2 ep=20/50
[ppo_shared_attn_learned_cf_obs15_v10_diag_cv2_seed2.zip] seed=2 ep=25/50
[ppo_shared_attn_learned_cf_obs15_v10_diag_cv2_seed2.zip] seed=2 ep=30/50
[ppo_shared_attn_learned_cf_obs15_v10_diag_cv2_seed2.zip] seed=2 ep=35/50
[ppo_shared_attn_learned_cf_obs15_v10_diag_cv2_seed2.zip] seed=2 ep=40/50
[ppo_shared_attn_learned_cf_obs15_v10_diag_cv2_seed2.zip] seed=2 ep=45/50

SHARED BASELINE
  world_reward_return: 6.726 +/- 0.738
  joint_return: 13.452 +/- 1.477
  agent_return: 6.726 +/- 0.738
  world_crash_rate: 1.000 +/- 0.000
  agent_crash_rate: 0.543 +/- 0.033
  world_success_rate: 0.000 +/- 0.000
  mean_len: 21.173 +/- 2.606

SHARED ATTENTION (learned)
  world_reward_return: 23.896 +/- 11.619
  joint_return: 47.792 +/- 23.238
  agent_return: 23.896 +/- 11.619
  world_crash_rate: 0.420 +/- 0.424
  agent_crash_rate: 0.220 +/- 0.226
  world_success_rate: 0.000 +/- 0.000
  mean_len: 102.547 +/- 56.085


###############################################################################
TCHPC Cluster: callan
Job 168824 (gen_learned_cf_obs15_to_cf_obs15_shuffle_cv2_v10_diag) for User 'hadjitot' in Account 'callan_hadjitot'
Finished at: Fri Mar 20 11:42:39 GMT 2026

Job efficiency estimates:
=========================

Job ID: 168824
Cluster: callan
User/Group: hadjitot/hadjitot
State: COMPLETED (exit code 0)
Nodes: 1
Cores per node: 8
CPU Utilized: 00:06:55
CPU Efficiency: 11.98% of 00:57:44 core-walltime
Job Wall-clock time: 00:07:13
Memory Utilized: 423.46 MB
Memory Efficiency: 2.58% of 16.00 GB (16.00 GB/node)

Job completion status:
======================

JobID           JobName AllocCPUS NTasks NNodes     MaxRSS    MaxRSSNode  MaxDiskRead MaxDiskWrite    Elapsed      State ExitCode 
------------ ---------- --------- ------ ------ ---------- ------------- ------------ ------------ ---------- ---------- -------- 
168824       gen_learn+         8             1                                                      00:07:13  COMPLETED      0:0 
168824.batch      batch         8      1      1    433628K    callan-n10       63.47M        0.01M   00:07:13  COMPLETED      0:0 
168824.exte+     extern         8      1      1                                                      00:07:13  COMPLETED      0:0 


Job details:
============

JobId=168824 JobName=gen_learned_cf_obs15_to_cf_obs15_shuffle_cv2_v10_diag
   UserId=hadjitot(2357) GroupId=hadjitot(2300) MCS_label=N/A
   Priority=103551 Nice=0 Account=callan_hadjitot QOS=normal
   JobState=COMPLETING Reason=None Dependency=(null)
   Requeue=0 Restarts=0 BatchFlag=1 Reboot=0 ExitCode=0:0
   DerivedExitCode=0:0
   RunTime=00:07:13 TimeLimit=1-00:00:00 TimeMin=N/A
   SubmitTime=2026-03-19T20:18:40 EligibleTime=2026-03-20T06:49:01
   AccrueTime=2026-03-20T06:49:01
   StartTime=2026-03-20T11:35:26 EndTime=2026-03-20T11:42:39 Deadline=N/A
   SuspendTime=None SecsPreSuspend=0 LastSchedEval=2026-03-20T11:35:26 Scheduler=Backfill
   Partition=compute AllocNode:Sid=callan01:191490
   ReqNodeList=(null) ExcNodeList=(null)
   NodeList=callan-n10
   BatchHost=callan-n10
   NumNodes=1 NumCPUs=8 NumTasks=1 CPUs/Task=8 ReqB:S:C:T=0:0:*:*
   ReqTRES=cpu=8,mem=16G,node=1,billing=8
   AllocTRES=cpu=8,mem=16G,node=1,billing=8
   Socks/Node=* NtasksPerN:B:S:C=0:0:*:* CoreSpec=*
   JOB_GRES=(null)
     Nodes=callan-n10 CPU_IDs=52-59 Mem=16384 GRES=
   MinCPUsNode=8 MinMemoryNode=16G MinTmpDiskNode=0
   Features=(null) DelayBoot=00:00:00
   OverSubscribe=OK Contiguous=0 Licenses=(null) LicensesAlloc=(null) Network=(null)
   Command=/home/users/hadjitot/fyp/HighwayEnv/slurm/eval_shared_metrics.sbatch
   WorkDir=/home/users/hadjitot/fyp/HighwayEnv
   StdErr=/home/users/hadjitot/fyp/HighwayEnv/slurm_out/gen_learned_cf_obs15_to_cf_obs15_shuffle_cv2_v10_diag_168824.err
   StdIn=/dev/null
   StdOut=/home/users/hadjitot/fyp/HighwayEnv/slurm_out/gen_learned_cf_obs15_to_cf_obs15_shuffle_cv2_v10_diag_168824.out
   TresPerTask=cpu=8
   


Disk quota details:
===================

                         Block Limits                                    |                     File Limits
Name       type             MB      quota      limit   in_doubt    grace |    files   quota    limit in_doubt    grace
root       USR         4871210          0          0       1220     none |   393790       0        0      320     none
root       FILESET     4918236          0          0       3331     none |  9857169       0        0      877     none


SLURM Bank Statement:
=====================

User           Usage |        Account     Usage | Account Limit Available (CPU hrs)
---------- --------- + -------------- --------- + ------------- ---------
hadjitot      14,419 | CALLAN_HADJITOT    14,419 |       300,000   285,581


Acknowledgements:
=================

Note that usage of TCHPC Resources *must* be acknowledged in all publications.

Please see this page for details relevant to this cluster:

http://www.tchpc.tcd.ie/resources/acknowledgementpolicy

################################################################################
