Loading Anaconda 3 2024.02-1
TRAIN_SCENARIO_NAME=cf_obs15
EVAL_SCENARIO_NAME=cf_obs15_shuffle
EXP_VERSION=v12
MODEL_KIND=deepsets
ATTN_MODE=legacy-name
Loading models trained on: cf_obs15 (EXP_VERSION=v12)
Evaluating in env: cf_obs15_shuffle -> continuous-highway-v0
Model kind: deepsets
Seeds: [2]
N_EVAL_EPISODES=100
[ppo_baseline_cf_obs15_v12_seed2.zip] seed=2 ep=0/100
[ppo_baseline_cf_obs15_v12_seed2.zip] seed=2 ep=5/100
[ppo_baseline_cf_obs15_v12_seed2.zip] seed=2 ep=10/100
[ppo_baseline_cf_obs15_v12_seed2.zip] seed=2 ep=15/100
[ppo_baseline_cf_obs15_v12_seed2.zip] seed=2 ep=20/100
[ppo_baseline_cf_obs15_v12_seed2.zip] seed=2 ep=25/100
[ppo_baseline_cf_obs15_v12_seed2.zip] seed=2 ep=30/100
[ppo_baseline_cf_obs15_v12_seed2.zip] seed=2 ep=35/100
[ppo_baseline_cf_obs15_v12_seed2.zip] seed=2 ep=40/100
[ppo_baseline_cf_obs15_v12_seed2.zip] seed=2 ep=45/100
[ppo_baseline_cf_obs15_v12_seed2.zip] seed=2 ep=50/100
[ppo_baseline_cf_obs15_v12_seed2.zip] seed=2 ep=55/100
[ppo_baseline_cf_obs15_v12_seed2.zip] seed=2 ep=60/100
[ppo_baseline_cf_obs15_v12_seed2.zip] seed=2 ep=65/100
[ppo_baseline_cf_obs15_v12_seed2.zip] seed=2 ep=70/100
[ppo_baseline_cf_obs15_v12_seed2.zip] seed=2 ep=75/100
[ppo_baseline_cf_obs15_v12_seed2.zip] seed=2 ep=80/100
[ppo_baseline_cf_obs15_v12_seed2.zip] seed=2 ep=85/100
[ppo_baseline_cf_obs15_v12_seed2.zip] seed=2 ep=90/100
[ppo_baseline_cf_obs15_v12_seed2.zip] seed=2 ep=95/100
[ppo_deepsets_cf_obs15_v12_seed2.zip] seed=2 ep=0/100
[ppo_deepsets_cf_obs15_v12_seed2.zip] seed=2 ep=5/100
[ppo_deepsets_cf_obs15_v12_seed2.zip] seed=2 ep=10/100
[ppo_deepsets_cf_obs15_v12_seed2.zip] seed=2 ep=15/100
[ppo_deepsets_cf_obs15_v12_seed2.zip] seed=2 ep=20/100
[ppo_deepsets_cf_obs15_v12_seed2.zip] seed=2 ep=25/100
[ppo_deepsets_cf_obs15_v12_seed2.zip] seed=2 ep=30/100
[ppo_deepsets_cf_obs15_v12_seed2.zip] seed=2 ep=35/100
[ppo_deepsets_cf_obs15_v12_seed2.zip] seed=2 ep=40/100
[ppo_deepsets_cf_obs15_v12_seed2.zip] seed=2 ep=45/100
[ppo_deepsets_cf_obs15_v12_seed2.zip] seed=2 ep=50/100
[ppo_deepsets_cf_obs15_v12_seed2.zip] seed=2 ep=55/100
[ppo_deepsets_cf_obs15_v12_seed2.zip] seed=2 ep=60/100
[ppo_deepsets_cf_obs15_v12_seed2.zip] seed=2 ep=65/100
[ppo_deepsets_cf_obs15_v12_seed2.zip] seed=2 ep=70/100
[ppo_deepsets_cf_obs15_v12_seed2.zip] seed=2 ep=75/100
[ppo_deepsets_cf_obs15_v12_seed2.zip] seed=2 ep=80/100
[ppo_deepsets_cf_obs15_v12_seed2.zip] seed=2 ep=85/100
[ppo_deepsets_cf_obs15_v12_seed2.zip] seed=2 ep=90/100
[ppo_deepsets_cf_obs15_v12_seed2.zip] seed=2 ep=95/100

BASELINE
  return:     1.714 ± 0.000
  crash_rate: 1.000 ± 0.000
  ep_len:     16.460 ± 0.000

DEEPSETS
  return:     31.108 ± 0.000
  crash_rate: 0.000 ± 0.000
  ep_len:     150.000 ± 0.000


###############################################################################
TCHPC Cluster: callan
Job 171089 (gen_deepsets_cf_obs15_seed2_v12_e100) for User 'hadjitot' in Account 'callan_hadjitot'
Finished at: Sat Mar 28 18:26:59 GMT 2026

Job efficiency estimates:
=========================

Job ID: 171089
Cluster: callan
User/Group: hadjitot/hadjitot
State: RUNNING
Nodes: 1
Cores per node: 16
CPU Utilized: 00:05:27
CPU Efficiency: 6.35% of 01:25:52 core-walltime
Job Wall-clock time: 00:05:22
Memory Utilized: 421.14 MB
Memory Efficiency: 1.29% of 32.00 GB (32.00 GB/node)
WARNING: Efficiency statistics can only be obtained after the job has ended as seff tool is based on the accounting database data.

Job completion status:
======================

JobID           JobName AllocCPUS NTasks NNodes     MaxRSS    MaxRSSNode  MaxDiskRead MaxDiskWrite    Elapsed      State ExitCode 
------------ ---------- --------- ------ ------ ---------- ------------- ------------ ------------ ---------- ---------- -------- 
171089       gen_deeps+        16             1                                                      00:05:22    RUNNING      0:0 
171089.batch      batch        16      1      1    431252K    callan-n09       61.65M        0.01M   00:05:57  COMPLETED      0:0 
171089.exte+     extern        16      1      1                                                      00:05:22    RUNNING      0:0 


Job details:
============

JobId=171089 JobName=gen_deepsets_cf_obs15_seed2_v12_e100
   UserId=hadjitot(2357) GroupId=hadjitot(2300) MCS_label=N/A
   Priority=103144 Nice=0 Account=callan_hadjitot QOS=normal
   JobState=COMPLETING Reason=None Dependency=(null)
   Requeue=0 Restarts=0 BatchFlag=1 Reboot=0 ExitCode=0:0
   DerivedExitCode=0:0
   RunTime=00:05:57 TimeLimit=2-00:00:00 TimeMin=N/A
   SubmitTime=2026-03-27T20:37:56 EligibleTime=2026-03-28T06:05:09
   AccrueTime=2026-03-28T06:05:09
   StartTime=2026-03-28T18:21:02 EndTime=2026-03-28T18:26:59 Deadline=N/A
   SuspendTime=None SecsPreSuspend=0 LastSchedEval=2026-03-28T18:21:02 Scheduler=Backfill
   Partition=compute AllocNode:Sid=callan01:1076092
   ReqNodeList=(null) ExcNodeList=(null)
   NodeList=callan-n09
   BatchHost=callan-n09
   NumNodes=1 NumCPUs=16 NumTasks=1 CPUs/Task=16 ReqB:S:C:T=0:0:*:*
   ReqTRES=cpu=16,mem=32G,node=1,billing=16
   AllocTRES=cpu=16,mem=32G,node=1,billing=16
   Socks/Node=* NtasksPerN:B:S:C=0:0:*:* CoreSpec=*
   JOB_GRES=(null)
     Nodes=callan-n09 CPU_IDs=0-1,10-13,27-31,40-44 Mem=32768 GRES=
   MinCPUsNode=16 MinMemoryNode=32G MinTmpDiskNode=0
   Features=(null) DelayBoot=00:00:00
   OverSubscribe=OK Contiguous=0 Licenses=(null) LicensesAlloc=(null) Network=(null)
   Command=/home/users/hadjitot/fyp/HighwayEnv/slurm/eval_metrics.sbatch
   WorkDir=/home/users/hadjitot/fyp/HighwayEnv
   StdErr=/home/users/hadjitot/fyp/HighwayEnv/slurm_out/gen_deepsets_cf_obs15_seed2_v12_e100_171089.err
   StdIn=/dev/null
   StdOut=/home/users/hadjitot/fyp/HighwayEnv/slurm_out/gen_deepsets_cf_obs15_seed2_v12_e100_171089.out
   TresPerTask=cpu=16
   


Disk quota details:
===================

                         Block Limits                                    |                     File Limits
Name       type             MB      quota      limit   in_doubt    grace |    files   quota    limit in_doubt    grace
root       USR         4976857          0          0       2032     none |   398360       0        0      924     none
root       FILESET     5316764          0          0       4762     none |  9917883       0        0     1554     none


SLURM Bank Statement:
=====================

User           Usage |        Account     Usage | Account Limit Available (CPU hrs)
---------- --------- + -------------- --------- + ------------- ---------
hadjitot      13,095 | CALLAN_HADJITOT    13,095 |       300,000   286,905


Acknowledgements:
=================

Note that usage of TCHPC Resources *must* be acknowledged in all publications.

Please see this page for details relevant to this cluster:

http://www.tchpc.tcd.ie/resources/acknowledgementpolicy

################################################################################
