Loading Anaconda 3 2024.02-1
SCENARIO_NAME=cf_obs15
EXP_VERSION=v12
TOTAL_TIMESTEPS=1000000
SEEDS=2
CONTROLLED_VEHICLES=2
N_WORLDS=4
VEC_MODE=async
TARGET_ROLLOUT_SIZE=16384
DEVICE=cpu
MODEL_DIR=runs/models
MONITOR_ROOT=runs/monitor
TB_DIR=runs/tb
REWARD_MODE=team
HIDDEN_DIM=128
LEARNING_RATE=3e-4
GAMMA=0.99
GAE_LAMBDA=0.95
CLIP_RANGE=0.2
ENT_COEF=0.0
VF_COEF=0.5
MAX_GRAD_NORM=0.5
UPDATE_EPOCHS=10
NUM_MINIBATCHES=4
TARGET_KL=
CLIP_VLOSS=true
mappo_cf_obs15_v12_cv2_seed2 agents: 2 agent obs shape: (15, 5) joint action space: Tuple(Box(-1.0, 1.0, (1,), float32), Box(-1.0, 1.0, (1,), float32))
mappo_cf_obs15_v12_cv2_seed2: worlds=4, agents_per_world=2, ppo_slots=8, vec_mode=async, n_steps=2048, num_updates=61, total_timesteps_actual=999424, reward_mode=team
update=1/61 global_step=16384 ep_rew_mean=4.814 ep_len_mean=13.530 policy_loss=0.0104 value_loss=5.5008 entropy=1.4153 approx_kl=0.00010 clipfrac=0.0036 explained_variance=-0.0033
update=2/61 global_step=32768 ep_rew_mean=5.070 ep_len_mean=13.720 policy_loss=0.0014 value_loss=5.1085 entropy=1.4143 approx_kl=0.00181 clipfrac=0.0223 explained_variance=0.0567
update=3/61 global_step=49152 ep_rew_mean=4.597 ep_len_mean=13.920 policy_loss=-0.0055 value_loss=4.4433 entropy=1.4128 approx_kl=0.00157 clipfrac=0.0162 explained_variance=0.1620
update=4/61 global_step=65536 ep_rew_mean=5.079 ep_len_mean=13.960 policy_loss=-0.0335 value_loss=3.4289 entropy=1.4144 approx_kl=0.00292 clipfrac=0.0049 explained_variance=0.3171
update=5/61 global_step=81920 ep_rew_mean=5.214 ep_len_mean=14.230 policy_loss=-0.0149 value_loss=2.8845 entropy=1.4088 approx_kl=0.00244 clipfrac=0.0112 explained_variance=0.4501
update=6/61 global_step=98304 ep_rew_mean=5.201 ep_len_mean=14.740 policy_loss=-0.0211 value_loss=2.1143 entropy=1.4007 approx_kl=0.00456 clipfrac=0.0244 explained_variance=0.5764
update=7/61 global_step=114688 ep_rew_mean=5.366 ep_len_mean=15.080 policy_loss=0.0177 value_loss=1.9079 entropy=1.3920 approx_kl=0.00333 clipfrac=0.0258 explained_variance=0.6520
update=8/61 global_step=131072 ep_rew_mean=4.945 ep_len_mean=15.390 policy_loss=-0.0061 value_loss=1.4972 entropy=1.3868 approx_kl=0.00626 clipfrac=0.0286 explained_variance=0.7159
update=9/61 global_step=147456 ep_rew_mean=5.172 ep_len_mean=15.690 policy_loss=-0.0088 value_loss=1.2221 entropy=1.3836 approx_kl=0.00324 clipfrac=0.0346 explained_variance=0.7698
update=10/61 global_step=163840 ep_rew_mean=5.790 ep_len_mean=16.310 policy_loss=0.0058 value_loss=1.1069 entropy=1.3752 approx_kl=0.00535 clipfrac=0.0436 explained_variance=0.8002
update=11/61 global_step=180224 ep_rew_mean=6.150 ep_len_mean=17.070 policy_loss=-0.0063 value_loss=1.1030 entropy=1.3689 approx_kl=0.00265 clipfrac=0.0641 explained_variance=0.8157
update=12/61 global_step=196608 ep_rew_mean=5.808 ep_len_mean=17.150 policy_loss=-0.0358 value_loss=1.1284 entropy=1.3633 approx_kl=0.00657 clipfrac=0.0448 explained_variance=0.8218
update=13/61 global_step=212992 ep_rew_mean=6.329 ep_len_mean=18.470 policy_loss=0.0059 value_loss=1.9908 entropy=1.3558 approx_kl=0.01160 clipfrac=0.0670 explained_variance=0.7242
update=14/61 global_step=229376 ep_rew_mean=6.172 ep_len_mean=19.720 policy_loss=0.0028 value_loss=3.6559 entropy=1.3516 approx_kl=0.00422 clipfrac=0.0319 explained_variance=0.5119
update=15/61 global_step=245760 ep_rew_mean=5.563 ep_len_mean=24.660 policy_loss=-0.0179 value_loss=9.3028 entropy=1.3468 approx_kl=0.00343 clipfrac=0.0365 explained_variance=-0.0640
update=16/61 global_step=262144 ep_rew_mean=-0.318 ep_len_mean=45.880 policy_loss=-0.0136 value_loss=20.3100 entropy=1.3443 approx_kl=0.00218 clipfrac=0.0172 explained_variance=-0.6655
update=17/61 global_step=278528 ep_rew_mean=0.323 ep_len_mean=42.220 policy_loss=-0.0289 value_loss=22.7707 entropy=1.3394 approx_kl=0.00338 clipfrac=0.0089 explained_variance=-0.6835
update=18/61 global_step=294912 ep_rew_mean=-6.415 ep_len_mean=65.700 policy_loss=0.0035 value_loss=27.3280 entropy=1.3371 approx_kl=0.00100 clipfrac=0.0000 explained_variance=-0.7446
update=19/61 global_step=311296 ep_rew_mean=-7.993 ep_len_mean=73.830 policy_loss=-0.0250 value_loss=27.5867 entropy=1.3350 approx_kl=0.00178 clipfrac=0.0138 explained_variance=-0.8100
update=20/61 global_step=327680 ep_rew_mean=-3.791 ep_len_mean=66.170 policy_loss=-0.0128 value_loss=23.0300 entropy=1.3331 approx_kl=0.00359 clipfrac=0.0101 explained_variance=-0.8552
update=21/61 global_step=344064 ep_rew_mean=0.202 ep_len_mean=51.550 policy_loss=0.0026 value_loss=21.0832 entropy=1.3335 approx_kl=0.00318 clipfrac=0.0122 explained_variance=-0.7956
update=22/61 global_step=360448 ep_rew_mean=-3.149 ep_len_mean=72.150 policy_loss=-0.0107 value_loss=19.5384 entropy=1.3334 approx_kl=0.00202 clipfrac=0.0069 explained_variance=-1.0407
update=23/61 global_step=376832 ep_rew_mean=-4.702 ep_len_mean=86.850 policy_loss=-0.0015 value_loss=18.5944 entropy=1.3286 approx_kl=0.00445 clipfrac=0.0058 explained_variance=-1.1352
update=24/61 global_step=393216 ep_rew_mean=-4.020 ep_len_mean=93.100 policy_loss=-0.0015 value_loss=15.4698 entropy=1.3291 approx_kl=0.00600 clipfrac=0.0184 explained_variance=-1.1497
update=25/61 global_step=409600 ep_rew_mean=-1.639 ep_len_mean=89.260 policy_loss=0.0073 value_loss=13.1251 entropy=1.3286 approx_kl=0.00231 clipfrac=0.0173 explained_variance=-0.9726
update=26/61 global_step=425984 ep_rew_mean=-1.812 ep_len_mean=104.960 policy_loss=-0.0059 value_loss=11.3506 entropy=1.3228 approx_kl=0.00287 clipfrac=0.0144 explained_variance=-1.0303
update=27/61 global_step=442368 ep_rew_mean=-0.980 ep_len_mean=113.790 policy_loss=0.0023 value_loss=10.4220 entropy=1.3172 approx_kl=0.00333 clipfrac=0.0271 explained_variance=-1.0602
update=28/61 global_step=458752 ep_rew_mean=-0.657 ep_len_mean=127.790 policy_loss=0.0027 value_loss=9.7452 entropy=1.3140 approx_kl=0.00420 clipfrac=0.0293 explained_variance=-0.9480
update=29/61 global_step=475136 ep_rew_mean=1.910 ep_len_mean=130.430 policy_loss=-0.0072 value_loss=8.2101 entropy=1.3144 approx_kl=0.00584 clipfrac=0.0192 explained_variance=-0.6100
update=30/61 global_step=491520 ep_rew_mean=4.702 ep_len_mean=139.350 policy_loss=0.0043 value_loss=7.5784 entropy=1.3123 approx_kl=0.00393 clipfrac=0.0216 explained_variance=-0.2723
update=31/61 global_step=507904 ep_rew_mean=7.628 ep_len_mean=142.000 policy_loss=-0.0142 value_loss=6.9636 entropy=1.3101 approx_kl=0.00251 clipfrac=0.0248 explained_variance=0.0059
update=32/61 global_step=524288 ep_rew_mean=10.141 ep_len_mean=134.290 policy_loss=-0.0022 value_loss=5.8033 entropy=1.3083 approx_kl=0.00657 clipfrac=0.0272 explained_variance=0.2402
update=33/61 global_step=540672 ep_rew_mean=12.851 ep_len_mean=131.630 policy_loss=0.0062 value_loss=4.7139 entropy=1.3069 approx_kl=0.00370 clipfrac=0.0326 explained_variance=0.3754
update=34/61 global_step=557056 ep_rew_mean=16.923 ep_len_mean=140.750 policy_loss=0.0101 value_loss=3.6345 entropy=1.3093 approx_kl=0.00367 clipfrac=0.0421 explained_variance=0.4984
update=35/61 global_step=573440 ep_rew_mean=19.116 ep_len_mean=130.450 policy_loss=-0.0040 value_loss=2.6307 entropy=1.3052 approx_kl=0.00182 clipfrac=0.0224 explained_variance=0.5888
update=36/61 global_step=589824 ep_rew_mean=21.658 ep_len_mean=127.880 policy_loss=0.0203 value_loss=2.0742 entropy=1.2968 approx_kl=0.00595 clipfrac=0.0501 explained_variance=0.6286
update=37/61 global_step=606208 ep_rew_mean=24.471 ep_len_mean=131.590 policy_loss=0.0213 value_loss=2.0623 entropy=1.2866 approx_kl=0.00430 clipfrac=0.0418 explained_variance=0.6460
update=38/61 global_step=622592 ep_rew_mean=24.897 ep_len_mean=125.410 policy_loss=-0.0138 value_loss=1.9743 entropy=1.2805 approx_kl=0.00449 clipfrac=0.0251 explained_variance=0.6628
update=39/61 global_step=638976 ep_rew_mean=27.907 ep_len_mean=133.110 policy_loss=-0.0060 value_loss=1.8970 entropy=1.2748 approx_kl=0.00026 clipfrac=0.0346 explained_variance=0.7052
update=40/61 global_step=655360 ep_rew_mean=28.978 ep_len_mean=136.900 policy_loss=0.0008 value_loss=1.7105 entropy=1.2645 approx_kl=0.00185 clipfrac=0.0123 explained_variance=0.7100
update=41/61 global_step=671744 ep_rew_mean=29.684 ep_len_mean=140.720 policy_loss=0.0105 value_loss=1.5641 entropy=1.2596 approx_kl=0.00862 clipfrac=0.0330 explained_variance=0.7248
update=42/61 global_step=688128 ep_rew_mean=31.463 ep_len_mean=145.760 policy_loss=-0.0039 value_loss=1.8205 entropy=1.2582 approx_kl=0.00250 clipfrac=0.0254 explained_variance=0.6697
update=43/61 global_step=704512 ep_rew_mean=30.530 ep_len_mean=139.430 policy_loss=0.0005 value_loss=1.7613 entropy=1.2525 approx_kl=0.00187 clipfrac=0.0184 explained_variance=0.6173
update=44/61 global_step=720896 ep_rew_mean=31.296 ep_len_mean=143.330 policy_loss=-0.0035 value_loss=1.6083 entropy=1.2454 approx_kl=0.00197 clipfrac=0.0341 explained_variance=0.6767
update=45/61 global_step=737280 ep_rew_mean=32.517 ep_len_mean=147.000 policy_loss=0.0027 value_loss=1.4828 entropy=1.2410 approx_kl=0.00269 clipfrac=0.0069 explained_variance=0.7332
update=46/61 global_step=753664 ep_rew_mean=32.624 ep_len_mean=145.480 policy_loss=-0.0211 value_loss=1.5944 entropy=1.2370 approx_kl=0.00423 clipfrac=0.0295 explained_variance=0.7217
update=47/61 global_step=770048 ep_rew_mean=32.250 ep_len_mean=142.820 policy_loss=-0.0077 value_loss=1.5916 entropy=1.2338 approx_kl=0.00250 clipfrac=0.0051 explained_variance=0.7721
update=48/61 global_step=786432 ep_rew_mean=31.162 ep_len_mean=138.280 policy_loss=0.0020 value_loss=1.7588 entropy=1.2341 approx_kl=0.00019 clipfrac=0.0100 explained_variance=0.7447
update=49/61 global_step=802816 ep_rew_mean=30.035 ep_len_mean=135.090 policy_loss=-0.0023 value_loss=1.6353 entropy=1.2347 approx_kl=0.00216 clipfrac=0.0157 explained_variance=0.7549
update=50/61 global_step=819200 ep_rew_mean=29.885 ep_len_mean=134.990 policy_loss=0.0065 value_loss=1.7019 entropy=1.2351 approx_kl=0.00427 clipfrac=0.0181 explained_variance=0.7458
update=51/61 global_step=835584 ep_rew_mean=29.079 ep_len_mean=129.550 policy_loss=-0.0112 value_loss=1.8815 entropy=1.2327 approx_kl=0.00457 clipfrac=0.0119 explained_variance=0.7035
update=52/61 global_step=851968 ep_rew_mean=28.991 ep_len_mean=127.890 policy_loss=0.0171 value_loss=1.8070 entropy=1.2313 approx_kl=0.00237 clipfrac=0.0112 explained_variance=0.7063
update=53/61 global_step=868352 ep_rew_mean=29.909 ep_len_mean=131.680 policy_loss=-0.0080 value_loss=1.7547 entropy=1.2297 approx_kl=0.00170 clipfrac=0.0109 explained_variance=0.7267
update=54/61 global_step=884736 ep_rew_mean=29.772 ep_len_mean=132.030 policy_loss=-0.0250 value_loss=1.9240 entropy=1.2269 approx_kl=0.00389 clipfrac=0.0188 explained_variance=0.6908
update=55/61 global_step=901120 ep_rew_mean=29.402 ep_len_mean=133.600 policy_loss=0.0104 value_loss=2.0711 entropy=1.2249 approx_kl=0.00061 clipfrac=0.0073 explained_variance=0.6184
update=56/61 global_step=917504 ep_rew_mean=29.838 ep_len_mean=134.530 policy_loss=0.0069 value_loss=1.8467 entropy=1.2233 approx_kl=0.00142 clipfrac=0.1476 explained_variance=0.7072
update=57/61 global_step=933888 ep_rew_mean=30.060 ep_len_mean=134.790 policy_loss=0.0007 value_loss=1.9803 entropy=1.2219 approx_kl=0.00054 clipfrac=0.1086 explained_variance=0.6592
update=58/61 global_step=950272 ep_rew_mean=30.959 ep_len_mean=141.080 policy_loss=-0.0191 value_loss=1.5194 entropy=1.2214 approx_kl=0.00293 clipfrac=0.0160 explained_variance=0.7383
update=59/61 global_step=966656 ep_rew_mean=31.898 ep_len_mean=145.650 policy_loss=-0.0287 value_loss=1.4660 entropy=1.2197 approx_kl=0.00105 clipfrac=0.0080 explained_variance=0.6763
update=60/61 global_step=983040 ep_rew_mean=32.337 ep_len_mean=147.140 policy_loss=0.0113 value_loss=1.4176 entropy=1.2181 approx_kl=0.00208 clipfrac=0.0021 explained_variance=0.7262
update=61/61 global_step=999424 ep_rew_mean=32.553 ep_len_mean=146.390 policy_loss=-0.0296 value_loss=1.4204 entropy=1.2139 approx_kl=0.00307 clipfrac=0.0194 explained_variance=0.7624


###############################################################################
TCHPC Cluster: callan
Job 171469 (mappo_base_cf_obs15_seed2_v12) for User 'hadjitot' in Account 'callan_hadjitot'
Finished at: Sat Mar 28 22:42:44 GMT 2026

Job efficiency estimates:
=========================

Job ID: 171469
Cluster: callan
User/Group: hadjitot/hadjitot
State: COMPLETED (exit code 0)
Nodes: 1
Cores per node: 16
CPU Utilized: 03:28:14
CPU Efficiency: 20.14% of 17:13:52 core-walltime
Job Wall-clock time: 01:04:37
Memory Utilized: 1.08 GB
Memory Efficiency: 3.38% of 32.00 GB (32.00 GB/node)

Job completion status:
======================

JobID           JobName AllocCPUS NTasks NNodes     MaxRSS    MaxRSSNode  MaxDiskRead MaxDiskWrite    Elapsed      State ExitCode 
------------ ---------- --------- ------ ------ ---------- ------------- ------------ ------------ ---------- ---------- -------- 
171469       mappo_bas+        16             1                                                      01:04:37  COMPLETED      0:0 
171469.batch      batch        16      1      1   1135796K    callan-n09      773.40M      713.35M   01:04:37  COMPLETED      0:0 
171469.exte+     extern        16      1      1                                                      01:04:37  COMPLETED      0:0 


Job details:
============

JobId=171469 JobName=mappo_base_cf_obs15_seed2_v12
   UserId=hadjitot(2357) GroupId=hadjitot(2300) MCS_label=N/A
   Priority=99971 Nice=0 Account=callan_hadjitot QOS=normal
   JobState=COMPLETING Reason=None Dependency=(null)
   Requeue=0 Restarts=0 BatchFlag=1 Reboot=0 ExitCode=0:0
   DerivedExitCode=0:0
   RunTime=01:04:37 TimeLimit=2-00:00:00 TimeMin=N/A
   SubmitTime=2026-03-28T20:02:54 EligibleTime=2026-03-28T20:02:54
   AccrueTime=2026-03-28T20:02:54
   StartTime=2026-03-28T21:38:07 EndTime=2026-03-28T22:42:44 Deadline=N/A
   SuspendTime=None SecsPreSuspend=0 LastSchedEval=2026-03-28T21:38:07 Scheduler=Backfill
   Partition=compute AllocNode:Sid=callan01:1182475
   ReqNodeList=(null) ExcNodeList=(null)
   NodeList=callan-n09
   BatchHost=callan-n09
   NumNodes=1 NumCPUs=16 NumTasks=1 CPUs/Task=16 ReqB:S:C:T=0:0:*:*
   ReqTRES=cpu=16,mem=32G,node=1,billing=16
   AllocTRES=cpu=16,mem=32G,node=1,billing=16
   Socks/Node=* NtasksPerN:B:S:C=0:0:*:* CoreSpec=*
   JOB_GRES=(null)
     Nodes=callan-n09 CPU_IDs=0-1,10-23 Mem=32768 GRES=
   MinCPUsNode=16 MinMemoryNode=32G MinTmpDiskNode=0
   Features=(null) DelayBoot=00:00:00
   OverSubscribe=OK Contiguous=0 Licenses=(null) LicensesAlloc=(null) Network=(null)
   Command=/home/users/hadjitot/fyp/HighwayEnv/slurm/train_mappo.sbatch
   WorkDir=/home/users/hadjitot/fyp/HighwayEnv
   StdErr=/home/users/hadjitot/fyp/HighwayEnv/slurm_out/mappo_base_cf_obs15_seed2_v12_171469.err
   StdIn=/dev/null
   StdOut=/home/users/hadjitot/fyp/HighwayEnv/slurm_out/mappo_base_cf_obs15_seed2_v12_171469.out
   TresPerTask=cpu=16
   


Disk quota details:
===================

                         Block Limits                                    |                     File Limits
Name       type             MB      quota      limit   in_doubt    grace |    files   quota    limit in_doubt    grace
root       USR         4981010          0          0       1890     none |   398592       0        0     1061     none
root       FILESET     5385578          0          0       4686     none |  9911520       0        0     1726     none


SLURM Bank Statement:
=====================

User           Usage |        Account     Usage | Account Limit Available (CPU hrs)
---------- --------- + -------------- --------- + ------------- ---------
hadjitot      13,437 | CALLAN_HADJITOT    13,437 |       300,000   286,563


Acknowledgements:
=================

Note that usage of TCHPC Resources *must* be acknowledged in all publications.

Please see this page for details relevant to this cluster:

http://www.tchpc.tcd.ie/resources/acknowledgementpolicy

################################################################################
