Loading Anaconda 3 2024.02-1
SCENARIO_NAME=cf_obs15
EXP_VERSION=v12
TOTAL_TIMESTEPS=1000000
SEEDS=1
CONTROLLED_VEHICLES=2
N_WORLDS=4
VEC_MODE=async
TARGET_ROLLOUT_SIZE=16384
DEVICE=cpu
MODEL_DIR=runs/models
MONITOR_ROOT=runs/monitor
TB_DIR=runs/tb
REWARD_MODE=team
HIDDEN_DIM=128
LEARNING_RATE=3e-4
GAMMA=0.99
GAE_LAMBDA=0.95
CLIP_RANGE=0.2
ENT_COEF=0.0
VF_COEF=0.5
MAX_GRAD_NORM=0.5
UPDATE_EPOCHS=10
NUM_MINIBATCHES=4
TARGET_KL=
CLIP_VLOSS=true
ATTN_MODE=learned
X_INDEX=1
VX_INDEX=3
ORACLE_RULE=leader_x
TTC_EPS=1e-6
FEATURES_DIM=128
D_MODEL=32
mappo_attn_learned_cf_obs15_v12_cv2_seed1 agents: 2 agent obs shape: (15, 5) joint action space: Tuple(Box(-1.0, 1.0, (1,), float32), Box(-1.0, 1.0, (1,), float32))
mappo_attn_learned_cf_obs15_v12_cv2_seed1: worlds=4, agents_per_world=2, ppo_slots=8, vec_mode=async, n_steps=2048, num_updates=61, total_timesteps_actual=999424, reward_mode=team, attn_mode=learned, oracle_rule=leader_x
update=1/61 global_step=16384 ep_rew_mean=4.623 ep_len_mean=13.780 policy_loss=-0.0106 value_loss=5.4741 entropy=1.4151 approx_kl=0.00322 clipfrac=0.0066 explained_variance=-0.0006
update=2/61 global_step=32768 ep_rew_mean=4.827 ep_len_mean=13.880 policy_loss=-0.0127 value_loss=4.9257 entropy=1.4110 approx_kl=0.00312 clipfrac=0.0026 explained_variance=0.0536
update=3/61 global_step=49152 ep_rew_mean=4.767 ep_len_mean=14.170 policy_loss=0.0063 value_loss=4.4096 entropy=1.4097 approx_kl=0.00005 clipfrac=0.0000 explained_variance=0.1630
update=4/61 global_step=65536 ep_rew_mean=4.921 ep_len_mean=14.120 policy_loss=-0.0036 value_loss=3.5839 entropy=1.4095 approx_kl=0.00187 clipfrac=0.0041 explained_variance=0.3246
update=5/61 global_step=81920 ep_rew_mean=4.980 ep_len_mean=14.320 policy_loss=0.0096 value_loss=2.9188 entropy=1.4082 approx_kl=0.00338 clipfrac=0.0095 explained_variance=0.4688
update=6/61 global_step=98304 ep_rew_mean=5.176 ep_len_mean=14.850 policy_loss=0.0087 value_loss=2.1936 entropy=1.4036 approx_kl=0.00289 clipfrac=0.0073 explained_variance=0.5915
update=7/61 global_step=114688 ep_rew_mean=5.219 ep_len_mean=15.330 policy_loss=-0.0059 value_loss=1.7770 entropy=1.4003 approx_kl=0.00324 clipfrac=0.0344 explained_variance=0.6677
update=8/61 global_step=131072 ep_rew_mean=5.689 ep_len_mean=15.360 policy_loss=0.0100 value_loss=1.5584 entropy=1.3945 approx_kl=0.00379 clipfrac=0.0274 explained_variance=0.7155
update=9/61 global_step=147456 ep_rew_mean=5.370 ep_len_mean=15.850 policy_loss=-0.0127 value_loss=1.2987 entropy=1.3829 approx_kl=0.00482 clipfrac=0.0371 explained_variance=0.7616
update=10/61 global_step=163840 ep_rew_mean=5.639 ep_len_mean=15.950 policy_loss=0.0213 value_loss=0.9349 entropy=1.3755 approx_kl=0.00078 clipfrac=0.0546 explained_variance=0.8238
update=11/61 global_step=180224 ep_rew_mean=5.816 ep_len_mean=16.830 policy_loss=0.0294 value_loss=0.9578 entropy=1.3681 approx_kl=0.00726 clipfrac=0.0315 explained_variance=0.8450
update=12/61 global_step=196608 ep_rew_mean=5.805 ep_len_mean=17.330 policy_loss=-0.0142 value_loss=0.9942 entropy=1.3635 approx_kl=0.00405 clipfrac=0.0354 explained_variance=0.8430
update=13/61 global_step=212992 ep_rew_mean=5.953 ep_len_mean=17.740 policy_loss=-0.0072 value_loss=1.1850 entropy=1.3555 approx_kl=0.00457 clipfrac=0.0404 explained_variance=0.8262
update=14/61 global_step=229376 ep_rew_mean=6.221 ep_len_mean=18.460 policy_loss=0.0134 value_loss=3.2681 entropy=1.3501 approx_kl=0.00532 clipfrac=0.0214 explained_variance=0.5850
update=15/61 global_step=245760 ep_rew_mean=5.195 ep_len_mean=23.270 policy_loss=-0.0163 value_loss=7.6073 entropy=1.3451 approx_kl=0.00515 clipfrac=0.0244 explained_variance=0.1009
update=16/61 global_step=262144 ep_rew_mean=4.416 ep_len_mean=27.050 policy_loss=-0.0116 value_loss=12.5988 entropy=1.3411 approx_kl=0.00032 clipfrac=0.0041 explained_variance=-0.3008
update=17/61 global_step=278528 ep_rew_mean=3.727 ep_len_mean=29.720 policy_loss=-0.0097 value_loss=15.9771 entropy=1.3389 approx_kl=0.00158 clipfrac=0.0064 explained_variance=-0.4770
update=18/61 global_step=294912 ep_rew_mean=2.005 ep_len_mean=35.870 policy_loss=-0.0100 value_loss=20.8565 entropy=1.3355 approx_kl=0.00498 clipfrac=0.0132 explained_variance=-0.5132
update=19/61 global_step=311296 ep_rew_mean=-4.251 ep_len_mean=55.590 policy_loss=-0.0008 value_loss=32.8215 entropy=1.3321 approx_kl=0.00032 clipfrac=0.0115 explained_variance=-0.6652
update=20/61 global_step=327680 ep_rew_mean=-4.407 ep_len_mean=54.010 policy_loss=0.0007 value_loss=29.9938 entropy=1.3308 approx_kl=0.00257 clipfrac=0.0030 explained_variance=-0.5272
update=21/61 global_step=344064 ep_rew_mean=-13.323 ep_len_mean=79.590 policy_loss=-0.0064 value_loss=36.3698 entropy=1.3289 approx_kl=0.00002 clipfrac=0.0004 explained_variance=-0.4921
update=22/61 global_step=360448 ep_rew_mean=-9.068 ep_len_mean=67.020 policy_loss=0.0036 value_loss=34.0260 entropy=1.3271 approx_kl=0.00287 clipfrac=0.0090 explained_variance=-0.3324
update=23/61 global_step=376832 ep_rew_mean=-15.596 ep_len_mean=85.020 policy_loss=-0.0134 value_loss=36.7427 entropy=1.3259 approx_kl=0.00146 clipfrac=0.0042 explained_variance=-0.3017
update=24/61 global_step=393216 ep_rew_mean=-22.555 ep_len_mean=103.190 policy_loss=0.0059 value_loss=39.1001 entropy=1.3232 approx_kl=0.00331 clipfrac=0.0059 explained_variance=-0.2059
update=25/61 global_step=409600 ep_rew_mean=-25.790 ep_len_mean=110.860 policy_loss=-0.0091 value_loss=37.2034 entropy=1.3213 approx_kl=0.00002 clipfrac=0.0000 explained_variance=-0.0876
update=26/61 global_step=425984 ep_rew_mean=-27.475 ep_len_mean=114.760 policy_loss=0.0173 value_loss=38.0567 entropy=1.3208 approx_kl=0.00635 clipfrac=0.0029 explained_variance=-0.0739
update=27/61 global_step=442368 ep_rew_mean=-24.787 ep_len_mean=108.430 policy_loss=0.0178 value_loss=36.1874 entropy=1.3171 approx_kl=0.00193 clipfrac=0.0124 explained_variance=-0.0022
update=28/61 global_step=458752 ep_rew_mean=-24.664 ep_len_mean=108.680 policy_loss=-0.0275 value_loss=34.3041 entropy=1.3110 approx_kl=0.00269 clipfrac=0.0211 explained_variance=0.0536
update=29/61 global_step=475136 ep_rew_mean=-27.293 ep_len_mean=116.670 policy_loss=-0.0095 value_loss=33.8057 entropy=1.3074 approx_kl=0.00015 clipfrac=0.0032 explained_variance=0.1018
update=30/61 global_step=491520 ep_rew_mean=-23.292 ep_len_mean=104.600 policy_loss=-0.0217 value_loss=31.2467 entropy=1.3065 approx_kl=0.00277 clipfrac=0.0081 explained_variance=0.1675
update=31/61 global_step=507904 ep_rew_mean=-24.409 ep_len_mean=108.440 policy_loss=0.0114 value_loss=31.8839 entropy=1.3034 approx_kl=0.00132 clipfrac=0.0032 explained_variance=0.2036
update=32/61 global_step=524288 ep_rew_mean=-26.980 ep_len_mean=114.840 policy_loss=-0.0321 value_loss=31.0859 entropy=1.3036 approx_kl=0.00348 clipfrac=0.0110 explained_variance=0.2214
update=33/61 global_step=540672 ep_rew_mean=-30.501 ep_len_mean=124.040 policy_loss=0.0144 value_loss=31.0759 entropy=1.3041 approx_kl=0.00384 clipfrac=0.0092 explained_variance=0.2243
update=34/61 global_step=557056 ep_rew_mean=-33.022 ep_len_mean=129.380 policy_loss=-0.0003 value_loss=30.0864 entropy=1.3027 approx_kl=0.00002 clipfrac=0.0015 explained_variance=0.2888
update=35/61 global_step=573440 ep_rew_mean=-31.226 ep_len_mean=124.070 policy_loss=-0.0210 value_loss=28.6096 entropy=1.3014 approx_kl=0.00196 clipfrac=0.0038 explained_variance=0.3060
update=36/61 global_step=589824 ep_rew_mean=-31.370 ep_len_mean=125.160 policy_loss=0.0049 value_loss=27.0853 entropy=1.3035 approx_kl=0.00033 clipfrac=0.0027 explained_variance=0.3688
update=37/61 global_step=606208 ep_rew_mean=-32.338 ep_len_mean=127.940 policy_loss=-0.0046 value_loss=25.6604 entropy=1.3068 approx_kl=0.00318 clipfrac=0.0056 explained_variance=0.3791
update=38/61 global_step=622592 ep_rew_mean=-27.825 ep_len_mean=116.380 policy_loss=-0.0118 value_loss=23.3171 entropy=1.3041 approx_kl=0.00235 clipfrac=0.0080 explained_variance=0.4597
update=39/61 global_step=638976 ep_rew_mean=-27.687 ep_len_mean=116.280 policy_loss=-0.0118 value_loss=22.7009 entropy=1.3016 approx_kl=0.00463 clipfrac=0.0083 explained_variance=0.5032
update=40/61 global_step=655360 ep_rew_mean=-25.356 ep_len_mean=109.600 policy_loss=0.0076 value_loss=21.9772 entropy=1.2981 approx_kl=0.00056 clipfrac=0.0046 explained_variance=0.5307
update=41/61 global_step=671744 ep_rew_mean=-30.843 ep_len_mean=124.040 policy_loss=-0.0039 value_loss=20.5503 entropy=1.2966 approx_kl=0.00566 clipfrac=0.0060 explained_variance=0.5569
update=42/61 global_step=688128 ep_rew_mean=-34.583 ep_len_mean=133.120 policy_loss=0.0029 value_loss=20.4329 entropy=1.2927 approx_kl=0.00213 clipfrac=0.0092 explained_variance=0.5626
update=43/61 global_step=704512 ep_rew_mean=-36.485 ep_len_mean=137.020 policy_loss=-0.0007 value_loss=19.4495 entropy=1.2881 approx_kl=0.00083 clipfrac=0.0098 explained_variance=0.5789
update=44/61 global_step=720896 ep_rew_mean=-37.331 ep_len_mean=139.460 policy_loss=0.0096 value_loss=18.1401 entropy=1.2878 approx_kl=0.00198 clipfrac=0.0150 explained_variance=0.5951
update=45/61 global_step=737280 ep_rew_mean=-36.766 ep_len_mean=138.150 policy_loss=0.0037 value_loss=17.0641 entropy=1.2921 approx_kl=0.00041 clipfrac=0.0394 explained_variance=0.6470
update=46/61 global_step=753664 ep_rew_mean=-34.163 ep_len_mean=131.560 policy_loss=0.0052 value_loss=16.1146 entropy=1.2887 approx_kl=0.00063 clipfrac=0.0164 explained_variance=0.6586
update=47/61 global_step=770048 ep_rew_mean=-33.294 ep_len_mean=130.380 policy_loss=0.0092 value_loss=14.4501 entropy=1.2853 approx_kl=0.00106 clipfrac=0.0028 explained_variance=0.6880
update=48/61 global_step=786432 ep_rew_mean=-32.684 ep_len_mean=128.980 policy_loss=0.0040 value_loss=13.1752 entropy=1.2835 approx_kl=0.00057 clipfrac=0.0048 explained_variance=0.7306
update=49/61 global_step=802816 ep_rew_mean=-33.752 ep_len_mean=131.640 policy_loss=-0.0011 value_loss=13.2969 entropy=1.2839 approx_kl=0.00011 clipfrac=0.0134 explained_variance=0.7269
update=50/61 global_step=819200 ep_rew_mean=-34.517 ep_len_mean=134.250 policy_loss=0.0051 value_loss=12.2611 entropy=1.2841 approx_kl=0.00333 clipfrac=0.0034 explained_variance=0.7528
update=51/61 global_step=835584 ep_rew_mean=-29.585 ep_len_mean=121.460 policy_loss=-0.0053 value_loss=10.7852 entropy=1.2844 approx_kl=0.00076 clipfrac=0.0000 explained_variance=0.7851
update=52/61 global_step=851968 ep_rew_mean=-28.588 ep_len_mean=118.900 policy_loss=-0.0090 value_loss=10.4207 entropy=1.2858 approx_kl=0.00040 clipfrac=0.0019 explained_variance=0.7916
update=53/61 global_step=868352 ep_rew_mean=-30.249 ep_len_mean=122.630 policy_loss=-0.0199 value_loss=9.6998 entropy=1.2866 approx_kl=0.00399 clipfrac=0.0145 explained_variance=0.8048
update=54/61 global_step=884736 ep_rew_mean=-26.783 ep_len_mean=114.980 policy_loss=-0.0134 value_loss=9.2190 entropy=1.2843 approx_kl=0.00472 clipfrac=0.0220 explained_variance=0.8256
update=55/61 global_step=901120 ep_rew_mean=-14.657 ep_len_mean=83.070 policy_loss=0.0019 value_loss=7.6672 entropy=1.2852 approx_kl=0.00386 clipfrac=0.0219 explained_variance=0.8659
update=56/61 global_step=917504 ep_rew_mean=-8.176 ep_len_mean=65.720 policy_loss=0.0037 value_loss=6.4763 entropy=1.2881 approx_kl=0.00219 clipfrac=0.0003 explained_variance=0.8870
update=57/61 global_step=933888 ep_rew_mean=-3.451 ep_len_mean=53.220 policy_loss=-0.0140 value_loss=5.4181 entropy=1.2888 approx_kl=0.00284 clipfrac=0.0112 explained_variance=0.8986
update=58/61 global_step=950272 ep_rew_mean=-3.891 ep_len_mean=53.300 policy_loss=-0.0016 value_loss=5.2374 entropy=1.2872 approx_kl=0.00358 clipfrac=0.0110 explained_variance=0.9090
update=59/61 global_step=966656 ep_rew_mean=1.365 ep_len_mean=37.060 policy_loss=0.0120 value_loss=3.6764 entropy=1.2898 approx_kl=0.00085 clipfrac=0.0075 explained_variance=0.9238
update=60/61 global_step=983040 ep_rew_mean=5.933 ep_len_mean=20.900 policy_loss=0.0158 value_loss=2.4474 entropy=1.2907 approx_kl=0.00186 clipfrac=0.0117 explained_variance=0.9248
update=61/61 global_step=999424 ep_rew_mean=6.161 ep_len_mean=21.270 policy_loss=-0.0023 value_loss=2.0177 entropy=1.2906 approx_kl=0.00266 clipfrac=0.0185 explained_variance=0.9312


###############################################################################
TCHPC Cluster: callan
Job 171463 (mappo_learned_cf_obs15_seed1_v12) for User 'hadjitot' in Account 'callan_hadjitot'
Finished at: Sat Mar 28 22:19:13 GMT 2026

Job efficiency estimates:
=========================

Job ID: 171463
Cluster: callan
User/Group: hadjitot/hadjitot
State: COMPLETED (exit code 0)
Nodes: 1
Cores per node: 16
CPU Utilized: 03:51:10
CPU Efficiency: 17.70% of 21:45:52 core-walltime
Job Wall-clock time: 01:21:37
Memory Utilized: 908.25 MB
Memory Efficiency: 2.77% of 32.00 GB (32.00 GB/node)

Job completion status:
======================

JobID           JobName AllocCPUS NTasks NNodes     MaxRSS    MaxRSSNode  MaxDiskRead MaxDiskWrite    Elapsed      State ExitCode 
------------ ---------- --------- ------ ------ ---------- ------------- ------------ ------------ ---------- ---------- -------- 
171463       mappo_lea+        16             1                                                      01:21:37  COMPLETED      0:0 
171463.batch      batch        16      1      1    930052K    callan-n05      779.16M      719.15M   01:21:37  COMPLETED      0:0 
171463.exte+     extern        16      1      1                                                      01:21:37  COMPLETED      0:0 


Job details:
============

JobId=171463 JobName=mappo_learned_cf_obs15_seed1_v12
   UserId=hadjitot(2357) GroupId=hadjitot(2300) MCS_label=N/A
   Priority=99768 Nice=0 Account=callan_hadjitot QOS=normal
   JobState=COMPLETING Reason=None Dependency=(null)
   Requeue=0 Restarts=0 BatchFlag=1 Reboot=0 ExitCode=0:0
   DerivedExitCode=0:0
   RunTime=01:21:37 TimeLimit=2-00:00:00 TimeMin=N/A
   SubmitTime=2026-03-28T20:02:54 EligibleTime=2026-03-28T20:02:54
   AccrueTime=2026-03-28T20:02:54
   StartTime=2026-03-28T20:57:36 EndTime=2026-03-28T22:19:13 Deadline=N/A
   SuspendTime=None SecsPreSuspend=0 LastSchedEval=2026-03-28T20:57:36 Scheduler=Backfill
   Partition=compute AllocNode:Sid=callan01:1182475
   ReqNodeList=(null) ExcNodeList=(null)
   NodeList=callan-n05
   BatchHost=callan-n05
   NumNodes=1 NumCPUs=16 NumTasks=1 CPUs/Task=16 ReqB:S:C:T=0:0:*:*
   ReqTRES=cpu=16,mem=32G,node=1,billing=16
   AllocTRES=cpu=16,mem=32G,node=1,billing=16
   Socks/Node=* NtasksPerN:B:S:C=0:0:*:* CoreSpec=*
   JOB_GRES=(null)
     Nodes=callan-n05 CPU_IDs=10-17,32-39 Mem=32768 GRES=
   MinCPUsNode=16 MinMemoryNode=32G MinTmpDiskNode=0
   Features=(null) DelayBoot=00:00:00
   OverSubscribe=OK Contiguous=0 Licenses=(null) LicensesAlloc=(null) Network=(null)
   Command=/home/users/hadjitot/fyp/HighwayEnv/slurm/train_mappo_attention.sbatch
   WorkDir=/home/users/hadjitot/fyp/HighwayEnv
   StdErr=/home/users/hadjitot/fyp/HighwayEnv/slurm_out/mappo_learned_cf_obs15_seed1_v12_171463.err
   StdIn=/dev/null
   StdOut=/home/users/hadjitot/fyp/HighwayEnv/slurm_out/mappo_learned_cf_obs15_seed1_v12_171463.out
   TresPerTask=cpu=16
   


Disk quota details:
===================

                         Block Limits                                    |                     File Limits
Name       type             MB      quota      limit   in_doubt    grace |    files   quota    limit in_doubt    grace
root       USR         4980816          0          0       1822     none |   398578       0        0      967     none
root       FILESET     5384844          0          0       4579     none |  9914008       0        0     1692     none


SLURM Bank Statement:
=====================

User           Usage |        Account     Usage | Account Limit Available (CPU hrs)
---------- --------- + -------------- --------- + ------------- ---------
hadjitot      13,405 | CALLAN_HADJITOT    13,405 |       300,000   286,595


Acknowledgements:
=================

Note that usage of TCHPC Resources *must* be acknowledged in all publications.

Please see this page for details relevant to this cluster:

http://www.tchpc.tcd.ie/resources/acknowledgementpolicy

################################################################################
