Loading Anaconda 3 2024.02-1
SCENARIO_NAME=highway_lanechange_dense_obs20
EXP_VERSION=v12
TOTAL_TIMESTEPS=1000000
SEEDS=1
CONTROLLED_VEHICLES=2
N_WORLDS=4
VEC_MODE=async
TARGET_ROLLOUT_SIZE=16384
DEVICE=cpu
MODEL_DIR=runs/models
MONITOR_ROOT=runs/monitor
TB_DIR=runs/tb
REWARD_MODE=team
HIDDEN_DIM=128
LEARNING_RATE=3e-4
GAMMA=0.99
GAE_LAMBDA=0.95
CLIP_RANGE=0.2
ENT_COEF=0.0
VF_COEF=0.5
MAX_GRAD_NORM=0.5
UPDATE_EPOCHS=10
NUM_MINIBATCHES=4
TARGET_KL=
CLIP_VLOSS=true
mappo_highway_lanechange_dense_obs20_v12_cv2_seed1 agents: 2 agent obs shape: (20, 5) joint action space: Tuple(Box(-1.0, 1.0, (2,), float32), Box(-1.0, 1.0, (2,), float32))
mappo_highway_lanechange_dense_obs20_v12_cv2_seed1: worlds=4, agents_per_world=2, ppo_slots=8, vec_mode=async, n_steps=2048, num_updates=61, total_timesteps_actual=999424, reward_mode=team
update=1/61 global_step=16384 ep_rew_mean=0.444 ep_len_mean=3.080 policy_loss=0.0023 value_loss=1.0816 entropy=2.8219 approx_kl=0.00424 clipfrac=0.0597 explained_variance=0.0049
update=2/61 global_step=32768 ep_rew_mean=0.730 ep_len_mean=3.080 policy_loss=0.0036 value_loss=0.9746 entropy=2.8120 approx_kl=0.00463 clipfrac=0.0586 explained_variance=0.0411
update=3/61 global_step=49152 ep_rew_mean=0.394 ep_len_mean=3.250 policy_loss=-0.0019 value_loss=1.0275 entropy=2.7964 approx_kl=0.00607 clipfrac=0.0507 explained_variance=0.0616
update=4/61 global_step=65536 ep_rew_mean=0.775 ep_len_mean=3.650 policy_loss=0.0055 value_loss=0.9847 entropy=2.7790 approx_kl=0.00807 clipfrac=0.0991 explained_variance=0.0443
update=5/61 global_step=81920 ep_rew_mean=1.263 ep_len_mean=4.360 policy_loss=-0.0099 value_loss=1.1721 entropy=2.7619 approx_kl=0.00939 clipfrac=0.0898 explained_variance=0.0600
update=6/61 global_step=98304 ep_rew_mean=1.448 ep_len_mean=4.770 policy_loss=-0.0286 value_loss=1.2403 entropy=2.7414 approx_kl=0.01075 clipfrac=0.1300 explained_variance=0.0430
update=7/61 global_step=114688 ep_rew_mean=1.910 ep_len_mean=6.420 policy_loss=0.0127 value_loss=1.7047 entropy=2.7243 approx_kl=0.00845 clipfrac=0.0883 explained_variance=0.0608
update=8/61 global_step=131072 ep_rew_mean=1.833 ep_len_mean=7.080 policy_loss=-0.0035 value_loss=2.0925 entropy=2.7085 approx_kl=0.00487 clipfrac=0.0672 explained_variance=0.0458
update=9/61 global_step=147456 ep_rew_mean=2.355 ep_len_mean=7.860 policy_loss=0.0011 value_loss=2.0310 entropy=2.6973 approx_kl=0.00705 clipfrac=0.0725 explained_variance=0.0658
update=10/61 global_step=163840 ep_rew_mean=3.424 ep_len_mean=10.640 policy_loss=-0.0042 value_loss=2.3656 entropy=2.6907 approx_kl=0.00527 clipfrac=0.0634 explained_variance=0.0388
update=11/61 global_step=180224 ep_rew_mean=3.267 ep_len_mean=11.550 policy_loss=0.0048 value_loss=2.7545 entropy=2.6831 approx_kl=0.00524 clipfrac=0.0539 explained_variance=0.0506
update=12/61 global_step=196608 ep_rew_mean=4.061 ep_len_mean=13.590 policy_loss=-0.0156 value_loss=2.8196 entropy=2.6757 approx_kl=0.00374 clipfrac=0.0517 explained_variance=0.0734
update=13/61 global_step=212992 ep_rew_mean=5.412 ep_len_mean=18.170 policy_loss=-0.0301 value_loss=3.4598 entropy=2.6691 approx_kl=0.00236 clipfrac=0.0305 explained_variance=0.0763
update=14/61 global_step=229376 ep_rew_mean=4.985 ep_len_mean=17.560 policy_loss=0.0075 value_loss=3.3717 entropy=2.6631 approx_kl=0.01336 clipfrac=0.0478 explained_variance=0.1024
update=15/61 global_step=245760 ep_rew_mean=5.422 ep_len_mean=21.450 policy_loss=-0.0139 value_loss=4.2154 entropy=2.6566 approx_kl=0.00320 clipfrac=0.0396 explained_variance=0.0894
update=16/61 global_step=262144 ep_rew_mean=7.396 ep_len_mean=26.880 policy_loss=-0.0091 value_loss=4.1410 entropy=2.6507 approx_kl=0.00394 clipfrac=0.0460 explained_variance=0.1106
update=17/61 global_step=278528 ep_rew_mean=6.767 ep_len_mean=24.950 policy_loss=-0.0129 value_loss=4.5179 entropy=2.6476 approx_kl=0.00323 clipfrac=0.0542 explained_variance=0.0981
update=18/61 global_step=294912 ep_rew_mean=7.204 ep_len_mean=27.210 policy_loss=-0.0193 value_loss=4.7830 entropy=2.6361 approx_kl=0.00275 clipfrac=0.0257 explained_variance=0.1313
update=19/61 global_step=311296 ep_rew_mean=8.359 ep_len_mean=30.070 policy_loss=0.0006 value_loss=4.8603 entropy=2.6257 approx_kl=0.00851 clipfrac=0.0393 explained_variance=0.1475
update=20/61 global_step=327680 ep_rew_mean=7.643 ep_len_mean=28.760 policy_loss=-0.0082 value_loss=4.2298 entropy=2.6178 approx_kl=0.00216 clipfrac=0.0456 explained_variance=0.1699
update=21/61 global_step=344064 ep_rew_mean=9.212 ep_len_mean=34.130 policy_loss=-0.0139 value_loss=4.5229 entropy=2.6130 approx_kl=0.00218 clipfrac=0.0450 explained_variance=0.2197
update=22/61 global_step=360448 ep_rew_mean=8.860 ep_len_mean=33.280 policy_loss=0.0042 value_loss=4.2120 entropy=2.6098 approx_kl=0.00654 clipfrac=0.0315 explained_variance=0.1987
update=23/61 global_step=376832 ep_rew_mean=11.151 ep_len_mean=46.190 policy_loss=0.0067 value_loss=5.0269 entropy=2.6038 approx_kl=0.00337 clipfrac=0.0165 explained_variance=0.2218
update=24/61 global_step=393216 ep_rew_mean=11.318 ep_len_mean=47.450 policy_loss=-0.0065 value_loss=5.5602 entropy=2.6004 approx_kl=0.00357 clipfrac=0.0301 explained_variance=0.2295
update=25/61 global_step=409600 ep_rew_mean=11.330 ep_len_mean=44.520 policy_loss=0.0076 value_loss=5.6927 entropy=2.5993 approx_kl=0.00401 clipfrac=0.0122 explained_variance=0.2206
update=26/61 global_step=425984 ep_rew_mean=12.751 ep_len_mean=51.110 policy_loss=-0.0027 value_loss=5.1113 entropy=2.5956 approx_kl=0.00286 clipfrac=0.0156 explained_variance=0.2921
update=27/61 global_step=442368 ep_rew_mean=12.191 ep_len_mean=47.750 policy_loss=0.0067 value_loss=5.6376 entropy=2.5929 approx_kl=0.00341 clipfrac=0.0135 explained_variance=0.3016
update=28/61 global_step=458752 ep_rew_mean=13.147 ep_len_mean=48.430 policy_loss=0.0135 value_loss=5.8995 entropy=2.5913 approx_kl=0.00430 clipfrac=0.0106 explained_variance=0.2957
update=29/61 global_step=475136 ep_rew_mean=10.967 ep_len_mean=42.070 policy_loss=-0.0089 value_loss=5.4564 entropy=2.5896 approx_kl=0.00298 clipfrac=0.0138 explained_variance=0.2665
update=30/61 global_step=491520 ep_rew_mean=12.784 ep_len_mean=45.030 policy_loss=-0.0122 value_loss=6.2555 entropy=2.5866 approx_kl=0.00367 clipfrac=0.0127 explained_variance=0.3197
update=31/61 global_step=507904 ep_rew_mean=15.569 ep_len_mean=51.710 policy_loss=0.0065 value_loss=6.4723 entropy=2.5846 approx_kl=0.00331 clipfrac=0.0241 explained_variance=0.3285
update=32/61 global_step=524288 ep_rew_mean=12.918 ep_len_mean=43.970 policy_loss=0.0166 value_loss=7.5047 entropy=2.5832 approx_kl=0.00185 clipfrac=0.0061 explained_variance=0.2825
update=33/61 global_step=540672 ep_rew_mean=13.985 ep_len_mean=46.670 policy_loss=0.0197 value_loss=7.1136 entropy=2.5823 approx_kl=0.00194 clipfrac=0.0050 explained_variance=0.2529
update=34/61 global_step=557056 ep_rew_mean=16.565 ep_len_mean=53.470 policy_loss=0.0021 value_loss=7.6915 entropy=2.5828 approx_kl=0.00217 clipfrac=0.0034 explained_variance=0.3200
update=35/61 global_step=573440 ep_rew_mean=14.164 ep_len_mean=44.650 policy_loss=-0.0183 value_loss=7.5753 entropy=2.5827 approx_kl=0.00184 clipfrac=0.0024 explained_variance=0.2712
update=36/61 global_step=589824 ep_rew_mean=12.598 ep_len_mean=42.640 policy_loss=-0.0042 value_loss=7.4362 entropy=2.5819 approx_kl=0.00197 clipfrac=0.0050 explained_variance=0.3004
update=37/61 global_step=606208 ep_rew_mean=12.303 ep_len_mean=39.640 policy_loss=-0.0097 value_loss=6.4850 entropy=2.5813 approx_kl=0.00181 clipfrac=0.0012 explained_variance=0.3542
update=38/61 global_step=622592 ep_rew_mean=16.888 ep_len_mean=53.990 policy_loss=0.0073 value_loss=7.4856 entropy=2.5806 approx_kl=0.00339 clipfrac=0.0042 explained_variance=0.3275
update=39/61 global_step=638976 ep_rew_mean=13.789 ep_len_mean=43.630 policy_loss=-0.0104 value_loss=6.9853 entropy=2.5800 approx_kl=0.00241 clipfrac=0.0040 explained_variance=0.3061
update=40/61 global_step=655360 ep_rew_mean=12.850 ep_len_mean=40.580 policy_loss=0.0009 value_loss=7.0415 entropy=2.5786 approx_kl=0.00216 clipfrac=0.0061 explained_variance=0.3451
update=41/61 global_step=671744 ep_rew_mean=14.931 ep_len_mean=47.800 policy_loss=0.0041 value_loss=7.2234 entropy=2.5781 approx_kl=0.00210 clipfrac=0.0068 explained_variance=0.3533
update=42/61 global_step=688128 ep_rew_mean=12.951 ep_len_mean=43.790 policy_loss=0.0098 value_loss=7.2219 entropy=2.5775 approx_kl=0.00238 clipfrac=0.0080 explained_variance=0.3895
update=43/61 global_step=704512 ep_rew_mean=12.128 ep_len_mean=44.390 policy_loss=0.0219 value_loss=7.1153 entropy=2.5759 approx_kl=0.00742 clipfrac=0.0119 explained_variance=0.4314
update=44/61 global_step=720896 ep_rew_mean=14.462 ep_len_mean=48.080 policy_loss=0.0050 value_loss=7.6620 entropy=2.5736 approx_kl=0.00487 clipfrac=0.0906 explained_variance=0.3568
update=45/61 global_step=737280 ep_rew_mean=13.967 ep_len_mean=44.170 policy_loss=-0.0002 value_loss=8.3582 entropy=2.5731 approx_kl=0.00093 clipfrac=0.0955 explained_variance=0.3438
update=46/61 global_step=753664 ep_rew_mean=12.535 ep_len_mean=40.700 policy_loss=0.0019 value_loss=7.5260 entropy=2.5719 approx_kl=0.00385 clipfrac=0.0193 explained_variance=0.3738
update=47/61 global_step=770048 ep_rew_mean=12.422 ep_len_mean=41.840 policy_loss=0.0067 value_loss=8.0661 entropy=2.5713 approx_kl=0.00384 clipfrac=0.0110 explained_variance=0.3597
update=48/61 global_step=786432 ep_rew_mean=15.398 ep_len_mean=48.690 policy_loss=0.0066 value_loss=7.1975 entropy=2.5713 approx_kl=0.00222 clipfrac=0.0097 explained_variance=0.3721
update=49/61 global_step=802816 ep_rew_mean=13.793 ep_len_mean=46.150 policy_loss=-0.0174 value_loss=7.5555 entropy=2.5709 approx_kl=0.00557 clipfrac=0.0255 explained_variance=0.4149
update=50/61 global_step=819200 ep_rew_mean=15.854 ep_len_mean=49.310 policy_loss=-0.0028 value_loss=8.0746 entropy=2.5691 approx_kl=0.00095 clipfrac=0.0762 explained_variance=0.3727
update=51/61 global_step=835584 ep_rew_mean=14.315 ep_len_mean=46.260 policy_loss=0.0170 value_loss=7.6190 entropy=2.5681 approx_kl=0.00245 clipfrac=0.0314 explained_variance=0.3834
update=52/61 global_step=851968 ep_rew_mean=15.380 ep_len_mean=47.710 policy_loss=-0.0211 value_loss=7.1856 entropy=2.5677 approx_kl=0.00065 clipfrac=0.0162 explained_variance=0.3966
update=53/61 global_step=868352 ep_rew_mean=15.162 ep_len_mean=47.360 policy_loss=0.0074 value_loss=8.5305 entropy=2.5664 approx_kl=0.00220 clipfrac=0.0171 explained_variance=0.3111
update=54/61 global_step=884736 ep_rew_mean=15.656 ep_len_mean=50.250 policy_loss=-0.0115 value_loss=7.8074 entropy=2.5658 approx_kl=0.00073 clipfrac=0.0022 explained_variance=0.4095
update=55/61 global_step=901120 ep_rew_mean=15.447 ep_len_mean=49.710 policy_loss=-0.0100 value_loss=8.2585 entropy=2.5655 approx_kl=0.00210 clipfrac=0.0184 explained_variance=0.3551
update=56/61 global_step=917504 ep_rew_mean=14.905 ep_len_mean=49.330 policy_loss=0.0056 value_loss=8.6280 entropy=2.5651 approx_kl=0.00099 clipfrac=0.0085 explained_variance=0.4019
update=57/61 global_step=933888 ep_rew_mean=15.444 ep_len_mean=48.840 policy_loss=-0.0114 value_loss=8.7357 entropy=2.5642 approx_kl=0.00292 clipfrac=0.0108 explained_variance=0.3477
update=58/61 global_step=950272 ep_rew_mean=17.874 ep_len_mean=56.400 policy_loss=-0.0046 value_loss=8.9987 entropy=2.5636 approx_kl=0.00235 clipfrac=0.0051 explained_variance=0.3699
update=59/61 global_step=966656 ep_rew_mean=17.513 ep_len_mean=57.920 policy_loss=0.0065 value_loss=7.6164 entropy=2.5634 approx_kl=0.00203 clipfrac=0.0097 explained_variance=0.4800
update=60/61 global_step=983040 ep_rew_mean=18.546 ep_len_mean=57.560 policy_loss=-0.0010 value_loss=8.4205 entropy=2.5625 approx_kl=0.00070 clipfrac=0.0115 explained_variance=0.4078
update=61/61 global_step=999424 ep_rew_mean=16.612 ep_len_mean=54.600 policy_loss=0.0121 value_loss=7.3767 entropy=2.5612 approx_kl=0.00207 clipfrac=0.0143 explained_variance=0.4236


###############################################################################
TCHPC Cluster: callan
Job 171525 (mappo_base_highway_lanechange_dense_obs20_seed1_v12) for User 'hadjitot' in Account 'callan_hadjitot'
Finished at: Sun Mar 29 04:40:57 IST 2026

Job efficiency estimates:
=========================

Job ID: 171525
Cluster: callan
User/Group: hadjitot/hadjitot
State: COMPLETED (exit code 0)
Nodes: 1
Cores per node: 16
CPU Utilized: 06:36:33
CPU Efficiency: 21.23% of 1-07:08:00 core-walltime
Job Wall-clock time: 01:56:45
Memory Utilized: 845.15 MB
Memory Efficiency: 2.58% of 32.00 GB (32.00 GB/node)

Job completion status:
======================

JobID           JobName AllocCPUS NTasks NNodes     MaxRSS    MaxRSSNode  MaxDiskRead MaxDiskWrite    Elapsed      State ExitCode 
------------ ---------- --------- ------ ------ ---------- ------------- ------------ ------------ ---------- ---------- -------- 
171525       mappo_bas+        16             1                                                      01:56:45  COMPLETED      0:0 
171525.batch      batch        16      1      1    865432K    callan-n07      968.75M      909.08M   01:56:45  COMPLETED      0:0 
171525.exte+     extern        16      1      1                                                      01:56:45  COMPLETED      0:0 


Job details:
============

JobId=171525 JobName=mappo_base_highway_lanechange_dense_obs20_seed1_v12
   UserId=hadjitot(2357) GroupId=hadjitot(2300) MCS_label=N/A
   Priority=101191 Nice=0 Account=callan_hadjitot QOS=normal
   JobState=COMPLETING Reason=None Dependency=(null)
   Requeue=0 Restarts=0 BatchFlag=1 Reboot=0 ExitCode=0:0
   DerivedExitCode=0:0
   RunTime=01:56:45 TimeLimit=2-00:00:00 TimeMin=N/A
   SubmitTime=2026-03-28T20:02:55 EligibleTime=2026-03-28T20:02:55
   AccrueTime=2026-03-28T20:02:55
   StartTime=2026-03-29T02:44:12 EndTime=2026-03-29T04:40:57 Deadline=N/A
   SuspendTime=None SecsPreSuspend=0 LastSchedEval=2026-03-29T02:44:12 Scheduler=Backfill
   Partition=compute AllocNode:Sid=callan01:1182475
   ReqNodeList=(null) ExcNodeList=(null)
   NodeList=callan-n07
   BatchHost=callan-n07
   NumNodes=1 NumCPUs=16 NumTasks=1 CPUs/Task=16 ReqB:S:C:T=0:0:*:*
   ReqTRES=cpu=16,mem=32G,node=1,billing=16
   AllocTRES=cpu=16,mem=32G,node=1,billing=16
   Socks/Node=* NtasksPerN:B:S:C=0:0:*:* CoreSpec=*
   JOB_GRES=(null)
     Nodes=callan-n07 CPU_IDs=32-47 Mem=32768 GRES=
   MinCPUsNode=16 MinMemoryNode=32G MinTmpDiskNode=0
   Features=(null) DelayBoot=00:00:00
   OverSubscribe=OK Contiguous=0 Licenses=(null) LicensesAlloc=(null) Network=(null)
   Command=/home/users/hadjitot/fyp/HighwayEnv/slurm/train_mappo.sbatch
   WorkDir=/home/users/hadjitot/fyp/HighwayEnv
   StdErr=/home/users/hadjitot/fyp/HighwayEnv/slurm_out/mappo_base_highway_lanechange_dense_obs20_seed1_v12_171525.err
   StdIn=/dev/null
   StdOut=/home/users/hadjitot/fyp/HighwayEnv/slurm_out/mappo_base_highway_lanechange_dense_obs20_seed1_v12_171525.out
   TresPerTask=cpu=16
   


Disk quota details:
===================

                         Block Limits                                    |                     File Limits
Name       type             MB      quota      limit   in_doubt    grace |    files   quota    limit in_doubt    grace
root       USR         4985628          0          0       1584     none |   398762       0        0      948     none
root       FILESET     5151796          0          0       4444     none |  9900241       0        0     1525     none


SLURM Bank Statement:
=====================

User           Usage |        Account     Usage | Account Limit Available (CPU hrs)
---------- --------- + -------------- --------- + ------------- ---------
hadjitot      13,881 | CALLAN_HADJITOT    13,881 |       300,000   286,119


Acknowledgements:
=================

Note that usage of TCHPC Resources *must* be acknowledged in all publications.

Please see this page for details relevant to this cluster:

http://www.tchpc.tcd.ie/resources/acknowledgementpolicy

################################################################################
