Loading Anaconda 3 2024.02-1
SCENARIO_NAME=highway_lanechange_dense_obs20
EXP_VERSION=v11_mappo_diag
TOTAL_TIMESTEPS=1000000
SEEDS=1
CONTROLLED_VEHICLES=2
N_WORLDS=4
VEC_MODE=async
TARGET_ROLLOUT_SIZE=16384
DEVICE=cpu
MODEL_DIR=runs/models
MONITOR_ROOT=runs/monitor
TB_DIR=runs/tb
REWARD_MODE=team
HIDDEN_DIM=128
LEARNING_RATE=3e-4
GAMMA=0.99
GAE_LAMBDA=0.95
CLIP_RANGE=0.2
ENT_COEF=0.0
VF_COEF=0.5
MAX_GRAD_NORM=0.5
UPDATE_EPOCHS=10
NUM_MINIBATCHES=4
TARGET_KL=
CLIP_VLOSS=true
ATTN_MODE=oracle
X_INDEX=1
VX_INDEX=3
ORACLE_RULE=leader_x
TTC_EPS=1e-6
FEATURES_DIM=128
D_MODEL=32
mappo_attn_oracle_highway_lanechange_dense_obs20_v11_mappo_diag_cv2_seed1 agents: 2 agent obs shape: (20, 5) joint action space: Tuple(Box(-1.0, 1.0, (2,), float32), Box(-1.0, 1.0, (2,), float32))
mappo_attn_oracle_highway_lanechange_dense_obs20_v11_mappo_diag_cv2_seed1: worlds=4, agents_per_world=2, ppo_slots=8, vec_mode=async, n_steps=2048, num_updates=61, total_timesteps_actual=999424, reward_mode=team, attn_mode=oracle, oracle_rule=leader_x
update=1/61 global_step=16384 ep_rew_mean=0.597 ep_len_mean=3.350 policy_loss=-0.0048 value_loss=1.1235 entropy=2.8313 approx_kl=0.00286 clipfrac=0.0238 explained_variance=0.0049
update=2/61 global_step=32768 ep_rew_mean=0.675 ep_len_mean=3.560 policy_loss=-0.0008 value_loss=1.0015 entropy=2.8264 approx_kl=0.00233 clipfrac=0.0130 explained_variance=0.0484
update=3/61 global_step=49152 ep_rew_mean=0.712 ep_len_mean=3.060 policy_loss=-0.0116 value_loss=0.9131 entropy=2.8169 approx_kl=0.00510 clipfrac=0.0447 explained_variance=0.0713
update=4/61 global_step=65536 ep_rew_mean=0.886 ep_len_mean=3.420 policy_loss=0.0013 value_loss=0.7336 entropy=2.8025 approx_kl=0.00630 clipfrac=0.0419 explained_variance=0.0681
update=5/61 global_step=81920 ep_rew_mean=0.841 ep_len_mean=3.680 policy_loss=0.0021 value_loss=0.9352 entropy=2.7888 approx_kl=0.00522 clipfrac=0.0615 explained_variance=0.0400
update=6/61 global_step=98304 ep_rew_mean=1.152 ep_len_mean=3.970 policy_loss=-0.0122 value_loss=0.9276 entropy=2.7668 approx_kl=0.01022 clipfrac=0.0970 explained_variance=0.0411
update=7/61 global_step=114688 ep_rew_mean=1.120 ep_len_mean=4.590 policy_loss=-0.0247 value_loss=1.1336 entropy=2.7446 approx_kl=0.00753 clipfrac=0.0922 explained_variance=0.0590
update=8/61 global_step=131072 ep_rew_mean=1.666 ep_len_mean=6.110 policy_loss=-0.0280 value_loss=1.3072 entropy=2.7257 approx_kl=0.00924 clipfrac=0.0975 explained_variance=0.0752
update=9/61 global_step=147456 ep_rew_mean=1.893 ep_len_mean=6.820 policy_loss=-0.0091 value_loss=1.5366 entropy=2.7176 approx_kl=0.00799 clipfrac=0.0894 explained_variance=0.0678
update=10/61 global_step=163840 ep_rew_mean=3.057 ep_len_mean=10.240 policy_loss=0.0112 value_loss=1.8252 entropy=2.7090 approx_kl=0.00504 clipfrac=0.0713 explained_variance=0.0781
update=11/61 global_step=180224 ep_rew_mean=3.088 ep_len_mean=9.690 policy_loss=-0.0171 value_loss=2.2126 entropy=2.6997 approx_kl=0.00473 clipfrac=0.0702 explained_variance=0.0713
update=12/61 global_step=196608 ep_rew_mean=3.656 ep_len_mean=12.510 policy_loss=-0.0114 value_loss=2.6899 entropy=2.6915 approx_kl=0.00527 clipfrac=0.0604 explained_variance=0.0622
update=13/61 global_step=212992 ep_rew_mean=4.486 ep_len_mean=15.470 policy_loss=-0.0083 value_loss=3.6491 entropy=2.6863 approx_kl=0.00479 clipfrac=0.0427 explained_variance=0.0695
update=14/61 global_step=229376 ep_rew_mean=6.272 ep_len_mean=19.670 policy_loss=0.0060 value_loss=4.2101 entropy=2.6818 approx_kl=0.00445 clipfrac=0.0322 explained_variance=0.0502
update=15/61 global_step=245760 ep_rew_mean=7.559 ep_len_mean=25.030 policy_loss=-0.0065 value_loss=4.7985 entropy=2.6794 approx_kl=0.00337 clipfrac=0.0366 explained_variance=0.0573
update=16/61 global_step=262144 ep_rew_mean=7.694 ep_len_mean=27.030 policy_loss=-0.0087 value_loss=5.6515 entropy=2.6735 approx_kl=0.00259 clipfrac=0.0275 explained_variance=0.0540
update=17/61 global_step=278528 ep_rew_mean=8.222 ep_len_mean=30.260 policy_loss=0.0033 value_loss=6.1285 entropy=2.6683 approx_kl=0.00295 clipfrac=0.0289 explained_variance=0.0358
update=18/61 global_step=294912 ep_rew_mean=10.350 ep_len_mean=37.390 policy_loss=0.0207 value_loss=6.6863 entropy=2.6638 approx_kl=0.00175 clipfrac=0.0097 explained_variance=0.0508
update=19/61 global_step=311296 ep_rew_mean=9.697 ep_len_mean=34.080 policy_loss=-0.0057 value_loss=7.2452 entropy=2.6588 approx_kl=0.00236 clipfrac=0.0110 explained_variance=0.0521
update=20/61 global_step=327680 ep_rew_mean=12.522 ep_len_mean=43.350 policy_loss=0.0033 value_loss=7.3858 entropy=2.6581 approx_kl=0.00293 clipfrac=0.0177 explained_variance=0.0421
update=21/61 global_step=344064 ep_rew_mean=13.132 ep_len_mean=45.160 policy_loss=-0.0154 value_loss=7.4657 entropy=2.6568 approx_kl=0.00262 clipfrac=0.0272 explained_variance=0.0344
update=22/61 global_step=360448 ep_rew_mean=15.385 ep_len_mean=59.240 policy_loss=-0.0022 value_loss=6.8149 entropy=2.6547 approx_kl=0.00359 clipfrac=0.0093 explained_variance=0.0494
update=23/61 global_step=376832 ep_rew_mean=14.770 ep_len_mean=63.830 policy_loss=0.0062 value_loss=6.1559 entropy=2.6538 approx_kl=0.01123 clipfrac=0.0545 explained_variance=0.0446
update=24/61 global_step=393216 ep_rew_mean=13.565 ep_len_mean=49.290 policy_loss=-0.0048 value_loss=7.3217 entropy=2.6523 approx_kl=0.00287 clipfrac=0.0113 explained_variance=0.0746
update=25/61 global_step=409600 ep_rew_mean=13.348 ep_len_mean=47.140 policy_loss=-0.0025 value_loss=7.3284 entropy=2.6513 approx_kl=0.00163 clipfrac=0.0360 explained_variance=0.0708
update=26/61 global_step=425984 ep_rew_mean=11.600 ep_len_mean=40.080 policy_loss=0.0056 value_loss=7.3546 entropy=2.6493 approx_kl=0.00642 clipfrac=0.0774 explained_variance=0.0680
update=27/61 global_step=442368 ep_rew_mean=15.535 ep_len_mean=55.510 policy_loss=0.0164 value_loss=7.9053 entropy=2.6474 approx_kl=0.00143 clipfrac=0.0123 explained_variance=0.0855
update=28/61 global_step=458752 ep_rew_mean=15.236 ep_len_mean=55.540 policy_loss=-0.0214 value_loss=7.6424 entropy=2.6448 approx_kl=0.00331 clipfrac=0.0147 explained_variance=0.0902
update=29/61 global_step=475136 ep_rew_mean=13.996 ep_len_mean=48.570 policy_loss=0.0083 value_loss=8.2647 entropy=2.6414 approx_kl=0.00334 clipfrac=0.0160 explained_variance=0.0811
update=30/61 global_step=491520 ep_rew_mean=14.913 ep_len_mean=57.140 policy_loss=0.0029 value_loss=7.8108 entropy=2.6378 approx_kl=0.00177 clipfrac=0.0023 explained_variance=0.1194
update=31/61 global_step=507904 ep_rew_mean=12.340 ep_len_mean=47.520 policy_loss=-0.0050 value_loss=7.9761 entropy=2.6372 approx_kl=0.00693 clipfrac=0.0693 explained_variance=0.1428
update=32/61 global_step=524288 ep_rew_mean=13.318 ep_len_mean=43.570 policy_loss=0.0060 value_loss=8.0146 entropy=2.6347 approx_kl=0.00279 clipfrac=0.0551 explained_variance=0.1613
update=33/61 global_step=540672 ep_rew_mean=14.018 ep_len_mean=45.990 policy_loss=0.0014 value_loss=7.8779 entropy=2.6331 approx_kl=0.00274 clipfrac=0.0114 explained_variance=0.1774
update=34/61 global_step=557056 ep_rew_mean=15.378 ep_len_mean=46.680 policy_loss=-0.0047 value_loss=8.4402 entropy=2.6330 approx_kl=0.00118 clipfrac=0.0125 explained_variance=0.1822
update=35/61 global_step=573440 ep_rew_mean=13.667 ep_len_mean=41.520 policy_loss=-0.0043 value_loss=8.3246 entropy=2.6319 approx_kl=0.00280 clipfrac=0.0058 explained_variance=0.2096
update=36/61 global_step=589824 ep_rew_mean=16.174 ep_len_mean=50.880 policy_loss=0.0108 value_loss=8.3357 entropy=2.6289 approx_kl=0.00265 clipfrac=0.0171 explained_variance=0.2429
update=37/61 global_step=606208 ep_rew_mean=14.259 ep_len_mean=49.900 policy_loss=-0.0175 value_loss=8.2281 entropy=2.6267 approx_kl=0.00326 clipfrac=0.0193 explained_variance=0.2535
update=38/61 global_step=622592 ep_rew_mean=14.793 ep_len_mean=46.280 policy_loss=-0.0081 value_loss=8.5208 entropy=2.6251 approx_kl=0.00260 clipfrac=0.0036 explained_variance=0.2634
update=39/61 global_step=638976 ep_rew_mean=15.563 ep_len_mean=50.210 policy_loss=-0.0041 value_loss=8.8992 entropy=2.6232 approx_kl=0.00279 clipfrac=0.0361 explained_variance=0.2818
update=40/61 global_step=655360 ep_rew_mean=14.351 ep_len_mean=46.490 policy_loss=-0.0116 value_loss=8.4709 entropy=2.6212 approx_kl=0.00122 clipfrac=0.0125 explained_variance=0.3045
update=41/61 global_step=671744 ep_rew_mean=13.945 ep_len_mean=43.840 policy_loss=0.0141 value_loss=9.2434 entropy=2.6191 approx_kl=0.00197 clipfrac=0.0015 explained_variance=0.3225
update=42/61 global_step=688128 ep_rew_mean=14.585 ep_len_mean=43.750 policy_loss=-0.0016 value_loss=9.2582 entropy=2.6181 approx_kl=0.00132 clipfrac=0.0054 explained_variance=0.3021
update=43/61 global_step=704512 ep_rew_mean=13.899 ep_len_mean=43.690 policy_loss=0.0138 value_loss=9.1852 entropy=2.6158 approx_kl=0.00144 clipfrac=0.0169 explained_variance=0.3499
update=44/61 global_step=720896 ep_rew_mean=17.288 ep_len_mean=50.370 policy_loss=-0.0021 value_loss=9.7123 entropy=2.6146 approx_kl=0.00100 clipfrac=0.0058 explained_variance=0.3172
update=45/61 global_step=737280 ep_rew_mean=16.169 ep_len_mean=47.400 policy_loss=0.0057 value_loss=9.2942 entropy=2.6122 approx_kl=0.00326 clipfrac=0.0062 explained_variance=0.3702
update=46/61 global_step=753664 ep_rew_mean=13.565 ep_len_mean=40.360 policy_loss=-0.0236 value_loss=8.9168 entropy=2.6092 approx_kl=0.01189 clipfrac=0.0970 explained_variance=0.3639
update=47/61 global_step=770048 ep_rew_mean=14.376 ep_len_mean=39.030 policy_loss=0.0022 value_loss=8.7648 entropy=2.6079 approx_kl=0.00039 clipfrac=0.0005 explained_variance=0.3809
update=48/61 global_step=786432 ep_rew_mean=13.159 ep_len_mean=38.070 policy_loss=0.0036 value_loss=9.3115 entropy=2.6061 approx_kl=0.00180 clipfrac=0.0185 explained_variance=0.3538
update=49/61 global_step=802816 ep_rew_mean=15.980 ep_len_mean=44.400 policy_loss=0.0018 value_loss=9.3569 entropy=2.6047 approx_kl=0.00495 clipfrac=0.0388 explained_variance=0.3509
update=50/61 global_step=819200 ep_rew_mean=12.913 ep_len_mean=39.100 policy_loss=0.0246 value_loss=9.6884 entropy=2.6031 approx_kl=0.00094 clipfrac=0.0230 explained_variance=0.3622
update=51/61 global_step=835584 ep_rew_mean=13.380 ep_len_mean=39.250 policy_loss=-0.0001 value_loss=9.8479 entropy=2.6027 approx_kl=0.00161 clipfrac=0.0049 explained_variance=0.3745
update=52/61 global_step=851968 ep_rew_mean=15.557 ep_len_mean=43.850 policy_loss=-0.0138 value_loss=9.5964 entropy=2.6020 approx_kl=0.00145 clipfrac=0.0086 explained_variance=0.3583
update=53/61 global_step=868352 ep_rew_mean=13.884 ep_len_mean=40.210 policy_loss=-0.0023 value_loss=9.1848 entropy=2.6009 approx_kl=0.00467 clipfrac=0.0094 explained_variance=0.4582
update=54/61 global_step=884736 ep_rew_mean=14.341 ep_len_mean=40.570 policy_loss=-0.0096 value_loss=9.1335 entropy=2.5995 approx_kl=0.01546 clipfrac=0.0375 explained_variance=0.4214
update=55/61 global_step=901120 ep_rew_mean=14.862 ep_len_mean=39.540 policy_loss=-0.0181 value_loss=9.2271 entropy=2.5987 approx_kl=0.00172 clipfrac=0.0078 explained_variance=0.4132
update=56/61 global_step=917504 ep_rew_mean=13.967 ep_len_mean=38.450 policy_loss=-0.0148 value_loss=8.3879 entropy=2.5974 approx_kl=0.00261 clipfrac=0.0081 explained_variance=0.4696
update=57/61 global_step=933888 ep_rew_mean=14.194 ep_len_mean=37.570 policy_loss=0.0098 value_loss=9.2693 entropy=2.5968 approx_kl=0.00177 clipfrac=0.0082 explained_variance=0.4402
update=58/61 global_step=950272 ep_rew_mean=13.961 ep_len_mean=37.640 policy_loss=-0.0202 value_loss=9.5830 entropy=2.5966 approx_kl=0.00088 clipfrac=0.0003 explained_variance=0.4146
update=59/61 global_step=966656 ep_rew_mean=15.315 ep_len_mean=40.650 policy_loss=0.0072 value_loss=8.5228 entropy=2.5944 approx_kl=0.00225 clipfrac=0.0051 explained_variance=0.5039
update=60/61 global_step=983040 ep_rew_mean=17.820 ep_len_mean=46.100 policy_loss=-0.0169 value_loss=9.4330 entropy=2.5935 approx_kl=0.00184 clipfrac=0.0024 explained_variance=0.5135
update=61/61 global_step=999424 ep_rew_mean=12.115 ep_len_mean=36.170 policy_loss=0.0159 value_loss=8.6317 entropy=2.5936 approx_kl=0.00237 clipfrac=0.0284 explained_variance=0.4880


###############################################################################
TCHPC Cluster: callan
Job 170424 (mappo_oracle_highway_lanechange_dense_obs20_seed1_cv2_1000000_v11_mappo_diag) for User 'hadjitot' in Account 'callan_hadjitot'
Finished at: Fri Mar 27 15:59:42 GMT 2026

Job efficiency estimates:
=========================

Job ID: 170424
Cluster: callan
User/Group: hadjitot/hadjitot
State: COMPLETED (exit code 0)
Nodes: 1
Cores per node: 16
CPU Utilized: 06:32:20
CPU Efficiency: 18.88% of 1-10:37:36 core-walltime
Job Wall-clock time: 02:09:51
Memory Utilized: 1.27 GB
Memory Efficiency: 3.96% of 32.00 GB (32.00 GB/node)

Job completion status:
======================

JobID           JobName AllocCPUS NTasks NNodes     MaxRSS    MaxRSSNode  MaxDiskRead MaxDiskWrite    Elapsed      State ExitCode 
------------ ---------- --------- ------ ------ ---------- ------------- ------------ ------------ ---------- ---------- -------- 
170424       mappo_ora+        16             1                                                      02:09:51  COMPLETED      0:0 
170424.batch      batch        16      1      1   1327316K    callan-n05      975.42M      915.81M   02:09:51  COMPLETED      0:0 
170424.exte+     extern        16      1      1                                                      02:09:51  COMPLETED      0:0 


Job details:
============

JobId=170424 JobName=mappo_oracle_highway_lanechange_dense_obs20_seed1_cv2_1000000_v11_mappo_diag
   UserId=hadjitot(2357) GroupId=hadjitot(2300) MCS_label=N/A
   Priority=117287 Nice=0 Account=callan_hadjitot QOS=normal
   JobState=COMPLETING Reason=None Dependency=(null)
   Requeue=0 Restarts=0 BatchFlag=1 Reboot=0 ExitCode=0:0
   DerivedExitCode=0:0
   RunTime=02:09:51 TimeLimit=2-00:00:00 TimeMin=N/A
   SubmitTime=2026-03-26T23:55:13 EligibleTime=2026-03-26T23:55:13
   AccrueTime=2026-03-26T23:55:13
   StartTime=2026-03-27T13:49:51 EndTime=2026-03-27T15:59:42 Deadline=N/A
   SuspendTime=None SecsPreSuspend=0 LastSchedEval=2026-03-27T13:49:51 Scheduler=Backfill
   Partition=compute AllocNode:Sid=callan01:1431434
   ReqNodeList=(null) ExcNodeList=(null)
   NodeList=callan-n05
   BatchHost=callan-n05
   NumNodes=1 NumCPUs=16 NumTasks=1 CPUs/Task=16 ReqB:S:C:T=0:0:*:*
   ReqTRES=cpu=16,mem=32G,node=1,billing=16
   AllocTRES=cpu=16,mem=32G,node=1,billing=16
   Socks/Node=* NtasksPerN:B:S:C=0:0:*:* CoreSpec=*
   JOB_GRES=(null)
     Nodes=callan-n05 CPU_IDs=0-1,26-31,40-47 Mem=32768 GRES=
   MinCPUsNode=16 MinMemoryNode=32G MinTmpDiskNode=0
   Features=(null) DelayBoot=00:00:00
   OverSubscribe=OK Contiguous=0 Licenses=(null) LicensesAlloc=(null) Network=(null)
   Command=/home/users/hadjitot/fyp/HighwayEnv/slurm/train_mappo_attention.sbatch
   WorkDir=/home/users/hadjitot/fyp/HighwayEnv
   StdErr=/home/users/hadjitot/fyp/HighwayEnv/slurm_out/mappo_oracle_highway_lanechange_dense_obs20_seed1_cv2_1000000_v11_mappo_diag_170424.err
   StdIn=/dev/null
   StdOut=/home/users/hadjitot/fyp/HighwayEnv/slurm_out/mappo_oracle_highway_lanechange_dense_obs20_seed1_cv2_1000000_v11_mappo_diag_170424.out
   TresPerTask=cpu=16
   


Disk quota details:
===================

                         Block Limits                                    |                     File Limits
Name       type             MB      quota      limit   in_doubt    grace |    files   quota    limit in_doubt    grace
root       USR         4955597          0          0       1722     none |   397339       0        0      756     none
root       FILESET     5307457          0          0       4201     none |  9926112       0        0     1541     none


SLURM Bank Statement:
=====================

User           Usage |        Account     Usage | Account Limit Available (CPU hrs)
---------- --------- + -------------- --------- + ------------- ---------
hadjitot      11,777 | CALLAN_HADJITOT    11,777 |       300,000   288,223


Acknowledgements:
=================

Note that usage of TCHPC Resources *must* be acknowledged in all publications.

Please see this page for details relevant to this cluster:

http://www.tchpc.tcd.ie/resources/acknowledgementpolicy

################################################################################
