Loading Anaconda 3 2024.02-1
SCENARIO_NAME=highway_lanechange_dense_obs20
EXP_VERSION=v11_mappo_attn
TOTAL_TIMESTEPS=1000000
SEEDS=0
CONTROLLED_VEHICLES=2
N_WORLDS=4
VEC_MODE=async
TARGET_ROLLOUT_SIZE=16384
DEVICE=cpu
MODEL_DIR=runs/models
MONITOR_ROOT=runs/monitor
TB_DIR=runs/tb
REWARD_MODE=team
HIDDEN_DIM=128
LEARNING_RATE=3e-4
GAMMA=0.99
GAE_LAMBDA=0.95
CLIP_RANGE=0.2
ENT_COEF=0.0
VF_COEF=0.5
MAX_GRAD_NORM=0.5
UPDATE_EPOCHS=10
NUM_MINIBATCHES=4
TARGET_KL=
CLIP_VLOSS=true
ATTN_MODE=learned
X_INDEX=1
VX_INDEX=3
ORACLE_RULE=leader_x
TTC_EPS=1e-6
FEATURES_DIM=128
D_MODEL=32
mappo_attn_learned_highway_lanechange_dense_obs20_v11_mappo_attn_cv2_seed0 agents: 2 agent obs shape: (20, 5) joint action space: Tuple(Box(-1.0, 1.0, (2,), float32), Box(-1.0, 1.0, (2,), float32))
mappo_attn_learned_highway_lanechange_dense_obs20_v11_mappo_attn_cv2_seed0: worlds=4, agents_per_world=2, ppo_slots=8, vec_mode=async, n_steps=2048, num_updates=61, total_timesteps_actual=999424, reward_mode=team, attn_mode=learned, oracle_rule=leader_x
update=1/61 global_step=16384 ep_rew_mean=0.309 ep_len_mean=4.110 policy_loss=0.0021 value_loss=1.4662 entropy=2.8322 approx_kl=0.00514 clipfrac=0.0399 explained_variance=0.0025
update=2/61 global_step=32768 ep_rew_mean=0.796 ep_len_mean=3.690 policy_loss=0.0024 value_loss=1.1711 entropy=2.8307 approx_kl=0.00382 clipfrac=0.0272 explained_variance=0.0478
update=3/61 global_step=49152 ep_rew_mean=0.624 ep_len_mean=3.330 policy_loss=-0.0058 value_loss=1.0368 entropy=2.8258 approx_kl=0.00343 clipfrac=0.0240 explained_variance=0.0780
update=4/61 global_step=65536 ep_rew_mean=0.669 ep_len_mean=3.400 policy_loss=-0.0004 value_loss=0.9012 entropy=2.8077 approx_kl=0.00727 clipfrac=0.0361 explained_variance=0.0575
update=5/61 global_step=81920 ep_rew_mean=1.051 ep_len_mean=4.040 policy_loss=0.0182 value_loss=1.0640 entropy=2.7969 approx_kl=0.00694 clipfrac=0.0586 explained_variance=0.0561
update=6/61 global_step=98304 ep_rew_mean=1.159 ep_len_mean=4.040 policy_loss=-0.0108 value_loss=1.1888 entropy=2.7774 approx_kl=0.00729 clipfrac=0.0855 explained_variance=0.0383
update=7/61 global_step=114688 ep_rew_mean=1.237 ep_len_mean=4.460 policy_loss=-0.0089 value_loss=1.2956 entropy=2.7637 approx_kl=0.00706 clipfrac=0.0978 explained_variance=0.0618
update=8/61 global_step=131072 ep_rew_mean=1.228 ep_len_mean=5.420 policy_loss=-0.0101 value_loss=1.5108 entropy=2.7496 approx_kl=0.00597 clipfrac=0.1010 explained_variance=0.0602
update=9/61 global_step=147456 ep_rew_mean=2.062 ep_len_mean=7.360 policy_loss=0.0060 value_loss=1.5261 entropy=2.7413 approx_kl=0.00621 clipfrac=0.0901 explained_variance=0.0461
update=10/61 global_step=163840 ep_rew_mean=1.823 ep_len_mean=7.130 policy_loss=-0.0154 value_loss=1.9326 entropy=2.7353 approx_kl=0.00555 clipfrac=0.0914 explained_variance=0.0614
update=11/61 global_step=180224 ep_rew_mean=2.897 ep_len_mean=10.250 policy_loss=0.0004 value_loss=2.4911 entropy=2.7282 approx_kl=0.00513 clipfrac=0.0539 explained_variance=0.0409
update=12/61 global_step=196608 ep_rew_mean=3.464 ep_len_mean=12.400 policy_loss=-0.0170 value_loss=2.9701 entropy=2.7233 approx_kl=0.00698 clipfrac=0.0606 explained_variance=0.0303
update=13/61 global_step=212992 ep_rew_mean=4.738 ep_len_mean=15.670 policy_loss=-0.0102 value_loss=3.3704 entropy=2.7153 approx_kl=0.00623 clipfrac=0.0434 explained_variance=0.0369
update=14/61 global_step=229376 ep_rew_mean=5.099 ep_len_mean=18.530 policy_loss=0.0087 value_loss=4.2512 entropy=2.7077 approx_kl=0.00400 clipfrac=0.0405 explained_variance=0.0311
update=15/61 global_step=245760 ep_rew_mean=7.061 ep_len_mean=24.600 policy_loss=-0.0051 value_loss=4.9386 entropy=2.7029 approx_kl=0.00156 clipfrac=0.0315 explained_variance=0.0310
update=16/61 global_step=262144 ep_rew_mean=7.542 ep_len_mean=25.290 policy_loss=-0.0082 value_loss=4.8376 entropy=2.6965 approx_kl=0.00291 clipfrac=0.0187 explained_variance=0.0237
update=17/61 global_step=278528 ep_rew_mean=7.219 ep_len_mean=24.650 policy_loss=-0.0261 value_loss=5.3182 entropy=2.6893 approx_kl=0.00404 clipfrac=0.0222 explained_variance=0.0414
update=18/61 global_step=294912 ep_rew_mean=7.266 ep_len_mean=25.740 policy_loss=0.0124 value_loss=6.0370 entropy=2.6843 approx_kl=0.00166 clipfrac=0.0205 explained_variance=0.0347
update=19/61 global_step=311296 ep_rew_mean=8.548 ep_len_mean=31.690 policy_loss=0.0007 value_loss=6.5820 entropy=2.6804 approx_kl=0.00183 clipfrac=0.0263 explained_variance=0.0365
update=20/61 global_step=327680 ep_rew_mean=10.079 ep_len_mean=35.400 policy_loss=-0.0000 value_loss=7.1074 entropy=2.6774 approx_kl=0.00364 clipfrac=0.0150 explained_variance=0.0295
update=21/61 global_step=344064 ep_rew_mean=10.357 ep_len_mean=40.700 policy_loss=-0.0242 value_loss=6.6450 entropy=2.6722 approx_kl=0.00771 clipfrac=0.0232 explained_variance=0.0451
update=22/61 global_step=360448 ep_rew_mean=12.200 ep_len_mean=43.340 policy_loss=0.0238 value_loss=6.7440 entropy=2.6668 approx_kl=0.00735 clipfrac=0.0319 explained_variance=0.0503
update=23/61 global_step=376832 ep_rew_mean=12.380 ep_len_mean=43.580 policy_loss=-0.0079 value_loss=7.0633 entropy=2.6659 approx_kl=0.00218 clipfrac=0.0613 explained_variance=0.0515
update=24/61 global_step=393216 ep_rew_mean=12.008 ep_len_mean=42.110 policy_loss=-0.0186 value_loss=7.2840 entropy=2.6627 approx_kl=0.00118 clipfrac=0.0134 explained_variance=0.0494
update=25/61 global_step=409600 ep_rew_mean=13.357 ep_len_mean=48.430 policy_loss=0.0027 value_loss=7.5972 entropy=2.6621 approx_kl=0.00108 clipfrac=0.0053 explained_variance=0.0551
update=26/61 global_step=425984 ep_rew_mean=13.065 ep_len_mean=50.300 policy_loss=-0.0120 value_loss=6.8080 entropy=2.6583 approx_kl=0.00087 clipfrac=0.0130 explained_variance=0.0575
update=27/61 global_step=442368 ep_rew_mean=12.246 ep_len_mean=46.740 policy_loss=-0.0057 value_loss=7.3690 entropy=2.6557 approx_kl=0.00164 clipfrac=0.0191 explained_variance=0.0732
update=28/61 global_step=458752 ep_rew_mean=14.176 ep_len_mean=53.310 policy_loss=-0.0125 value_loss=7.7107 entropy=2.6522 approx_kl=0.00347 clipfrac=0.0088 explained_variance=0.0662
update=29/61 global_step=475136 ep_rew_mean=16.441 ep_len_mean=64.610 policy_loss=0.0044 value_loss=7.3768 entropy=2.6469 approx_kl=0.00733 clipfrac=0.0193 explained_variance=0.0884
update=30/61 global_step=491520 ep_rew_mean=13.460 ep_len_mean=54.060 policy_loss=0.0156 value_loss=8.5374 entropy=2.6426 approx_kl=0.00100 clipfrac=0.0286 explained_variance=0.0956
update=31/61 global_step=507904 ep_rew_mean=12.298 ep_len_mean=45.580 policy_loss=0.0116 value_loss=7.8974 entropy=2.6376 approx_kl=0.00142 clipfrac=0.0221 explained_variance=0.1208
update=32/61 global_step=524288 ep_rew_mean=14.692 ep_len_mean=54.450 policy_loss=-0.0240 value_loss=7.7488 entropy=2.6356 approx_kl=0.00502 clipfrac=0.0119 explained_variance=0.1587
update=33/61 global_step=540672 ep_rew_mean=18.022 ep_len_mean=68.570 policy_loss=-0.0058 value_loss=7.1020 entropy=2.6336 approx_kl=0.00156 clipfrac=0.0162 explained_variance=0.1886
update=34/61 global_step=557056 ep_rew_mean=12.997 ep_len_mean=51.650 policy_loss=-0.0033 value_loss=7.9257 entropy=2.6315 approx_kl=0.00067 clipfrac=0.0141 explained_variance=0.2058
update=35/61 global_step=573440 ep_rew_mean=18.016 ep_len_mean=71.070 policy_loss=0.0135 value_loss=7.9241 entropy=2.6290 approx_kl=0.01321 clipfrac=0.0396 explained_variance=0.2416
update=36/61 global_step=589824 ep_rew_mean=17.407 ep_len_mean=62.960 policy_loss=0.0067 value_loss=8.6708 entropy=2.6285 approx_kl=0.00129 clipfrac=0.0083 explained_variance=0.2344
update=37/61 global_step=606208 ep_rew_mean=15.086 ep_len_mean=52.570 policy_loss=-0.0192 value_loss=9.2768 entropy=2.6284 approx_kl=0.00530 clipfrac=0.0125 explained_variance=0.2134
update=38/61 global_step=622592 ep_rew_mean=15.061 ep_len_mean=55.660 policy_loss=-0.0038 value_loss=8.5522 entropy=2.6262 approx_kl=0.00384 clipfrac=0.0063 explained_variance=0.2812
update=39/61 global_step=638976 ep_rew_mean=15.394 ep_len_mean=50.500 policy_loss=-0.0198 value_loss=8.7761 entropy=2.6248 approx_kl=0.00025 clipfrac=0.0006 explained_variance=0.2644
update=40/61 global_step=655360 ep_rew_mean=14.559 ep_len_mean=50.160 policy_loss=-0.0069 value_loss=9.3899 entropy=2.6245 approx_kl=0.00234 clipfrac=0.0005 explained_variance=0.2661
update=41/61 global_step=671744 ep_rew_mean=14.269 ep_len_mean=52.220 policy_loss=0.0172 value_loss=8.7871 entropy=2.6198 approx_kl=0.00857 clipfrac=0.0319 explained_variance=0.3450
update=42/61 global_step=688128 ep_rew_mean=14.124 ep_len_mean=49.940 policy_loss=-0.0056 value_loss=8.4873 entropy=2.6191 approx_kl=0.00057 clipfrac=0.0574 explained_variance=0.3628
update=43/61 global_step=704512 ep_rew_mean=17.270 ep_len_mean=59.040 policy_loss=0.0020 value_loss=7.8455 entropy=2.6180 approx_kl=0.00068 clipfrac=0.0021 explained_variance=0.4070
update=44/61 global_step=720896 ep_rew_mean=12.347 ep_len_mean=43.380 policy_loss=0.0051 value_loss=8.8907 entropy=2.6181 approx_kl=0.00283 clipfrac=0.0130 explained_variance=0.3840
update=45/61 global_step=737280 ep_rew_mean=13.108 ep_len_mean=45.390 policy_loss=-0.0235 value_loss=9.0757 entropy=2.6178 approx_kl=0.00128 clipfrac=0.0003 explained_variance=0.3697
update=46/61 global_step=753664 ep_rew_mean=14.008 ep_len_mean=47.040 policy_loss=0.0008 value_loss=8.6181 entropy=2.6175 approx_kl=0.00212 clipfrac=0.0037 explained_variance=0.3805
update=47/61 global_step=770048 ep_rew_mean=11.791 ep_len_mean=39.840 policy_loss=-0.0173 value_loss=8.1578 entropy=2.6170 approx_kl=0.00214 clipfrac=0.0058 explained_variance=0.4046
update=48/61 global_step=786432 ep_rew_mean=14.416 ep_len_mean=45.750 policy_loss=0.0027 value_loss=8.9202 entropy=2.6169 approx_kl=0.00191 clipfrac=0.0057 explained_variance=0.3884
update=49/61 global_step=802816 ep_rew_mean=13.385 ep_len_mean=43.790 policy_loss=-0.0133 value_loss=8.3201 entropy=2.6163 approx_kl=0.00021 clipfrac=0.0000 explained_variance=0.4008
update=50/61 global_step=819200 ep_rew_mean=14.820 ep_len_mean=47.610 policy_loss=-0.0045 value_loss=8.3960 entropy=2.6165 approx_kl=0.00363 clipfrac=0.0069 explained_variance=0.3755
update=51/61 global_step=835584 ep_rew_mean=12.344 ep_len_mean=40.170 policy_loss=0.0181 value_loss=8.4939 entropy=2.6162 approx_kl=0.00248 clipfrac=0.0028 explained_variance=0.3949
update=52/61 global_step=851968 ep_rew_mean=18.071 ep_len_mean=52.930 policy_loss=0.0013 value_loss=9.0295 entropy=2.6162 approx_kl=0.00085 clipfrac=0.0000 explained_variance=0.3889
update=53/61 global_step=868352 ep_rew_mean=14.406 ep_len_mean=46.540 policy_loss=-0.0046 value_loss=8.8676 entropy=2.6161 approx_kl=0.00208 clipfrac=0.0034 explained_variance=0.4039
update=54/61 global_step=884736 ep_rew_mean=13.896 ep_len_mean=43.720 policy_loss=-0.0136 value_loss=9.0571 entropy=2.6164 approx_kl=0.00214 clipfrac=0.0078 explained_variance=0.4107
update=55/61 global_step=901120 ep_rew_mean=12.475 ep_len_mean=40.660 policy_loss=0.0008 value_loss=8.7461 entropy=2.6168 approx_kl=0.00184 clipfrac=0.0061 explained_variance=0.4377
update=56/61 global_step=917504 ep_rew_mean=15.171 ep_len_mean=47.680 policy_loss=0.0060 value_loss=8.9496 entropy=2.6157 approx_kl=0.00270 clipfrac=0.0068 explained_variance=0.4154
update=57/61 global_step=933888 ep_rew_mean=11.657 ep_len_mean=37.490 policy_loss=0.0010 value_loss=8.9035 entropy=2.6140 approx_kl=0.00028 clipfrac=0.0103 explained_variance=0.4239
update=58/61 global_step=950272 ep_rew_mean=14.176 ep_len_mean=41.900 policy_loss=-0.0047 value_loss=8.7768 entropy=2.6135 approx_kl=0.00172 clipfrac=0.0006 explained_variance=0.4271
update=59/61 global_step=966656 ep_rew_mean=15.562 ep_len_mean=45.030 policy_loss=0.0075 value_loss=8.8814 entropy=2.6128 approx_kl=0.00822 clipfrac=0.1061 explained_variance=0.4019
update=60/61 global_step=983040 ep_rew_mean=12.635 ep_len_mean=40.520 policy_loss=0.0098 value_loss=8.2932 entropy=2.6119 approx_kl=0.00175 clipfrac=0.1008 explained_variance=0.4903
update=61/61 global_step=999424 ep_rew_mean=17.332 ep_len_mean=49.540 policy_loss=-0.0108 value_loss=8.5285 entropy=2.6118 approx_kl=0.00236 clipfrac=0.0175 explained_variance=0.4435


###############################################################################
TCHPC Cluster: callan
Job 169733 (mappo_attn_highway_lanechange_dense_obs20_seed0_cv2_1000000_v11_mappo_attn) for User 'hadjitot' in Account 'callan_hadjitot'
Finished at: Tue Mar 24 15:32:20 GMT 2026

Job efficiency estimates:
=========================

Job ID: 169733
Cluster: callan
User/Group: hadjitot/hadjitot
State: RUNNING
Nodes: 1
Cores per node: 16
CPU Utilized: 05:34:26
CPU Efficiency: 22.09% of 1-01:14:08 core-walltime
Job Wall-clock time: 01:34:38
Memory Utilized: 1.22 GB
Memory Efficiency: 3.82% of 32.00 GB (32.00 GB/node)
WARNING: Efficiency statistics can only be obtained after the job has ended as seff tool is based on the accounting database data.

Job completion status:
======================

JobID           JobName AllocCPUS NTasks NNodes     MaxRSS    MaxRSSNode  MaxDiskRead MaxDiskWrite    Elapsed      State ExitCode 
------------ ---------- --------- ------ ------ ---------- ------------- ------------ ------------ ---------- ---------- -------- 
169733       mappo_att+        16             1                                                      01:34:38    RUNNING      0:0 
169733.batch      batch        16      1      1   1282508K    callan-n04      972.64M      913.00M   01:35:13  COMPLETED      0:0 
169733.exte+     extern        16      1      1                                                      01:34:38    RUNNING      0:0 


Job details:
============

JobId=169733 JobName=mappo_attn_highway_lanechange_dense_obs20_seed0_cv2_1000000_v11_mappo_attn
   UserId=hadjitot(2357) GroupId=hadjitot(2300) MCS_label=N/A
   Priority=125783 Nice=0 Account=callan_hadjitot QOS=normal
   JobState=COMPLETING Reason=None Dependency=(null)
   Requeue=0 Restarts=0 BatchFlag=1 Reboot=0 ExitCode=0:0
   DerivedExitCode=0:0
   RunTime=01:35:13 TimeLimit=2-00:00:00 TimeMin=N/A
   SubmitTime=2026-03-21T18:18:12 EligibleTime=2026-03-21T18:18:12
   AccrueTime=2026-03-21T18:18:12
   StartTime=2026-03-24T13:57:07 EndTime=2026-03-24T15:32:20 Deadline=N/A
   SuspendTime=None SecsPreSuspend=0 LastSchedEval=2026-03-24T13:57:07 Scheduler=Main
   Partition=compute AllocNode:Sid=callan01:87215
   ReqNodeList=(null) ExcNodeList=(null)
   NodeList=callan-n04
   BatchHost=callan-n04
   NumNodes=1 NumCPUs=16 NumTasks=1 CPUs/Task=16 ReqB:S:C:T=0:0:*:*
   ReqTRES=cpu=16,mem=32G,node=1,billing=16
   AllocTRES=cpu=16,mem=32G,node=1,billing=16
   Socks/Node=* NtasksPerN:B:S:C=0:0:*:* CoreSpec=*
   JOB_GRES=(null)
     Nodes=callan-n04 CPU_IDs=0-15 Mem=32768 GRES=
   MinCPUsNode=16 MinMemoryNode=32G MinTmpDiskNode=0
   Features=(null) DelayBoot=00:00:00
   OverSubscribe=OK Contiguous=0 Licenses=(null) LicensesAlloc=(null) Network=(null)
   Command=/home/users/hadjitot/fyp/HighwayEnv/slurm/train_mappo_attention.sbatch
   WorkDir=/home/users/hadjitot/fyp/HighwayEnv
   StdErr=/home/users/hadjitot/fyp/HighwayEnv/slurm_out/mappo_attn_highway_lanechange_dense_obs20_seed0_cv2_1000000_v11_mappo_attn_169733.err
   StdIn=/dev/null
   StdOut=/home/users/hadjitot/fyp/HighwayEnv/slurm_out/mappo_attn_highway_lanechange_dense_obs20_seed0_cv2_1000000_v11_mappo_attn_169733.out
   TresPerTask=cpu=16
   


Disk quota details:
===================

                         Block Limits                                    |                     File Limits
Name       type             MB      quota      limit   in_doubt    grace |    files   quota    limit in_doubt    grace
root       USR         4896790          0          0        718     none |   395029       0        0      354     none
root       FILESET     5217901          0          0       3607     none |  9901437       0        0     1004     none


SLURM Bank Statement:
=====================

User           Usage |        Account     Usage | Account Limit Available (CPU hrs)
---------- --------- + -------------- --------- + ------------- ---------
hadjitot      12,817 | CALLAN_HADJITOT    12,817 |       300,000   287,183


Acknowledgements:
=================

Note that usage of TCHPC Resources *must* be acknowledged in all publications.

Please see this page for details relevant to this cluster:

http://www.tchpc.tcd.ie/resources/acknowledgementpolicy

################################################################################
