Loading Anaconda 3 2024.02-1
SCENARIO_NAME=cf_obs15
EXP_VERSION=v11_mappo_attn
TOTAL_TIMESTEPS=1000000
SEEDS=2
CONTROLLED_VEHICLES=2
N_WORLDS=4
VEC_MODE=async
TARGET_ROLLOUT_SIZE=16384
DEVICE=cpu
MODEL_DIR=runs/models
MONITOR_ROOT=runs/monitor
TB_DIR=runs/tb
REWARD_MODE=team
HIDDEN_DIM=128
LEARNING_RATE=3e-4
GAMMA=0.99
GAE_LAMBDA=0.95
CLIP_RANGE=0.2
ENT_COEF=0.0
VF_COEF=0.5
MAX_GRAD_NORM=0.5
UPDATE_EPOCHS=10
NUM_MINIBATCHES=4
TARGET_KL=
CLIP_VLOSS=true
mappo_cf_obs15_v11_mappo_attn_cv2_seed2 agents: 2 agent obs shape: (15, 5) joint action space: Tuple(Box(-1.0, 1.0, (1,), float32), Box(-1.0, 1.0, (1,), float32))
mappo_cf_obs15_v11_mappo_attn_cv2_seed2: worlds=4, agents_per_world=2, ppo_slots=8, vec_mode=async, n_steps=2048, num_updates=61, total_timesteps_actual=999424, reward_mode=team
update=1/61 global_step=16384 ep_rew_mean=4.606 ep_len_mean=13.650 policy_loss=0.0164 value_loss=5.4411 entropy=1.4166 approx_kl=0.00409 clipfrac=0.0124 explained_variance=-0.0033
update=2/61 global_step=32768 ep_rew_mean=4.673 ep_len_mean=14.030 policy_loss=-0.0050 value_loss=5.0691 entropy=1.4132 approx_kl=0.00325 clipfrac=0.0082 explained_variance=0.0544
update=3/61 global_step=49152 ep_rew_mean=5.102 ep_len_mean=13.960 policy_loss=-0.0083 value_loss=4.4268 entropy=1.4093 approx_kl=0.00265 clipfrac=0.0012 explained_variance=0.1593
update=4/61 global_step=65536 ep_rew_mean=5.311 ep_len_mean=14.320 policy_loss=0.0087 value_loss=3.8268 entropy=1.4041 approx_kl=0.00286 clipfrac=0.0176 explained_variance=0.2906
update=5/61 global_step=81920 ep_rew_mean=4.911 ep_len_mean=14.580 policy_loss=-0.0066 value_loss=2.9606 entropy=1.4024 approx_kl=0.00472 clipfrac=0.0215 explained_variance=0.4429
update=6/61 global_step=98304 ep_rew_mean=5.426 ep_len_mean=15.250 policy_loss=-0.0014 value_loss=2.1685 entropy=1.3964 approx_kl=0.00454 clipfrac=0.0182 explained_variance=0.5694
update=7/61 global_step=114688 ep_rew_mean=5.650 ep_len_mean=15.540 policy_loss=0.0041 value_loss=1.8309 entropy=1.3930 approx_kl=0.00216 clipfrac=0.0056 explained_variance=0.6435
update=8/61 global_step=131072 ep_rew_mean=5.671 ep_len_mean=16.110 policy_loss=-0.0014 value_loss=1.5808 entropy=1.3866 approx_kl=0.00459 clipfrac=0.0370 explained_variance=0.6976
update=9/61 global_step=147456 ep_rew_mean=5.421 ep_len_mean=16.150 policy_loss=-0.0247 value_loss=1.3757 entropy=1.3800 approx_kl=0.00276 clipfrac=0.0296 explained_variance=0.7350
update=10/61 global_step=163840 ep_rew_mean=5.780 ep_len_mean=16.800 policy_loss=-0.0009 value_loss=1.1396 entropy=1.3723 approx_kl=0.00194 clipfrac=0.0347 explained_variance=0.7849
update=11/61 global_step=180224 ep_rew_mean=5.831 ep_len_mean=18.070 policy_loss=-0.0256 value_loss=1.0793 entropy=1.3620 approx_kl=0.00368 clipfrac=0.0486 explained_variance=0.8074
update=12/61 global_step=196608 ep_rew_mean=5.952 ep_len_mean=17.850 policy_loss=0.0029 value_loss=1.7130 entropy=1.3533 approx_kl=0.01000 clipfrac=0.0611 explained_variance=0.7271
update=13/61 global_step=212992 ep_rew_mean=6.169 ep_len_mean=20.940 policy_loss=0.0156 value_loss=3.4818 entropy=1.3401 approx_kl=0.00123 clipfrac=0.0553 explained_variance=0.4612
update=14/61 global_step=229376 ep_rew_mean=5.448 ep_len_mean=25.760 policy_loss=0.0266 value_loss=7.1359 entropy=1.3326 approx_kl=0.00462 clipfrac=0.0346 explained_variance=0.0961
update=15/61 global_step=245760 ep_rew_mean=3.209 ep_len_mean=35.280 policy_loss=-0.0114 value_loss=15.0051 entropy=1.3303 approx_kl=0.00216 clipfrac=0.0031 explained_variance=-0.5596
update=16/61 global_step=262144 ep_rew_mean=0.540 ep_len_mean=46.090 policy_loss=-0.0086 value_loss=20.3452 entropy=1.3289 approx_kl=0.00197 clipfrac=0.0019 explained_variance=-0.8083
update=17/61 global_step=278528 ep_rew_mean=-1.821 ep_len_mean=56.580 policy_loss=0.0166 value_loss=23.2073 entropy=1.3298 approx_kl=0.00326 clipfrac=0.0113 explained_variance=-0.9262
update=18/61 global_step=294912 ep_rew_mean=-1.750 ep_len_mean=62.070 policy_loss=-0.0088 value_loss=19.9308 entropy=1.3289 approx_kl=0.00258 clipfrac=0.0090 explained_variance=-1.0232
update=19/61 global_step=311296 ep_rew_mean=-3.327 ep_len_mean=77.440 policy_loss=0.0172 value_loss=17.6709 entropy=1.3271 approx_kl=0.00382 clipfrac=0.0224 explained_variance=-0.9954
update=20/61 global_step=327680 ep_rew_mean=-4.013 ep_len_mean=98.310 policy_loss=-0.0144 value_loss=14.2248 entropy=1.3244 approx_kl=0.00348 clipfrac=0.0118 explained_variance=-1.1338
update=21/61 global_step=344064 ep_rew_mean=-3.568 ep_len_mean=108.810 policy_loss=0.0071 value_loss=13.4040 entropy=1.3218 approx_kl=0.00377 clipfrac=0.0245 explained_variance=-1.1675
update=22/61 global_step=360448 ep_rew_mean=-0.233 ep_len_mean=99.860 policy_loss=0.0244 value_loss=10.0900 entropy=1.3191 approx_kl=0.00446 clipfrac=0.0322 explained_variance=-0.8285
update=23/61 global_step=376832 ep_rew_mean=1.538 ep_len_mean=113.840 policy_loss=0.0152 value_loss=8.4732 entropy=1.3188 approx_kl=0.00532 clipfrac=0.0298 explained_variance=-0.9152
update=24/61 global_step=393216 ep_rew_mean=4.652 ep_len_mean=120.360 policy_loss=-0.0010 value_loss=6.6755 entropy=1.3174 approx_kl=0.00339 clipfrac=0.0247 explained_variance=-0.5092
update=25/61 global_step=409600 ep_rew_mean=6.930 ep_len_mean=121.460 policy_loss=-0.0276 value_loss=6.0312 entropy=1.3143 approx_kl=0.00448 clipfrac=0.0347 explained_variance=-0.2223
update=26/61 global_step=425984 ep_rew_mean=10.657 ep_len_mean=118.760 policy_loss=0.0015 value_loss=4.9472 entropy=1.3088 approx_kl=0.00517 clipfrac=0.0346 explained_variance=0.0173
update=27/61 global_step=442368 ep_rew_mean=14.238 ep_len_mean=119.030 policy_loss=-0.0232 value_loss=3.8774 entropy=1.3031 approx_kl=0.00259 clipfrac=0.0247 explained_variance=0.2366
update=28/61 global_step=458752 ep_rew_mean=18.251 ep_len_mean=131.900 policy_loss=-0.0065 value_loss=3.3521 entropy=1.2999 approx_kl=0.00413 clipfrac=0.0526 explained_variance=0.3416
update=29/61 global_step=475136 ep_rew_mean=22.899 ep_len_mean=144.580 policy_loss=0.0051 value_loss=2.6874 entropy=1.2987 approx_kl=0.00131 clipfrac=0.0212 explained_variance=0.4746
update=30/61 global_step=491520 ep_rew_mean=24.620 ep_len_mean=142.050 policy_loss=-0.0168 value_loss=2.2894 entropy=1.2958 approx_kl=0.00321 clipfrac=0.0354 explained_variance=0.5668
update=31/61 global_step=507904 ep_rew_mean=25.458 ep_len_mean=144.580 policy_loss=-0.0067 value_loss=1.9767 entropy=1.2893 approx_kl=0.00692 clipfrac=0.0397 explained_variance=0.6346
update=32/61 global_step=524288 ep_rew_mean=28.143 ep_len_mean=148.400 policy_loss=-0.0095 value_loss=1.7980 entropy=1.2857 approx_kl=0.00360 clipfrac=0.0347 explained_variance=0.6892
update=33/61 global_step=540672 ep_rew_mean=30.702 ep_len_mean=147.090 policy_loss=-0.0035 value_loss=1.7504 entropy=1.2782 approx_kl=0.00695 clipfrac=0.0144 explained_variance=0.7204
update=34/61 global_step=557056 ep_rew_mean=31.824 ep_len_mean=144.410 policy_loss=0.0236 value_loss=2.3266 entropy=1.2707 approx_kl=0.00272 clipfrac=0.0139 explained_variance=0.6515
update=35/61 global_step=573440 ep_rew_mean=31.406 ep_len_mean=140.610 policy_loss=-0.0067 value_loss=1.9128 entropy=1.2667 approx_kl=0.00206 clipfrac=0.0106 explained_variance=0.6657
update=36/61 global_step=589824 ep_rew_mean=31.977 ep_len_mean=144.540 policy_loss=0.0138 value_loss=1.6752 entropy=1.2637 approx_kl=0.00276 clipfrac=0.0134 explained_variance=0.7253
update=37/61 global_step=606208 ep_rew_mean=33.504 ep_len_mean=148.370 policy_loss=0.0196 value_loss=1.7723 entropy=1.2620 approx_kl=0.00409 clipfrac=0.0118 explained_variance=0.7431
update=38/61 global_step=622592 ep_rew_mean=34.086 ep_len_mean=149.210 policy_loss=-0.0176 value_loss=1.5253 entropy=1.2591 approx_kl=0.00180 clipfrac=0.0076 explained_variance=0.8014
update=39/61 global_step=638976 ep_rew_mean=33.611 ep_len_mean=148.690 policy_loss=0.0007 value_loss=1.3619 entropy=1.2562 approx_kl=0.00277 clipfrac=0.0505 explained_variance=0.8042
update=40/61 global_step=655360 ep_rew_mean=33.537 ep_len_mean=148.920 policy_loss=-0.0025 value_loss=1.2567 entropy=1.2518 approx_kl=0.00634 clipfrac=0.0239 explained_variance=0.8459
update=41/61 global_step=671744 ep_rew_mean=32.517 ep_len_mean=144.800 policy_loss=0.0119 value_loss=1.4650 entropy=1.2505 approx_kl=0.00102 clipfrac=0.0166 explained_variance=0.8216
update=42/61 global_step=688128 ep_rew_mean=30.413 ep_len_mean=138.540 policy_loss=-0.0097 value_loss=1.5764 entropy=1.2513 approx_kl=0.00018 clipfrac=0.0002 explained_variance=0.8191
update=43/61 global_step=704512 ep_rew_mean=29.273 ep_len_mean=135.330 policy_loss=0.0048 value_loss=1.4719 entropy=1.2511 approx_kl=0.00255 clipfrac=0.0105 explained_variance=0.8311
update=44/61 global_step=720896 ep_rew_mean=30.963 ep_len_mean=142.330 policy_loss=0.0108 value_loss=1.1624 entropy=1.2504 approx_kl=0.00142 clipfrac=0.0083 explained_variance=0.8908
update=45/61 global_step=737280 ep_rew_mean=31.805 ep_len_mean=144.020 policy_loss=0.0054 value_loss=0.9796 entropy=1.2497 approx_kl=0.00267 clipfrac=0.0091 explained_variance=0.8900
update=46/61 global_step=753664 ep_rew_mean=31.902 ep_len_mean=143.230 policy_loss=-0.0070 value_loss=0.9903 entropy=1.2489 approx_kl=0.00029 clipfrac=0.0046 explained_variance=0.8641
update=47/61 global_step=770048 ep_rew_mean=32.386 ep_len_mean=144.320 policy_loss=0.0033 value_loss=0.8405 entropy=1.2490 approx_kl=0.00236 clipfrac=0.0065 explained_variance=0.8955
update=48/61 global_step=786432 ep_rew_mean=32.237 ep_len_mean=143.430 policy_loss=-0.0046 value_loss=1.0554 entropy=1.2488 approx_kl=0.00256 clipfrac=0.0178 explained_variance=0.8727
update=49/61 global_step=802816 ep_rew_mean=32.402 ep_len_mean=143.820 policy_loss=0.0018 value_loss=1.0004 entropy=1.2468 approx_kl=0.00143 clipfrac=0.0192 explained_variance=0.8514
update=50/61 global_step=819200 ep_rew_mean=32.069 ep_len_mean=143.880 policy_loss=-0.0035 value_loss=1.0558 entropy=1.2467 approx_kl=0.00715 clipfrac=0.0080 explained_variance=0.8345
update=51/61 global_step=835584 ep_rew_mean=32.462 ep_len_mean=143.810 policy_loss=0.0124 value_loss=0.9347 entropy=1.2441 approx_kl=0.00194 clipfrac=0.0101 explained_variance=0.8802
update=52/61 global_step=851968 ep_rew_mean=32.703 ep_len_mean=143.870 policy_loss=0.0248 value_loss=0.9640 entropy=1.2423 approx_kl=0.00063 clipfrac=0.0000 explained_variance=0.8676
update=53/61 global_step=868352 ep_rew_mean=33.304 ep_len_mean=148.090 policy_loss=0.0026 value_loss=0.7032 entropy=1.2427 approx_kl=0.00238 clipfrac=0.0104 explained_variance=0.8928
update=54/61 global_step=884736 ep_rew_mean=32.834 ep_len_mean=146.980 policy_loss=0.0083 value_loss=1.0688 entropy=1.2368 approx_kl=0.00135 clipfrac=0.0190 explained_variance=0.8201
update=55/61 global_step=901120 ep_rew_mean=32.349 ep_len_mean=144.330 policy_loss=-0.0051 value_loss=0.9886 entropy=1.2326 approx_kl=0.00228 clipfrac=0.0251 explained_variance=0.8588
update=56/61 global_step=917504 ep_rew_mean=32.250 ep_len_mean=143.110 policy_loss=0.0114 value_loss=1.1441 entropy=1.2310 approx_kl=0.00330 clipfrac=0.0172 explained_variance=0.8302
update=57/61 global_step=933888 ep_rew_mean=32.598 ep_len_mean=145.780 policy_loss=-0.0042 value_loss=0.8753 entropy=1.2305 approx_kl=0.00090 clipfrac=0.0012 explained_variance=0.8760
update=58/61 global_step=950272 ep_rew_mean=32.871 ep_len_mean=149.640 policy_loss=0.0082 value_loss=0.6714 entropy=1.2275 approx_kl=0.00256 clipfrac=0.0103 explained_variance=0.8942
update=59/61 global_step=966656 ep_rew_mean=32.009 ep_len_mean=149.670 policy_loss=-0.0191 value_loss=0.9559 entropy=1.2255 approx_kl=0.00149 clipfrac=0.0016 explained_variance=0.8336
update=60/61 global_step=983040 ep_rew_mean=32.017 ep_len_mean=149.670 policy_loss=0.0137 value_loss=0.8813 entropy=1.2242 approx_kl=0.00300 clipfrac=0.0129 explained_variance=0.8665
update=61/61 global_step=999424 ep_rew_mean=32.916 ep_len_mean=151.000 policy_loss=0.0151 value_loss=0.8250 entropy=1.2228 approx_kl=0.00227 clipfrac=0.0063 explained_variance=0.8684


###############################################################################
TCHPC Cluster: callan
Job 169727 (mappo_base_cf_obs15_seed2_cv2_1000000_v11_mappo_attn) for User 'hadjitot' in Account 'callan_hadjitot'
Finished at: Tue Mar 24 14:47:56 GMT 2026

Job efficiency estimates:
=========================

Job ID: 169727
Cluster: callan
User/Group: hadjitot/hadjitot
State: COMPLETED (exit code 0)
Nodes: 1
Cores per node: 16
CPU Utilized: 03:01:59
CPU Efficiency: 22.38% of 13:33:04 core-walltime
Job Wall-clock time: 00:50:49
Memory Utilized: 913.87 MB
Memory Efficiency: 2.79% of 32.00 GB (32.00 GB/node)

Job completion status:
======================

JobID           JobName AllocCPUS NTasks NNodes     MaxRSS    MaxRSSNode  MaxDiskRead MaxDiskWrite    Elapsed      State ExitCode 
------------ ---------- --------- ------ ------ ---------- ------------- ------------ ------------ ---------- ---------- -------- 
169727       mappo_bas+        16             1                                                      00:50:49  COMPLETED      0:0 
169727.batch      batch        16      1      1    935800K    callan-n03      768.34M      708.27M   00:50:49  COMPLETED      0:0 
169727.exte+     extern        16      1      1                                                      00:50:49  COMPLETED      0:0 


Job details:
============

JobId=169727 JobName=mappo_base_cf_obs15_seed2_cv2_1000000_v11_mappo_attn
   UserId=hadjitot(2357) GroupId=hadjitot(2300) MCS_label=N/A
   Priority=125783 Nice=0 Account=callan_hadjitot QOS=normal
   JobState=COMPLETING Reason=None Dependency=(null)
   Requeue=0 Restarts=0 BatchFlag=1 Reboot=0 ExitCode=0:0
   DerivedExitCode=0:0
   RunTime=00:50:49 TimeLimit=2-00:00:00 TimeMin=N/A
   SubmitTime=2026-03-21T18:18:12 EligibleTime=2026-03-21T18:18:12
   AccrueTime=2026-03-21T18:18:12
   StartTime=2026-03-24T13:57:07 EndTime=2026-03-24T14:47:56 Deadline=N/A
   SuspendTime=None SecsPreSuspend=0 LastSchedEval=2026-03-24T13:57:07 Scheduler=Main
   Partition=compute AllocNode:Sid=callan01:87215
   ReqNodeList=(null) ExcNodeList=(null)
   NodeList=callan-n03
   BatchHost=callan-n03
   NumNodes=1 NumCPUs=16 NumTasks=1 CPUs/Task=16 ReqB:S:C:T=0:0:*:*
   ReqTRES=cpu=16,mem=32G,node=1,billing=16
   AllocTRES=cpu=16,mem=32G,node=1,billing=16
   Socks/Node=* NtasksPerN:B:S:C=0:0:*:* CoreSpec=*
   JOB_GRES=(null)
     Nodes=callan-n03 CPU_IDs=16-31 Mem=32768 GRES=
   MinCPUsNode=16 MinMemoryNode=32G MinTmpDiskNode=0
   Features=(null) DelayBoot=00:00:00
   OverSubscribe=OK Contiguous=0 Licenses=(null) LicensesAlloc=(null) Network=(null)
   Command=/home/users/hadjitot/fyp/HighwayEnv/slurm/train_mappo.sbatch
   WorkDir=/home/users/hadjitot/fyp/HighwayEnv
   StdErr=/home/users/hadjitot/fyp/HighwayEnv/slurm_out/mappo_base_cf_obs15_seed2_cv2_1000000_v11_mappo_attn_169727.err
   StdIn=/dev/null
   StdOut=/home/users/hadjitot/fyp/HighwayEnv/slurm_out/mappo_base_cf_obs15_seed2_cv2_1000000_v11_mappo_attn_169727.out
   TresPerTask=cpu=16
   


Disk quota details:
===================

                         Block Limits                                    |                     File Limits
Name       type             MB      quota      limit   in_doubt    grace |    files   quota    limit in_doubt    grace
root       USR         4896124          0          0        800     none |   395019       0        0      177     none
root       FILESET     5225260          0          0       3171     none |  9902778       0        0      844     none


SLURM Bank Statement:
=====================

User           Usage |        Account     Usage | Account Limit Available (CPU hrs)
---------- --------- + -------------- --------- + ------------- ---------
hadjitot      12,757 | CALLAN_HADJITOT    12,757 |       300,000   287,243


Acknowledgements:
=================

Note that usage of TCHPC Resources *must* be acknowledged in all publications.

Please see this page for details relevant to this cluster:

http://www.tchpc.tcd.ie/resources/acknowledgementpolicy

################################################################################
