Loading Anaconda 3 2024.02-1
SCENARIO_NAME=highway_lanechange_dense_obs20
EXP_VERSION=v11_mappo_diag
TOTAL_TIMESTEPS=1000000
SEEDS=2
CONTROLLED_VEHICLES=2
N_WORLDS=4
VEC_MODE=async
TARGET_ROLLOUT_SIZE=16384
DEVICE=cpu
MODEL_DIR=runs/models
MONITOR_ROOT=runs/monitor
TB_DIR=runs/tb
REWARD_MODE=team
HIDDEN_DIM=128
LEARNING_RATE=3e-4
GAMMA=0.99
GAE_LAMBDA=0.95
CLIP_RANGE=0.2
ENT_COEF=0.0
VF_COEF=0.5
MAX_GRAD_NORM=0.5
UPDATE_EPOCHS=10
NUM_MINIBATCHES=4
TARGET_KL=
CLIP_VLOSS=true
mappo_highway_lanechange_dense_obs20_v11_mappo_diag_cv2_seed2 agents: 2 agent obs shape: (20, 5) joint action space: Tuple(Box(-1.0, 1.0, (2,), float32), Box(-1.0, 1.0, (2,), float32))
mappo_highway_lanechange_dense_obs20_v11_mappo_diag_cv2_seed2: worlds=4, agents_per_world=2, ppo_slots=8, vec_mode=async, n_steps=2048, num_updates=61, total_timesteps_actual=999424, reward_mode=team
update=1/61 global_step=16384 ep_rew_mean=0.720 ep_len_mean=3.440 policy_loss=0.0057 value_loss=1.2963 entropy=2.8263 approx_kl=0.00602 clipfrac=0.0623 explained_variance=-0.0009
update=2/61 global_step=32768 ep_rew_mean=0.639 ep_len_mean=3.580 policy_loss=-0.0012 value_loss=1.0486 entropy=2.8236 approx_kl=0.00509 clipfrac=0.0547 explained_variance=0.0465
update=3/61 global_step=49152 ep_rew_mean=0.804 ep_len_mean=3.890 policy_loss=0.0082 value_loss=1.0562 entropy=2.8092 approx_kl=0.00496 clipfrac=0.0531 explained_variance=0.0653
update=4/61 global_step=65536 ep_rew_mean=0.910 ep_len_mean=3.910 policy_loss=-0.0149 value_loss=1.0542 entropy=2.7929 approx_kl=0.00515 clipfrac=0.0832 explained_variance=0.0459
update=5/61 global_step=81920 ep_rew_mean=1.033 ep_len_mean=4.030 policy_loss=-0.0211 value_loss=1.0765 entropy=2.7753 approx_kl=0.00722 clipfrac=0.0936 explained_variance=0.0506
update=6/61 global_step=98304 ep_rew_mean=1.302 ep_len_mean=5.290 policy_loss=-0.0015 value_loss=1.3559 entropy=2.7594 approx_kl=0.01057 clipfrac=0.1201 explained_variance=0.0175
update=7/61 global_step=114688 ep_rew_mean=1.863 ep_len_mean=6.030 policy_loss=-0.0240 value_loss=1.3594 entropy=2.7411 approx_kl=0.00786 clipfrac=0.1136 explained_variance=0.0211
update=8/61 global_step=131072 ep_rew_mean=1.961 ep_len_mean=6.240 policy_loss=-0.0155 value_loss=1.5616 entropy=2.7270 approx_kl=0.00747 clipfrac=0.0881 explained_variance=0.0467
update=9/61 global_step=147456 ep_rew_mean=2.795 ep_len_mean=8.740 policy_loss=-0.0194 value_loss=1.8861 entropy=2.7204 approx_kl=0.00665 clipfrac=0.0873 explained_variance=0.0375
update=10/61 global_step=163840 ep_rew_mean=3.391 ep_len_mean=10.570 policy_loss=-0.0123 value_loss=2.4193 entropy=2.7145 approx_kl=0.00496 clipfrac=0.0688 explained_variance=0.0434
update=11/61 global_step=180224 ep_rew_mean=3.593 ep_len_mean=11.050 policy_loss=-0.0233 value_loss=2.5520 entropy=2.7038 approx_kl=0.00454 clipfrac=0.0648 explained_variance=0.0360
update=12/61 global_step=196608 ep_rew_mean=4.452 ep_len_mean=14.840 policy_loss=0.0045 value_loss=3.0908 entropy=2.6952 approx_kl=0.00240 clipfrac=0.0507 explained_variance=0.0477
update=13/61 global_step=212992 ep_rew_mean=4.129 ep_len_mean=14.010 policy_loss=-0.0280 value_loss=3.7483 entropy=2.6904 approx_kl=0.00532 clipfrac=0.0461 explained_variance=0.0487
update=14/61 global_step=229376 ep_rew_mean=5.771 ep_len_mean=18.230 policy_loss=-0.0066 value_loss=3.9572 entropy=2.6873 approx_kl=0.00360 clipfrac=0.0547 explained_variance=0.0597
update=15/61 global_step=245760 ep_rew_mean=6.051 ep_len_mean=21.610 policy_loss=-0.0068 value_loss=4.5276 entropy=2.6763 approx_kl=0.00209 clipfrac=0.0500 explained_variance=0.0765
update=16/61 global_step=262144 ep_rew_mean=6.615 ep_len_mean=24.620 policy_loss=0.0064 value_loss=4.5690 entropy=2.6669 approx_kl=0.00787 clipfrac=0.0355 explained_variance=0.0865
update=17/61 global_step=278528 ep_rew_mean=6.881 ep_len_mean=25.710 policy_loss=-0.0056 value_loss=5.2486 entropy=2.6589 approx_kl=0.00259 clipfrac=0.0192 explained_variance=0.0967
update=18/61 global_step=294912 ep_rew_mean=7.722 ep_len_mean=29.290 policy_loss=-0.0087 value_loss=5.4319 entropy=2.6514 approx_kl=0.00313 clipfrac=0.0196 explained_variance=0.1316
update=19/61 global_step=311296 ep_rew_mean=8.302 ep_len_mean=29.370 policy_loss=-0.0184 value_loss=5.1121 entropy=2.6452 approx_kl=0.00324 clipfrac=0.0561 explained_variance=0.1704
update=20/61 global_step=327680 ep_rew_mean=7.832 ep_len_mean=28.270 policy_loss=-0.0013 value_loss=5.6963 entropy=2.6415 approx_kl=0.00210 clipfrac=0.0411 explained_variance=0.1747
update=21/61 global_step=344064 ep_rew_mean=8.801 ep_len_mean=32.320 policy_loss=-0.0014 value_loss=5.3303 entropy=2.6356 approx_kl=0.00154 clipfrac=0.0238 explained_variance=0.2209
update=22/61 global_step=360448 ep_rew_mean=9.138 ep_len_mean=32.790 policy_loss=-0.0091 value_loss=5.2681 entropy=2.6268 approx_kl=0.00479 clipfrac=0.0357 explained_variance=0.2620
update=23/61 global_step=376832 ep_rew_mean=9.603 ep_len_mean=33.080 policy_loss=-0.0061 value_loss=5.4564 entropy=2.6210 approx_kl=0.00287 clipfrac=0.0146 explained_variance=0.2706
update=24/61 global_step=393216 ep_rew_mean=9.635 ep_len_mean=33.100 policy_loss=-0.0064 value_loss=5.9653 entropy=2.6163 approx_kl=0.00200 clipfrac=0.0383 explained_variance=0.2751
update=25/61 global_step=409600 ep_rew_mean=8.847 ep_len_mean=31.550 policy_loss=0.0029 value_loss=5.5198 entropy=2.6135 approx_kl=0.00153 clipfrac=0.0200 explained_variance=0.3159
update=26/61 global_step=425984 ep_rew_mean=8.984 ep_len_mean=31.000 policy_loss=0.0003 value_loss=5.0337 entropy=2.6069 approx_kl=0.00194 clipfrac=0.0280 explained_variance=0.3365
update=27/61 global_step=442368 ep_rew_mean=10.378 ep_len_mean=35.560 policy_loss=0.0136 value_loss=5.0820 entropy=2.6026 approx_kl=0.00193 clipfrac=0.0056 explained_variance=0.3961
update=28/61 global_step=458752 ep_rew_mean=9.263 ep_len_mean=31.880 policy_loss=0.0005 value_loss=4.5719 entropy=2.6000 approx_kl=0.00330 clipfrac=0.0204 explained_variance=0.4108
update=29/61 global_step=475136 ep_rew_mean=11.018 ep_len_mean=36.370 policy_loss=-0.0090 value_loss=5.8153 entropy=2.5991 approx_kl=0.00192 clipfrac=0.0066 explained_variance=0.3833
update=30/61 global_step=491520 ep_rew_mean=10.877 ep_len_mean=38.640 policy_loss=-0.0210 value_loss=5.2809 entropy=2.5976 approx_kl=0.00306 clipfrac=0.0130 explained_variance=0.4298
update=31/61 global_step=507904 ep_rew_mean=9.471 ep_len_mean=33.080 policy_loss=-0.0221 value_loss=5.2396 entropy=2.5967 approx_kl=0.00218 clipfrac=0.0037 explained_variance=0.4204
update=32/61 global_step=524288 ep_rew_mean=9.729 ep_len_mean=34.030 policy_loss=-0.0150 value_loss=5.2828 entropy=2.5959 approx_kl=0.00360 clipfrac=0.0124 explained_variance=0.4470
update=33/61 global_step=540672 ep_rew_mean=10.021 ep_len_mean=33.680 policy_loss=0.0153 value_loss=5.5359 entropy=2.5954 approx_kl=0.00397 clipfrac=0.0080 explained_variance=0.4213
update=34/61 global_step=557056 ep_rew_mean=11.527 ep_len_mean=35.060 policy_loss=-0.0033 value_loss=6.2758 entropy=2.5948 approx_kl=0.00289 clipfrac=0.0077 explained_variance=0.3380
update=35/61 global_step=573440 ep_rew_mean=11.860 ep_len_mean=35.880 policy_loss=-0.0126 value_loss=6.2569 entropy=2.5940 approx_kl=0.00397 clipfrac=0.0081 explained_variance=0.3931
update=36/61 global_step=589824 ep_rew_mean=12.269 ep_len_mean=34.400 policy_loss=-0.0071 value_loss=6.6715 entropy=2.5931 approx_kl=0.00355 clipfrac=0.0106 explained_variance=0.2962
update=37/61 global_step=606208 ep_rew_mean=9.326 ep_len_mean=27.120 policy_loss=0.0017 value_loss=6.8041 entropy=2.5931 approx_kl=0.00173 clipfrac=0.0008 explained_variance=0.2889
update=38/61 global_step=622592 ep_rew_mean=11.083 ep_len_mean=31.480 policy_loss=0.0114 value_loss=6.8721 entropy=2.5922 approx_kl=0.00203 clipfrac=0.0021 explained_variance=0.3380
update=39/61 global_step=638976 ep_rew_mean=11.540 ep_len_mean=34.350 policy_loss=-0.0075 value_loss=6.8106 entropy=2.5912 approx_kl=0.00215 clipfrac=0.0097 explained_variance=0.3484
update=40/61 global_step=655360 ep_rew_mean=12.275 ep_len_mean=35.040 policy_loss=-0.0340 value_loss=6.8314 entropy=2.5900 approx_kl=0.00171 clipfrac=0.0122 explained_variance=0.3215
update=41/61 global_step=671744 ep_rew_mean=12.994 ep_len_mean=37.040 policy_loss=-0.0041 value_loss=6.9312 entropy=2.5881 approx_kl=0.00315 clipfrac=0.0181 explained_variance=0.3599
update=42/61 global_step=688128 ep_rew_mean=12.700 ep_len_mean=35.790 policy_loss=-0.0075 value_loss=7.5682 entropy=2.5857 approx_kl=0.00845 clipfrac=0.0259 explained_variance=0.3095
update=43/61 global_step=704512 ep_rew_mean=13.135 ep_len_mean=35.280 policy_loss=0.0075 value_loss=6.7564 entropy=2.5846 approx_kl=0.00253 clipfrac=0.0440 explained_variance=0.2801
update=44/61 global_step=720896 ep_rew_mean=14.053 ep_len_mean=37.030 policy_loss=0.0052 value_loss=7.2454 entropy=2.5829 approx_kl=0.00141 clipfrac=0.0179 explained_variance=0.3138
update=45/61 global_step=737280 ep_rew_mean=12.230 ep_len_mean=33.480 policy_loss=-0.0134 value_loss=6.9203 entropy=2.5825 approx_kl=0.00197 clipfrac=0.0080 explained_variance=0.3187
update=46/61 global_step=753664 ep_rew_mean=10.861 ep_len_mean=32.500 policy_loss=-0.0029 value_loss=7.1071 entropy=2.5808 approx_kl=0.00403 clipfrac=0.0062 explained_variance=0.3755
update=47/61 global_step=770048 ep_rew_mean=13.679 ep_len_mean=38.570 policy_loss=0.0113 value_loss=7.4262 entropy=2.5794 approx_kl=0.00061 clipfrac=0.0124 explained_variance=0.3525
update=48/61 global_step=786432 ep_rew_mean=12.363 ep_len_mean=36.010 policy_loss=0.0083 value_loss=8.6155 entropy=2.5784 approx_kl=0.00280 clipfrac=0.0014 explained_variance=0.2988
update=49/61 global_step=802816 ep_rew_mean=14.065 ep_len_mean=40.700 policy_loss=0.0055 value_loss=6.9715 entropy=2.5773 approx_kl=0.00264 clipfrac=0.0054 explained_variance=0.4329
update=50/61 global_step=819200 ep_rew_mean=11.473 ep_len_mean=34.960 policy_loss=-0.0042 value_loss=6.9505 entropy=2.5770 approx_kl=0.00289 clipfrac=0.0055 explained_variance=0.4060
update=51/61 global_step=835584 ep_rew_mean=11.919 ep_len_mean=34.280 policy_loss=0.0173 value_loss=6.9792 entropy=2.5764 approx_kl=0.00225 clipfrac=0.0049 explained_variance=0.3989
update=52/61 global_step=851968 ep_rew_mean=11.532 ep_len_mean=34.420 policy_loss=-0.0110 value_loss=6.7273 entropy=2.5751 approx_kl=0.00327 clipfrac=0.0061 explained_variance=0.4474
update=53/61 global_step=868352 ep_rew_mean=12.836 ep_len_mean=34.650 policy_loss=-0.0017 value_loss=6.7113 entropy=2.5738 approx_kl=0.00482 clipfrac=0.0207 explained_variance=0.3920
update=54/61 global_step=884736 ep_rew_mean=11.907 ep_len_mean=33.090 policy_loss=-0.0167 value_loss=7.4530 entropy=2.5729 approx_kl=0.00355 clipfrac=0.0098 explained_variance=0.3794
update=55/61 global_step=901120 ep_rew_mean=10.880 ep_len_mean=32.260 policy_loss=0.0072 value_loss=7.3485 entropy=2.5714 approx_kl=0.00232 clipfrac=0.0238 explained_variance=0.4096
update=56/61 global_step=917504 ep_rew_mean=12.877 ep_len_mean=35.350 policy_loss=0.0032 value_loss=7.2635 entropy=2.5700 approx_kl=0.00179 clipfrac=0.0044 explained_variance=0.3906
update=57/61 global_step=933888 ep_rew_mean=13.225 ep_len_mean=35.980 policy_loss=0.0060 value_loss=6.9059 entropy=2.5681 approx_kl=0.00323 clipfrac=0.0185 explained_variance=0.4243
update=58/61 global_step=950272 ep_rew_mean=13.870 ep_len_mean=37.630 policy_loss=0.0154 value_loss=8.5888 entropy=2.5666 approx_kl=0.00740 clipfrac=0.0601 explained_variance=0.3641
update=59/61 global_step=966656 ep_rew_mean=12.148 ep_len_mean=35.480 policy_loss=-0.0059 value_loss=8.7262 entropy=2.5633 approx_kl=0.00781 clipfrac=0.1443 explained_variance=0.3924
update=60/61 global_step=983040 ep_rew_mean=12.222 ep_len_mean=36.020 policy_loss=0.0172 value_loss=8.8466 entropy=2.5606 approx_kl=0.00219 clipfrac=0.0669 explained_variance=0.4006
update=61/61 global_step=999424 ep_rew_mean=11.761 ep_len_mean=34.350 policy_loss=0.0208 value_loss=9.3558 entropy=2.5598 approx_kl=0.00495 clipfrac=0.0633 explained_variance=0.3954


###############################################################################
TCHPC Cluster: callan
Job 170425 (mappo_base_highway_lanechange_dense_obs20_seed2_cv2_1000000_v11_mappo_diag) for User 'hadjitot' in Account 'callan_hadjitot'
Finished at: Fri Mar 27 15:46:15 GMT 2026

Job efficiency estimates:
=========================

Job ID: 170425
Cluster: callan
User/Group: hadjitot/hadjitot
State: COMPLETED (exit code 0)
Nodes: 1
Cores per node: 16
CPU Utilized: 06:00:57
CPU Efficiency: 20.52% of 1-05:18:56 core-walltime
Job Wall-clock time: 01:49:56
Memory Utilized: 1.12 GB
Memory Efficiency: 3.48% of 32.00 GB (32.00 GB/node)

Job completion status:
======================

JobID           JobName AllocCPUS NTasks NNodes     MaxRSS    MaxRSSNode  MaxDiskRead MaxDiskWrite    Elapsed      State ExitCode 
------------ ---------- --------- ------ ------ ---------- ------------- ------------ ------------ ---------- ---------- -------- 
170425       mappo_bas+        16             1                                                      01:49:56  COMPLETED      0:0 
170425.batch      batch        16      1      1   1169312K    callan-n09      978.24M      918.63M   01:49:56  COMPLETED      0:0 
170425.exte+     extern        16      1      1                                                      01:49:56  COMPLETED      0:0 


Job details:
============

JobId=170425 JobName=mappo_base_highway_lanechange_dense_obs20_seed2_cv2_1000000_v11_mappo_diag
   UserId=hadjitot(2357) GroupId=hadjitot(2300) MCS_label=N/A
   Priority=117322 Nice=0 Account=callan_hadjitot QOS=normal
   JobState=COMPLETING Reason=None Dependency=(null)
   Requeue=0 Restarts=0 BatchFlag=1 Reboot=0 ExitCode=0:0
   DerivedExitCode=0:0
   RunTime=01:49:56 TimeLimit=2-00:00:00 TimeMin=N/A
   SubmitTime=2026-03-26T23:55:13 EligibleTime=2026-03-26T23:55:13
   AccrueTime=2026-03-26T23:55:13
   StartTime=2026-03-27T13:56:19 EndTime=2026-03-27T15:46:15 Deadline=N/A
   SuspendTime=None SecsPreSuspend=0 LastSchedEval=2026-03-27T13:56:19 Scheduler=Main
   Partition=compute AllocNode:Sid=callan01:1431434
   ReqNodeList=(null) ExcNodeList=(null)
   NodeList=callan-n09
   BatchHost=callan-n09
   NumNodes=1 NumCPUs=16 NumTasks=1 CPUs/Task=16 ReqB:S:C:T=0:0:*:*
   ReqTRES=cpu=16,mem=32G,node=1,billing=16
   AllocTRES=cpu=16,mem=32G,node=1,billing=16
   Socks/Node=* NtasksPerN:B:S:C=0:0:*:* CoreSpec=*
   JOB_GRES=(null)
     Nodes=callan-n09 CPU_IDs=0-1,10-13,40-49 Mem=32768 GRES=
   MinCPUsNode=16 MinMemoryNode=32G MinTmpDiskNode=0
   Features=(null) DelayBoot=00:00:00
   OverSubscribe=OK Contiguous=0 Licenses=(null) LicensesAlloc=(null) Network=(null)
   Command=/home/users/hadjitot/fyp/HighwayEnv/slurm/train_mappo.sbatch
   WorkDir=/home/users/hadjitot/fyp/HighwayEnv
   StdErr=/home/users/hadjitot/fyp/HighwayEnv/slurm_out/mappo_base_highway_lanechange_dense_obs20_seed2_cv2_1000000_v11_mappo_diag_170425.err
   StdIn=/dev/null
   StdOut=/home/users/hadjitot/fyp/HighwayEnv/slurm_out/mappo_base_highway_lanechange_dense_obs20_seed2_cv2_1000000_v11_mappo_diag_170425.out
   TresPerTask=cpu=16
   


Disk quota details:
===================

                         Block Limits                                    |                     File Limits
Name       type             MB      quota      limit   in_doubt    grace |    files   quota    limit in_doubt    grace
root       USR         4955788          0          0       1736     none |   397325       0        0      746     none
root       FILESET     5291641          0          0       5162     none |  9926197       0        0     1619     none


SLURM Bank Statement:
=====================

User           Usage |        Account     Usage | Account Limit Available (CPU hrs)
---------- --------- + -------------- --------- + ------------- ---------
hadjitot      11,772 | CALLAN_HADJITOT    11,772 |       300,000   288,228


Acknowledgements:
=================

Note that usage of TCHPC Resources *must* be acknowledged in all publications.

Please see this page for details relevant to this cluster:

http://www.tchpc.tcd.ie/resources/acknowledgementpolicy

################################################################################
