Loading Anaconda 3 2024.02-1
SCENARIO_NAME=cf_obs15_stopgo
EXP_VERSION=v12
TOTAL_TIMESTEPS=1000000
SEEDS=2
CONTROLLED_VEHICLES=2
N_WORLDS=4
VEC_MODE=async
TARGET_ROLLOUT_SIZE=16384
DEVICE=cpu
MODEL_DIR=runs/models
MONITOR_ROOT=runs/monitor
TB_DIR=runs/tb
REWARD_MODE=team
HIDDEN_DIM=128
LEARNING_RATE=3e-4
GAMMA=0.99
GAE_LAMBDA=0.95
CLIP_RANGE=0.2
ENT_COEF=0.0
VF_COEF=0.5
MAX_GRAD_NORM=0.5
UPDATE_EPOCHS=10
NUM_MINIBATCHES=4
TARGET_KL=
CLIP_VLOSS=true
mappo_cf_obs15_stopgo_v12_cv2_seed2 agents: 2 agent obs shape: (15, 5) joint action space: Tuple(Box(-1.0, 1.0, (1,), float32), Box(-1.0, 1.0, (1,), float32))
mappo_cf_obs15_stopgo_v12_cv2_seed2: worlds=4, agents_per_world=2, ppo_slots=8, vec_mode=async, n_steps=2048, num_updates=61, total_timesteps_actual=999424, reward_mode=team
update=1/61 global_step=16384 ep_rew_mean=4.423 ep_len_mean=13.740 policy_loss=0.0102 value_loss=5.5457 entropy=1.4101 approx_kl=0.00295 clipfrac=0.0024 explained_variance=-0.0035
update=2/61 global_step=32768 ep_rew_mean=4.751 ep_len_mean=13.880 policy_loss=-0.0127 value_loss=4.8895 entropy=1.4068 approx_kl=0.00247 clipfrac=0.0057 explained_variance=0.0605
update=3/61 global_step=49152 ep_rew_mean=4.911 ep_len_mean=14.200 policy_loss=-0.0086 value_loss=4.1841 entropy=1.4053 approx_kl=0.00200 clipfrac=0.0119 explained_variance=0.1676
update=4/61 global_step=65536 ep_rew_mean=4.989 ep_len_mean=14.100 policy_loss=0.0022 value_loss=3.6322 entropy=1.4029 approx_kl=0.00218 clipfrac=0.0049 explained_variance=0.3147
update=5/61 global_step=81920 ep_rew_mean=4.976 ep_len_mean=14.730 policy_loss=-0.0258 value_loss=2.7964 entropy=1.3963 approx_kl=0.00282 clipfrac=0.0291 explained_variance=0.4549
update=6/61 global_step=98304 ep_rew_mean=5.225 ep_len_mean=14.980 policy_loss=0.0207 value_loss=2.1702 entropy=1.3920 approx_kl=0.00360 clipfrac=0.0290 explained_variance=0.5740
update=7/61 global_step=114688 ep_rew_mean=5.319 ep_len_mean=14.960 policy_loss=-0.0194 value_loss=1.8171 entropy=1.3892 approx_kl=0.00242 clipfrac=0.0058 explained_variance=0.6422
update=8/61 global_step=131072 ep_rew_mean=5.419 ep_len_mean=15.840 policy_loss=-0.0132 value_loss=1.5448 entropy=1.3814 approx_kl=0.00459 clipfrac=0.0373 explained_variance=0.7036
update=9/61 global_step=147456 ep_rew_mean=5.329 ep_len_mean=16.040 policy_loss=-0.0221 value_loss=1.2579 entropy=1.3706 approx_kl=0.00550 clipfrac=0.0375 explained_variance=0.7552
update=10/61 global_step=163840 ep_rew_mean=5.748 ep_len_mean=16.820 policy_loss=-0.0178 value_loss=1.0772 entropy=1.3624 approx_kl=0.00490 clipfrac=0.0534 explained_variance=0.7964
update=11/61 global_step=180224 ep_rew_mean=5.935 ep_len_mean=17.370 policy_loss=-0.0107 value_loss=0.9607 entropy=1.3545 approx_kl=0.00674 clipfrac=0.0501 explained_variance=0.8263
update=12/61 global_step=196608 ep_rew_mean=5.994 ep_len_mean=18.090 policy_loss=-0.0132 value_loss=1.1755 entropy=1.3469 approx_kl=0.00583 clipfrac=0.0559 explained_variance=0.8141
update=13/61 global_step=212992 ep_rew_mean=6.165 ep_len_mean=19.170 policy_loss=-0.0183 value_loss=1.1445 entropy=1.3394 approx_kl=0.00626 clipfrac=0.0536 explained_variance=0.8069
update=14/61 global_step=229376 ep_rew_mean=6.313 ep_len_mean=20.420 policy_loss=-0.0152 value_loss=5.8487 entropy=1.3353 approx_kl=0.00485 clipfrac=0.0228 explained_variance=0.2745
update=15/61 global_step=245760 ep_rew_mean=4.140 ep_len_mean=28.970 policy_loss=0.0154 value_loss=12.5038 entropy=1.3306 approx_kl=0.00283 clipfrac=0.0186 explained_variance=-0.0789
update=16/61 global_step=262144 ep_rew_mean=2.563 ep_len_mean=35.450 policy_loss=0.0085 value_loss=18.5734 entropy=1.3271 approx_kl=0.00372 clipfrac=0.0055 explained_variance=-0.3478
update=17/61 global_step=278528 ep_rew_mean=-0.031 ep_len_mean=46.680 policy_loss=-0.0157 value_loss=22.0283 entropy=1.3245 approx_kl=0.00415 clipfrac=0.0233 explained_variance=-0.6521
update=18/61 global_step=294912 ep_rew_mean=-4.255 ep_len_mean=67.430 policy_loss=-0.0032 value_loss=22.7535 entropy=1.3200 approx_kl=0.00476 clipfrac=0.0058 explained_variance=-0.6713
update=19/61 global_step=311296 ep_rew_mean=-6.308 ep_len_mean=86.510 policy_loss=0.0060 value_loss=22.2038 entropy=1.3168 approx_kl=0.00457 clipfrac=0.0125 explained_variance=-1.1187
update=20/61 global_step=327680 ep_rew_mean=-8.477 ep_len_mean=109.190 policy_loss=0.0029 value_loss=19.5196 entropy=1.3132 approx_kl=0.00341 clipfrac=0.0119 explained_variance=-1.4452
update=21/61 global_step=344064 ep_rew_mean=-5.139 ep_len_mean=98.250 policy_loss=0.0044 value_loss=18.2074 entropy=1.3141 approx_kl=0.00465 clipfrac=0.0264 explained_variance=-1.4207
update=22/61 global_step=360448 ep_rew_mean=-6.658 ep_len_mean=119.530 policy_loss=-0.0210 value_loss=16.0367 entropy=1.3121 approx_kl=0.00358 clipfrac=0.0243 explained_variance=-1.8552
update=23/61 global_step=376832 ep_rew_mean=-7.411 ep_len_mean=140.920 policy_loss=0.0028 value_loss=15.1940 entropy=1.3076 approx_kl=0.00448 clipfrac=0.0177 explained_variance=-1.9468
update=24/61 global_step=393216 ep_rew_mean=-3.577 ep_len_mean=144.370 policy_loss=-0.0028 value_loss=13.2227 entropy=1.3023 approx_kl=0.00342 clipfrac=0.0082 explained_variance=-1.3028
update=25/61 global_step=409600 ep_rew_mean=0.246 ep_len_mean=147.510 policy_loss=-0.0004 value_loss=12.1505 entropy=1.2985 approx_kl=0.00386 clipfrac=0.0130 explained_variance=-0.6629
update=26/61 global_step=425984 ep_rew_mean=2.949 ep_len_mean=153.380 policy_loss=-0.0098 value_loss=11.0861 entropy=1.2881 approx_kl=0.00548 clipfrac=0.0180 explained_variance=-0.3399
update=27/61 global_step=442368 ep_rew_mean=6.751 ep_len_mean=160.670 policy_loss=-0.0051 value_loss=10.1965 entropy=1.2795 approx_kl=0.00422 clipfrac=0.0263 explained_variance=0.0419
update=28/61 global_step=458752 ep_rew_mean=10.742 ep_len_mean=166.810 policy_loss=-0.0009 value_loss=8.8672 entropy=1.2808 approx_kl=0.00394 clipfrac=0.0200 explained_variance=0.2819
update=29/61 global_step=475136 ep_rew_mean=13.725 ep_len_mean=174.490 policy_loss=0.0075 value_loss=7.2904 entropy=1.2770 approx_kl=0.00121 clipfrac=0.0086 explained_variance=0.4919
update=30/61 global_step=491520 ep_rew_mean=15.944 ep_len_mean=176.000 policy_loss=0.0016 value_loss=6.2651 entropy=1.2676 approx_kl=0.00206 clipfrac=0.0151 explained_variance=0.6152
update=31/61 global_step=507904 ep_rew_mean=16.592 ep_len_mean=175.960 policy_loss=-0.0167 value_loss=4.9658 entropy=1.2643 approx_kl=0.00213 clipfrac=0.0194 explained_variance=0.7112
update=32/61 global_step=524288 ep_rew_mean=17.378 ep_len_mean=172.890 policy_loss=-0.0192 value_loss=4.0704 entropy=1.2623 approx_kl=0.00167 clipfrac=0.0061 explained_variance=0.7761
update=33/61 global_step=540672 ep_rew_mean=18.040 ep_len_mean=172.300 policy_loss=-0.0195 value_loss=3.6370 entropy=1.2632 approx_kl=0.00383 clipfrac=0.0117 explained_variance=0.8050
update=34/61 global_step=557056 ep_rew_mean=17.949 ep_len_mean=168.740 policy_loss=-0.0031 value_loss=3.2338 entropy=1.2607 approx_kl=0.00258 clipfrac=0.0307 explained_variance=0.8403
update=35/61 global_step=573440 ep_rew_mean=18.876 ep_len_mean=167.340 policy_loss=-0.0268 value_loss=2.9470 entropy=1.2527 approx_kl=0.00370 clipfrac=0.0228 explained_variance=0.8661
update=36/61 global_step=589824 ep_rew_mean=20.126 ep_len_mean=170.500 policy_loss=0.0090 value_loss=2.9736 entropy=1.2454 approx_kl=0.00224 clipfrac=0.0148 explained_variance=0.8758
update=37/61 global_step=606208 ep_rew_mean=20.629 ep_len_mean=169.690 policy_loss=-0.0172 value_loss=2.8045 entropy=1.2399 approx_kl=0.00274 clipfrac=0.0317 explained_variance=0.8888
update=38/61 global_step=622592 ep_rew_mean=19.927 ep_len_mean=157.430 policy_loss=0.0255 value_loss=2.8259 entropy=1.2342 approx_kl=0.00225 clipfrac=0.0141 explained_variance=0.8938
update=39/61 global_step=638976 ep_rew_mean=19.382 ep_len_mean=153.690 policy_loss=-0.0064 value_loss=2.4646 entropy=1.2298 approx_kl=0.00215 clipfrac=0.0058 explained_variance=0.9042
update=40/61 global_step=655360 ep_rew_mean=20.254 ep_len_mean=154.960 policy_loss=-0.0263 value_loss=2.2572 entropy=1.2264 approx_kl=0.00462 clipfrac=0.0189 explained_variance=0.9194
update=41/61 global_step=671744 ep_rew_mean=21.780 ep_len_mean=153.990 policy_loss=-0.0275 value_loss=2.0123 entropy=1.2252 approx_kl=0.00300 clipfrac=0.0078 explained_variance=0.9357
update=42/61 global_step=688128 ep_rew_mean=21.714 ep_len_mean=150.520 policy_loss=0.0074 value_loss=2.0121 entropy=1.2233 approx_kl=0.00305 clipfrac=0.0220 explained_variance=0.9354
update=43/61 global_step=704512 ep_rew_mean=20.802 ep_len_mean=143.870 policy_loss=0.0139 value_loss=1.8000 entropy=1.2216 approx_kl=0.00080 clipfrac=0.0220 explained_variance=0.9410
update=44/61 global_step=720896 ep_rew_mean=21.582 ep_len_mean=145.550 policy_loss=0.0061 value_loss=1.6756 entropy=1.2194 approx_kl=0.00163 clipfrac=0.0346 explained_variance=0.9482
update=45/61 global_step=737280 ep_rew_mean=21.217 ep_len_mean=139.490 policy_loss=-0.0142 value_loss=1.7663 entropy=1.2181 approx_kl=0.00300 clipfrac=0.0099 explained_variance=0.9502
update=46/61 global_step=753664 ep_rew_mean=21.000 ep_len_mean=131.220 policy_loss=0.0022 value_loss=1.7369 entropy=1.2164 approx_kl=0.00494 clipfrac=0.0228 explained_variance=0.9495
update=47/61 global_step=770048 ep_rew_mean=19.072 ep_len_mean=109.850 policy_loss=0.0037 value_loss=1.7738 entropy=1.2143 approx_kl=0.00350 clipfrac=0.0164 explained_variance=0.9440
update=48/61 global_step=786432 ep_rew_mean=17.851 ep_len_mean=98.960 policy_loss=-0.0182 value_loss=2.2383 entropy=1.2119 approx_kl=0.00137 clipfrac=0.0190 explained_variance=0.9327
update=49/61 global_step=802816 ep_rew_mean=18.133 ep_len_mean=90.510 policy_loss=-0.0083 value_loss=2.1152 entropy=1.2107 approx_kl=0.00238 clipfrac=0.0171 explained_variance=0.9419
update=50/61 global_step=819200 ep_rew_mean=17.130 ep_len_mean=85.730 policy_loss=0.0053 value_loss=2.1368 entropy=1.2072 approx_kl=0.00138 clipfrac=0.0140 explained_variance=0.9296
update=51/61 global_step=835584 ep_rew_mean=17.308 ep_len_mean=87.500 policy_loss=-0.0159 value_loss=2.0885 entropy=1.2044 approx_kl=0.00230 clipfrac=0.0104 explained_variance=0.9290
update=52/61 global_step=851968 ep_rew_mean=19.392 ep_len_mean=94.010 policy_loss=0.0120 value_loss=2.3603 entropy=1.2010 approx_kl=0.00054 clipfrac=0.0141 explained_variance=0.9250
update=53/61 global_step=868352 ep_rew_mean=22.016 ep_len_mean=110.900 policy_loss=0.0077 value_loss=2.1989 entropy=1.1958 approx_kl=0.00161 clipfrac=0.0238 explained_variance=0.9266
update=54/61 global_step=884736 ep_rew_mean=21.561 ep_len_mean=108.490 policy_loss=-0.0040 value_loss=2.3588 entropy=1.1936 approx_kl=0.00332 clipfrac=0.0328 explained_variance=0.9010
update=55/61 global_step=901120 ep_rew_mean=22.815 ep_len_mean=111.990 policy_loss=-0.0031 value_loss=2.1088 entropy=1.1916 approx_kl=0.00296 clipfrac=0.0117 explained_variance=0.9225
update=56/61 global_step=917504 ep_rew_mean=22.023 ep_len_mean=102.630 policy_loss=0.0076 value_loss=2.5772 entropy=1.1898 approx_kl=0.00080 clipfrac=0.0042 explained_variance=0.8809
update=57/61 global_step=933888 ep_rew_mean=21.612 ep_len_mean=101.870 policy_loss=0.0117 value_loss=2.3133 entropy=1.1869 approx_kl=0.01316 clipfrac=0.0145 explained_variance=0.8852
update=58/61 global_step=950272 ep_rew_mean=23.427 ep_len_mean=115.310 policy_loss=0.0217 value_loss=1.9557 entropy=1.1844 approx_kl=0.00517 clipfrac=0.0234 explained_variance=0.9075
update=59/61 global_step=966656 ep_rew_mean=24.658 ep_len_mean=121.560 policy_loss=0.0129 value_loss=1.8404 entropy=1.1834 approx_kl=0.00108 clipfrac=0.0175 explained_variance=0.9003
update=60/61 global_step=983040 ep_rew_mean=24.890 ep_len_mean=121.700 policy_loss=0.0095 value_loss=1.8442 entropy=1.1845 approx_kl=0.00114 clipfrac=0.0136 explained_variance=0.8920
update=61/61 global_step=999424 ep_rew_mean=25.503 ep_len_mean=123.620 policy_loss=-0.0088 value_loss=1.9576 entropy=1.1838 approx_kl=0.00297 clipfrac=0.0148 explained_variance=0.8734


###############################################################################
TCHPC Cluster: callan
Job 171488 (mappo_base_cf_obs15_stopgo_seed2_v12) for User 'hadjitot' in Account 'callan_hadjitot'
Finished at: Sun Mar 29 00:15:26 GMT 2026

Job efficiency estimates:
=========================

Job ID: 171488
Cluster: callan
User/Group: hadjitot/hadjitot
State: COMPLETED (exit code 0)
Nodes: 1
Cores per node: 16
CPU Utilized: 03:40:45
CPU Efficiency: 20.62% of 17:50:24 core-walltime
Job Wall-clock time: 01:06:54
Memory Utilized: 792.52 MB
Memory Efficiency: 2.42% of 32.00 GB (32.00 GB/node)

Job completion status:
======================

JobID           JobName AllocCPUS NTasks NNodes     MaxRSS    MaxRSSNode  MaxDiskRead MaxDiskWrite    Elapsed      State ExitCode 
------------ ---------- --------- ------ ------ ---------- ------------- ------------ ------------ ---------- ---------- -------- 
171488       mappo_bas+        16             1                                                      01:06:54  COMPLETED      0:0 
171488.batch      batch        16      1      1    811536K    callan-n07      768.54M      708.48M   01:06:54  COMPLETED      0:0 
171488.exte+     extern        16      1      1                                                      01:06:54  COMPLETED      0:0 


Job details:
============

JobId=171488 JobName=mappo_base_cf_obs15_stopgo_seed2_v12
   UserId=hadjitot(2357) GroupId=hadjitot(2300) MCS_label=N/A
   Priority=100417 Nice=0 Account=callan_hadjitot QOS=normal
   JobState=COMPLETING Reason=None Dependency=(null)
   Requeue=0 Restarts=0 BatchFlag=1 Reboot=0 ExitCode=0:0
   DerivedExitCode=0:0
   RunTime=01:06:54 TimeLimit=2-00:00:00 TimeMin=N/A
   SubmitTime=2026-03-28T20:02:54 EligibleTime=2026-03-28T20:02:54
   AccrueTime=2026-03-28T20:02:54
   StartTime=2026-03-28T23:08:32 EndTime=2026-03-29T00:15:26 Deadline=N/A
   SuspendTime=None SecsPreSuspend=0 LastSchedEval=2026-03-28T23:08:32 Scheduler=Backfill
   Partition=compute AllocNode:Sid=callan01:1182475
   ReqNodeList=(null) ExcNodeList=(null)
   NodeList=callan-n07
   BatchHost=callan-n07
   NumNodes=1 NumCPUs=16 NumTasks=1 CPUs/Task=16 ReqB:S:C:T=0:0:*:*
   ReqTRES=cpu=16,mem=32G,node=1,billing=16
   AllocTRES=cpu=16,mem=32G,node=1,billing=16
   Socks/Node=* NtasksPerN:B:S:C=0:0:*:* CoreSpec=*
   JOB_GRES=(null)
     Nodes=callan-n07 CPU_IDs=16-31 Mem=32768 GRES=
   MinCPUsNode=16 MinMemoryNode=32G MinTmpDiskNode=0
   Features=(null) DelayBoot=00:00:00
   OverSubscribe=OK Contiguous=0 Licenses=(null) LicensesAlloc=(null) Network=(null)
   Command=/home/users/hadjitot/fyp/HighwayEnv/slurm/train_mappo.sbatch
   WorkDir=/home/users/hadjitot/fyp/HighwayEnv
   StdErr=/home/users/hadjitot/fyp/HighwayEnv/slurm_out/mappo_base_cf_obs15_stopgo_seed2_v12_171488.err
   StdIn=/dev/null
   StdOut=/home/users/hadjitot/fyp/HighwayEnv/slurm_out/mappo_base_cf_obs15_stopgo_seed2_v12_171488.out
   TresPerTask=cpu=16
   


Disk quota details:
===================

                         Block Limits                                    |                     File Limits
Name       type             MB      quota      limit   in_doubt    grace |    files   quota    limit in_doubt    grace
root       USR         4982577          0          0       1690     none |   398644       0        0      869     none
root       FILESET     5173021          0          0       4870     none |  9905124       0        0     1761     none


SLURM Bank Statement:
=====================

User           Usage |        Account     Usage | Account Limit Available (CPU hrs)
---------- --------- + -------------- --------- + ------------- ---------
hadjitot      13,570 | CALLAN_HADJITOT    13,570 |       300,000   286,430


Acknowledgements:
=================

Note that usage of TCHPC Resources *must* be acknowledged in all publications.

Please see this page for details relevant to this cluster:

http://www.tchpc.tcd.ie/resources/acknowledgementpolicy

################################################################################
