Loading Anaconda 3 2024.02-1
SCENARIO_NAME=highway_lanechange_dense_obs20
EXP_VERSION=v12
TOTAL_TIMESTEPS=1000000
SEEDS=0
CONTROLLED_VEHICLES=2
N_WORLDS=4
VEC_MODE=async
TARGET_ROLLOUT_SIZE=16384
DEVICE=cpu
MODEL_DIR=runs/models
MONITOR_ROOT=runs/monitor
TB_DIR=runs/tb
REWARD_MODE=team
HIDDEN_DIM=128
LEARNING_RATE=3e-4
GAMMA=0.99
GAE_LAMBDA=0.95
CLIP_RANGE=0.2
ENT_COEF=0.0
VF_COEF=0.5
MAX_GRAD_NORM=0.5
UPDATE_EPOCHS=10
NUM_MINIBATCHES=4
TARGET_KL=
CLIP_VLOSS=true
ATTN_MODE=learned
X_INDEX=1
VX_INDEX=3
ORACLE_RULE=leader_x
TTC_EPS=1e-6
FEATURES_DIM=128
D_MODEL=32
mappo_attn_learned_highway_lanechange_dense_obs20_v12_cv2_seed0 agents: 2 agent obs shape: (20, 5) joint action space: Tuple(Box(-1.0, 1.0, (2,), float32), Box(-1.0, 1.0, (2,), float32))
mappo_attn_learned_highway_lanechange_dense_obs20_v12_cv2_seed0: worlds=4, agents_per_world=2, ppo_slots=8, vec_mode=async, n_steps=2048, num_updates=61, total_timesteps_actual=999424, reward_mode=team, attn_mode=learned, oracle_rule=leader_x
update=1/61 global_step=16384 ep_rew_mean=0.589 ep_len_mean=3.750 policy_loss=0.0017 value_loss=1.4733 entropy=2.8336 approx_kl=0.00455 clipfrac=0.0424 explained_variance=0.0015
update=2/61 global_step=32768 ep_rew_mean=0.611 ep_len_mean=3.860 policy_loss=-0.0136 value_loss=1.1519 entropy=2.8250 approx_kl=0.00386 clipfrac=0.0394 explained_variance=0.0522
update=3/61 global_step=49152 ep_rew_mean=0.734 ep_len_mean=3.250 policy_loss=-0.0128 value_loss=1.0303 entropy=2.8181 approx_kl=0.00255 clipfrac=0.0272 explained_variance=0.0730
update=4/61 global_step=65536 ep_rew_mean=0.470 ep_len_mean=3.400 policy_loss=-0.0003 value_loss=0.8178 entropy=2.8033 approx_kl=0.00699 clipfrac=0.0384 explained_variance=0.0422
update=5/61 global_step=81920 ep_rew_mean=0.781 ep_len_mean=3.680 policy_loss=0.0115 value_loss=1.0005 entropy=2.7794 approx_kl=0.00920 clipfrac=0.0662 explained_variance=0.0516
update=6/61 global_step=98304 ep_rew_mean=1.031 ep_len_mean=4.010 policy_loss=0.0066 value_loss=1.3517 entropy=2.7602 approx_kl=0.00681 clipfrac=0.0737 explained_variance=0.0570
update=7/61 global_step=114688 ep_rew_mean=1.263 ep_len_mean=4.610 policy_loss=0.0106 value_loss=1.4831 entropy=2.7462 approx_kl=0.00675 clipfrac=0.0762 explained_variance=0.0745
update=8/61 global_step=131072 ep_rew_mean=0.880 ep_len_mean=4.890 policy_loss=-0.0325 value_loss=1.6174 entropy=2.7313 approx_kl=0.00580 clipfrac=0.0692 explained_variance=0.0678
update=9/61 global_step=147456 ep_rew_mean=1.979 ep_len_mean=6.620 policy_loss=-0.0133 value_loss=1.3887 entropy=2.7197 approx_kl=0.00623 clipfrac=0.0904 explained_variance=0.0662
update=10/61 global_step=163840 ep_rew_mean=1.576 ep_len_mean=6.130 policy_loss=-0.0211 value_loss=1.6242 entropy=2.7112 approx_kl=0.00673 clipfrac=0.0981 explained_variance=0.0457
update=11/61 global_step=180224 ep_rew_mean=2.432 ep_len_mean=9.020 policy_loss=-0.0150 value_loss=2.2035 entropy=2.7026 approx_kl=0.00508 clipfrac=0.0585 explained_variance=0.0529
update=12/61 global_step=196608 ep_rew_mean=3.067 ep_len_mean=10.560 policy_loss=-0.0145 value_loss=2.4450 entropy=2.6972 approx_kl=0.00498 clipfrac=0.0777 explained_variance=0.0413
update=13/61 global_step=212992 ep_rew_mean=3.249 ep_len_mean=11.780 policy_loss=0.0123 value_loss=2.5174 entropy=2.6913 approx_kl=0.01254 clipfrac=0.0633 explained_variance=0.0450
update=14/61 global_step=229376 ep_rew_mean=4.549 ep_len_mean=15.440 policy_loss=-0.0158 value_loss=3.5422 entropy=2.6825 approx_kl=0.00549 clipfrac=0.0363 explained_variance=0.0447
update=15/61 global_step=245760 ep_rew_mean=5.551 ep_len_mean=20.160 policy_loss=-0.0209 value_loss=4.3207 entropy=2.6753 approx_kl=0.00523 clipfrac=0.0362 explained_variance=0.0464
update=16/61 global_step=262144 ep_rew_mean=7.129 ep_len_mean=24.540 policy_loss=0.0088 value_loss=4.9543 entropy=2.6714 approx_kl=0.00286 clipfrac=0.0336 explained_variance=0.0508
update=17/61 global_step=278528 ep_rew_mean=9.353 ep_len_mean=34.010 policy_loss=0.0084 value_loss=5.4724 entropy=2.6652 approx_kl=0.00237 clipfrac=0.0191 explained_variance=0.0539
update=18/61 global_step=294912 ep_rew_mean=7.971 ep_len_mean=30.440 policy_loss=0.0019 value_loss=5.9158 entropy=2.6584 approx_kl=0.00634 clipfrac=0.0307 explained_variance=0.0329
update=19/61 global_step=311296 ep_rew_mean=10.495 ep_len_mean=40.700 policy_loss=-0.0015 value_loss=5.9010 entropy=2.6534 approx_kl=0.00232 clipfrac=0.0151 explained_variance=0.0605
update=20/61 global_step=327680 ep_rew_mean=10.946 ep_len_mean=41.770 policy_loss=-0.0017 value_loss=6.8820 entropy=2.6446 approx_kl=0.00881 clipfrac=0.0213 explained_variance=0.0469
update=21/61 global_step=344064 ep_rew_mean=11.058 ep_len_mean=42.860 policy_loss=0.0165 value_loss=6.2643 entropy=2.6362 approx_kl=0.00171 clipfrac=0.0170 explained_variance=0.0610
update=22/61 global_step=360448 ep_rew_mean=14.084 ep_len_mean=56.110 policy_loss=-0.0067 value_loss=5.8238 entropy=2.6314 approx_kl=0.00340 clipfrac=0.0258 explained_variance=0.0731
update=23/61 global_step=376832 ep_rew_mean=12.639 ep_len_mean=53.020 policy_loss=0.0041 value_loss=6.7004 entropy=2.6304 approx_kl=0.00326 clipfrac=0.0381 explained_variance=0.0837
update=24/61 global_step=393216 ep_rew_mean=14.082 ep_len_mean=55.700 policy_loss=0.0167 value_loss=6.2200 entropy=2.6278 approx_kl=0.00359 clipfrac=0.0130 explained_variance=0.0865
update=25/61 global_step=409600 ep_rew_mean=13.261 ep_len_mean=62.550 policy_loss=-0.0320 value_loss=5.8910 entropy=2.6284 approx_kl=0.00087 clipfrac=0.0055 explained_variance=0.1137
update=26/61 global_step=425984 ep_rew_mean=12.019 ep_len_mean=58.880 policy_loss=-0.0103 value_loss=6.4728 entropy=2.6287 approx_kl=0.00127 clipfrac=0.0240 explained_variance=0.1245
update=27/61 global_step=442368 ep_rew_mean=13.324 ep_len_mean=60.650 policy_loss=0.0023 value_loss=5.5718 entropy=2.6262 approx_kl=0.00185 clipfrac=0.0299 explained_variance=0.1702
update=28/61 global_step=458752 ep_rew_mean=12.338 ep_len_mean=62.790 policy_loss=0.0172 value_loss=5.4617 entropy=2.6217 approx_kl=0.00327 clipfrac=0.0131 explained_variance=0.2244
update=29/61 global_step=475136 ep_rew_mean=14.868 ep_len_mean=69.280 policy_loss=-0.0143 value_loss=5.8663 entropy=2.6177 approx_kl=0.00349 clipfrac=0.0288 explained_variance=0.2412
update=30/61 global_step=491520 ep_rew_mean=13.783 ep_len_mean=65.120 policy_loss=-0.0059 value_loss=6.7168 entropy=2.6156 approx_kl=0.00331 clipfrac=0.0139 explained_variance=0.2444
update=31/61 global_step=507904 ep_rew_mean=14.645 ep_len_mean=55.480 policy_loss=0.0151 value_loss=7.3499 entropy=2.6149 approx_kl=0.00284 clipfrac=0.0079 explained_variance=0.2108
update=32/61 global_step=524288 ep_rew_mean=13.884 ep_len_mean=50.000 policy_loss=-0.0267 value_loss=8.0718 entropy=2.6152 approx_kl=0.00147 clipfrac=0.0162 explained_variance=0.1942
update=33/61 global_step=540672 ep_rew_mean=15.254 ep_len_mean=57.630 policy_loss=-0.0187 value_loss=7.2287 entropy=2.6138 approx_kl=0.00032 clipfrac=0.0531 explained_variance=0.2055
update=34/61 global_step=557056 ep_rew_mean=13.172 ep_len_mean=49.560 policy_loss=-0.0214 value_loss=7.1227 entropy=2.6126 approx_kl=0.00131 clipfrac=0.0056 explained_variance=0.2114
update=35/61 global_step=573440 ep_rew_mean=15.773 ep_len_mean=61.400 policy_loss=0.0328 value_loss=7.0570 entropy=2.6129 approx_kl=0.00291 clipfrac=0.0081 explained_variance=0.2556
update=36/61 global_step=589824 ep_rew_mean=15.581 ep_len_mean=65.220 policy_loss=0.0332 value_loss=6.2699 entropy=2.6132 approx_kl=0.00284 clipfrac=0.0056 explained_variance=0.2878
update=37/61 global_step=606208 ep_rew_mean=15.593 ep_len_mean=56.230 policy_loss=-0.0199 value_loss=7.4618 entropy=2.6117 approx_kl=0.00186 clipfrac=0.0119 explained_variance=0.3005
update=38/61 global_step=622592 ep_rew_mean=13.181 ep_len_mean=46.810 policy_loss=-0.0071 value_loss=7.5380 entropy=2.6098 approx_kl=0.00207 clipfrac=0.0180 explained_variance=0.2771
update=39/61 global_step=638976 ep_rew_mean=11.273 ep_len_mean=41.430 policy_loss=0.0097 value_loss=7.9331 entropy=2.6061 approx_kl=0.00125 clipfrac=0.0071 explained_variance=0.3017
update=40/61 global_step=655360 ep_rew_mean=14.320 ep_len_mean=52.330 policy_loss=-0.0265 value_loss=7.5871 entropy=2.6038 approx_kl=0.00287 clipfrac=0.0017 explained_variance=0.3174
update=41/61 global_step=671744 ep_rew_mean=13.131 ep_len_mean=45.930 policy_loss=-0.0084 value_loss=7.8237 entropy=2.6032 approx_kl=0.00351 clipfrac=0.0252 explained_variance=0.3424
update=42/61 global_step=688128 ep_rew_mean=14.009 ep_len_mean=46.530 policy_loss=0.0097 value_loss=8.1869 entropy=2.6019 approx_kl=0.00131 clipfrac=0.0026 explained_variance=0.3783
update=43/61 global_step=704512 ep_rew_mean=11.998 ep_len_mean=39.180 policy_loss=-0.0057 value_loss=8.5918 entropy=2.6016 approx_kl=0.00142 clipfrac=0.0038 explained_variance=0.2991
update=44/61 global_step=720896 ep_rew_mean=12.798 ep_len_mean=39.620 policy_loss=-0.0047 value_loss=8.4576 entropy=2.6011 approx_kl=0.00304 clipfrac=0.0076 explained_variance=0.3537
update=45/61 global_step=737280 ep_rew_mean=12.974 ep_len_mean=38.990 policy_loss=0.0124 value_loss=8.2193 entropy=2.6003 approx_kl=0.00223 clipfrac=0.0029 explained_variance=0.2835
update=46/61 global_step=753664 ep_rew_mean=14.232 ep_len_mean=40.120 policy_loss=0.0098 value_loss=8.3320 entropy=2.5990 approx_kl=0.00241 clipfrac=0.0029 explained_variance=0.3090
update=47/61 global_step=770048 ep_rew_mean=13.231 ep_len_mean=39.500 policy_loss=-0.0038 value_loss=8.2331 entropy=2.5981 approx_kl=0.00175 clipfrac=0.0025 explained_variance=0.3624
update=48/61 global_step=786432 ep_rew_mean=13.709 ep_len_mean=40.110 policy_loss=-0.0044 value_loss=8.6393 entropy=2.5973 approx_kl=0.00216 clipfrac=0.0076 explained_variance=0.3472
update=49/61 global_step=802816 ep_rew_mean=13.344 ep_len_mean=38.600 policy_loss=-0.0066 value_loss=8.6721 entropy=2.5961 approx_kl=0.00265 clipfrac=0.0058 explained_variance=0.3113
update=50/61 global_step=819200 ep_rew_mean=12.366 ep_len_mean=40.380 policy_loss=-0.0130 value_loss=8.3415 entropy=2.5964 approx_kl=0.00013 clipfrac=0.0027 explained_variance=0.4059
update=51/61 global_step=835584 ep_rew_mean=15.003 ep_len_mean=44.450 policy_loss=-0.0142 value_loss=8.4024 entropy=2.5960 approx_kl=0.00354 clipfrac=0.0036 explained_variance=0.3878
update=52/61 global_step=851968 ep_rew_mean=13.274 ep_len_mean=39.880 policy_loss=-0.0150 value_loss=9.7005 entropy=2.5950 approx_kl=0.00042 clipfrac=0.0135 explained_variance=0.3264
update=53/61 global_step=868352 ep_rew_mean=17.288 ep_len_mean=48.110 policy_loss=0.0133 value_loss=9.3356 entropy=2.5948 approx_kl=0.00164 clipfrac=0.0016 explained_variance=0.3561
update=54/61 global_step=884736 ep_rew_mean=12.966 ep_len_mean=37.950 policy_loss=0.0063 value_loss=8.7907 entropy=2.5938 approx_kl=0.00167 clipfrac=0.0021 explained_variance=0.3868
update=55/61 global_step=901120 ep_rew_mean=13.103 ep_len_mean=38.720 policy_loss=-0.0028 value_loss=8.5675 entropy=2.5933 approx_kl=0.00415 clipfrac=0.0163 explained_variance=0.4015
update=56/61 global_step=917504 ep_rew_mean=12.673 ep_len_mean=37.470 policy_loss=0.0110 value_loss=8.7138 entropy=2.5924 approx_kl=0.00177 clipfrac=0.0141 explained_variance=0.3827
update=57/61 global_step=933888 ep_rew_mean=13.312 ep_len_mean=38.170 policy_loss=0.0266 value_loss=9.3204 entropy=2.5916 approx_kl=0.00115 clipfrac=0.0001 explained_variance=0.3438
update=58/61 global_step=950272 ep_rew_mean=13.153 ep_len_mean=36.970 policy_loss=0.0035 value_loss=9.1230 entropy=2.5899 approx_kl=0.02112 clipfrac=0.1548 explained_variance=0.3665
update=59/61 global_step=966656 ep_rew_mean=12.797 ep_len_mean=38.640 policy_loss=-0.0012 value_loss=9.1229 entropy=2.5892 approx_kl=0.00092 clipfrac=0.0307 explained_variance=0.4427
update=60/61 global_step=983040 ep_rew_mean=12.049 ep_len_mean=37.510 policy_loss=0.0228 value_loss=8.9612 entropy=2.5900 approx_kl=0.00118 clipfrac=0.0021 explained_variance=0.4186
update=61/61 global_step=999424 ep_rew_mean=14.841 ep_len_mean=42.540 policy_loss=0.0127 value_loss=8.8165 entropy=2.5879 approx_kl=0.00324 clipfrac=0.0164 explained_variance=0.4325


###############################################################################
TCHPC Cluster: callan
Job 171517 (mappo_learned_highway_lanechange_dense_obs20_seed0_v12) for User 'hadjitot' in Account 'callan_hadjitot'
Finished at: Sun Mar 29 04:15:03 IST 2026

Job efficiency estimates:
=========================

Job ID: 171517
Cluster: callan
User/Group: hadjitot/hadjitot
State: COMPLETED (exit code 0)
Nodes: 1
Cores per node: 16
CPU Utilized: 06:04:19
CPU Efficiency: 20.82% of 1-05:10:08 core-walltime
Job Wall-clock time: 01:49:23
Memory Utilized: 1.26 GB
Memory Efficiency: 3.94% of 32.00 GB (32.00 GB/node)

Job completion status:
======================

JobID           JobName AllocCPUS NTasks NNodes     MaxRSS    MaxRSSNode  MaxDiskRead MaxDiskWrite    Elapsed      State ExitCode 
------------ ---------- --------- ------ ------ ---------- ------------- ------------ ------------ ---------- ---------- -------- 
171517       mappo_lea+        16             1                                                      01:49:23  COMPLETED      0:0 
171517.batch      batch        16      1      1   1321776K    callan-n09      975.54M      915.93M   01:49:23  COMPLETED      0:0 
171517.exte+     extern        16      1      1                                                      01:49:23  COMPLETED      0:0 


Job details:
============

JobId=171517 JobName=mappo_learned_highway_lanechange_dense_obs20_seed0_v12
   UserId=hadjitot(2357) GroupId=hadjitot(2300) MCS_label=N/A
   Priority=101097 Nice=0 Account=callan_hadjitot QOS=normal
   JobState=COMPLETING Reason=None Dependency=(null)
   Requeue=0 Restarts=0 BatchFlag=1 Reboot=0 ExitCode=0:0
   DerivedExitCode=0:0
   RunTime=01:49:23 TimeLimit=2-00:00:00 TimeMin=N/A
   SubmitTime=2026-03-28T20:02:54 EligibleTime=2026-03-28T20:02:54
   AccrueTime=2026-03-28T20:02:54
   StartTime=2026-03-29T02:25:40 EndTime=2026-03-29T04:15:03 Deadline=N/A
   SuspendTime=None SecsPreSuspend=0 LastSchedEval=2026-03-29T02:25:40 Scheduler=Backfill
   Partition=compute AllocNode:Sid=callan01:1182475
   ReqNodeList=(null) ExcNodeList=(null)
   NodeList=callan-n09
   BatchHost=callan-n09
   NumNodes=1 NumCPUs=16 NumTasks=1 CPUs/Task=16 ReqB:S:C:T=0:0:*:*
   ReqTRES=cpu=16,mem=32G,node=1,billing=16
   AllocTRES=cpu=16,mem=32G,node=1,billing=16
   Socks/Node=* NtasksPerN:B:S:C=0:0:*:* CoreSpec=*
   JOB_GRES=(null)
     Nodes=callan-n09 CPU_IDs=24-31,40-44,53,58,60 Mem=32768 GRES=
   MinCPUsNode=16 MinMemoryNode=32G MinTmpDiskNode=0
   Features=(null) DelayBoot=00:00:00
   OverSubscribe=OK Contiguous=0 Licenses=(null) LicensesAlloc=(null) Network=(null)
   Command=/home/users/hadjitot/fyp/HighwayEnv/slurm/train_mappo_attention.sbatch
   WorkDir=/home/users/hadjitot/fyp/HighwayEnv
   StdErr=/home/users/hadjitot/fyp/HighwayEnv/slurm_out/mappo_learned_highway_lanechange_dense_obs20_seed0_v12_171517.err
   StdIn=/dev/null
   StdOut=/home/users/hadjitot/fyp/HighwayEnv/slurm_out/mappo_learned_highway_lanechange_dense_obs20_seed0_v12_171517.out
   TresPerTask=cpu=16
   


Disk quota details:
===================

                         Block Limits                                    |                     File Limits
Name       type             MB      quota      limit   in_doubt    grace |    files   quota    limit in_doubt    grace
root       USR         4985350          0          0       1706     none |   398746       0        0      912     none
root       FILESET     5155557          0          0       4503     none |  9901984       0        0     1565     none


SLURM Bank Statement:
=====================

User           Usage |        Account     Usage | Account Limit Available (CPU hrs)
---------- --------- + -------------- --------- + ------------- ---------
hadjitot      13,843 | CALLAN_HADJITOT    13,843 |       300,000   286,157


Acknowledgements:
=================

Note that usage of TCHPC Resources *must* be acknowledged in all publications.

Please see this page for details relevant to this cluster:

http://www.tchpc.tcd.ie/resources/acknowledgementpolicy

################################################################################
