Loading Anaconda 3 2024.02-1
SCENARIO_NAME=highway_lanechange_dense_obs20
EXP_VERSION=v11_mappo_diag
TOTAL_TIMESTEPS=1000000
SEEDS=0
CONTROLLED_VEHICLES=2
N_WORLDS=4
VEC_MODE=async
TARGET_ROLLOUT_SIZE=16384
DEVICE=cpu
MODEL_DIR=runs/models
MONITOR_ROOT=runs/monitor
TB_DIR=runs/tb
REWARD_MODE=team
HIDDEN_DIM=128
LEARNING_RATE=3e-4
GAMMA=0.99
GAE_LAMBDA=0.95
CLIP_RANGE=0.2
ENT_COEF=0.0
VF_COEF=0.5
MAX_GRAD_NORM=0.5
UPDATE_EPOCHS=10
NUM_MINIBATCHES=4
TARGET_KL=
CLIP_VLOSS=true
ATTN_MODE=uniform
X_INDEX=1
VX_INDEX=3
ORACLE_RULE=leader_x
TTC_EPS=1e-6
FEATURES_DIM=128
D_MODEL=32
mappo_attn_uniform_highway_lanechange_dense_obs20_v11_mappo_diag_cv2_seed0 agents: 2 agent obs shape: (20, 5) joint action space: Tuple(Box(-1.0, 1.0, (2,), float32), Box(-1.0, 1.0, (2,), float32))
mappo_attn_uniform_highway_lanechange_dense_obs20_v11_mappo_diag_cv2_seed0: worlds=4, agents_per_world=2, ppo_slots=8, vec_mode=async, n_steps=2048, num_updates=61, total_timesteps_actual=999424, reward_mode=team, attn_mode=uniform, oracle_rule=leader_x
update=1/61 global_step=16384 ep_rew_mean=0.800 ep_len_mean=3.990 policy_loss=-0.0216 value_loss=1.4578 entropy=2.8328 approx_kl=0.00479 clipfrac=0.0480 explained_variance=0.0013
update=2/61 global_step=32768 ep_rew_mean=0.445 ep_len_mean=3.940 policy_loss=0.0072 value_loss=1.2394 entropy=2.8254 approx_kl=0.00466 clipfrac=0.0250 explained_variance=0.0470
update=3/61 global_step=49152 ep_rew_mean=0.615 ep_len_mean=3.110 policy_loss=-0.0194 value_loss=1.0250 entropy=2.8089 approx_kl=0.00309 clipfrac=0.0228 explained_variance=0.0717
update=4/61 global_step=65536 ep_rew_mean=0.743 ep_len_mean=3.360 policy_loss=-0.0226 value_loss=0.8354 entropy=2.7900 approx_kl=0.00887 clipfrac=0.0450 explained_variance=0.0369
update=5/61 global_step=81920 ep_rew_mean=0.893 ep_len_mean=3.850 policy_loss=0.0086 value_loss=0.9532 entropy=2.7749 approx_kl=0.00829 clipfrac=0.0700 explained_variance=0.0565
update=6/61 global_step=98304 ep_rew_mean=0.892 ep_len_mean=4.180 policy_loss=-0.0051 value_loss=1.2477 entropy=2.7590 approx_kl=0.00702 clipfrac=0.0723 explained_variance=0.0599
update=7/61 global_step=114688 ep_rew_mean=1.280 ep_len_mean=4.540 policy_loss=-0.0215 value_loss=1.3230 entropy=2.7367 approx_kl=0.00770 clipfrac=0.0982 explained_variance=0.0784
update=8/61 global_step=131072 ep_rew_mean=0.864 ep_len_mean=4.840 policy_loss=-0.0126 value_loss=1.5274 entropy=2.7146 approx_kl=0.00705 clipfrac=0.0927 explained_variance=0.0561
update=9/61 global_step=147456 ep_rew_mean=1.858 ep_len_mean=6.800 policy_loss=-0.0176 value_loss=1.4801 entropy=2.7030 approx_kl=0.00833 clipfrac=0.1053 explained_variance=0.0499
update=10/61 global_step=163840 ep_rew_mean=2.000 ep_len_mean=6.820 policy_loss=-0.0220 value_loss=1.7782 entropy=2.6932 approx_kl=0.00670 clipfrac=0.0922 explained_variance=0.0547
update=11/61 global_step=180224 ep_rew_mean=2.604 ep_len_mean=8.900 policy_loss=-0.0216 value_loss=2.0724 entropy=2.6837 approx_kl=0.00542 clipfrac=0.0677 explained_variance=0.0530
update=12/61 global_step=196608 ep_rew_mean=3.146 ep_len_mean=11.290 policy_loss=-0.0261 value_loss=2.7543 entropy=2.6765 approx_kl=0.00531 clipfrac=0.0670 explained_variance=0.0453
update=13/61 global_step=212992 ep_rew_mean=3.732 ep_len_mean=12.910 policy_loss=0.0025 value_loss=2.7441 entropy=2.6703 approx_kl=0.01066 clipfrac=0.0483 explained_variance=0.0528
update=14/61 global_step=229376 ep_rew_mean=5.840 ep_len_mean=19.200 policy_loss=-0.0124 value_loss=4.3486 entropy=2.6640 approx_kl=0.00331 clipfrac=0.0430 explained_variance=0.0364
update=15/61 global_step=245760 ep_rew_mean=6.159 ep_len_mean=21.230 policy_loss=0.0191 value_loss=4.7868 entropy=2.6605 approx_kl=0.00233 clipfrac=0.0216 explained_variance=0.0443
update=16/61 global_step=262144 ep_rew_mean=7.710 ep_len_mean=24.590 policy_loss=0.0146 value_loss=5.2929 entropy=2.6558 approx_kl=0.00276 clipfrac=0.0235 explained_variance=0.0416
update=17/61 global_step=278528 ep_rew_mean=7.959 ep_len_mean=28.670 policy_loss=-0.0350 value_loss=6.1427 entropy=2.6528 approx_kl=0.00299 clipfrac=0.0197 explained_variance=0.0353
update=18/61 global_step=294912 ep_rew_mean=9.018 ep_len_mean=31.490 policy_loss=-0.0009 value_loss=6.3552 entropy=2.6470 approx_kl=0.00217 clipfrac=0.0146 explained_variance=0.0458
update=19/61 global_step=311296 ep_rew_mean=7.710 ep_len_mean=32.420 policy_loss=0.0042 value_loss=6.5045 entropy=2.6401 approx_kl=0.00247 clipfrac=0.0194 explained_variance=0.0415
update=20/61 global_step=327680 ep_rew_mean=11.160 ep_len_mean=43.670 policy_loss=0.0060 value_loss=6.5749 entropy=2.6363 approx_kl=0.01194 clipfrac=0.0246 explained_variance=0.0411
update=21/61 global_step=344064 ep_rew_mean=9.721 ep_len_mean=41.340 policy_loss=-0.0028 value_loss=5.8766 entropy=2.6355 approx_kl=0.00249 clipfrac=0.0284 explained_variance=0.0613
update=22/61 global_step=360448 ep_rew_mean=12.426 ep_len_mean=61.650 policy_loss=0.0054 value_loss=5.7355 entropy=2.6340 approx_kl=0.00208 clipfrac=0.0182 explained_variance=0.0929
update=23/61 global_step=376832 ep_rew_mean=12.230 ep_len_mean=57.300 policy_loss=-0.0094 value_loss=5.2966 entropy=2.6319 approx_kl=0.00339 clipfrac=0.0448 explained_variance=0.1417
update=24/61 global_step=393216 ep_rew_mean=14.554 ep_len_mean=64.060 policy_loss=0.0093 value_loss=5.1750 entropy=2.6309 approx_kl=0.00929 clipfrac=0.0298 explained_variance=0.1386
update=25/61 global_step=409600 ep_rew_mean=13.030 ep_len_mean=52.670 policy_loss=-0.0253 value_loss=6.2714 entropy=2.6275 approx_kl=0.00121 clipfrac=0.0134 explained_variance=0.0994
update=26/61 global_step=425984 ep_rew_mean=13.427 ep_len_mean=54.970 policy_loss=0.0057 value_loss=6.8997 entropy=2.6248 approx_kl=0.00297 clipfrac=0.0134 explained_variance=0.1397
update=27/61 global_step=442368 ep_rew_mean=11.685 ep_len_mean=45.760 policy_loss=0.0034 value_loss=6.6217 entropy=2.6235 approx_kl=0.00275 clipfrac=0.0279 explained_variance=0.1117
update=28/61 global_step=458752 ep_rew_mean=13.451 ep_len_mean=55.420 policy_loss=0.0168 value_loss=6.4021 entropy=2.6223 approx_kl=0.00146 clipfrac=0.0046 explained_variance=0.1663
update=29/61 global_step=475136 ep_rew_mean=13.758 ep_len_mean=55.230 policy_loss=-0.0130 value_loss=6.8522 entropy=2.6216 approx_kl=0.00096 clipfrac=0.0044 explained_variance=0.1606
update=30/61 global_step=491520 ep_rew_mean=13.259 ep_len_mean=55.690 policy_loss=-0.0037 value_loss=6.7531 entropy=2.6183 approx_kl=0.00505 clipfrac=0.0123 explained_variance=0.2014
update=31/61 global_step=507904 ep_rew_mean=15.357 ep_len_mean=62.080 policy_loss=0.0072 value_loss=6.5907 entropy=2.6165 approx_kl=0.00400 clipfrac=0.0090 explained_variance=0.2020
update=32/61 global_step=524288 ep_rew_mean=14.786 ep_len_mean=54.490 policy_loss=-0.0117 value_loss=7.7921 entropy=2.6152 approx_kl=0.00124 clipfrac=0.0009 explained_variance=0.1572
update=33/61 global_step=540672 ep_rew_mean=15.217 ep_len_mean=58.440 policy_loss=-0.0085 value_loss=7.4822 entropy=2.6136 approx_kl=0.00308 clipfrac=0.0043 explained_variance=0.2073
update=34/61 global_step=557056 ep_rew_mean=16.093 ep_len_mean=67.920 policy_loss=-0.0251 value_loss=6.1470 entropy=2.6121 approx_kl=0.00238 clipfrac=0.0043 explained_variance=0.2701
update=35/61 global_step=573440 ep_rew_mean=13.046 ep_len_mean=57.590 policy_loss=-0.0011 value_loss=6.5742 entropy=2.6110 approx_kl=0.00337 clipfrac=0.0259 explained_variance=0.2995
update=36/61 global_step=589824 ep_rew_mean=14.736 ep_len_mean=63.590 policy_loss=-0.0098 value_loss=6.2821 entropy=2.6101 approx_kl=0.00256 clipfrac=0.0414 explained_variance=0.3023
update=37/61 global_step=606208 ep_rew_mean=13.997 ep_len_mean=53.700 policy_loss=0.0154 value_loss=6.5494 entropy=2.6094 approx_kl=0.00364 clipfrac=0.0059 explained_variance=0.2835
update=38/61 global_step=622592 ep_rew_mean=13.374 ep_len_mean=46.500 policy_loss=-0.0205 value_loss=6.7379 entropy=2.6067 approx_kl=0.00113 clipfrac=0.0189 explained_variance=0.2764
update=39/61 global_step=638976 ep_rew_mean=11.391 ep_len_mean=42.000 policy_loss=-0.0175 value_loss=6.5979 entropy=2.6045 approx_kl=0.00404 clipfrac=0.0349 explained_variance=0.3190
update=40/61 global_step=655360 ep_rew_mean=14.010 ep_len_mean=52.930 policy_loss=-0.0055 value_loss=7.1302 entropy=2.6027 approx_kl=0.00419 clipfrac=0.0078 explained_variance=0.3230
update=41/61 global_step=671744 ep_rew_mean=13.481 ep_len_mean=47.300 policy_loss=0.0114 value_loss=7.5684 entropy=2.6013 approx_kl=0.00071 clipfrac=0.0037 explained_variance=0.3189
update=42/61 global_step=688128 ep_rew_mean=14.031 ep_len_mean=47.320 policy_loss=-0.0117 value_loss=7.9161 entropy=2.6016 approx_kl=0.00093 clipfrac=0.0391 explained_variance=0.3076
update=43/61 global_step=704512 ep_rew_mean=13.120 ep_len_mean=41.380 policy_loss=0.0041 value_loss=7.7791 entropy=2.6022 approx_kl=0.00267 clipfrac=0.0083 explained_variance=0.3120
update=44/61 global_step=720896 ep_rew_mean=13.154 ep_len_mean=42.320 policy_loss=0.0159 value_loss=8.4489 entropy=2.6020 approx_kl=0.00109 clipfrac=0.0112 explained_variance=0.3125
update=45/61 global_step=737280 ep_rew_mean=13.873 ep_len_mean=45.320 policy_loss=0.0107 value_loss=8.2088 entropy=2.6017 approx_kl=0.00175 clipfrac=0.0355 explained_variance=0.3201
update=46/61 global_step=753664 ep_rew_mean=15.681 ep_len_mean=51.430 policy_loss=-0.0144 value_loss=8.1211 entropy=2.6005 approx_kl=0.00251 clipfrac=0.0091 explained_variance=0.3557
update=47/61 global_step=770048 ep_rew_mean=14.992 ep_len_mean=46.190 policy_loss=-0.0088 value_loss=8.2538 entropy=2.5987 approx_kl=0.00342 clipfrac=0.0089 explained_variance=0.3732
update=48/61 global_step=786432 ep_rew_mean=15.403 ep_len_mean=51.880 policy_loss=0.0031 value_loss=8.4349 entropy=2.5957 approx_kl=0.00087 clipfrac=0.0323 explained_variance=0.4235
update=49/61 global_step=802816 ep_rew_mean=15.338 ep_len_mean=49.190 policy_loss=0.0080 value_loss=8.2292 entropy=2.5948 approx_kl=0.00154 clipfrac=0.0085 explained_variance=0.3831
update=50/61 global_step=819200 ep_rew_mean=14.483 ep_len_mean=49.960 policy_loss=-0.0010 value_loss=7.8196 entropy=2.5938 approx_kl=0.00089 clipfrac=0.0089 explained_variance=0.4383
update=51/61 global_step=835584 ep_rew_mean=16.172 ep_len_mean=53.740 policy_loss=0.0052 value_loss=8.0297 entropy=2.5936 approx_kl=0.00226 clipfrac=0.0018 explained_variance=0.4193
update=52/61 global_step=851968 ep_rew_mean=17.330 ep_len_mean=59.170 policy_loss=0.0066 value_loss=8.3266 entropy=2.5934 approx_kl=0.00088 clipfrac=0.0000 explained_variance=0.4263
update=53/61 global_step=868352 ep_rew_mean=11.334 ep_len_mean=45.900 policy_loss=0.0028 value_loss=9.1135 entropy=2.5926 approx_kl=0.00059 clipfrac=0.0020 explained_variance=0.4413
update=54/61 global_step=884736 ep_rew_mean=16.506 ep_len_mean=60.220 policy_loss=-0.0002 value_loss=7.8775 entropy=2.5919 approx_kl=0.00363 clipfrac=0.0047 explained_variance=0.4876
update=55/61 global_step=901120 ep_rew_mean=17.127 ep_len_mean=65.210 policy_loss=0.0101 value_loss=6.5983 entropy=2.5897 approx_kl=0.00143 clipfrac=0.0093 explained_variance=0.5071
update=56/61 global_step=917504 ep_rew_mean=13.185 ep_len_mean=51.090 policy_loss=-0.0067 value_loss=7.8946 entropy=2.5883 approx_kl=0.00156 clipfrac=0.0370 explained_variance=0.4847
update=57/61 global_step=933888 ep_rew_mean=13.780 ep_len_mean=47.480 policy_loss=0.0423 value_loss=9.0105 entropy=2.5878 approx_kl=0.04737 clipfrac=0.1576 explained_variance=0.4400
update=58/61 global_step=950272 ep_rew_mean=11.619 ep_len_mean=39.290 policy_loss=-0.0085 value_loss=8.2048 entropy=2.5867 approx_kl=0.00485 clipfrac=0.0449 explained_variance=0.4001
update=59/61 global_step=966656 ep_rew_mean=16.678 ep_len_mean=57.520 policy_loss=-0.0123 value_loss=6.5236 entropy=2.5855 approx_kl=0.00207 clipfrac=0.0531 explained_variance=0.4660
update=60/61 global_step=983040 ep_rew_mean=13.920 ep_len_mean=49.940 policy_loss=-0.0095 value_loss=7.6800 entropy=2.5843 approx_kl=0.00765 clipfrac=0.0213 explained_variance=0.4095
update=61/61 global_step=999424 ep_rew_mean=17.052 ep_len_mean=56.940 policy_loss=0.0079 value_loss=6.5687 entropy=2.5833 approx_kl=0.00446 clipfrac=0.0061 explained_variance=0.4859


###############################################################################
TCHPC Cluster: callan
Job 170419 (mappo_uniform_highway_lanechange_dense_obs20_seed0_cv2_1000000_v11_mappo_diag) for User 'hadjitot' in Account 'callan_hadjitot'
Finished at: Fri Mar 27 13:12:32 GMT 2026

Job efficiency estimates:
=========================

Job ID: 170419
Cluster: callan
User/Group: hadjitot/hadjitot
State: COMPLETED (exit code 0)
Nodes: 1
Cores per node: 16
CPU Utilized: 05:37:57
CPU Efficiency: 22.07% of 1-01:31:12 core-walltime
Job Wall-clock time: 01:35:42
Memory Utilized: 927.01 MB
Memory Efficiency: 2.83% of 32.00 GB (32.00 GB/node)

Job completion status:
======================

JobID           JobName AllocCPUS NTasks NNodes     MaxRSS    MaxRSSNode  MaxDiskRead MaxDiskWrite    Elapsed      State ExitCode 
------------ ---------- --------- ------ ------ ---------- ------------- ------------ ------------ ---------- ---------- -------- 
170419       mappo_uni+        16             1                                                      01:35:42  COMPLETED      0:0 
170419.batch      batch        16      1      1    949260K    callan-n09      972.98M      913.35M   01:35:42  COMPLETED      0:0 
170419.exte+     extern        16      1      1                                                      01:35:42  COMPLETED      0:0 


Job details:
============

JobId=170419 JobName=mappo_uniform_highway_lanechange_dense_obs20_seed0_cv2_1000000_v11_mappo_diag
   UserId=hadjitot(2357) GroupId=hadjitot(2300) MCS_label=N/A
   Priority=116627 Nice=0 Account=callan_hadjitot QOS=normal
   JobState=COMPLETING Reason=None Dependency=(null)
   Requeue=0 Restarts=0 BatchFlag=1 Reboot=0 ExitCode=0:0
   DerivedExitCode=0:0
   RunTime=01:35:42 TimeLimit=2-00:00:00 TimeMin=N/A
   SubmitTime=2026-03-26T23:55:13 EligibleTime=2026-03-26T23:55:13
   AccrueTime=2026-03-26T23:55:13
   StartTime=2026-03-27T11:36:50 EndTime=2026-03-27T13:12:32 Deadline=N/A
   SuspendTime=None SecsPreSuspend=0 LastSchedEval=2026-03-27T11:36:50 Scheduler=Backfill
   Partition=compute AllocNode:Sid=callan01:1431434
   ReqNodeList=(null) ExcNodeList=(null)
   NodeList=callan-n09
   BatchHost=callan-n09
   NumNodes=1 NumCPUs=16 NumTasks=1 CPUs/Task=16 ReqB:S:C:T=0:0:*:*
   ReqTRES=cpu=16,mem=32G,node=1,billing=16
   AllocTRES=cpu=16,mem=32G,node=1,billing=16
   Socks/Node=* NtasksPerN:B:S:C=0:0:*:* CoreSpec=*
   JOB_GRES=(null)
     Nodes=callan-n09 CPU_IDs=16-29,48-49 Mem=32768 GRES=
   MinCPUsNode=16 MinMemoryNode=32G MinTmpDiskNode=0
   Features=(null) DelayBoot=00:00:00
   OverSubscribe=OK Contiguous=0 Licenses=(null) LicensesAlloc=(null) Network=(null)
   Command=/home/users/hadjitot/fyp/HighwayEnv/slurm/train_mappo_attention.sbatch
   WorkDir=/home/users/hadjitot/fyp/HighwayEnv
   StdErr=/home/users/hadjitot/fyp/HighwayEnv/slurm_out/mappo_uniform_highway_lanechange_dense_obs20_seed0_cv2_1000000_v11_mappo_diag_170419.err
   StdIn=/dev/null
   StdOut=/home/users/hadjitot/fyp/HighwayEnv/slurm_out/mappo_uniform_highway_lanechange_dense_obs20_seed0_cv2_1000000_v11_mappo_diag_170419.out
   TresPerTask=cpu=16
   


Disk quota details:
===================

                         Block Limits                                    |                     File Limits
Name       type             MB      quota      limit   in_doubt    grace |    files   quota    limit in_doubt    grace
root       USR         4952671          0          0       1512     none |   397162       0        0      681     none
root       FILESET     5203659          0          0       4426     none |  9920445       0        0     1626     none


SLURM Bank Statement:
=====================

User           Usage |        Account     Usage | Account Limit Available (CPU hrs)
---------- --------- + -------------- --------- + ------------- ---------
hadjitot      11,673 | CALLAN_HADJITOT    11,673 |       300,000   288,327


Acknowledgements:
=================

Note that usage of TCHPC Resources *must* be acknowledged in all publications.

Please see this page for details relevant to this cluster:

http://www.tchpc.tcd.ie/resources/acknowledgementpolicy

################################################################################
