Loading Anaconda 3 2024.02-1
SCENARIO_NAME=cf_obs15_stopgo
EXP_VERSION=v12
TOTAL_TIMESTEPS=1000000
SEEDS=2
CONTROLLED_VEHICLES=2
N_WORLDS=4
VEC_MODE=async
TARGET_ROLLOUT_SIZE=16384
DEVICE=cpu
MODEL_DIR=runs/models
MONITOR_ROOT=runs/monitor
TB_DIR=runs/tb
REWARD_MODE=team
HIDDEN_DIM=128
LEARNING_RATE=3e-4
GAMMA=0.99
GAE_LAMBDA=0.95
CLIP_RANGE=0.2
ENT_COEF=0.0
VF_COEF=0.5
MAX_GRAD_NORM=0.5
UPDATE_EPOCHS=10
NUM_MINIBATCHES=4
TARGET_KL=
CLIP_VLOSS=true
ATTN_MODE=learned
X_INDEX=1
VX_INDEX=3
ORACLE_RULE=leader_x
TTC_EPS=1e-6
FEATURES_DIM=128
D_MODEL=32
mappo_attn_learned_cf_obs15_stopgo_v12_cv2_seed2 agents: 2 agent obs shape: (15, 5) joint action space: Tuple(Box(-1.0, 1.0, (1,), float32), Box(-1.0, 1.0, (1,), float32))
mappo_attn_learned_cf_obs15_stopgo_v12_cv2_seed2: worlds=4, agents_per_world=2, ppo_slots=8, vec_mode=async, n_steps=2048, num_updates=61, total_timesteps_actual=999424, reward_mode=team, attn_mode=learned, oracle_rule=leader_x
update=1/61 global_step=16384 ep_rew_mean=4.887 ep_len_mean=14.210 policy_loss=0.0071 value_loss=5.4942 entropy=1.4250 approx_kl=0.00060 clipfrac=0.0000 explained_variance=-0.0004
update=2/61 global_step=32768 ep_rew_mean=4.692 ep_len_mean=14.110 policy_loss=-0.0151 value_loss=5.0053 entropy=1.4245 approx_kl=0.00240 clipfrac=0.0035 explained_variance=0.0477
update=3/61 global_step=49152 ep_rew_mean=4.910 ep_len_mean=14.230 policy_loss=-0.0044 value_loss=4.3998 entropy=1.4232 approx_kl=0.00253 clipfrac=0.0016 explained_variance=0.1466
update=4/61 global_step=65536 ep_rew_mean=5.320 ep_len_mean=14.880 policy_loss=-0.0103 value_loss=3.7455 entropy=1.4188 approx_kl=0.00260 clipfrac=0.0067 explained_variance=0.2903
update=5/61 global_step=81920 ep_rew_mean=4.950 ep_len_mean=14.900 policy_loss=0.0197 value_loss=2.9575 entropy=1.4147 approx_kl=0.00405 clipfrac=0.0176 explained_variance=0.4420
update=6/61 global_step=98304 ep_rew_mean=5.211 ep_len_mean=15.150 policy_loss=0.0025 value_loss=2.3596 entropy=1.4118 approx_kl=0.00465 clipfrac=0.0050 explained_variance=0.5522
update=7/61 global_step=114688 ep_rew_mean=5.395 ep_len_mean=15.830 policy_loss=-0.0001 value_loss=1.9601 entropy=1.4097 approx_kl=0.00207 clipfrac=0.0096 explained_variance=0.6304
update=8/61 global_step=131072 ep_rew_mean=5.413 ep_len_mean=16.270 policy_loss=-0.0176 value_loss=1.6842 entropy=1.4058 approx_kl=0.00317 clipfrac=0.0348 explained_variance=0.6730
update=9/61 global_step=147456 ep_rew_mean=5.558 ep_len_mean=16.630 policy_loss=-0.0066 value_loss=1.4224 entropy=1.3966 approx_kl=0.00480 clipfrac=0.0364 explained_variance=0.7312
update=10/61 global_step=163840 ep_rew_mean=5.910 ep_len_mean=17.070 policy_loss=0.0033 value_loss=1.1745 entropy=1.3864 approx_kl=0.00623 clipfrac=0.0526 explained_variance=0.7780
update=11/61 global_step=180224 ep_rew_mean=6.141 ep_len_mean=18.090 policy_loss=-0.0215 value_loss=1.1378 entropy=1.3777 approx_kl=0.00500 clipfrac=0.0389 explained_variance=0.7942
update=12/61 global_step=196608 ep_rew_mean=6.106 ep_len_mean=18.710 policy_loss=0.0216 value_loss=2.1719 entropy=1.3714 approx_kl=0.00101 clipfrac=0.0360 explained_variance=0.6835
update=13/61 global_step=212992 ep_rew_mean=6.169 ep_len_mean=18.910 policy_loss=-0.0083 value_loss=3.2487 entropy=1.3682 approx_kl=0.00696 clipfrac=0.0504 explained_variance=0.5842
update=14/61 global_step=229376 ep_rew_mean=6.081 ep_len_mean=21.930 policy_loss=-0.0040 value_loss=7.5489 entropy=1.3653 approx_kl=0.00191 clipfrac=0.0183 explained_variance=0.1998
update=15/61 global_step=245760 ep_rew_mean=4.392 ep_len_mean=27.190 policy_loss=0.0222 value_loss=17.1564 entropy=1.3617 approx_kl=0.00247 clipfrac=0.0071 explained_variance=-0.0713
update=16/61 global_step=262144 ep_rew_mean=1.621 ep_len_mean=35.300 policy_loss=-0.0133 value_loss=16.1587 entropy=1.3563 approx_kl=0.00056 clipfrac=0.0024 explained_variance=-0.0178
update=17/61 global_step=278528 ep_rew_mean=0.269 ep_len_mean=38.170 policy_loss=-0.0039 value_loss=21.8547 entropy=1.3521 approx_kl=0.00388 clipfrac=0.0155 explained_variance=-0.0068
update=18/61 global_step=294912 ep_rew_mean=-7.749 ep_len_mean=60.280 policy_loss=0.0125 value_loss=31.6958 entropy=1.3485 approx_kl=0.00191 clipfrac=0.0000 explained_variance=-0.0587
update=19/61 global_step=311296 ep_rew_mean=-15.412 ep_len_mean=80.810 policy_loss=0.0100 value_loss=34.8699 entropy=1.3477 approx_kl=0.00236 clipfrac=0.0010 explained_variance=-0.0113
update=20/61 global_step=327680 ep_rew_mean=-12.673 ep_len_mean=73.650 policy_loss=0.0327 value_loss=32.8631 entropy=1.3470 approx_kl=0.00232 clipfrac=0.0004 explained_variance=0.0708
update=21/61 global_step=344064 ep_rew_mean=-23.662 ep_len_mean=100.950 policy_loss=0.0110 value_loss=34.8126 entropy=1.3452 approx_kl=0.00183 clipfrac=0.0046 explained_variance=0.1637
update=22/61 global_step=360448 ep_rew_mean=-28.152 ep_len_mean=111.890 policy_loss=0.0139 value_loss=35.6902 entropy=1.3418 approx_kl=0.00282 clipfrac=0.0032 explained_variance=0.1909
update=23/61 global_step=376832 ep_rew_mean=-26.192 ep_len_mean=107.090 policy_loss=0.0288 value_loss=33.8646 entropy=1.3417 approx_kl=0.00086 clipfrac=0.0026 explained_variance=0.2142
update=24/61 global_step=393216 ep_rew_mean=-29.098 ep_len_mean=114.780 policy_loss=-0.0169 value_loss=32.5298 entropy=1.3424 approx_kl=0.00164 clipfrac=0.0003 explained_variance=0.2579
update=25/61 global_step=409600 ep_rew_mean=-21.825 ep_len_mean=96.970 policy_loss=-0.0015 value_loss=30.2359 entropy=1.3400 approx_kl=0.00052 clipfrac=0.0019 explained_variance=0.3186
update=26/61 global_step=425984 ep_rew_mean=-18.785 ep_len_mean=88.930 policy_loss=-0.0052 value_loss=29.2882 entropy=1.3369 approx_kl=0.00314 clipfrac=0.0043 explained_variance=0.3472
update=27/61 global_step=442368 ep_rew_mean=-24.881 ep_len_mean=104.530 policy_loss=0.0118 value_loss=30.5426 entropy=1.3383 approx_kl=0.00039 clipfrac=0.0014 explained_variance=0.3483
update=28/61 global_step=458752 ep_rew_mean=-22.728 ep_len_mean=98.230 policy_loss=0.0109 value_loss=28.5664 entropy=1.3386 approx_kl=0.00132 clipfrac=0.0015 explained_variance=0.3987
update=29/61 global_step=475136 ep_rew_mean=-31.289 ep_len_mean=119.590 policy_loss=0.0036 value_loss=29.3953 entropy=1.3380 approx_kl=0.00357 clipfrac=0.0067 explained_variance=0.3744
update=30/61 global_step=491520 ep_rew_mean=-31.324 ep_len_mean=119.790 policy_loss=0.0015 value_loss=28.0557 entropy=1.3343 approx_kl=0.00006 clipfrac=0.0090 explained_variance=0.4347
update=31/61 global_step=507904 ep_rew_mean=-22.258 ep_len_mean=96.940 policy_loss=0.0113 value_loss=25.1571 entropy=1.3321 approx_kl=0.00131 clipfrac=0.0055 explained_variance=0.5004
update=32/61 global_step=524288 ep_rew_mean=-26.353 ep_len_mean=107.890 policy_loss=0.0210 value_loss=25.9153 entropy=1.3310 approx_kl=0.00092 clipfrac=0.0020 explained_variance=0.4829
update=33/61 global_step=540672 ep_rew_mean=-34.480 ep_len_mean=127.430 policy_loss=-0.0182 value_loss=23.9472 entropy=1.3328 approx_kl=0.00390 clipfrac=0.0057 explained_variance=0.4968
update=34/61 global_step=557056 ep_rew_mean=-33.523 ep_len_mean=125.840 policy_loss=0.0033 value_loss=22.8646 entropy=1.3328 approx_kl=0.00297 clipfrac=0.0099 explained_variance=0.5309
update=35/61 global_step=573440 ep_rew_mean=-33.185 ep_len_mean=124.150 policy_loss=0.0252 value_loss=22.6156 entropy=1.3290 approx_kl=0.00392 clipfrac=0.0026 explained_variance=0.5536
update=36/61 global_step=589824 ep_rew_mean=-26.389 ep_len_mean=107.480 policy_loss=0.0031 value_loss=20.2022 entropy=1.3273 approx_kl=0.00093 clipfrac=0.0023 explained_variance=0.6043
update=37/61 global_step=606208 ep_rew_mean=-19.384 ep_len_mean=90.380 policy_loss=0.0103 value_loss=18.5014 entropy=1.3259 approx_kl=0.00205 clipfrac=0.0082 explained_variance=0.6590
update=38/61 global_step=622592 ep_rew_mean=-20.316 ep_len_mean=93.490 policy_loss=0.0173 value_loss=18.1878 entropy=1.3275 approx_kl=0.00203 clipfrac=0.0145 explained_variance=0.6643
update=39/61 global_step=638976 ep_rew_mean=-23.628 ep_len_mean=101.150 policy_loss=0.0082 value_loss=17.5675 entropy=1.3273 approx_kl=0.00275 clipfrac=0.0040 explained_variance=0.6685
update=40/61 global_step=655360 ep_rew_mean=-16.843 ep_len_mean=84.150 policy_loss=-0.0238 value_loss=15.1903 entropy=1.3263 approx_kl=0.00106 clipfrac=0.0022 explained_variance=0.7013
update=41/61 global_step=671744 ep_rew_mean=-15.658 ep_len_mean=81.790 policy_loss=-0.0088 value_loss=15.2222 entropy=1.3274 approx_kl=0.00254 clipfrac=0.0085 explained_variance=0.7168
update=42/61 global_step=688128 ep_rew_mean=-10.855 ep_len_mean=68.950 policy_loss=-0.0130 value_loss=13.8045 entropy=1.3289 approx_kl=0.00074 clipfrac=0.0000 explained_variance=0.7479
update=43/61 global_step=704512 ep_rew_mean=-5.912 ep_len_mean=56.720 policy_loss=0.0076 value_loss=11.0423 entropy=1.3263 approx_kl=0.00327 clipfrac=0.0059 explained_variance=0.7938
update=44/61 global_step=720896 ep_rew_mean=-0.634 ep_len_mean=42.360 policy_loss=-0.0336 value_loss=9.2795 entropy=1.3257 approx_kl=0.00147 clipfrac=0.0000 explained_variance=0.8192
update=45/61 global_step=737280 ep_rew_mean=2.902 ep_len_mean=33.030 policy_loss=0.0114 value_loss=7.1449 entropy=1.3257 approx_kl=0.00150 clipfrac=0.0001 explained_variance=0.8407
update=46/61 global_step=753664 ep_rew_mean=1.616 ep_len_mean=35.050 policy_loss=-0.0064 value_loss=6.7568 entropy=1.3264 approx_kl=0.00002 clipfrac=0.0000 explained_variance=0.8463
update=47/61 global_step=770048 ep_rew_mean=3.896 ep_len_mean=29.730 policy_loss=-0.0121 value_loss=5.4607 entropy=1.3249 approx_kl=0.00255 clipfrac=0.0053 explained_variance=0.8573
update=48/61 global_step=786432 ep_rew_mean=5.015 ep_len_mean=25.760 policy_loss=0.0053 value_loss=5.3140 entropy=1.3249 approx_kl=0.00029 clipfrac=0.0000 explained_variance=0.8659
update=49/61 global_step=802816 ep_rew_mean=5.678 ep_len_mean=24.000 policy_loss=0.0242 value_loss=3.5274 entropy=1.3246 approx_kl=0.00045 clipfrac=0.0037 explained_variance=0.8863
update=50/61 global_step=819200 ep_rew_mean=5.154 ep_len_mean=25.910 policy_loss=-0.0004 value_loss=3.4667 entropy=1.3209 approx_kl=0.00053 clipfrac=0.0000 explained_variance=0.8797
update=51/61 global_step=835584 ep_rew_mean=6.026 ep_len_mean=22.550 policy_loss=-0.0067 value_loss=2.8824 entropy=1.3199 approx_kl=0.00346 clipfrac=0.0042 explained_variance=0.8884
update=52/61 global_step=851968 ep_rew_mean=5.781 ep_len_mean=21.550 policy_loss=-0.0180 value_loss=1.2856 entropy=1.3197 approx_kl=0.00353 clipfrac=0.0034 explained_variance=0.9038
update=53/61 global_step=868352 ep_rew_mean=6.553 ep_len_mean=20.350 policy_loss=-0.0080 value_loss=2.5581 entropy=1.3180 approx_kl=0.00344 clipfrac=0.0036 explained_variance=0.8953
update=54/61 global_step=884736 ep_rew_mean=3.281 ep_len_mean=30.320 policy_loss=-0.0060 value_loss=4.6695 entropy=1.3145 approx_kl=0.00189 clipfrac=0.0015 explained_variance=0.8762
update=55/61 global_step=901120 ep_rew_mean=2.741 ep_len_mean=32.230 policy_loss=0.0122 value_loss=5.6275 entropy=1.3119 approx_kl=0.00029 clipfrac=0.0102 explained_variance=0.8709
update=56/61 global_step=917504 ep_rew_mean=4.787 ep_len_mean=25.270 policy_loss=-0.0105 value_loss=4.3260 entropy=1.3082 approx_kl=0.00429 clipfrac=0.0114 explained_variance=0.8804
update=57/61 global_step=933888 ep_rew_mean=5.372 ep_len_mean=23.310 policy_loss=0.0075 value_loss=2.0024 entropy=1.3067 approx_kl=0.00202 clipfrac=0.0019 explained_variance=0.9011
update=58/61 global_step=950272 ep_rew_mean=6.005 ep_len_mean=21.750 policy_loss=-0.0108 value_loss=1.4923 entropy=1.3078 approx_kl=0.00231 clipfrac=0.0296 explained_variance=0.9102
update=59/61 global_step=966656 ep_rew_mean=5.699 ep_len_mean=20.680 policy_loss=-0.0089 value_loss=1.2632 entropy=1.3040 approx_kl=0.00695 clipfrac=0.0238 explained_variance=0.9110
update=60/61 global_step=983040 ep_rew_mean=4.035 ep_len_mean=26.400 policy_loss=-0.0050 value_loss=2.5810 entropy=1.3032 approx_kl=0.00024 clipfrac=0.0035 explained_variance=0.9072
update=61/61 global_step=999424 ep_rew_mean=4.415 ep_len_mean=26.640 policy_loss=-0.0060 value_loss=3.0013 entropy=1.3090 approx_kl=0.00067 clipfrac=0.0001 explained_variance=0.8963


###############################################################################
TCHPC Cluster: callan
Job 171489 (mappo_learned_cf_obs15_stopgo_seed2_v12) for User 'hadjitot' in Account 'callan_hadjitot'
Finished at: Sun Mar 29 00:17:13 GMT 2026

Job efficiency estimates:
=========================

Job ID: 171489
Cluster: callan
User/Group: hadjitot/hadjitot
State: RUNNING
Nodes: 1
Cores per node: 16
CPU Utilized: 03:37:35
CPU Efficiency: 20.12% of 18:01:20 core-walltime
Job Wall-clock time: 01:07:35
Memory Utilized: 870.19 MB
Memory Efficiency: 2.66% of 32.00 GB (32.00 GB/node)
WARNING: Efficiency statistics can only be obtained after the job has ended as seff tool is based on the accounting database data.

Job completion status:
======================

JobID           JobName AllocCPUS NTasks NNodes     MaxRSS    MaxRSSNode  MaxDiskRead MaxDiskWrite    Elapsed      State ExitCode 
------------ ---------- --------- ------ ------ ---------- ------------- ------------ ------------ ---------- ---------- -------- 
171489       mappo_lea+        16             1                                                      01:08:11  COMPLETED      0:0 
171489.batch      batch        16      1      1    891076K    callan-n07      787.96M      728.01M   01:08:11  COMPLETED      0:0 
171489.exte+     extern        16      1      1                                                      01:08:11  COMPLETED      0:0 


Job details:
============

JobId=171489 JobName=mappo_learned_cf_obs15_stopgo_seed2_v12
   UserId=hadjitot(2357) GroupId=hadjitot(2300) MCS_label=N/A
   Priority=100417 Nice=0 Account=callan_hadjitot QOS=normal
   JobState=COMPLETING Reason=None Dependency=(null)
   Requeue=0 Restarts=0 BatchFlag=1 Reboot=0 ExitCode=0:0
   DerivedExitCode=0:0
   RunTime=01:08:11 TimeLimit=2-00:00:00 TimeMin=N/A
   SubmitTime=2026-03-28T20:02:54 EligibleTime=2026-03-28T20:02:54
   AccrueTime=2026-03-28T20:02:54
   StartTime=2026-03-28T23:09:02 EndTime=2026-03-29T00:17:13 Deadline=N/A
   SuspendTime=None SecsPreSuspend=0 LastSchedEval=2026-03-28T23:09:02 Scheduler=Backfill
   Partition=compute AllocNode:Sid=callan01:1182475
   ReqNodeList=(null) ExcNodeList=(null)
   NodeList=callan-n07
   BatchHost=callan-n07
   NumNodes=1 NumCPUs=16 NumTasks=1 CPUs/Task=16 ReqB:S:C:T=0:0:*:*
   ReqTRES=cpu=16,mem=32G,node=1,billing=16
   AllocTRES=cpu=16,mem=32G,node=1,billing=16
   Socks/Node=* NtasksPerN:B:S:C=0:0:*:* CoreSpec=*
   JOB_GRES=(null)
     Nodes=callan-n07 CPU_IDs=32-47 Mem=32768 GRES=
   MinCPUsNode=16 MinMemoryNode=32G MinTmpDiskNode=0
   Features=(null) DelayBoot=00:00:00
   OverSubscribe=OK Contiguous=0 Licenses=(null) LicensesAlloc=(null) Network=(null)
   Command=/home/users/hadjitot/fyp/HighwayEnv/slurm/train_mappo_attention.sbatch
   WorkDir=/home/users/hadjitot/fyp/HighwayEnv
   StdErr=/home/users/hadjitot/fyp/HighwayEnv/slurm_out/mappo_learned_cf_obs15_stopgo_seed2_v12_171489.err
   StdIn=/dev/null
   StdOut=/home/users/hadjitot/fyp/HighwayEnv/slurm_out/mappo_learned_cf_obs15_stopgo_seed2_v12_171489.out
   TresPerTask=cpu=16
   


Disk quota details:
===================

                         Block Limits                                    |                     File Limits
Name       type             MB      quota      limit   in_doubt    grace |    files   quota    limit in_doubt    grace
root       USR         4982577          0          0       1690     none |   398644       0        0      869     none
root       FILESET     5173021          0          0       4870     none |  9905124       0        0     1761     none


SLURM Bank Statement:
=====================

User           Usage |        Account     Usage | Account Limit Available (CPU hrs)
---------- --------- + -------------- --------- + ------------- ---------
hadjitot      13,573 | CALLAN_HADJITOT    13,573 |       300,000   286,427


Acknowledgements:
=================

Note that usage of TCHPC Resources *must* be acknowledged in all publications.

Please see this page for details relevant to this cluster:

http://www.tchpc.tcd.ie/resources/acknowledgementpolicy

################################################################################
