Loading Anaconda 3 2024.02-1
SCENARIO_NAME=cf_obs15
EXP_VERSION=v12
TOTAL_TIMESTEPS=1000000
SEEDS=0
CONTROLLED_VEHICLES=2
N_WORLDS=4
VEC_MODE=async
TARGET_ROLLOUT_SIZE=16384
DEVICE=cpu
MODEL_DIR=runs/models
MONITOR_ROOT=runs/monitor
TB_DIR=runs/tb
REWARD_MODE=team
HIDDEN_DIM=128
LEARNING_RATE=3e-4
GAMMA=0.99
GAE_LAMBDA=0.95
CLIP_RANGE=0.2
ENT_COEF=0.0
VF_COEF=0.5
MAX_GRAD_NORM=0.5
UPDATE_EPOCHS=10
NUM_MINIBATCHES=4
TARGET_KL=
CLIP_VLOSS=true
ATTN_MODE=learned
X_INDEX=1
VX_INDEX=3
ORACLE_RULE=leader_x
TTC_EPS=1e-6
FEATURES_DIM=128
D_MODEL=32
mappo_attn_learned_cf_obs15_v12_cv2_seed0 agents: 2 agent obs shape: (15, 5) joint action space: Tuple(Box(-1.0, 1.0, (1,), float32), Box(-1.0, 1.0, (1,), float32))
mappo_attn_learned_cf_obs15_v12_cv2_seed0: worlds=4, agents_per_world=2, ppo_slots=8, vec_mode=async, n_steps=2048, num_updates=61, total_timesteps_actual=999424, reward_mode=team, attn_mode=learned, oracle_rule=leader_x
update=1/61 global_step=16384 ep_rew_mean=4.752 ep_len_mean=13.590 policy_loss=0.0027 value_loss=5.4161 entropy=1.4168 approx_kl=0.00301 clipfrac=0.0170 explained_variance=0.0009
update=2/61 global_step=32768 ep_rew_mean=5.009 ep_len_mean=14.170 policy_loss=0.0121 value_loss=5.0798 entropy=1.4136 approx_kl=0.00336 clipfrac=0.0008 explained_variance=0.0545
update=3/61 global_step=49152 ep_rew_mean=4.635 ep_len_mean=13.970 policy_loss=-0.0508 value_loss=4.4496 entropy=1.4181 approx_kl=0.00090 clipfrac=0.0000 explained_variance=0.1529
update=4/61 global_step=65536 ep_rew_mean=4.983 ep_len_mean=13.760 policy_loss=0.0065 value_loss=3.4719 entropy=1.4220 approx_kl=0.00061 clipfrac=0.0000 explained_variance=0.3216
update=5/61 global_step=81920 ep_rew_mean=5.007 ep_len_mean=13.730 policy_loss=0.0121 value_loss=2.6668 entropy=1.4160 approx_kl=0.00370 clipfrac=0.0109 explained_variance=0.4736
update=6/61 global_step=98304 ep_rew_mean=5.105 ep_len_mean=14.200 policy_loss=-0.0098 value_loss=2.2229 entropy=1.4101 approx_kl=0.00431 clipfrac=0.0209 explained_variance=0.5685
update=7/61 global_step=114688 ep_rew_mean=5.197 ep_len_mean=14.490 policy_loss=0.0066 value_loss=1.7797 entropy=1.4022 approx_kl=0.00409 clipfrac=0.0123 explained_variance=0.6600
update=8/61 global_step=131072 ep_rew_mean=5.291 ep_len_mean=14.950 policy_loss=-0.0248 value_loss=1.4823 entropy=1.3974 approx_kl=0.00333 clipfrac=0.0287 explained_variance=0.7130
update=9/61 global_step=147456 ep_rew_mean=5.250 ep_len_mean=15.370 policy_loss=-0.0008 value_loss=1.2733 entropy=1.3910 approx_kl=0.00292 clipfrac=0.0145 explained_variance=0.7666
update=10/61 global_step=163840 ep_rew_mean=5.432 ep_len_mean=15.590 policy_loss=-0.0064 value_loss=1.0353 entropy=1.3847 approx_kl=0.00457 clipfrac=0.0451 explained_variance=0.8050
update=11/61 global_step=180224 ep_rew_mean=5.541 ep_len_mean=16.180 policy_loss=0.0023 value_loss=0.9824 entropy=1.3763 approx_kl=0.00476 clipfrac=0.0505 explained_variance=0.8240
update=12/61 global_step=196608 ep_rew_mean=5.676 ep_len_mean=16.420 policy_loss=-0.0113 value_loss=0.8906 entropy=1.3690 approx_kl=0.00439 clipfrac=0.0487 explained_variance=0.8394
update=13/61 global_step=212992 ep_rew_mean=5.893 ep_len_mean=17.220 policy_loss=-0.0350 value_loss=0.9515 entropy=1.3619 approx_kl=0.00812 clipfrac=0.0705 explained_variance=0.8370
update=14/61 global_step=229376 ep_rew_mean=5.748 ep_len_mean=18.010 policy_loss=-0.0147 value_loss=1.7340 entropy=1.3549 approx_kl=0.00456 clipfrac=0.0316 explained_variance=0.7189
update=15/61 global_step=245760 ep_rew_mean=5.683 ep_len_mean=20.050 policy_loss=-0.0115 value_loss=5.0196 entropy=1.3494 approx_kl=0.00092 clipfrac=0.0362 explained_variance=0.3532
update=16/61 global_step=262144 ep_rew_mean=6.329 ep_len_mean=19.230 policy_loss=-0.0094 value_loss=3.2872 entropy=1.3422 approx_kl=0.00644 clipfrac=0.0261 explained_variance=0.5068
update=17/61 global_step=278528 ep_rew_mean=4.270 ep_len_mean=28.390 policy_loss=-0.0015 value_loss=11.1315 entropy=1.3374 approx_kl=0.00316 clipfrac=0.0238 explained_variance=-0.1887
update=18/61 global_step=294912 ep_rew_mean=3.550 ep_len_mean=29.740 policy_loss=-0.0005 value_loss=17.2041 entropy=1.3353 approx_kl=0.00335 clipfrac=0.0146 explained_variance=-0.4075
update=19/61 global_step=311296 ep_rew_mean=0.347 ep_len_mean=40.890 policy_loss=-0.0029 value_loss=27.7657 entropy=1.3326 approx_kl=0.00118 clipfrac=0.0065 explained_variance=-0.6401
update=20/61 global_step=327680 ep_rew_mean=-2.275 ep_len_mean=49.460 policy_loss=-0.0016 value_loss=26.2271 entropy=1.3305 approx_kl=0.00271 clipfrac=0.0021 explained_variance=-0.5383
update=21/61 global_step=344064 ep_rew_mean=-7.676 ep_len_mean=62.740 policy_loss=-0.0257 value_loss=33.0941 entropy=1.3297 approx_kl=0.00238 clipfrac=0.0034 explained_variance=-0.4762
update=22/61 global_step=360448 ep_rew_mean=-13.074 ep_len_mean=78.640 policy_loss=0.0002 value_loss=36.1928 entropy=1.3293 approx_kl=0.00145 clipfrac=0.0066 explained_variance=-0.4046
update=23/61 global_step=376832 ep_rew_mean=-19.866 ep_len_mean=98.540 policy_loss=-0.0199 value_loss=36.5118 entropy=1.3283 approx_kl=0.00202 clipfrac=0.0023 explained_variance=-0.3020
update=24/61 global_step=393216 ep_rew_mean=-15.797 ep_len_mean=86.430 policy_loss=-0.0122 value_loss=34.4344 entropy=1.3277 approx_kl=0.00150 clipfrac=0.0003 explained_variance=-0.2519
update=25/61 global_step=409600 ep_rew_mean=-18.004 ep_len_mean=91.230 policy_loss=-0.0116 value_loss=34.4730 entropy=1.3256 approx_kl=0.00091 clipfrac=0.0026 explained_variance=-0.1240
update=26/61 global_step=425984 ep_rew_mean=-18.000 ep_len_mean=91.910 policy_loss=-0.0179 value_loss=33.7665 entropy=1.3241 approx_kl=0.00244 clipfrac=0.0053 explained_variance=-0.0618
update=27/61 global_step=442368 ep_rew_mean=-19.832 ep_len_mean=97.360 policy_loss=-0.0099 value_loss=33.8346 entropy=1.3219 approx_kl=0.00102 clipfrac=0.0113 explained_variance=-0.0083
update=28/61 global_step=458752 ep_rew_mean=-24.397 ep_len_mean=109.960 policy_loss=-0.0140 value_loss=33.5530 entropy=1.3204 approx_kl=0.00001 clipfrac=0.0109 explained_variance=0.0367
update=29/61 global_step=475136 ep_rew_mean=-23.583 ep_len_mean=107.390 policy_loss=0.0111 value_loss=33.9761 entropy=1.3184 approx_kl=0.00037 clipfrac=0.0215 explained_variance=0.1199
update=30/61 global_step=491520 ep_rew_mean=-26.131 ep_len_mean=113.710 policy_loss=-0.0195 value_loss=32.6956 entropy=1.3117 approx_kl=0.00050 clipfrac=0.0082 explained_variance=0.1184
update=31/61 global_step=507904 ep_rew_mean=-27.535 ep_len_mean=117.030 policy_loss=0.0064 value_loss=32.8978 entropy=1.3063 approx_kl=0.00050 clipfrac=0.0006 explained_variance=0.1647
update=32/61 global_step=524288 ep_rew_mean=-25.735 ep_len_mean=111.000 policy_loss=-0.0142 value_loss=31.0548 entropy=1.3012 approx_kl=0.00267 clipfrac=0.0159 explained_variance=0.2340
update=33/61 global_step=540672 ep_rew_mean=-26.106 ep_len_mean=112.360 policy_loss=-0.0146 value_loss=30.1198 entropy=1.2998 approx_kl=0.00120 clipfrac=0.0063 explained_variance=0.2459
update=34/61 global_step=557056 ep_rew_mean=-26.824 ep_len_mean=115.000 policy_loss=-0.0068 value_loss=29.9305 entropy=1.2976 approx_kl=0.00040 clipfrac=0.0303 explained_variance=0.2792
update=35/61 global_step=573440 ep_rew_mean=-30.183 ep_len_mean=124.100 policy_loss=0.0226 value_loss=29.7396 entropy=1.2866 approx_kl=0.00112 clipfrac=0.0050 explained_variance=0.2936
update=36/61 global_step=589824 ep_rew_mean=-32.246 ep_len_mean=128.930 policy_loss=-0.0045 value_loss=28.7060 entropy=1.2783 approx_kl=0.00028 clipfrac=0.0032 explained_variance=0.3209
update=37/61 global_step=606208 ep_rew_mean=-34.208 ep_len_mean=134.370 policy_loss=-0.0149 value_loss=27.1391 entropy=1.2762 approx_kl=0.00112 clipfrac=0.0064 explained_variance=0.3515
update=38/61 global_step=622592 ep_rew_mean=-32.053 ep_len_mean=129.200 policy_loss=-0.0084 value_loss=25.0487 entropy=1.2734 approx_kl=0.00010 clipfrac=0.0044 explained_variance=0.4122
update=39/61 global_step=638976 ep_rew_mean=-31.963 ep_len_mean=128.990 policy_loss=0.0472 value_loss=25.1135 entropy=1.2741 approx_kl=0.00030 clipfrac=0.0014 explained_variance=0.4296
update=40/61 global_step=655360 ep_rew_mean=-29.896 ep_len_mean=123.960 policy_loss=-0.0025 value_loss=22.8337 entropy=1.2721 approx_kl=0.00323 clipfrac=0.0063 explained_variance=0.4814
update=41/61 global_step=671744 ep_rew_mean=-31.280 ep_len_mean=128.000 policy_loss=0.0021 value_loss=21.9377 entropy=1.2723 approx_kl=0.00057 clipfrac=0.0214 explained_variance=0.4835
update=42/61 global_step=688128 ep_rew_mean=-33.613 ep_len_mean=132.980 policy_loss=-0.0019 value_loss=19.9949 entropy=1.2723 approx_kl=0.00067 clipfrac=0.0372 explained_variance=0.5395
update=43/61 global_step=704512 ep_rew_mean=-36.542 ep_len_mean=140.630 policy_loss=-0.0071 value_loss=19.1653 entropy=1.2631 approx_kl=0.00030 clipfrac=0.0056 explained_variance=0.5438
update=44/61 global_step=720896 ep_rew_mean=-36.799 ep_len_mean=142.030 policy_loss=-0.0129 value_loss=18.5311 entropy=1.2539 approx_kl=0.00092 clipfrac=0.0156 explained_variance=0.5586
update=45/61 global_step=737280 ep_rew_mean=-33.861 ep_len_mean=136.840 policy_loss=0.0427 value_loss=17.2915 entropy=1.2479 approx_kl=0.00466 clipfrac=0.0108 explained_variance=0.6125
update=46/61 global_step=753664 ep_rew_mean=-30.555 ep_len_mean=132.970 policy_loss=0.0152 value_loss=15.1831 entropy=1.2468 approx_kl=0.00553 clipfrac=0.0176 explained_variance=0.6408
update=47/61 global_step=770048 ep_rew_mean=-25.968 ep_len_mean=122.540 policy_loss=0.0051 value_loss=12.2295 entropy=1.2466 approx_kl=0.00106 clipfrac=0.0256 explained_variance=0.7121
update=48/61 global_step=786432 ep_rew_mean=-20.467 ep_len_mean=108.050 policy_loss=-0.0056 value_loss=11.3277 entropy=1.2422 approx_kl=0.00284 clipfrac=0.0161 explained_variance=0.7281
update=49/61 global_step=802816 ep_rew_mean=-15.706 ep_len_mean=95.520 policy_loss=0.0171 value_loss=10.2316 entropy=1.2392 approx_kl=0.00304 clipfrac=0.0109 explained_variance=0.7638
update=50/61 global_step=819200 ep_rew_mean=-13.982 ep_len_mean=92.770 policy_loss=0.0246 value_loss=9.5999 entropy=1.2373 approx_kl=0.00351 clipfrac=0.0067 explained_variance=0.7738
update=51/61 global_step=835584 ep_rew_mean=-5.635 ep_len_mean=66.830 policy_loss=0.0223 value_loss=7.6700 entropy=1.2337 approx_kl=0.00428 clipfrac=0.0253 explained_variance=0.8194
update=52/61 global_step=851968 ep_rew_mean=-2.323 ep_len_mean=56.830 policy_loss=0.0006 value_loss=6.5070 entropy=1.2323 approx_kl=0.00225 clipfrac=0.0061 explained_variance=0.8414
update=53/61 global_step=868352 ep_rew_mean=1.069 ep_len_mean=43.380 policy_loss=-0.0003 value_loss=5.2575 entropy=1.2309 approx_kl=0.00354 clipfrac=0.0104 explained_variance=0.8724
update=54/61 global_step=884736 ep_rew_mean=3.385 ep_len_mean=34.200 policy_loss=0.0176 value_loss=4.0021 entropy=1.2288 approx_kl=0.00161 clipfrac=0.0164 explained_variance=0.8903
update=55/61 global_step=901120 ep_rew_mean=5.739 ep_len_mean=24.110 policy_loss=-0.0045 value_loss=2.6579 entropy=1.2283 approx_kl=0.00282 clipfrac=0.0182 explained_variance=0.9044
update=56/61 global_step=917504 ep_rew_mean=5.543 ep_len_mean=23.920 policy_loss=0.0116 value_loss=1.5809 entropy=1.2275 approx_kl=0.00124 clipfrac=0.0045 explained_variance=0.9136
update=57/61 global_step=933888 ep_rew_mean=5.542 ep_len_mean=23.030 policy_loss=-0.0299 value_loss=1.2487 entropy=1.2271 approx_kl=0.00081 clipfrac=0.0203 explained_variance=0.9153
update=58/61 global_step=950272 ep_rew_mean=5.946 ep_len_mean=22.980 policy_loss=0.0014 value_loss=1.5527 entropy=1.2283 approx_kl=0.00243 clipfrac=0.0065 explained_variance=0.9135
update=59/61 global_step=966656 ep_rew_mean=5.910 ep_len_mean=20.280 policy_loss=0.0078 value_loss=1.1460 entropy=1.2297 approx_kl=0.00043 clipfrac=0.0084 explained_variance=0.9161
update=60/61 global_step=983040 ep_rew_mean=6.415 ep_len_mean=19.090 policy_loss=0.0098 value_loss=0.6511 entropy=1.2290 approx_kl=0.00404 clipfrac=0.0243 explained_variance=0.9300
update=61/61 global_step=999424 ep_rew_mean=6.199 ep_len_mean=18.760 policy_loss=0.0160 value_loss=0.7311 entropy=1.2296 approx_kl=0.00228 clipfrac=0.0193 explained_variance=0.9185


###############################################################################
TCHPC Cluster: callan
Job 171454 (mappo_learned_cf_obs15_seed0_v12) for User 'hadjitot' in Account 'callan_hadjitot'
Finished at: Sat Mar 28 22:01:10 GMT 2026

Job efficiency estimates:
=========================

Job ID: 171454
Cluster: callan
User/Group: hadjitot/hadjitot
State: COMPLETED (exit code 0)
Nodes: 1
Cores per node: 16
CPU Utilized: 03:28:40
CPU Efficiency: 19.59% of 17:45:04 core-walltime
Job Wall-clock time: 01:06:34
Memory Utilized: 1.16 GB
Memory Efficiency: 3.62% of 32.00 GB (32.00 GB/node)

Job completion status:
======================

JobID           JobName AllocCPUS NTasks NNodes     MaxRSS    MaxRSSNode  MaxDiskRead MaxDiskWrite    Elapsed      State ExitCode 
------------ ---------- --------- ------ ------ ---------- ------------- ------------ ------------ ---------- ---------- -------- 
171454       mappo_lea+        16             1                                                      01:06:34  COMPLETED      0:0 
171454.batch      batch        16      1      1   1214448K    callan-n09      786.74M      726.78M   01:06:34  COMPLETED      0:0 
171454.exte+     extern        16      1      1                                                      01:06:34  COMPLETED      0:0 


Job details:
============

JobId=171454 JobName=mappo_learned_cf_obs15_seed0_v12
   UserId=hadjitot(2357) GroupId=hadjitot(2300) MCS_label=N/A
   Priority=99753 Nice=0 Account=callan_hadjitot QOS=normal
   JobState=COMPLETING Reason=None Dependency=(null)
   Requeue=0 Restarts=0 BatchFlag=1 Reboot=0 ExitCode=0:0
   DerivedExitCode=0:0
   RunTime=01:06:34 TimeLimit=2-00:00:00 TimeMin=N/A
   SubmitTime=2026-03-28T20:02:54 EligibleTime=2026-03-28T20:02:54
   AccrueTime=2026-03-28T20:02:54
   StartTime=2026-03-28T20:54:36 EndTime=2026-03-28T22:01:10 Deadline=N/A
   SuspendTime=None SecsPreSuspend=0 LastSchedEval=2026-03-28T20:54:36 Scheduler=Backfill
   Partition=compute AllocNode:Sid=callan01:1182475
   ReqNodeList=(null) ExcNodeList=(null)
   NodeList=callan-n09
   BatchHost=callan-n09
   NumNodes=1 NumCPUs=16 NumTasks=1 CPUs/Task=16 ReqB:S:C:T=0:0:*:*
   ReqTRES=cpu=16,mem=32G,node=1,billing=16
   AllocTRES=cpu=16,mem=32G,node=1,billing=16
   Socks/Node=* NtasksPerN:B:S:C=0:0:*:* CoreSpec=*
   JOB_GRES=(null)
     Nodes=callan-n09 CPU_IDs=24-31,40-44,53,58,60 Mem=32768 GRES=
   MinCPUsNode=16 MinMemoryNode=32G MinTmpDiskNode=0
   Features=(null) DelayBoot=00:00:00
   OverSubscribe=OK Contiguous=0 Licenses=(null) LicensesAlloc=(null) Network=(null)
   Command=/home/users/hadjitot/fyp/HighwayEnv/slurm/train_mappo_attention.sbatch
   WorkDir=/home/users/hadjitot/fyp/HighwayEnv
   StdErr=/home/users/hadjitot/fyp/HighwayEnv/slurm_out/mappo_learned_cf_obs15_seed0_v12_171454.err
   StdIn=/dev/null
   StdOut=/home/users/hadjitot/fyp/HighwayEnv/slurm_out/mappo_learned_cf_obs15_seed0_v12_171454.out
   TresPerTask=cpu=16
   


Disk quota details:
===================

                         Block Limits                                    |                     File Limits
Name       type             MB      quota      limit   in_doubt    grace |    files   quota    limit in_doubt    grace
root       USR         4980788          0          0       1614     none |   398566       0        0      974     none
root       FILESET     5384925          0          0       4570     none |  9915181       0        0     1685     none


SLURM Bank Statement:
=====================

User           Usage |        Account     Usage | Account Limit Available (CPU hrs)
---------- --------- + -------------- --------- + ------------- ---------
hadjitot      13,380 | CALLAN_HADJITOT    13,380 |       300,000   286,620


Acknowledgements:
=================

Note that usage of TCHPC Resources *must* be acknowledged in all publications.

Please see this page for details relevant to this cluster:

http://www.tchpc.tcd.ie/resources/acknowledgementpolicy

################################################################################
