Loading Anaconda 3 2024.02-1
SCENARIO_NAME=cf_obs20_dense
EXP_VERSION=v12
TOTAL_TIMESTEPS=1000000
SEEDS=0
CONTROLLED_VEHICLES=2
N_WORLDS=4
VEC_MODE=async
TARGET_ROLLOUT_SIZE=16384
DEVICE=cpu
MODEL_DIR=runs/models
MONITOR_ROOT=runs/monitor
TB_DIR=runs/tb
REWARD_MODE=team
HIDDEN_DIM=128
LEARNING_RATE=3e-4
GAMMA=0.99
GAE_LAMBDA=0.95
CLIP_RANGE=0.2
ENT_COEF=0.0
VF_COEF=0.5
MAX_GRAD_NORM=0.5
UPDATE_EPOCHS=10
NUM_MINIBATCHES=4
TARGET_KL=
CLIP_VLOSS=true
ATTN_MODE=uniform
X_INDEX=1
VX_INDEX=3
ORACLE_RULE=leader_x
TTC_EPS=1e-6
FEATURES_DIM=128
D_MODEL=32
mappo_attn_uniform_cf_obs20_dense_v12_cv2_seed0 agents: 2 agent obs shape: (20, 5) joint action space: Tuple(Box(-1.0, 1.0, (1,), float32), Box(-1.0, 1.0, (1,), float32))
mappo_attn_uniform_cf_obs20_dense_v12_cv2_seed0: worlds=4, agents_per_world=2, ppo_slots=8, vec_mode=async, n_steps=2048, num_updates=61, total_timesteps_actual=999424, reward_mode=team, attn_mode=uniform, oracle_rule=leader_x
update=1/61 global_step=16384 ep_rew_mean=2.511 ep_len_mean=11.370 policy_loss=0.0066 value_loss=4.8593 entropy=1.4144 approx_kl=0.00158 clipfrac=0.0025 explained_variance=0.0043
update=2/61 global_step=32768 ep_rew_mean=2.303 ep_len_mean=11.090 policy_loss=0.0017 value_loss=3.9512 entropy=1.4096 approx_kl=0.00233 clipfrac=0.0081 explained_variance=0.1339
update=3/61 global_step=49152 ep_rew_mean=2.695 ep_len_mean=11.380 policy_loss=0.0285 value_loss=3.5836 entropy=1.4079 approx_kl=0.00104 clipfrac=0.0000 explained_variance=0.2831
update=4/61 global_step=65536 ep_rew_mean=2.345 ep_len_mean=11.660 policy_loss=0.0157 value_loss=2.6058 entropy=1.4051 approx_kl=0.00270 clipfrac=0.0122 explained_variance=0.4282
update=5/61 global_step=81920 ep_rew_mean=2.732 ep_len_mean=11.670 policy_loss=0.0025 value_loss=2.0774 entropy=1.3982 approx_kl=0.00180 clipfrac=0.0072 explained_variance=0.5193
update=6/61 global_step=98304 ep_rew_mean=2.671 ep_len_mean=12.020 policy_loss=-0.0004 value_loss=1.7924 entropy=1.3946 approx_kl=0.00215 clipfrac=0.0016 explained_variance=0.5936
update=7/61 global_step=114688 ep_rew_mean=2.840 ep_len_mean=12.090 policy_loss=0.0189 value_loss=1.5971 entropy=1.3903 approx_kl=0.00344 clipfrac=0.0148 explained_variance=0.6472
update=8/61 global_step=131072 ep_rew_mean=2.681 ep_len_mean=12.460 policy_loss=0.0034 value_loss=1.4530 entropy=1.3880 approx_kl=0.00258 clipfrac=0.0047 explained_variance=0.6829
update=9/61 global_step=147456 ep_rew_mean=2.958 ep_len_mean=12.370 policy_loss=-0.0057 value_loss=1.1206 entropy=1.3774 approx_kl=0.00500 clipfrac=0.0225 explained_variance=0.7241
update=10/61 global_step=163840 ep_rew_mean=3.057 ep_len_mean=12.620 policy_loss=0.0092 value_loss=1.1386 entropy=1.3712 approx_kl=0.00336 clipfrac=0.0432 explained_variance=0.7521
update=11/61 global_step=180224 ep_rew_mean=2.729 ep_len_mean=13.150 policy_loss=0.0120 value_loss=1.2488 entropy=1.3661 approx_kl=0.00560 clipfrac=0.0322 explained_variance=0.7519
update=12/61 global_step=196608 ep_rew_mean=3.113 ep_len_mean=13.360 policy_loss=0.0129 value_loss=1.1093 entropy=1.3591 approx_kl=0.00335 clipfrac=0.0160 explained_variance=0.7707
update=13/61 global_step=212992 ep_rew_mean=3.139 ep_len_mean=13.540 policy_loss=0.0045 value_loss=0.9355 entropy=1.3502 approx_kl=0.00669 clipfrac=0.0546 explained_variance=0.8025
update=14/61 global_step=229376 ep_rew_mean=3.017 ep_len_mean=13.790 policy_loss=-0.0115 value_loss=0.9956 entropy=1.3426 approx_kl=0.00433 clipfrac=0.0420 explained_variance=0.7972
update=15/61 global_step=245760 ep_rew_mean=3.104 ep_len_mean=14.510 policy_loss=-0.0128 value_loss=0.9704 entropy=1.3378 approx_kl=0.00380 clipfrac=0.0402 explained_variance=0.8003
update=16/61 global_step=262144 ep_rew_mean=3.286 ep_len_mean=14.490 policy_loss=-0.0067 value_loss=0.9765 entropy=1.3348 approx_kl=0.00395 clipfrac=0.0126 explained_variance=0.8066
update=17/61 global_step=278528 ep_rew_mean=3.258 ep_len_mean=14.910 policy_loss=-0.0074 value_loss=1.0158 entropy=1.3305 approx_kl=0.00531 clipfrac=0.0294 explained_variance=0.8079
update=18/61 global_step=294912 ep_rew_mean=3.491 ep_len_mean=15.150 policy_loss=-0.0009 value_loss=0.8510 entropy=1.3257 approx_kl=0.00003 clipfrac=0.0347 explained_variance=0.8184
update=19/61 global_step=311296 ep_rew_mean=3.663 ep_len_mean=15.130 policy_loss=0.0072 value_loss=0.7481 entropy=1.3204 approx_kl=0.00627 clipfrac=0.0421 explained_variance=0.8321
update=20/61 global_step=327680 ep_rew_mean=3.352 ep_len_mean=15.600 policy_loss=0.0056 value_loss=0.8560 entropy=1.3126 approx_kl=0.00573 clipfrac=0.0234 explained_variance=0.8147
update=21/61 global_step=344064 ep_rew_mean=3.651 ep_len_mean=15.330 policy_loss=0.0202 value_loss=0.8201 entropy=1.3048 approx_kl=0.00382 clipfrac=0.0272 explained_variance=0.8236
update=22/61 global_step=360448 ep_rew_mean=3.608 ep_len_mean=16.280 policy_loss=-0.0077 value_loss=0.7468 entropy=1.2990 approx_kl=0.00181 clipfrac=0.0316 explained_variance=0.8274
update=23/61 global_step=376832 ep_rew_mean=3.757 ep_len_mean=16.120 policy_loss=-0.0048 value_loss=3.5701 entropy=1.2901 approx_kl=0.00487 clipfrac=0.0127 explained_variance=0.2706
update=24/61 global_step=393216 ep_rew_mean=2.953 ep_len_mean=18.460 policy_loss=-0.0323 value_loss=3.2791 entropy=1.2848 approx_kl=0.00115 clipfrac=0.0420 explained_variance=0.2975
update=25/61 global_step=409600 ep_rew_mean=3.352 ep_len_mean=19.090 policy_loss=0.0030 value_loss=4.3702 entropy=1.2840 approx_kl=0.00482 clipfrac=0.0136 explained_variance=0.1388
update=26/61 global_step=425984 ep_rew_mean=2.645 ep_len_mean=20.270 policy_loss=0.0127 value_loss=6.4520 entropy=1.2791 approx_kl=0.00029 clipfrac=0.0073 explained_variance=-0.1486
update=27/61 global_step=442368 ep_rew_mean=2.799 ep_len_mean=20.440 policy_loss=0.0160 value_loss=5.6542 entropy=1.2745 approx_kl=0.00256 clipfrac=0.0052 explained_variance=0.0535
update=28/61 global_step=458752 ep_rew_mean=1.330 ep_len_mean=23.630 policy_loss=-0.0169 value_loss=6.8288 entropy=1.2718 approx_kl=0.00309 clipfrac=0.0075 explained_variance=-0.2011
update=29/61 global_step=475136 ep_rew_mean=2.632 ep_len_mean=20.690 policy_loss=-0.0071 value_loss=8.0447 entropy=1.2696 approx_kl=0.00357 clipfrac=0.0064 explained_variance=-0.3023
update=30/61 global_step=491520 ep_rew_mean=1.979 ep_len_mean=22.440 policy_loss=-0.0028 value_loss=10.6391 entropy=1.2687 approx_kl=0.00422 clipfrac=0.0073 explained_variance=-0.4840
update=31/61 global_step=507904 ep_rew_mean=3.157 ep_len_mean=19.010 policy_loss=0.0312 value_loss=7.8049 entropy=1.2617 approx_kl=0.00242 clipfrac=0.0037 explained_variance=-0.1517
update=32/61 global_step=524288 ep_rew_mean=2.638 ep_len_mean=21.140 policy_loss=0.0133 value_loss=8.4201 entropy=1.2558 approx_kl=0.00254 clipfrac=0.0199 explained_variance=-0.1852
update=33/61 global_step=540672 ep_rew_mean=-0.118 ep_len_mean=29.350 policy_loss=-0.0139 value_loss=16.0514 entropy=1.2510 approx_kl=0.00013 clipfrac=0.0318 explained_variance=-0.7243
update=34/61 global_step=557056 ep_rew_mean=2.615 ep_len_mean=21.330 policy_loss=-0.0213 value_loss=8.8696 entropy=1.2475 approx_kl=0.00022 clipfrac=0.0022 explained_variance=-0.2445
update=35/61 global_step=573440 ep_rew_mean=1.718 ep_len_mean=24.430 policy_loss=0.0211 value_loss=14.1053 entropy=1.2435 approx_kl=0.00206 clipfrac=0.0110 explained_variance=-0.4802
update=36/61 global_step=589824 ep_rew_mean=0.220 ep_len_mean=27.640 policy_loss=-0.0056 value_loss=13.9206 entropy=1.2441 approx_kl=0.00121 clipfrac=0.0033 explained_variance=-0.4232
update=37/61 global_step=606208 ep_rew_mean=0.380 ep_len_mean=27.480 policy_loss=0.0169 value_loss=15.9848 entropy=1.2398 approx_kl=0.00007 clipfrac=0.0094 explained_variance=-0.4234
update=38/61 global_step=622592 ep_rew_mean=1.597 ep_len_mean=24.440 policy_loss=-0.0017 value_loss=13.4462 entropy=1.2349 approx_kl=0.00277 clipfrac=0.0082 explained_variance=-0.2622
update=39/61 global_step=638976 ep_rew_mean=-2.670 ep_len_mean=35.680 policy_loss=0.0241 value_loss=19.7609 entropy=1.2327 approx_kl=0.00220 clipfrac=0.0099 explained_variance=-0.5018
update=40/61 global_step=655360 ep_rew_mean=1.471 ep_len_mean=24.310 policy_loss=-0.0005 value_loss=12.7994 entropy=1.2309 approx_kl=0.00081 clipfrac=0.0142 explained_variance=-0.1307
update=41/61 global_step=671744 ep_rew_mean=0.928 ep_len_mean=26.110 policy_loss=0.0041 value_loss=16.3897 entropy=1.2287 approx_kl=0.00112 clipfrac=0.0082 explained_variance=-0.1478
update=42/61 global_step=688128 ep_rew_mean=1.680 ep_len_mean=24.790 policy_loss=0.0042 value_loss=18.0973 entropy=1.2259 approx_kl=0.00298 clipfrac=0.0070 explained_variance=-0.1570
update=43/61 global_step=704512 ep_rew_mean=-4.666 ep_len_mean=40.060 policy_loss=-0.0136 value_loss=15.5325 entropy=1.2203 approx_kl=0.00040 clipfrac=0.0041 explained_variance=-0.0512
update=44/61 global_step=720896 ep_rew_mean=2.070 ep_len_mean=23.210 policy_loss=-0.0009 value_loss=14.8859 entropy=1.2190 approx_kl=0.00269 clipfrac=0.0016 explained_variance=0.0154
update=45/61 global_step=737280 ep_rew_mean=1.013 ep_len_mean=26.180 policy_loss=-0.0109 value_loss=10.4925 entropy=1.2195 approx_kl=0.00014 clipfrac=0.0056 explained_variance=0.1825
update=46/61 global_step=753664 ep_rew_mean=-4.618 ep_len_mean=40.520 policy_loss=0.0083 value_loss=19.4789 entropy=1.2214 approx_kl=0.00056 clipfrac=0.0075 explained_variance=0.0541
update=47/61 global_step=770048 ep_rew_mean=1.398 ep_len_mean=24.490 policy_loss=0.0249 value_loss=13.3138 entropy=1.2209 approx_kl=0.00044 clipfrac=0.0051 explained_variance=0.2841
update=48/61 global_step=786432 ep_rew_mean=0.216 ep_len_mean=27.840 policy_loss=0.0127 value_loss=14.1228 entropy=1.2192 approx_kl=0.00492 clipfrac=0.0214 explained_variance=0.2871
update=49/61 global_step=802816 ep_rew_mean=0.463 ep_len_mean=27.910 policy_loss=0.0126 value_loss=11.8111 entropy=1.2141 approx_kl=0.00468 clipfrac=0.0291 explained_variance=0.4303
update=50/61 global_step=819200 ep_rew_mean=-0.847 ep_len_mean=30.990 policy_loss=0.0087 value_loss=10.7239 entropy=1.2101 approx_kl=0.00374 clipfrac=0.0185 explained_variance=0.5015
update=51/61 global_step=835584 ep_rew_mean=0.356 ep_len_mean=27.660 policy_loss=0.0030 value_loss=9.5384 entropy=1.2085 approx_kl=0.00043 clipfrac=0.0019 explained_variance=0.5839
update=52/61 global_step=851968 ep_rew_mean=-0.828 ep_len_mean=30.750 policy_loss=-0.0029 value_loss=10.5512 entropy=1.2103 approx_kl=0.00299 clipfrac=0.0048 explained_variance=0.5863
update=53/61 global_step=868352 ep_rew_mean=1.464 ep_len_mean=24.360 policy_loss=-0.0142 value_loss=9.1162 entropy=1.2050 approx_kl=0.00007 clipfrac=0.0031 explained_variance=0.6470
update=54/61 global_step=884736 ep_rew_mean=1.110 ep_len_mean=26.500 policy_loss=-0.0097 value_loss=9.4995 entropy=1.2020 approx_kl=0.00014 clipfrac=0.0000 explained_variance=0.6658
update=55/61 global_step=901120 ep_rew_mean=0.270 ep_len_mean=27.400 policy_loss=-0.0059 value_loss=8.5570 entropy=1.2014 approx_kl=0.00325 clipfrac=0.0086 explained_variance=0.7145
update=56/61 global_step=917504 ep_rew_mean=-2.269 ep_len_mean=33.930 policy_loss=-0.0018 value_loss=7.5666 entropy=1.2018 approx_kl=0.00113 clipfrac=0.0000 explained_variance=0.7427
update=57/61 global_step=933888 ep_rew_mean=1.087 ep_len_mean=26.440 policy_loss=0.0179 value_loss=8.0727 entropy=1.2025 approx_kl=0.00186 clipfrac=0.0001 explained_variance=0.7574
update=58/61 global_step=950272 ep_rew_mean=2.264 ep_len_mean=22.700 policy_loss=-0.0052 value_loss=6.9353 entropy=1.2003 approx_kl=0.00007 clipfrac=0.0008 explained_variance=0.7750
update=59/61 global_step=966656 ep_rew_mean=1.807 ep_len_mean=24.860 policy_loss=-0.0238 value_loss=6.0336 entropy=1.2026 approx_kl=0.00357 clipfrac=0.0040 explained_variance=0.7981
update=60/61 global_step=983040 ep_rew_mean=-1.063 ep_len_mean=30.240 policy_loss=-0.0018 value_loss=4.9739 entropy=1.2018 approx_kl=0.00115 clipfrac=0.0106 explained_variance=0.8116
update=61/61 global_step=999424 ep_rew_mean=-4.050 ep_len_mean=38.650 policy_loss=0.0008 value_loss=8.6355 entropy=1.2001 approx_kl=0.00394 clipfrac=0.0076 explained_variance=0.7864


###############################################################################
TCHPC Cluster: callan
Job 171495 (mappo_uniform_cf_obs20_dense_seed0_v12) for User 'hadjitot' in Account 'callan_hadjitot'
Finished at: Sun Mar 29 02:02:29 IST 2026

Job efficiency estimates:
=========================

Job ID: 171495
Cluster: callan
User/Group: hadjitot/hadjitot
State: RUNNING
Nodes: 1
Cores per node: 16
CPU Utilized: 04:10:55
CPU Efficiency: 20.56% of 20:20:32 core-walltime
Job Wall-clock time: 01:16:17
Memory Utilized: 923.18 MB
Memory Efficiency: 2.82% of 32.00 GB (32.00 GB/node)
WARNING: Efficiency statistics can only be obtained after the job has ended as seff tool is based on the accounting database data.

Job completion status:
======================

JobID           JobName AllocCPUS NTasks NNodes     MaxRSS    MaxRSSNode  MaxDiskRead MaxDiskWrite    Elapsed      State ExitCode 
------------ ---------- --------- ------ ------ ---------- ------------- ------------ ------------ ---------- ---------- -------- 
171495       mappo_uni+        16             1                                                      01:16:52  COMPLETED      0:0 
171495.batch      batch        16      1      1    945336K    callan-n09      932.97M      873.27M   01:16:52  COMPLETED      0:0 
171495.exte+     extern        16      1      1                                                      01:16:52  COMPLETED      0:0 


Job details:
============

JobId=171495 JobName=mappo_uniform_cf_obs20_dense_seed0_v12
   UserId=hadjitot(2357) GroupId=hadjitot(2300) MCS_label=N/A
   Priority=100601 Nice=0 Account=callan_hadjitot QOS=normal
   JobState=COMPLETING Reason=None Dependency=(null)
   Requeue=0 Restarts=0 BatchFlag=1 Reboot=0 ExitCode=0:0
   DerivedExitCode=0:0
   RunTime=01:16:52 TimeLimit=2-00:00:00 TimeMin=N/A
   SubmitTime=2026-03-28T20:02:54 EligibleTime=2026-03-28T20:02:54
   AccrueTime=2026-03-28T20:02:54
   StartTime=2026-03-28T23:45:37 EndTime=2026-03-29T02:02:29 Deadline=N/A
   SuspendTime=None SecsPreSuspend=0 LastSchedEval=2026-03-28T23:45:37 Scheduler=Backfill
   Partition=compute AllocNode:Sid=callan01:1182475
   ReqNodeList=(null) ExcNodeList=(null)
   NodeList=callan-n09
   BatchHost=callan-n09
   NumNodes=1 NumCPUs=16 NumTasks=1 CPUs/Task=16 ReqB:S:C:T=0:0:*:*
   ReqTRES=cpu=16,mem=32G,node=1,billing=16
   AllocTRES=cpu=16,mem=32G,node=1,billing=16
   Socks/Node=* NtasksPerN:B:S:C=0:0:*:* CoreSpec=*
   JOB_GRES=(null)
     Nodes=callan-n09 CPU_IDs=0-1,10-23 Mem=32768 GRES=
   MinCPUsNode=16 MinMemoryNode=32G MinTmpDiskNode=0
   Features=(null) DelayBoot=00:00:00
   OverSubscribe=OK Contiguous=0 Licenses=(null) LicensesAlloc=(null) Network=(null)
   Command=/home/users/hadjitot/fyp/HighwayEnv/slurm/train_mappo_attention.sbatch
   WorkDir=/home/users/hadjitot/fyp/HighwayEnv
   StdErr=/home/users/hadjitot/fyp/HighwayEnv/slurm_out/mappo_uniform_cf_obs20_dense_seed0_v12_171495.err
   StdIn=/dev/null
   StdOut=/home/users/hadjitot/fyp/HighwayEnv/slurm_out/mappo_uniform_cf_obs20_dense_seed0_v12_171495.out
   TresPerTask=cpu=16
   


Disk quota details:
===================

                         Block Limits                                    |                     File Limits
Name       type             MB      quota      limit   in_doubt    grace |    files   quota    limit in_doubt    grace
root       USR         4983223          0          0       1982     none |   398672       0        0      942     none
root       FILESET     5166941          0          0       4994     none |  9908989       0        0     1869     none


SLURM Bank Statement:
=====================

User           Usage |        Account     Usage | Account Limit Available (CPU hrs)
---------- --------- + -------------- --------- + ------------- ---------
hadjitot      13,641 | CALLAN_HADJITOT    13,641 |       300,000   286,359


Acknowledgements:
=================

Note that usage of TCHPC Resources *must* be acknowledged in all publications.

Please see this page for details relevant to this cluster:

http://www.tchpc.tcd.ie/resources/acknowledgementpolicy

################################################################################
