Loading Anaconda 3 2024.02-1
SCENARIO_NAME=highway_lanechange_dense_obs20
EXP_VERSION=v11_mappo_diag
TOTAL_TIMESTEPS=1000000
SEEDS=2
CONTROLLED_VEHICLES=2
N_WORLDS=4
VEC_MODE=async
TARGET_ROLLOUT_SIZE=16384
DEVICE=cpu
MODEL_DIR=runs/models
MONITOR_ROOT=runs/monitor
TB_DIR=runs/tb
REWARD_MODE=team
HIDDEN_DIM=128
LEARNING_RATE=3e-4
GAMMA=0.99
GAE_LAMBDA=0.95
CLIP_RANGE=0.2
ENT_COEF=0.0
VF_COEF=0.5
MAX_GRAD_NORM=0.5
UPDATE_EPOCHS=10
NUM_MINIBATCHES=4
TARGET_KL=
CLIP_VLOSS=true
ATTN_MODE=learned
X_INDEX=1
VX_INDEX=3
ORACLE_RULE=leader_x
TTC_EPS=1e-6
FEATURES_DIM=128
D_MODEL=32
mappo_attn_learned_highway_lanechange_dense_obs20_v11_mappo_diag_cv2_seed2 agents: 2 agent obs shape: (20, 5) joint action space: Tuple(Box(-1.0, 1.0, (2,), float32), Box(-1.0, 1.0, (2,), float32))
mappo_attn_learned_highway_lanechange_dense_obs20_v11_mappo_diag_cv2_seed2: worlds=4, agents_per_world=2, ppo_slots=8, vec_mode=async, n_steps=2048, num_updates=61, total_timesteps_actual=999424, reward_mode=team, attn_mode=learned, oracle_rule=leader_x
update=1/61 global_step=16384 ep_rew_mean=0.563 ep_len_mean=3.480 policy_loss=-0.0361 value_loss=1.1917 entropy=2.8314 approx_kl=0.00500 clipfrac=0.0385 explained_variance=-0.0020
update=2/61 global_step=32768 ep_rew_mean=0.607 ep_len_mean=3.080 policy_loss=-0.0243 value_loss=1.0032 entropy=2.8205 approx_kl=0.00475 clipfrac=0.0273 explained_variance=0.0453
update=3/61 global_step=49152 ep_rew_mean=0.703 ep_len_mean=3.070 policy_loss=-0.0355 value_loss=0.8426 entropy=2.8103 approx_kl=0.00478 clipfrac=0.0160 explained_variance=0.0571
update=4/61 global_step=65536 ep_rew_mean=0.587 ep_len_mean=3.220 policy_loss=-0.0134 value_loss=0.9971 entropy=2.7957 approx_kl=0.00856 clipfrac=0.0535 explained_variance=0.0514
update=5/61 global_step=81920 ep_rew_mean=0.834 ep_len_mean=3.800 policy_loss=-0.0076 value_loss=1.0957 entropy=2.7707 approx_kl=0.00953 clipfrac=0.0835 explained_variance=0.0687
update=6/61 global_step=98304 ep_rew_mean=1.116 ep_len_mean=5.100 policy_loss=-0.0173 value_loss=1.1747 entropy=2.7552 approx_kl=0.00898 clipfrac=0.0993 explained_variance=0.0455
update=7/61 global_step=114688 ep_rew_mean=1.760 ep_len_mean=6.230 policy_loss=-0.0041 value_loss=1.5963 entropy=2.7369 approx_kl=0.00670 clipfrac=0.0836 explained_variance=0.0544
update=8/61 global_step=131072 ep_rew_mean=1.808 ep_len_mean=6.740 policy_loss=-0.0401 value_loss=1.5450 entropy=2.7219 approx_kl=0.00834 clipfrac=0.0843 explained_variance=0.0509
update=9/61 global_step=147456 ep_rew_mean=1.884 ep_len_mean=7.420 policy_loss=-0.0056 value_loss=1.8396 entropy=2.7088 approx_kl=0.00789 clipfrac=0.0935 explained_variance=0.0456
update=10/61 global_step=163840 ep_rew_mean=2.254 ep_len_mean=8.960 policy_loss=-0.0101 value_loss=2.2185 entropy=2.6970 approx_kl=0.00568 clipfrac=0.0562 explained_variance=0.0387
update=11/61 global_step=180224 ep_rew_mean=3.336 ep_len_mean=11.060 policy_loss=-0.0040 value_loss=2.5684 entropy=2.6898 approx_kl=0.00693 clipfrac=0.0665 explained_variance=0.0348
update=12/61 global_step=196608 ep_rew_mean=4.944 ep_len_mean=16.460 policy_loss=0.0012 value_loss=3.3422 entropy=2.6821 approx_kl=0.00375 clipfrac=0.0494 explained_variance=0.0314
update=13/61 global_step=212992 ep_rew_mean=4.082 ep_len_mean=14.340 policy_loss=0.0172 value_loss=4.0565 entropy=2.6758 approx_kl=0.00332 clipfrac=0.0378 explained_variance=0.0267
update=14/61 global_step=229376 ep_rew_mean=4.764 ep_len_mean=17.220 policy_loss=-0.0193 value_loss=4.3602 entropy=2.6703 approx_kl=0.00134 clipfrac=0.0322 explained_variance=0.0336
update=15/61 global_step=245760 ep_rew_mean=7.615 ep_len_mean=27.520 policy_loss=0.0010 value_loss=4.7225 entropy=2.6655 approx_kl=0.00420 clipfrac=0.0289 explained_variance=0.0376
update=16/61 global_step=262144 ep_rew_mean=7.724 ep_len_mean=29.300 policy_loss=-0.0038 value_loss=5.4396 entropy=2.6603 approx_kl=0.00305 clipfrac=0.0255 explained_variance=0.0332
update=17/61 global_step=278528 ep_rew_mean=9.618 ep_len_mean=38.100 policy_loss=0.0058 value_loss=6.2320 entropy=2.6527 approx_kl=0.00817 clipfrac=0.0242 explained_variance=0.0354
update=18/61 global_step=294912 ep_rew_mean=9.513 ep_len_mean=40.850 policy_loss=-0.0065 value_loss=5.0870 entropy=2.6476 approx_kl=0.00383 clipfrac=0.0252 explained_variance=0.0382
update=19/61 global_step=311296 ep_rew_mean=10.576 ep_len_mean=40.010 policy_loss=-0.0166 value_loss=6.3878 entropy=2.6425 approx_kl=0.00339 clipfrac=0.0294 explained_variance=0.0380
update=20/61 global_step=327680 ep_rew_mean=10.943 ep_len_mean=43.160 policy_loss=0.0178 value_loss=6.7808 entropy=2.6387 approx_kl=0.00503 clipfrac=0.0119 explained_variance=0.0410
update=21/61 global_step=344064 ep_rew_mean=12.503 ep_len_mean=52.060 policy_loss=-0.0068 value_loss=7.0305 entropy=2.6379 approx_kl=0.00040 clipfrac=0.0042 explained_variance=0.0533
update=22/61 global_step=360448 ep_rew_mean=12.590 ep_len_mean=51.380 policy_loss=-0.0023 value_loss=7.0057 entropy=2.6359 approx_kl=0.00553 clipfrac=0.0102 explained_variance=0.0621
update=23/61 global_step=376832 ep_rew_mean=13.006 ep_len_mean=47.550 policy_loss=-0.0014 value_loss=8.7712 entropy=2.6312 approx_kl=0.00309 clipfrac=0.0247 explained_variance=0.0620
update=24/61 global_step=393216 ep_rew_mean=11.893 ep_len_mean=43.230 policy_loss=0.0007 value_loss=8.5311 entropy=2.6277 approx_kl=0.00350 clipfrac=0.0075 explained_variance=0.0635
update=25/61 global_step=409600 ep_rew_mean=10.234 ep_len_mean=41.480 policy_loss=0.0116 value_loss=8.5826 entropy=2.6266 approx_kl=0.00663 clipfrac=0.0186 explained_variance=0.0778
update=26/61 global_step=425984 ep_rew_mean=11.252 ep_len_mean=41.880 policy_loss=-0.0095 value_loss=8.6862 entropy=2.6267 approx_kl=0.00122 clipfrac=0.0166 explained_variance=0.0832
update=27/61 global_step=442368 ep_rew_mean=13.858 ep_len_mean=53.800 policy_loss=0.0088 value_loss=8.4635 entropy=2.6252 approx_kl=0.00116 clipfrac=0.0070 explained_variance=0.1153
update=28/61 global_step=458752 ep_rew_mean=16.916 ep_len_mean=67.400 policy_loss=0.0118 value_loss=8.0130 entropy=2.6256 approx_kl=0.00085 clipfrac=0.0058 explained_variance=0.1340
update=29/61 global_step=475136 ep_rew_mean=19.068 ep_len_mean=73.570 policy_loss=0.0130 value_loss=7.7078 entropy=2.6250 approx_kl=0.00112 clipfrac=0.0073 explained_variance=0.1648
update=30/61 global_step=491520 ep_rew_mean=15.165 ep_len_mean=59.580 policy_loss=-0.0196 value_loss=8.0193 entropy=2.6234 approx_kl=0.00492 clipfrac=0.0152 explained_variance=0.1764
update=31/61 global_step=507904 ep_rew_mean=11.681 ep_len_mean=44.670 policy_loss=0.0004 value_loss=9.0987 entropy=2.6206 approx_kl=0.00150 clipfrac=0.0175 explained_variance=0.1693
update=32/61 global_step=524288 ep_rew_mean=13.408 ep_len_mean=51.960 policy_loss=-0.0010 value_loss=8.8846 entropy=2.6184 approx_kl=0.00127 clipfrac=0.0020 explained_variance=0.1950
update=33/61 global_step=540672 ep_rew_mean=13.303 ep_len_mean=54.020 policy_loss=0.0048 value_loss=8.6834 entropy=2.6162 approx_kl=0.00277 clipfrac=0.0056 explained_variance=0.2527
update=34/61 global_step=557056 ep_rew_mean=15.364 ep_len_mean=55.500 policy_loss=0.0017 value_loss=8.9891 entropy=2.6167 approx_kl=0.00846 clipfrac=0.0156 explained_variance=0.2115
update=35/61 global_step=573440 ep_rew_mean=15.927 ep_len_mean=58.570 policy_loss=-0.0051 value_loss=9.2912 entropy=2.6168 approx_kl=0.00692 clipfrac=0.0300 explained_variance=0.2614
update=36/61 global_step=589824 ep_rew_mean=11.859 ep_len_mean=42.930 policy_loss=-0.0088 value_loss=9.9318 entropy=2.6149 approx_kl=0.00099 clipfrac=0.0592 explained_variance=0.2566
update=37/61 global_step=606208 ep_rew_mean=14.036 ep_len_mean=48.960 policy_loss=-0.0081 value_loss=10.2374 entropy=2.6136 approx_kl=0.00515 clipfrac=0.0111 explained_variance=0.2640
update=38/61 global_step=622592 ep_rew_mean=13.887 ep_len_mean=51.340 policy_loss=0.0228 value_loss=9.0564 entropy=2.6118 approx_kl=0.00397 clipfrac=0.0196 explained_variance=0.3519
update=39/61 global_step=638976 ep_rew_mean=12.138 ep_len_mean=47.690 policy_loss=0.0077 value_loss=9.8342 entropy=2.6098 approx_kl=0.00439 clipfrac=0.0280 explained_variance=0.3368
update=40/61 global_step=655360 ep_rew_mean=15.437 ep_len_mean=55.860 policy_loss=0.0031 value_loss=9.0252 entropy=2.6092 approx_kl=0.00262 clipfrac=0.0029 explained_variance=0.3880
update=41/61 global_step=671744 ep_rew_mean=15.832 ep_len_mean=53.950 policy_loss=0.0154 value_loss=9.8277 entropy=2.6093 approx_kl=0.00329 clipfrac=0.0063 explained_variance=0.3428
update=42/61 global_step=688128 ep_rew_mean=13.569 ep_len_mean=49.920 policy_loss=-0.0249 value_loss=9.6791 entropy=2.6093 approx_kl=0.00274 clipfrac=0.0055 explained_variance=0.3772
update=43/61 global_step=704512 ep_rew_mean=15.244 ep_len_mean=53.340 policy_loss=-0.0074 value_loss=9.0113 entropy=2.6088 approx_kl=0.00210 clipfrac=0.0017 explained_variance=0.3772
update=44/61 global_step=720896 ep_rew_mean=14.297 ep_len_mean=48.940 policy_loss=-0.0144 value_loss=9.9152 entropy=2.6086 approx_kl=0.00195 clipfrac=0.0067 explained_variance=0.3716
update=45/61 global_step=737280 ep_rew_mean=14.262 ep_len_mean=48.570 policy_loss=-0.0067 value_loss=9.5040 entropy=2.6078 approx_kl=0.00161 clipfrac=0.0037 explained_variance=0.3960
update=46/61 global_step=753664 ep_rew_mean=15.686 ep_len_mean=51.300 policy_loss=-0.0073 value_loss=9.2967 entropy=2.6069 approx_kl=0.00090 clipfrac=0.0015 explained_variance=0.4257
update=47/61 global_step=770048 ep_rew_mean=12.871 ep_len_mean=41.630 policy_loss=-0.0006 value_loss=9.6296 entropy=2.6059 approx_kl=0.00362 clipfrac=0.0097 explained_variance=0.3852
update=48/61 global_step=786432 ep_rew_mean=13.761 ep_len_mean=44.850 policy_loss=-0.0219 value_loss=9.6596 entropy=2.6056 approx_kl=0.00263 clipfrac=0.0040 explained_variance=0.4124
update=49/61 global_step=802816 ep_rew_mean=13.003 ep_len_mean=44.220 policy_loss=-0.0039 value_loss=9.2117 entropy=2.6045 approx_kl=0.00360 clipfrac=0.0579 explained_variance=0.4447
update=50/61 global_step=819200 ep_rew_mean=12.681 ep_len_mean=41.930 policy_loss=-0.0229 value_loss=9.3412 entropy=2.6032 approx_kl=0.00144 clipfrac=0.0209 explained_variance=0.4239
update=51/61 global_step=835584 ep_rew_mean=13.776 ep_len_mean=42.940 policy_loss=0.0062 value_loss=9.7399 entropy=2.6015 approx_kl=0.00182 clipfrac=0.0341 explained_variance=0.4065
update=52/61 global_step=851968 ep_rew_mean=10.087 ep_len_mean=34.550 policy_loss=-0.0189 value_loss=9.2052 entropy=2.5991 approx_kl=0.00749 clipfrac=0.0221 explained_variance=0.4432
update=53/61 global_step=868352 ep_rew_mean=13.058 ep_len_mean=40.530 policy_loss=-0.0024 value_loss=9.2136 entropy=2.5958 approx_kl=0.00254 clipfrac=0.0220 explained_variance=0.4352
update=54/61 global_step=884736 ep_rew_mean=14.750 ep_len_mean=45.090 policy_loss=-0.0028 value_loss=9.1720 entropy=2.5935 approx_kl=0.00301 clipfrac=0.0435 explained_variance=0.4606
update=55/61 global_step=901120 ep_rew_mean=12.164 ep_len_mean=37.940 policy_loss=0.0053 value_loss=10.3781 entropy=2.5926 approx_kl=0.00898 clipfrac=0.0474 explained_variance=0.4396
update=56/61 global_step=917504 ep_rew_mean=14.912 ep_len_mean=43.990 policy_loss=-0.0085 value_loss=9.3225 entropy=2.5909 approx_kl=0.00129 clipfrac=0.0538 explained_variance=0.4846
update=57/61 global_step=933888 ep_rew_mean=13.356 ep_len_mean=40.530 policy_loss=-0.0038 value_loss=8.9688 entropy=2.5900 approx_kl=0.00217 clipfrac=0.0138 explained_variance=0.4816
update=58/61 global_step=950272 ep_rew_mean=12.484 ep_len_mean=38.750 policy_loss=-0.0238 value_loss=9.8635 entropy=2.5892 approx_kl=0.00161 clipfrac=0.0115 explained_variance=0.5100
update=59/61 global_step=966656 ep_rew_mean=13.266 ep_len_mean=39.660 policy_loss=-0.0045 value_loss=8.9960 entropy=2.5887 approx_kl=0.00232 clipfrac=0.0053 explained_variance=0.5451
update=60/61 global_step=983040 ep_rew_mean=11.964 ep_len_mean=37.000 policy_loss=-0.0023 value_loss=9.3533 entropy=2.5858 approx_kl=0.00381 clipfrac=0.0321 explained_variance=0.5043
update=61/61 global_step=999424 ep_rew_mean=11.393 ep_len_mean=34.180 policy_loss=-0.0341 value_loss=10.0961 entropy=2.5847 approx_kl=0.00135 clipfrac=0.0077 explained_variance=0.4760


###############################################################################
TCHPC Cluster: callan
Job 170426 (mappo_learned_highway_lanechange_dense_obs20_seed2_cv2_1000000_v11_mappo_diag) for User 'hadjitot' in Account 'callan_hadjitot'
Finished at: Fri Mar 27 17:00:02 GMT 2026

Job efficiency estimates:
=========================

Job ID: 170426
Cluster: callan
User/Group: hadjitot/hadjitot
State: COMPLETED (exit code 0)
Nodes: 1
Cores per node: 16
CPU Utilized: 06:46:04
CPU Efficiency: 19.57% of 1-10:34:40 core-walltime
Job Wall-clock time: 02:09:40
Memory Utilized: 1.26 GB
Memory Efficiency: 3.92% of 32.00 GB (32.00 GB/node)

Job completion status:
======================

JobID           JobName AllocCPUS NTasks NNodes     MaxRSS    MaxRSSNode  MaxDiskRead MaxDiskWrite    Elapsed      State ExitCode 
------------ ---------- --------- ------ ------ ---------- ------------- ------------ ------------ ---------- ---------- -------- 
170426       mappo_lea+        16             1                                                      02:09:40  COMPLETED      0:0 
170426.batch      batch        16      1      1   1316148K    callan-n08      970.79M      911.13M   02:09:40  COMPLETED      0:0 
170426.exte+     extern        16      1      1                                                      02:09:40  COMPLETED      0:0 


Job details:
============

JobId=170426 JobName=mappo_learned_highway_lanechange_dense_obs20_seed2_cv2_1000000_v11_mappo_diag
   UserId=hadjitot(2357) GroupId=hadjitot(2300) MCS_label=N/A
   Priority=117589 Nice=0 Account=callan_hadjitot QOS=normal
   JobState=COMPLETING Reason=None Dependency=(null)
   Requeue=0 Restarts=0 BatchFlag=1 Reboot=0 ExitCode=0:0
   DerivedExitCode=0:0
   RunTime=02:09:40 TimeLimit=2-00:00:00 TimeMin=N/A
   SubmitTime=2026-03-26T23:55:13 EligibleTime=2026-03-26T23:55:13
   AccrueTime=2026-03-26T23:55:13
   StartTime=2026-03-27T14:50:22 EndTime=2026-03-27T17:00:02 Deadline=N/A
   SuspendTime=None SecsPreSuspend=0 LastSchedEval=2026-03-27T14:50:22 Scheduler=Backfill
   Partition=compute AllocNode:Sid=callan01:1431434
   ReqNodeList=(null) ExcNodeList=(null)
   NodeList=callan-n08
   BatchHost=callan-n08
   NumNodes=1 NumCPUs=16 NumTasks=1 CPUs/Task=16 ReqB:S:C:T=0:0:*:*
   ReqTRES=cpu=16,mem=32G,node=1,billing=16
   AllocTRES=cpu=16,mem=32G,node=1,billing=16
   Socks/Node=* NtasksPerN:B:S:C=0:0:*:* CoreSpec=*
   JOB_GRES=(null)
     Nodes=callan-n08 CPU_IDs=3-11,13-14,18-19,23-25 Mem=32768 GRES=
   MinCPUsNode=16 MinMemoryNode=32G MinTmpDiskNode=0
   Features=(null) DelayBoot=00:00:00
   OverSubscribe=OK Contiguous=0 Licenses=(null) LicensesAlloc=(null) Network=(null)
   Command=/home/users/hadjitot/fyp/HighwayEnv/slurm/train_mappo_attention.sbatch
   WorkDir=/home/users/hadjitot/fyp/HighwayEnv
   StdErr=/home/users/hadjitot/fyp/HighwayEnv/slurm_out/mappo_learned_highway_lanechange_dense_obs20_seed2_cv2_1000000_v11_mappo_diag_170426.err
   StdIn=/dev/null
   StdOut=/home/users/hadjitot/fyp/HighwayEnv/slurm_out/mappo_learned_highway_lanechange_dense_obs20_seed2_cv2_1000000_v11_mappo_diag_170426.out
   TresPerTask=cpu=16
   


Disk quota details:
===================

                         Block Limits                                    |                     File Limits
Name       type             MB      quota      limit   in_doubt    grace |    files   quota    limit in_doubt    grace
root       USR         4956557          0          0       2002     none |   397392       0        0      700     none


SLURM Bank Statement:
=====================

User           Usage |        Account     Usage | Account Limit Available (CPU hrs)
---------- --------- + -------------- --------- + ------------- ---------
hadjitot      11,801 | CALLAN_HADJITOT    11,801 |       300,000   288,199


Acknowledgements:
=================

Note that usage of TCHPC Resources *must* be acknowledged in all publications.

Please see this page for details relevant to this cluster:

http://www.tchpc.tcd.ie/resources/acknowledgementpolicy

################################################################################
