Loading Anaconda 3 2024.02-1
SCENARIO_NAME=cf_obs15_stopgo
EXP_VERSION=v10_diag_ttc
TOTAL_TIMESTEPS=1000000
SEEDS=2
CONTROLLED_VEHICLES=2
N_WORLDS=4
VEC_MODE=async
TARGET_ROLLOUT_SIZE=16384
DEVICE=cpu
MODEL_DIR=runs/models
MONITOR_ROOT=runs/monitor
TB_DIR=runs/tb
ATTN_MODE=oracle
X_INDEX=1
VX_INDEX=3
ORACLE_RULE=ttc
TTC_EPS=1e-6
ppo_shared_attn_oracle_cf_obs15_stopgo_v10_diag_ttc_cv2_seed2 agents: 2 agent obs shape: (15, 5) joint action space: Tuple(Box(-1.0, 1.0, (1,), float32), Box(-1.0, 1.0, (1,), float32))
ppo_shared_attn_oracle_cf_obs15_stopgo_v10_diag_ttc_cv2_seed2: worlds=4, agents_per_world=2, ppo_slots=8, vec_mode=async, n_steps=2048, attn_mode=oracle, oracle_rule=ttc
Using cpu device
Logging to runs/tb/ppo_shared_attn_oracle_cf_obs15_stopgo_v10_diag_ttc_cv2_seed2_1
---------------------------------
| rollout/           |          |
|    ep_len_mean     | 13.7     |
|    ep_rew_mean     | 4.66     |
| time/              |          |
|    fps             | 118      |
|    iterations      | 1        |
|    time_elapsed    | 138      |
|    total_timesteps | 16384    |
---------------------------------
-----------------------------------------
| rollout/                |             |
|    ep_len_mean          | 14.2        |
|    ep_rew_mean          | 5.2         |
| time/                   |             |
|    fps                  | 113         |
|    iterations           | 2           |
|    time_elapsed         | 287         |
|    total_timesteps      | 32768       |
| train/                  |             |
|    approx_kl            | 0.004139326 |
|    clip_fraction        | 0.0165      |
|    clip_range           | 0.2         |
|    entropy_loss         | -1.41       |
|    explained_variance   | 0.00125     |
|    learning_rate        | 0.0003      |
|    loss                 | 1.24        |
|    n_updates            | 10          |
|    policy_gradient_loss | -0.00107    |
|    std                  | 0.989       |
|    value_loss           | 2.41        |
-----------------------------------------
-----------------------------------------
| rollout/                |             |
|    ep_len_mean          | 14.7        |
|    ep_rew_mean          | 5.2         |
| time/                   |             |
|    fps                  | 111         |
|    iterations           | 3           |
|    time_elapsed         | 440         |
|    total_timesteps      | 49152       |
| train/                  |             |
|    approx_kl            | 0.006117269 |
|    clip_fraction        | 0.0635      |
|    clip_range           | 0.2         |
|    entropy_loss         | -1.4        |
|    explained_variance   | 0.856       |
|    learning_rate        | 0.0003      |
|    loss                 | 0.945       |
|    n_updates            | 20          |
|    policy_gradient_loss | -0.0041     |
|    std                  | 0.985       |
|    value_loss           | 1.64        |
-----------------------------------------
------------------------------------------
| rollout/                |              |
|    ep_len_mean          | 14.9         |
|    ep_rew_mean          | 5.29         |
| time/                   |              |
|    fps                  | 111          |
|    iterations           | 4            |
|    time_elapsed         | 588          |
|    total_timesteps      | 65536        |
| train/                  |              |
|    approx_kl            | 0.0049480153 |
|    clip_fraction        | 0.051        |
|    clip_range           | 0.2          |
|    entropy_loss         | -1.4         |
|    explained_variance   | 0.861        |
|    learning_rate        | 0.0003       |
|    loss                 | 0.481        |
|    n_updates            | 30           |
|    policy_gradient_loss | -0.00241     |
|    std                  | 0.984        |
|    value_loss           | 1.58         |
------------------------------------------
-----------------------------------------
| rollout/                |             |
|    ep_len_mean          | 15.2        |
|    ep_rew_mean          | 5.03        |
| time/                   |             |
|    fps                  | 111         |
|    iterations           | 5           |
|    time_elapsed         | 737         |
|    total_timesteps      | 81920       |
| train/                  |             |
|    approx_kl            | 0.005612516 |
|    clip_fraction        | 0.0576      |
|    clip_range           | 0.2         |
|    entropy_loss         | -1.39       |
|    explained_variance   | 0.88        |
|    learning_rate        | 0.0003      |
|    loss                 | 0.377       |
|    n_updates            | 40          |
|    policy_gradient_loss | -0.00297    |
|    std                  | 0.97        |
|    value_loss           | 1.47        |
-----------------------------------------
------------------------------------------
| rollout/                |              |
|    ep_len_mean          | 15.8         |
|    ep_rew_mean          | 5.76         |
| time/                   |              |
|    fps                  | 110          |
|    iterations           | 6            |
|    time_elapsed         | 887          |
|    total_timesteps      | 98304        |
| train/                  |              |
|    approx_kl            | 0.0052401316 |
|    clip_fraction        | 0.0622       |
|    clip_range           | 0.2          |
|    entropy_loss         | -1.38        |
|    explained_variance   | 0.882        |
|    learning_rate        | 0.0003       |
|    loss                 | 0.679        |
|    n_updates            | 50           |
|    policy_gradient_loss | -0.00303     |
|    std                  | 0.962        |
|    value_loss           | 1.45         |
------------------------------------------
------------------------------------------
| rollout/                |              |
|    ep_len_mean          | 16.6         |
|    ep_rew_mean          | 5.97         |
| time/                   |              |
|    fps                  | 110          |
|    iterations           | 7            |
|    time_elapsed         | 1033         |
|    total_timesteps      | 114688       |
| train/                  |              |
|    approx_kl            | 0.0038721252 |
|    clip_fraction        | 0.0413       |
|    clip_range           | 0.2          |
|    entropy_loss         | -1.38        |
|    explained_variance   | 0.894        |
|    learning_rate        | 0.0003       |
|    loss                 | 0.606        |
|    n_updates            | 60           |
|    policy_gradient_loss | -0.002       |
|    std                  | 0.957        |
|    value_loss           | 1.22         |
------------------------------------------
-----------------------------------------
| rollout/                |             |
|    ep_len_mean          | 17.7        |
|    ep_rew_mean          | 5.47        |
| time/                   |             |
|    fps                  | 111         |
|    iterations           | 8           |
|    time_elapsed         | 1178        |
|    total_timesteps      | 131072      |
| train/                  |             |
|    approx_kl            | 0.004545682 |
|    clip_fraction        | 0.0442      |
|    clip_range           | 0.2         |
|    entropy_loss         | -1.37       |
|    explained_variance   | 0.891       |
|    learning_rate        | 0.0003      |
|    loss                 | 1.08        |
|    n_updates            | 70          |
|    policy_gradient_loss | -0.0017     |
|    std                  | 0.951       |
|    value_loss           | 1.29        |
-----------------------------------------
------------------------------------------
| rollout/                |              |
|    ep_len_mean          | 18.1         |
|    ep_rew_mean          | 6.29         |
| time/                   |              |
|    fps                  | 111          |
|    iterations           | 9            |
|    time_elapsed         | 1327         |
|    total_timesteps      | 147456       |
| train/                  |              |
|    approx_kl            | 0.0030178954 |
|    clip_fraction        | 0.0322       |
|    clip_range           | 0.2          |
|    entropy_loss         | -1.36        |
|    explained_variance   | 0.903        |
|    learning_rate        | 0.0003       |
|    loss                 | 0.418        |
|    n_updates            | 80           |
|    policy_gradient_loss | -0.000695    |
|    std                  | 0.93         |
|    value_loss           | 1.18         |
------------------------------------------
-----------------------------------------
| rollout/                |             |
|    ep_len_mean          | 18.6        |
|    ep_rew_mean          | 6.25        |
| time/                   |             |
|    fps                  | 111         |
|    iterations           | 10          |
|    time_elapsed         | 1473        |
|    total_timesteps      | 163840      |
| train/                  |             |
|    approx_kl            | 0.004186976 |
|    clip_fraction        | 0.0482      |
|    clip_range           | 0.2         |
|    entropy_loss         | -1.33       |
|    explained_variance   | 0.907       |
|    learning_rate        | 0.0003      |
|    loss                 | 0.654       |
|    n_updates            | 90          |
|    policy_gradient_loss | -0.00103    |
|    std                  | 0.914       |
|    value_loss           | 1.11        |
-----------------------------------------
-----------------------------------------
| rollout/                |             |
|    ep_len_mean          | 18.6        |
|    ep_rew_mean          | 6.01        |
| time/                   |             |
|    fps                  | 111         |
|    iterations           | 11          |
|    time_elapsed         | 1617        |
|    total_timesteps      | 180224      |
| train/                  |             |
|    approx_kl            | 0.004486938 |
|    clip_fraction        | 0.0454      |
|    clip_range           | 0.2         |
|    entropy_loss         | -1.32       |
|    explained_variance   | 0.912       |
|    learning_rate        | 0.0003      |
|    loss                 | 0.269       |
|    n_updates            | 100         |
|    policy_gradient_loss | -0.000282   |
|    std                  | 0.898       |
|    value_loss           | 1.05        |
-----------------------------------------
------------------------------------------
| rollout/                |              |
|    ep_len_mean          | 19.2         |
|    ep_rew_mean          | 6.24         |
| time/                   |              |
|    fps                  | 111          |
|    iterations           | 12           |
|    time_elapsed         | 1758         |
|    total_timesteps      | 196608       |
| train/                  |              |
|    approx_kl            | 0.0052353935 |
|    clip_fraction        | 0.0382       |
|    clip_range           | 0.2          |
|    entropy_loss         | -1.3         |
|    explained_variance   | 0.915        |
|    learning_rate        | 0.0003       |
|    loss                 | 0.679        |
|    n_updates            | 110          |
|    policy_gradient_loss | -0.000487    |
|    std                  | 0.887        |
|    value_loss           | 1.03         |
------------------------------------------
------------------------------------------
| rollout/                |              |
|    ep_len_mean          | 19.5         |
|    ep_rew_mean          | 6.6          |
| time/                   |              |
|    fps                  | 111          |
|    iterations           | 13           |
|    time_elapsed         | 1910         |
|    total_timesteps      | 212992       |
| train/                  |              |
|    approx_kl            | 0.0038507227 |
|    clip_fraction        | 0.0472       |
|    clip_range           | 0.2          |
|    entropy_loss         | -1.29        |
|    explained_variance   | 0.915        |
|    learning_rate        | 0.0003       |
|    loss                 | 0.481        |
|    n_updates            | 120          |
|    policy_gradient_loss | -0.000832    |
|    std                  | 0.873        |
|    value_loss           | 1.07         |
------------------------------------------
-----------------------------------------
| rollout/                |             |
|    ep_len_mean          | 19.8        |
|    ep_rew_mean          | 5.91        |
| time/                   |             |
|    fps                  | 111         |
|    iterations           | 14          |
|    time_elapsed         | 2058        |
|    total_timesteps      | 229376      |
| train/                  |             |
|    approx_kl            | 0.005101438 |
|    clip_fraction        | 0.0573      |
|    clip_range           | 0.2         |
|    entropy_loss         | -1.27       |
|    explained_variance   | 0.919       |
|    learning_rate        | 0.0003      |
|    loss                 | 0.356       |
|    n_updates            | 130         |
|    policy_gradient_loss | -0.00102    |
|    std                  | 0.856       |
|    value_loss           | 1           |
-----------------------------------------
-----------------------------------------
| rollout/                |             |
|    ep_len_mean          | 20.7        |
|    ep_rew_mean          | 6.32        |
| time/                   |             |
|    fps                  | 111         |
|    iterations           | 15          |
|    time_elapsed         | 2208        |
|    total_timesteps      | 245760      |
| train/                  |             |
|    approx_kl            | 0.005137978 |
|    clip_fraction        | 0.0501      |
|    clip_range           | 0.2         |
|    entropy_loss         | -1.25       |
|    explained_variance   | 0.918       |
|    learning_rate        | 0.0003      |
|    loss                 | 0.491       |
|    n_updates            | 140         |
|    policy_gradient_loss | -0.000779   |
|    std                  | 0.841       |
|    value_loss           | 1.09        |
-----------------------------------------
-----------------------------------------
| rollout/                |             |
|    ep_len_mean          | 21.8        |
|    ep_rew_mean          | 6.58        |
| time/                   |             |
|    fps                  | 111         |
|    iterations           | 16          |
|    time_elapsed         | 2355        |
|    total_timesteps      | 262144      |
| train/                  |             |
|    approx_kl            | 0.004835003 |
|    clip_fraction        | 0.0559      |
|    clip_range           | 0.2         |
|    entropy_loss         | -1.24       |
|    explained_variance   | 0.926       |
|    learning_rate        | 0.0003      |
|    loss                 | 0.638       |
|    n_updates            | 150         |
|    policy_gradient_loss | -0.0013     |
|    std                  | 0.836       |
|    value_loss           | 0.91        |
-----------------------------------------
------------------------------------------
| rollout/                |              |
|    ep_len_mean          | 23           |
|    ep_rew_mean          | 6.84         |
| time/                   |              |
|    fps                  | 111          |
|    iterations           | 17           |
|    time_elapsed         | 2501         |
|    total_timesteps      | 278528       |
| train/                  |              |
|    approx_kl            | 0.0050136494 |
|    clip_fraction        | 0.0595       |
|    clip_range           | 0.2          |
|    entropy_loss         | -1.22        |
|    explained_variance   | 0.869        |
|    learning_rate        | 0.0003       |
|    loss                 | 0.516        |
|    n_updates            | 160          |
|    policy_gradient_loss | -0.00154     |
|    std                  | 0.821        |
|    value_loss           | 1.12         |
------------------------------------------
-----------------------------------------
| rollout/                |             |
|    ep_len_mean          | 26.7        |
|    ep_rew_mean          | 6.69        |
| time/                   |             |
|    fps                  | 111         |
|    iterations           | 18          |
|    time_elapsed         | 2645        |
|    total_timesteps      | 294912      |
| train/                  |             |
|    approx_kl            | 0.005180747 |
|    clip_fraction        | 0.0551      |
|    clip_range           | 0.2         |
|    entropy_loss         | -1.21       |
|    explained_variance   | 0.918       |
|    learning_rate        | 0.0003      |
|    loss                 | 0.765       |
|    n_updates            | 170         |
|    policy_gradient_loss | 0.000374    |
|    std                  | 0.806       |
|    value_loss           | 0.949       |
-----------------------------------------
-----------------------------------------
| rollout/                |             |
|    ep_len_mean          | 32.3        |
|    ep_rew_mean          | 6.82        |
| time/                   |             |
|    fps                  | 111         |
|    iterations           | 19          |
|    time_elapsed         | 2793        |
|    total_timesteps      | 311296      |
| train/                  |             |
|    approx_kl            | 0.006619364 |
|    clip_fraction        | 0.0653      |
|    clip_range           | 0.2         |
|    entropy_loss         | -1.18       |
|    explained_variance   | 0.927       |
|    learning_rate        | 0.0003      |
|    loss                 | 0.4         |
|    n_updates            | 180         |
|    policy_gradient_loss | -0.00119    |
|    std                  | 0.783       |
|    value_loss           | 0.813       |
-----------------------------------------
-----------------------------------------
| rollout/                |             |
|    ep_len_mean          | 31.3        |
|    ep_rew_mean          | 6.56        |
| time/                   |             |
|    fps                  | 111         |
|    iterations           | 20          |
|    time_elapsed         | 2931        |
|    total_timesteps      | 327680      |
| train/                  |             |
|    approx_kl            | 0.004593797 |
|    clip_fraction        | 0.0534      |
|    clip_range           | 0.2         |
|    entropy_loss         | -1.17       |
|    explained_variance   | 0.941       |
|    learning_rate        | 0.0003      |
|    loss                 | 0.461       |
|    n_updates            | 190         |
|    policy_gradient_loss | -0.00141    |
|    std                  | 0.776       |
|    value_loss           | 0.826       |
-----------------------------------------
------------------------------------------
| rollout/                |              |
|    ep_len_mean          | 26.1         |
|    ep_rew_mean          | 7.46         |
| time/                   |              |
|    fps                  | 112          |
|    iterations           | 21           |
|    time_elapsed         | 3070         |
|    total_timesteps      | 344064       |
| train/                  |              |
|    approx_kl            | 0.0033806134 |
|    clip_fraction        | 0.0439       |
|    clip_range           | 0.2          |
|    entropy_loss         | -1.15        |
|    explained_variance   | 0.953        |
|    learning_rate        | 0.0003       |
|    loss                 | 0.467        |
|    n_updates            | 200          |
|    policy_gradient_loss | -0.000885    |
|    std                  | 0.768        |
|    value_loss           | 1.15         |
------------------------------------------
-----------------------------------------
| rollout/                |             |
|    ep_len_mean          | 29          |
|    ep_rew_mean          | 7.7         |
| time/                   |             |
|    fps                  | 112         |
|    iterations           | 22          |
|    time_elapsed         | 3212        |
|    total_timesteps      | 360448      |
| train/                  |             |
|    approx_kl            | 0.006495913 |
|    clip_fraction        | 0.0782      |
|    clip_range           | 0.2         |
|    entropy_loss         | -1.14       |
|    explained_variance   | 0.953       |
|    learning_rate        | 0.0003      |
|    loss                 | 0.737       |
|    n_updates            | 210         |
|    policy_gradient_loss | -0.00381    |
|    std                  | 0.758       |
|    value_loss           | 1.04        |
-----------------------------------------
-----------------------------------------
| rollout/                |             |
|    ep_len_mean          | 40.7        |
|    ep_rew_mean          | 9.5         |
| time/                   |             |
|    fps                  | 112         |
|    iterations           | 23          |
|    time_elapsed         | 3351        |
|    total_timesteps      | 376832      |
| train/                  |             |
|    approx_kl            | 0.007674788 |
|    clip_fraction        | 0.0883      |
|    clip_range           | 0.2         |
|    entropy_loss         | -1.12       |
|    explained_variance   | 0.919       |
|    learning_rate        | 0.0003      |
|    loss                 | 0.555       |
|    n_updates            | 220         |
|    policy_gradient_loss | -0.00268    |
|    std                  | 0.741       |
|    value_loss           | 1.09        |
-----------------------------------------
-----------------------------------------
| rollout/                |             |
|    ep_len_mean          | 35.8        |
|    ep_rew_mean          | 8.88        |
| time/                   |             |
|    fps                  | 112         |
|    iterations           | 24          |
|    time_elapsed         | 3488        |
|    total_timesteps      | 393216      |
| train/                  |             |
|    approx_kl            | 0.007816792 |
|    clip_fraction        | 0.0906      |
|    clip_range           | 0.2         |
|    entropy_loss         | -1.1        |
|    explained_variance   | 0.876       |
|    learning_rate        | 0.0003      |
|    loss                 | 0.744       |
|    n_updates            | 230         |
|    policy_gradient_loss | -0.00464    |
|    std                  | 0.722       |
|    value_loss           | 1.67        |
-----------------------------------------
------------------------------------------
| rollout/                |              |
|    ep_len_mean          | 63.7         |
|    ep_rew_mean          | 13.6         |
| time/                   |              |
|    fps                  | 112          |
|    iterations           | 25           |
|    time_elapsed         | 3626         |
|    total_timesteps      | 409600       |
| train/                  |              |
|    approx_kl            | 0.0066657476 |
|    clip_fraction        | 0.0809       |
|    clip_range           | 0.2          |
|    entropy_loss         | -1.08        |
|    explained_variance   | 0.883        |
|    learning_rate        | 0.0003       |
|    loss                 | 0.766        |
|    n_updates            | 240          |
|    policy_gradient_loss | -0.0039      |
|    std                  | 0.707        |
|    value_loss           | 1.67         |
------------------------------------------
-----------------------------------------
| rollout/                |             |
|    ep_len_mean          | 58.7        |
|    ep_rew_mean          | 13.3        |
| time/                   |             |
|    fps                  | 113         |
|    iterations           | 26          |
|    time_elapsed         | 3761        |
|    total_timesteps      | 425984      |
| train/                  |             |
|    approx_kl            | 0.005785402 |
|    clip_fraction        | 0.0667      |
|    clip_range           | 0.2         |
|    entropy_loss         | -1.06       |
|    explained_variance   | 0.784       |
|    learning_rate        | 0.0003      |
|    loss                 | 0.934       |
|    n_updates            | 250         |
|    policy_gradient_loss | -0.00298    |
|    std                  | 0.696       |
|    value_loss           | 2.67        |
-----------------------------------------
------------------------------------------
| rollout/                |              |
|    ep_len_mean          | 71.8         |
|    ep_rew_mean          | 15.7         |
| time/                   |              |
|    fps                  | 113          |
|    iterations           | 27           |
|    time_elapsed         | 3896         |
|    total_timesteps      | 442368       |
| train/                  |              |
|    approx_kl            | 0.0059142928 |
|    clip_fraction        | 0.0711       |
|    clip_range           | 0.2          |
|    entropy_loss         | -1.03        |
|    explained_variance   | 0.719        |
|    learning_rate        | 0.0003       |
|    loss                 | 1.12         |
|    n_updates            | 260          |
|    policy_gradient_loss | -0.0024      |
|    std                  | 0.672        |
|    value_loss           | 3.07         |
------------------------------------------
------------------------------------------
| rollout/                |              |
|    ep_len_mean          | 97.3         |
|    ep_rew_mean          | 20.1         |
| time/                   |              |
|    fps                  | 113          |
|    iterations           | 28           |
|    time_elapsed         | 4030         |
|    total_timesteps      | 458752       |
| train/                  |              |
|    approx_kl            | 0.0073013613 |
|    clip_fraction        | 0.0889       |
|    clip_range           | 0.2          |
|    entropy_loss         | -1           |
|    explained_variance   | 0.647        |
|    learning_rate        | 0.0003       |
|    loss                 | 1.67         |
|    n_updates            | 270          |
|    policy_gradient_loss | -0.00348     |
|    std                  | 0.658        |
|    value_loss           | 3.73         |
------------------------------------------
-----------------------------------------
| rollout/                |             |
|    ep_len_mean          | 111         |
|    ep_rew_mean          | 23          |
| time/                   |             |
|    fps                  | 114         |
|    iterations           | 29          |
|    time_elapsed         | 4163        |
|    total_timesteps      | 475136      |
| train/                  |             |
|    approx_kl            | 0.007941119 |
|    clip_fraction        | 0.0918      |
|    clip_range           | 0.2         |
|    entropy_loss         | -0.98       |
|    explained_variance   | 0.614       |
|    learning_rate        | 0.0003      |
|    loss                 | 2.17        |
|    n_updates            | 280         |
|    policy_gradient_loss | -0.00196    |
|    std                  | 0.647       |
|    value_loss           | 3.57        |
-----------------------------------------
------------------------------------------
| rollout/                |              |
|    ep_len_mean          | 139          |
|    ep_rew_mean          | 27.3         |
| time/                   |              |
|    fps                  | 114          |
|    iterations           | 30           |
|    time_elapsed         | 4294         |
|    total_timesteps      | 491520       |
| train/                  |              |
|    approx_kl            | 0.0058567515 |
|    clip_fraction        | 0.0826       |
|    clip_range           | 0.2          |
|    entropy_loss         | -0.97        |
|    explained_variance   | 0.579        |
|    learning_rate        | 0.0003       |
|    loss                 | 0.992        |
|    n_updates            | 290          |
|    policy_gradient_loss | -0.00174     |
|    std                  | 0.634        |
|    value_loss           | 3.41         |
------------------------------------------
------------------------------------------
| rollout/                |              |
|    ep_len_mean          | 126          |
|    ep_rew_mean          | 25.1         |
| time/                   |              |
|    fps                  | 114          |
|    iterations           | 31           |
|    time_elapsed         | 4426         |
|    total_timesteps      | 507904       |
| train/                  |              |
|    approx_kl            | 0.0072485087 |
|    clip_fraction        | 0.0726       |
|    clip_range           | 0.2          |
|    entropy_loss         | -0.953       |
|    explained_variance   | 0.687        |
|    learning_rate        | 0.0003       |
|    loss                 | 1.11         |
|    n_updates            | 300          |
|    policy_gradient_loss | -0.00193     |
|    std                  | 0.627        |
|    value_loss           | 2.52         |
------------------------------------------
------------------------------------------
| rollout/                |              |
|    ep_len_mean          | 152          |
|    ep_rew_mean          | 29.2         |
| time/                   |              |
|    fps                  | 115          |
|    iterations           | 32           |
|    time_elapsed         | 4557         |
|    total_timesteps      | 524288       |
| train/                  |              |
|    approx_kl            | 0.0077402936 |
|    clip_fraction        | 0.0802       |
|    clip_range           | 0.2          |
|    entropy_loss         | -0.936       |
|    explained_variance   | 0.66         |
|    learning_rate        | 0.0003       |
|    loss                 | 1.58         |
|    n_updates            | 310          |
|    policy_gradient_loss | -0.00231     |
|    std                  | 0.613        |
|    value_loss           | 3.48         |
------------------------------------------
-----------------------------------------
| rollout/                |             |
|    ep_len_mean          | 158         |
|    ep_rew_mean          | 31.3        |
| time/                   |             |
|    fps                  | 115         |
|    iterations           | 33          |
|    time_elapsed         | 4691        |
|    total_timesteps      | 540672      |
| train/                  |             |
|    approx_kl            | 0.005571901 |
|    clip_fraction        | 0.0742      |
|    clip_range           | 0.2         |
|    entropy_loss         | -0.914      |
|    explained_variance   | 0.664       |
|    learning_rate        | 0.0003      |
|    loss                 | 0.854       |
|    n_updates            | 320         |
|    policy_gradient_loss | -0.000497   |
|    std                  | 0.603       |
|    value_loss           | 2.53        |
-----------------------------------------
-----------------------------------------
| rollout/                |             |
|    ep_len_mean          | 170         |
|    ep_rew_mean          | 33.2        |
| time/                   |             |
|    fps                  | 115         |
|    iterations           | 34          |
|    time_elapsed         | 4824        |
|    total_timesteps      | 557056      |
| train/                  |             |
|    approx_kl            | 0.007316994 |
|    clip_fraction        | 0.0919      |
|    clip_range           | 0.2         |
|    entropy_loss         | -0.906      |
|    explained_variance   | 0.627       |
|    learning_rate        | 0.0003      |
|    loss                 | 0.844       |
|    n_updates            | 330         |
|    policy_gradient_loss | 0.000544    |
|    std                  | 0.599       |
|    value_loss           | 2.07        |
-----------------------------------------
-----------------------------------------
| rollout/                |             |
|    ep_len_mean          | 170         |
|    ep_rew_mean          | 33.5        |
| time/                   |             |
|    fps                  | 115         |
|    iterations           | 35          |
|    time_elapsed         | 4957        |
|    total_timesteps      | 573440      |
| train/                  |             |
|    approx_kl            | 0.005383388 |
|    clip_fraction        | 0.07        |
|    clip_range           | 0.2         |
|    entropy_loss         | -0.904      |
|    explained_variance   | 0.709       |
|    learning_rate        | 0.0003      |
|    loss                 | 0.506       |
|    n_updates            | 340         |
|    policy_gradient_loss | 0.000543    |
|    std                  | 0.599       |
|    value_loss           | 1.3         |
-----------------------------------------
------------------------------------------
| rollout/                |              |
|    ep_len_mean          | 176          |
|    ep_rew_mean          | 34.2         |
| time/                   |              |
|    fps                  | 115          |
|    iterations           | 36           |
|    time_elapsed         | 5090         |
|    total_timesteps      | 589824       |
| train/                  |              |
|    approx_kl            | 0.0062072845 |
|    clip_fraction        | 0.0695       |
|    clip_range           | 0.2          |
|    entropy_loss         | -0.897       |
|    explained_variance   | 0.707        |
|    learning_rate        | 0.0003       |
|    loss                 | 0.481        |
|    n_updates            | 350          |
|    policy_gradient_loss | 0.000217     |
|    std                  | 0.592        |
|    value_loss           | 1.18         |
------------------------------------------
-----------------------------------------
| rollout/                |             |
|    ep_len_mean          | 170         |
|    ep_rew_mean          | 32.8        |
| time/                   |             |
|    fps                  | 116         |
|    iterations           | 37          |
|    time_elapsed         | 5221        |
|    total_timesteps      | 606208      |
| train/                  |             |
|    approx_kl            | 0.005932822 |
|    clip_fraction        | 0.0674      |
|    clip_range           | 0.2         |
|    entropy_loss         | -0.884      |
|    explained_variance   | 0.745       |
|    learning_rate        | 0.0003      |
|    loss                 | 0.267       |
|    n_updates            | 360         |
|    policy_gradient_loss | 0.000259    |
|    std                  | 0.584       |
|    value_loss           | 0.684       |
-----------------------------------------
------------------------------------------
| rollout/                |              |
|    ep_len_mean          | 173          |
|    ep_rew_mean          | 34.3         |
| time/                   |              |
|    fps                  | 116          |
|    iterations           | 38           |
|    time_elapsed         | 5355         |
|    total_timesteps      | 622592       |
| train/                  |              |
|    approx_kl            | 0.0067675817 |
|    clip_fraction        | 0.0685       |
|    clip_range           | 0.2          |
|    entropy_loss         | -0.879       |
|    explained_variance   | 0.707        |
|    learning_rate        | 0.0003       |
|    loss                 | 0.282        |
|    n_updates            | 370          |
|    policy_gradient_loss | 0.00037      |
|    std                  | 0.579        |
|    value_loss           | 1.09         |
------------------------------------------
------------------------------------------
| rollout/                |              |
|    ep_len_mean          | 176          |
|    ep_rew_mean          | 35           |
| time/                   |              |
|    fps                  | 116          |
|    iterations           | 39           |
|    time_elapsed         | 5489         |
|    total_timesteps      | 638976       |
| train/                  |              |
|    approx_kl            | 0.0058632633 |
|    clip_fraction        | 0.0634       |
|    clip_range           | 0.2          |
|    entropy_loss         | -0.864       |
|    explained_variance   | 0.795        |
|    learning_rate        | 0.0003       |
|    loss                 | 0.317        |
|    n_updates            | 380          |
|    policy_gradient_loss | 0.000186     |
|    std                  | 0.574        |
|    value_loss           | 0.568        |
------------------------------------------
-----------------------------------------
| rollout/                |             |
|    ep_len_mean          | 176         |
|    ep_rew_mean          | 34.4        |
| time/                   |             |
|    fps                  | 116         |
|    iterations           | 40          |
|    time_elapsed         | 5625        |
|    total_timesteps      | 655360      |
| train/                  |             |
|    approx_kl            | 0.005582803 |
|    clip_fraction        | 0.0609      |
|    clip_range           | 0.2         |
|    entropy_loss         | -0.853      |
|    explained_variance   | 0.778       |
|    learning_rate        | 0.0003      |
|    loss                 | 0.275       |
|    n_updates            | 390         |
|    policy_gradient_loss | 0.00065     |
|    std                  | 0.568       |
|    value_loss           | 0.59        |
-----------------------------------------
-----------------------------------------
| rollout/                |             |
|    ep_len_mean          | 176         |
|    ep_rew_mean          | 34.2        |
| time/                   |             |
|    fps                  | 116         |
|    iterations           | 41          |
|    time_elapsed         | 5758        |
|    total_timesteps      | 671744      |
| train/                  |             |
|    approx_kl            | 0.004461552 |
|    clip_fraction        | 0.0599      |
|    clip_range           | 0.2         |
|    entropy_loss         | -0.844      |
|    explained_variance   | 0.81        |
|    learning_rate        | 0.0003      |
|    loss                 | 0.292       |
|    n_updates            | 400         |
|    policy_gradient_loss | 0.000339    |
|    std                  | 0.562       |
|    value_loss           | 0.627       |
-----------------------------------------
-----------------------------------------
| rollout/                |             |
|    ep_len_mean          | 170         |
|    ep_rew_mean          | 34          |
| time/                   |             |
|    fps                  | 116         |
|    iterations           | 42          |
|    time_elapsed         | 5891        |
|    total_timesteps      | 688128      |
| train/                  |             |
|    approx_kl            | 0.006504108 |
|    clip_fraction        | 0.0657      |
|    clip_range           | 0.2         |
|    entropy_loss         | -0.829      |
|    explained_variance   | 0.809       |
|    learning_rate        | 0.0003      |
|    loss                 | 0.367       |
|    n_updates            | 410         |
|    policy_gradient_loss | 0.000103    |
|    std                  | 0.555       |
|    value_loss           | 0.684       |
-----------------------------------------
-----------------------------------------
| rollout/                |             |
|    ep_len_mean          | 170         |
|    ep_rew_mean          | 33.1        |
| time/                   |             |
|    fps                  | 116         |
|    iterations           | 43          |
|    time_elapsed         | 6021        |
|    total_timesteps      | 704512      |
| train/                  |             |
|    approx_kl            | 0.007083063 |
|    clip_fraction        | 0.0739      |
|    clip_range           | 0.2         |
|    entropy_loss         | -0.815      |
|    explained_variance   | 0.641       |
|    learning_rate        | 0.0003      |
|    loss                 | 0.337       |
|    n_updates            | 420         |
|    policy_gradient_loss | 0.00113     |
|    std                  | 0.545       |
|    value_loss           | 1.28        |
-----------------------------------------
------------------------------------------
| rollout/                |              |
|    ep_len_mean          | 173          |
|    ep_rew_mean          | 34.7         |
| time/                   |              |
|    fps                  | 117          |
|    iterations           | 44           |
|    time_elapsed         | 6155         |
|    total_timesteps      | 720896       |
| train/                  |              |
|    approx_kl            | 0.0049280557 |
|    clip_fraction        | 0.0794       |
|    clip_range           | 0.2          |
|    entropy_loss         | -0.811       |
|    explained_variance   | 0.661        |
|    learning_rate        | 0.0003       |
|    loss                 | 0.548        |
|    n_updates            | 430          |
|    policy_gradient_loss | 0.00115      |
|    std                  | 0.544        |
|    value_loss           | 1.18         |
------------------------------------------
------------------------------------------
| rollout/                |              |
|    ep_len_mean          | 176          |
|    ep_rew_mean          | 34.5         |
| time/                   |              |
|    fps                  | 117          |
|    iterations           | 45           |
|    time_elapsed         | 6289         |
|    total_timesteps      | 737280       |
| train/                  |              |
|    approx_kl            | 0.0061687743 |
|    clip_fraction        | 0.0728       |
|    clip_range           | 0.2          |
|    entropy_loss         | -0.804       |
|    explained_variance   | 0.751        |
|    learning_rate        | 0.0003       |
|    loss                 | 0.346        |
|    n_updates            | 440          |
|    policy_gradient_loss | 0.000661     |
|    std                  | 0.541        |
|    value_loss           | 0.606        |
------------------------------------------
------------------------------------------
| rollout/                |              |
|    ep_len_mean          | 173          |
|    ep_rew_mean          | 34.3         |
| time/                   |              |
|    fps                  | 117          |
|    iterations           | 46           |
|    time_elapsed         | 6424         |
|    total_timesteps      | 753664       |
| train/                  |              |
|    approx_kl            | 0.0048483782 |
|    clip_fraction        | 0.0643       |
|    clip_range           | 0.2          |
|    entropy_loss         | -0.789       |
|    explained_variance   | 0.784        |
|    learning_rate        | 0.0003       |
|    loss                 | 0.168        |
|    n_updates            | 450          |
|    policy_gradient_loss | 0.00118      |
|    std                  | 0.533        |
|    value_loss           | 0.514        |
------------------------------------------
-----------------------------------------
| rollout/                |             |
|    ep_len_mean          | 176         |
|    ep_rew_mean          | 35          |
| time/                   |             |
|    fps                  | 118         |
|    iterations           | 47          |
|    time_elapsed         | 6506        |
|    total_timesteps      | 770048      |
| train/                  |             |
|    approx_kl            | 0.006044752 |
|    clip_fraction        | 0.0667      |
|    clip_range           | 0.2         |
|    entropy_loss         | -0.789      |
|    explained_variance   | 0.677       |
|    learning_rate        | 0.0003      |
|    loss                 | 0.379       |
|    n_updates            | 460         |
|    policy_gradient_loss | 0.000323    |
|    std                  | 0.533       |
|    value_loss           | 0.788       |
-----------------------------------------
-----------------------------------------
| rollout/                |             |
|    ep_len_mean          | 176         |
|    ep_rew_mean          | 35.3        |
| time/                   |             |
|    fps                  | 119         |
|    iterations           | 48          |
|    time_elapsed         | 6577        |
|    total_timesteps      | 786432      |
| train/                  |             |
|    approx_kl            | 0.006765972 |
|    clip_fraction        | 0.0683      |
|    clip_range           | 0.2         |
|    entropy_loss         | -0.781      |
|    explained_variance   | 0.772       |
|    learning_rate        | 0.0003      |
|    loss                 | 0.206       |
|    n_updates            | 470         |
|    policy_gradient_loss | 0.00069     |
|    std                  | 0.525       |
|    value_loss           | 0.526       |
-----------------------------------------
------------------------------------------
| rollout/                |              |
|    ep_len_mean          | 176          |
|    ep_rew_mean          | 34           |
| time/                   |              |
|    fps                  | 120          |
|    iterations           | 49           |
|    time_elapsed         | 6639         |
|    total_timesteps      | 802816       |
| train/                  |              |
|    approx_kl            | 0.0056704236 |
|    clip_fraction        | 0.0656       |
|    clip_range           | 0.2          |
|    entropy_loss         | -0.762       |
|    explained_variance   | 0.764        |
|    learning_rate        | 0.0003       |
|    loss                 | 0.284        |
|    n_updates            | 480          |
|    policy_gradient_loss | 0.00041      |
|    std                  | 0.519        |
|    value_loss           | 0.562        |
------------------------------------------
------------------------------------------
| rollout/                |              |
|    ep_len_mean          | 176          |
|    ep_rew_mean          | 34.3         |
| time/                   |              |
|    fps                  | 122          |
|    iterations           | 50           |
|    time_elapsed         | 6697         |
|    total_timesteps      | 819200       |
| train/                  |              |
|    approx_kl            | 0.0057330355 |
|    clip_fraction        | 0.0709       |
|    clip_range           | 0.2          |
|    entropy_loss         | -0.758       |
|    explained_variance   | 0.763        |
|    learning_rate        | 0.0003       |
|    loss                 | 0.233        |
|    n_updates            | 490          |
|    policy_gradient_loss | 0.00139      |
|    std                  | 0.518        |
|    value_loss           | 0.495        |
------------------------------------------
-----------------------------------------
| rollout/                |             |
|    ep_len_mean          | 176         |
|    ep_rew_mean          | 34.9        |
| time/                   |             |
|    fps                  | 123         |
|    iterations           | 51          |
|    time_elapsed         | 6755        |
|    total_timesteps      | 835584      |
| train/                  |             |
|    approx_kl            | 0.006053273 |
|    clip_fraction        | 0.0684      |
|    clip_range           | 0.2         |
|    entropy_loss         | -0.752      |
|    explained_variance   | 0.767       |
|    learning_rate        | 0.0003      |
|    loss                 | 0.207       |
|    n_updates            | 500         |
|    policy_gradient_loss | 0.00176     |
|    std                  | 0.513       |
|    value_loss           | 0.498       |
-----------------------------------------
-----------------------------------------
| rollout/                |             |
|    ep_len_mean          | 176         |
|    ep_rew_mean          | 34.8        |
| time/                   |             |
|    fps                  | 125         |
|    iterations           | 52          |
|    time_elapsed         | 6812        |
|    total_timesteps      | 851968      |
| train/                  |             |
|    approx_kl            | 0.006562823 |
|    clip_fraction        | 0.0686      |
|    clip_range           | 0.2         |
|    entropy_loss         | -0.739      |
|    explained_variance   | 0.774       |
|    learning_rate        | 0.0003      |
|    loss                 | 0.198       |
|    n_updates            | 510         |
|    policy_gradient_loss | 0.00101     |
|    std                  | 0.507       |
|    value_loss           | 0.431       |
-----------------------------------------
------------------------------------------
| rollout/                |              |
|    ep_len_mean          | 176          |
|    ep_rew_mean          | 34.8         |
| time/                   |              |
|    fps                  | 126          |
|    iterations           | 53           |
|    time_elapsed         | 6870         |
|    total_timesteps      | 868352       |
| train/                  |              |
|    approx_kl            | 0.0062569603 |
|    clip_fraction        | 0.063        |
|    clip_range           | 0.2          |
|    entropy_loss         | -0.721       |
|    explained_variance   | 0.768        |
|    learning_rate        | 0.0003       |
|    loss                 | 0.215        |
|    n_updates            | 520          |
|    policy_gradient_loss | 7.39e-05     |
|    std                  | 0.493        |
|    value_loss           | 0.46         |
------------------------------------------
-----------------------------------------
| rollout/                |             |
|    ep_len_mean          | 176         |
|    ep_rew_mean          | 34.4        |
| time/                   |             |
|    fps                  | 127         |
|    iterations           | 54          |
|    time_elapsed         | 6929        |
|    total_timesteps      | 884736      |
| train/                  |             |
|    approx_kl            | 0.006250578 |
|    clip_fraction        | 0.0695      |
|    clip_range           | 0.2         |
|    entropy_loss         | -0.703      |
|    explained_variance   | 0.76        |
|    learning_rate        | 0.0003      |
|    loss                 | 0.272       |
|    n_updates            | 530         |
|    policy_gradient_loss | 0.00154     |
|    std                  | 0.489       |
|    value_loss           | 0.464       |
-----------------------------------------
------------------------------------------
| rollout/                |              |
|    ep_len_mean          | 176          |
|    ep_rew_mean          | 34           |
| time/                   |              |
|    fps                  | 128          |
|    iterations           | 55           |
|    time_elapsed         | 6987         |
|    total_timesteps      | 901120       |
| train/                  |              |
|    approx_kl            | 0.0045483387 |
|    clip_fraction        | 0.0629       |
|    clip_range           | 0.2          |
|    entropy_loss         | -0.694       |
|    explained_variance   | 0.779        |
|    learning_rate        | 0.0003       |
|    loss                 | 0.233        |
|    n_updates            | 540          |
|    policy_gradient_loss | 0.000633     |
|    std                  | 0.486        |
|    value_loss           | 0.404        |
------------------------------------------
-----------------------------------------
| rollout/                |             |
|    ep_len_mean          | 173         |
|    ep_rew_mean          | 34.5        |
| time/                   |             |
|    fps                  | 130         |
|    iterations           | 56          |
|    time_elapsed         | 7045        |
|    total_timesteps      | 917504      |
| train/                  |             |
|    approx_kl            | 0.006676645 |
|    clip_fraction        | 0.0745      |
|    clip_range           | 0.2         |
|    entropy_loss         | -0.681      |
|    explained_variance   | 0.758       |
|    learning_rate        | 0.0003      |
|    loss                 | 0.243       |
|    n_updates            | 550         |
|    policy_gradient_loss | -0.000213   |
|    std                  | 0.476       |
|    value_loss           | 0.51        |
-----------------------------------------
------------------------------------------
| rollout/                |              |
|    ep_len_mean          | 173          |
|    ep_rew_mean          | 33           |
| time/                   |              |
|    fps                  | 131          |
|    iterations           | 57           |
|    time_elapsed         | 7103         |
|    total_timesteps      | 933888       |
| train/                  |              |
|    approx_kl            | 0.0054976684 |
|    clip_fraction        | 0.0781       |
|    clip_range           | 0.2          |
|    entropy_loss         | -0.668       |
|    explained_variance   | 0.667        |
|    learning_rate        | 0.0003       |
|    loss                 | 0.163        |
|    n_updates            | 560          |
|    policy_gradient_loss | 0.00149      |
|    std                  | 0.471        |
|    value_loss           | 0.73         |
------------------------------------------
------------------------------------------
| rollout/                |              |
|    ep_len_mean          | 170          |
|    ep_rew_mean          | 32.3         |
| time/                   |              |
|    fps                  | 132          |
|    iterations           | 58           |
|    time_elapsed         | 7160         |
|    total_timesteps      | 950272       |
| train/                  |              |
|    approx_kl            | 0.0072806906 |
|    clip_fraction        | 0.0744       |
|    clip_range           | 0.2          |
|    entropy_loss         | -0.657       |
|    explained_variance   | 0.678        |
|    learning_rate        | 0.0003       |
|    loss                 | 0.2          |
|    n_updates            | 570          |
|    policy_gradient_loss | 0.000813     |
|    std                  | 0.464        |
|    value_loss           | 0.698        |
------------------------------------------
------------------------------------------
| rollout/                |              |
|    ep_len_mean          | 176          |
|    ep_rew_mean          | 34           |
| time/                   |              |
|    fps                  | 133          |
|    iterations           | 59           |
|    time_elapsed         | 7218         |
|    total_timesteps      | 966656       |
| train/                  |              |
|    approx_kl            | 0.0071149906 |
|    clip_fraction        | 0.0771       |
|    clip_range           | 0.2          |
|    entropy_loss         | -0.647       |
|    explained_variance   | 0.633        |
|    learning_rate        | 0.0003       |
|    loss                 | 0.18         |
|    n_updates            | 580          |
|    policy_gradient_loss | 0.00152      |
|    std                  | 0.46         |
|    value_loss           | 1.05         |
------------------------------------------
------------------------------------------
| rollout/                |              |
|    ep_len_mean          | 176          |
|    ep_rew_mean          | 34           |
| time/                   |              |
|    fps                  | 135          |
|    iterations           | 60           |
|    time_elapsed         | 7276         |
|    total_timesteps      | 983040       |
| train/                  |              |
|    approx_kl            | 0.0049038604 |
|    clip_fraction        | 0.0571       |
|    clip_range           | 0.2          |
|    entropy_loss         | -0.639       |
|    explained_variance   | 0.75         |
|    learning_rate        | 0.0003       |
|    loss                 | 0.257        |
|    n_updates            | 590          |
|    policy_gradient_loss | 0.000526     |
|    std                  | 0.461        |
|    value_loss           | 0.522        |
------------------------------------------
-----------------------------------------
| rollout/                |             |
|    ep_len_mean          | 176         |
|    ep_rew_mean          | 33.2        |
| time/                   |             |
|    fps                  | 136         |
|    iterations           | 61          |
|    time_elapsed         | 7334        |
|    total_timesteps      | 999424      |
| train/                  |             |
|    approx_kl            | 0.006565015 |
|    clip_fraction        | 0.0723      |
|    clip_range           | 0.2         |
|    entropy_loss         | -0.636      |
|    explained_variance   | 0.779       |
|    learning_rate        | 0.0003      |
|    loss                 | 0.223       |
|    n_updates            | 600         |
|    policy_gradient_loss | 0.000104    |
|    std                  | 0.456       |
|    value_loss           | 0.467       |
-----------------------------------------
-----------------------------------------
| rollout/                |             |
|    ep_len_mean          | 176         |
|    ep_rew_mean          | 33.8        |
| time/                   |             |
|    fps                  | 137         |
|    iterations           | 62          |
|    time_elapsed         | 7393        |
|    total_timesteps      | 1015808     |
| train/                  |             |
|    approx_kl            | 0.007244986 |
|    clip_fraction        | 0.0718      |
|    clip_range           | 0.2         |
|    entropy_loss         | -0.634      |
|    explained_variance   | 0.772       |
|    learning_rate        | 0.0003      |
|    loss                 | 0.273       |
|    n_updates            | 610         |
|    policy_gradient_loss | -0.00045    |
|    std                  | 0.456       |
|    value_loss           | 0.452       |
-----------------------------------------


###############################################################################
TCHPC Cluster: callan
Job 168884 (shared_oraclettc_cf_obs15_stopgo_seed2_cv2_1000000_v10_diag_ttc) for User 'hadjitot' in Account 'callan_hadjitot'
Finished at: Fri Mar 20 15:41:49 GMT 2026

Job efficiency estimates:
=========================

Job ID: 168884
Cluster: callan
User/Group: hadjitot/hadjitot
State: COMPLETED (exit code 0)
Nodes: 1
Cores per node: 16
CPU Utilized: 04:03:46
CPU Efficiency: 12.01% of 1-09:49:36 core-walltime
Job Wall-clock time: 02:06:51
Memory Utilized: 747.75 MB
Memory Efficiency: 2.28% of 32.00 GB (32.00 GB/node)

Job completion status:
======================

JobID           JobName AllocCPUS NTasks NNodes     MaxRSS    MaxRSSNode  MaxDiskRead MaxDiskWrite    Elapsed      State ExitCode 
------------ ---------- --------- ------ ------ ---------- ------------- ------------ ------------ ---------- ---------- -------- 
168884       shared_or+        16             1                                                      02:06:51  COMPLETED      0:0 
168884.batch      batch        16      1      1    765696K    callan-n08      786.39M      726.40M   02:06:51  COMPLETED      0:0 
168884.exte+     extern        16      1      1                                                      02:06:51  COMPLETED      0:0 


Job details:
============

JobId=168884 JobName=shared_oraclettc_cf_obs15_stopgo_seed2_cv2_1000000_v10_diag_ttc
   UserId=hadjitot(2357) GroupId=hadjitot(2300) MCS_label=N/A
   Priority=104007 Nice=0 Account=callan_hadjitot QOS=normal
   JobState=COMPLETING Reason=None Dependency=(null)
   Requeue=0 Restarts=0 BatchFlag=1 Reboot=0 ExitCode=0:0
   DerivedExitCode=0:0
   RunTime=02:06:51 TimeLimit=2-00:00:00 TimeMin=N/A
   SubmitTime=2026-03-19T20:19:24 EligibleTime=2026-03-19T20:19:24
   AccrueTime=2026-03-19T20:19:24
   StartTime=2026-03-20T13:34:58 EndTime=2026-03-20T15:41:49 Deadline=N/A
   SuspendTime=None SecsPreSuspend=0 LastSchedEval=2026-03-20T13:34:58 Scheduler=Backfill
   Partition=compute AllocNode:Sid=callan01:191490
   ReqNodeList=(null) ExcNodeList=(null)
   NodeList=callan-n08
   BatchHost=callan-n08
   NumNodes=1 NumCPUs=16 NumTasks=1 CPUs/Task=16 ReqB:S:C:T=0:0:*:*
   ReqTRES=cpu=16,mem=32G,node=1,billing=16
   AllocTRES=cpu=16,mem=32G,node=1,billing=16
   Socks/Node=* NtasksPerN:B:S:C=0:0:*:* CoreSpec=*
   JOB_GRES=(null)
     Nodes=callan-n08 CPU_IDs=34-47,50-51 Mem=32768 GRES=
   MinCPUsNode=16 MinMemoryNode=32G MinTmpDiskNode=0
   Features=(null) DelayBoot=00:00:00
   OverSubscribe=OK Contiguous=0 Licenses=(null) LicensesAlloc=(null) Network=(null)
   Command=/home/users/hadjitot/fyp/HighwayEnv/slurm/train_shared_attention.sbatch
   WorkDir=/home/users/hadjitot/fyp/HighwayEnv
   StdErr=/home/users/hadjitot/fyp/HighwayEnv/slurm_out/shared_oraclettc_cf_obs15_stopgo_seed2_cv2_1000000_v10_diag_ttc_168884.err
   StdIn=/dev/null
   StdOut=/home/users/hadjitot/fyp/HighwayEnv/slurm_out/shared_oraclettc_cf_obs15_stopgo_seed2_cv2_1000000_v10_diag_ttc_168884.out
   TresPerTask=cpu=16
   


Disk quota details:
===================

                         Block Limits                                    |                     File Limits
Name       type             MB      quota      limit   in_doubt    grace |    files   quota    limit in_doubt    grace
root       USR         4874103          0          0       1606     none |   394002       0        0      759     none
root       FILESET     4876118          0          0       3590     none |  9858244       0        0     1028     none


SLURM Bank Statement:
=====================

User           Usage |        Account     Usage | Account Limit Available (CPU hrs)
---------- --------- + -------------- --------- + ------------- ---------
hadjitot      15,193 | CALLAN_HADJITOT    15,193 |       300,000   284,807


Acknowledgements:
=================

Note that usage of TCHPC Resources *must* be acknowledged in all publications.

Please see this page for details relevant to this cluster:

http://www.tchpc.tcd.ie/resources/acknowledgementpolicy

################################################################################
