Loading Anaconda 3 2024.02-1
SCENARIO_NAME=cf_obs15_stopgo
EXP_VERSION=v10_diag
TOTAL_TIMESTEPS=1000000
SEEDS=2
CONTROLLED_VEHICLES=2
N_WORLDS=4
VEC_MODE=async
TARGET_ROLLOUT_SIZE=16384
DEVICE=cpu
MODEL_DIR=runs/models
MONITOR_ROOT=runs/monitor
TB_DIR=runs/tb
ATTN_MODE=oracle
X_INDEX=1
VX_INDEX=3
ORACLE_RULE=leader_x
TTC_EPS=1e-6
ppo_shared_attn_oracle_cf_obs15_stopgo_v10_diag_cv2_seed2 agents: 2 agent obs shape: (15, 5) joint action space: Tuple(Box(-1.0, 1.0, (1,), float32), Box(-1.0, 1.0, (1,), float32))
ppo_shared_attn_oracle_cf_obs15_stopgo_v10_diag_cv2_seed2: worlds=4, agents_per_world=2, ppo_slots=8, vec_mode=async, n_steps=2048, attn_mode=oracle, oracle_rule=leader_x
Using cpu device
Logging to runs/tb/ppo_shared_attn_oracle_cf_obs15_stopgo_v10_diag_cv2_seed2_1
---------------------------------
| rollout/           |          |
|    ep_len_mean     | 13.7     |
|    ep_rew_mean     | 4.66     |
| time/              |          |
|    fps             | 276      |
|    iterations      | 1        |
|    time_elapsed    | 59       |
|    total_timesteps | 16384    |
---------------------------------
-----------------------------------------
| rollout/                |             |
|    ep_len_mean          | 14.2        |
|    ep_rew_mean          | 5.29        |
| time/                   |             |
|    fps                  | 260         |
|    iterations           | 2           |
|    time_elapsed         | 125         |
|    total_timesteps      | 32768       |
| train/                  |             |
|    approx_kl            | 0.004309487 |
|    clip_fraction        | 0.0232      |
|    clip_range           | 0.2         |
|    entropy_loss         | -1.41       |
|    explained_variance   | 0.000963    |
|    learning_rate        | 0.0003      |
|    loss                 | 1.27        |
|    n_updates            | 10          |
|    policy_gradient_loss | -0.00111    |
|    std                  | 0.989       |
|    value_loss           | 2.42        |
-----------------------------------------
---------------------------------------
| rollout/                |           |
|    ep_len_mean          | 14.5      |
|    ep_rew_mean          | 5.02      |
| time/                   |           |
|    fps                  | 256       |
|    iterations           | 3         |
|    time_elapsed         | 191       |
|    total_timesteps      | 49152     |
| train/                  |           |
|    approx_kl            | 0.0059431 |
|    clip_fraction        | 0.0627    |
|    clip_range           | 0.2       |
|    entropy_loss         | -1.4      |
|    explained_variance   | 0.864     |
|    learning_rate        | 0.0003    |
|    loss                 | 0.753     |
|    n_updates            | 20        |
|    policy_gradient_loss | -0.00422  |
|    std                  | 0.988     |
|    value_loss           | 1.51      |
---------------------------------------
------------------------------------------
| rollout/                |              |
|    ep_len_mean          | 15.1         |
|    ep_rew_mean          | 5.3          |
| time/                   |              |
|    fps                  | 253          |
|    iterations           | 4            |
|    time_elapsed         | 258          |
|    total_timesteps      | 65536        |
| train/                  |              |
|    approx_kl            | 0.0051638996 |
|    clip_fraction        | 0.0437       |
|    clip_range           | 0.2          |
|    entropy_loss         | -1.4         |
|    explained_variance   | 0.861        |
|    learning_rate        | 0.0003       |
|    loss                 | 0.865        |
|    n_updates            | 30           |
|    policy_gradient_loss | -0.00276     |
|    std                  | 0.98         |
|    value_loss           | 1.74         |
------------------------------------------
------------------------------------------
| rollout/                |              |
|    ep_len_mean          | 15.4         |
|    ep_rew_mean          | 5.3          |
| time/                   |              |
|    fps                  | 254          |
|    iterations           | 5            |
|    time_elapsed         | 321          |
|    total_timesteps      | 81920        |
| train/                  |              |
|    approx_kl            | 0.0058694705 |
|    clip_fraction        | 0.0765       |
|    clip_range           | 0.2          |
|    entropy_loss         | -1.39        |
|    explained_variance   | 0.877        |
|    learning_rate        | 0.0003       |
|    loss                 | 0.561        |
|    n_updates            | 40           |
|    policy_gradient_loss | -0.00458     |
|    std                  | 0.971        |
|    value_loss           | 1.46         |
------------------------------------------
------------------------------------------
| rollout/                |              |
|    ep_len_mean          | 16.5         |
|    ep_rew_mean          | 5.82         |
| time/                   |              |
|    fps                  | 256          |
|    iterations           | 6            |
|    time_elapsed         | 383          |
|    total_timesteps      | 98304        |
| train/                  |              |
|    approx_kl            | 0.0063291136 |
|    clip_fraction        | 0.0398       |
|    clip_range           | 0.2          |
|    entropy_loss         | -1.37        |
|    explained_variance   | 0.884        |
|    learning_rate        | 0.0003       |
|    loss                 | 0.8          |
|    n_updates            | 50           |
|    policy_gradient_loss | -0.00198     |
|    std                  | 0.947        |
|    value_loss           | 1.46         |
------------------------------------------
----------------------------------------
| rollout/                |            |
|    ep_len_mean          | 17.7       |
|    ep_rew_mean          | 6.11       |
| time/                   |            |
|    fps                  | 257        |
|    iterations           | 7          |
|    time_elapsed         | 445        |
|    total_timesteps      | 114688     |
| train/                  |            |
|    approx_kl            | 0.00625184 |
|    clip_fraction        | 0.0481     |
|    clip_range           | 0.2        |
|    entropy_loss         | -1.35      |
|    explained_variance   | 0.9        |
|    learning_rate        | 0.0003     |
|    loss                 | 0.558      |
|    n_updates            | 60         |
|    policy_gradient_loss | -0.00228   |
|    std                  | 0.938      |
|    value_loss           | 1.27       |
----------------------------------------
------------------------------------------
| rollout/                |              |
|    ep_len_mean          | 17.5         |
|    ep_rew_mean          | 5.77         |
| time/                   |              |
|    fps                  | 258          |
|    iterations           | 8            |
|    time_elapsed         | 506          |
|    total_timesteps      | 131072       |
| train/                  |              |
|    approx_kl            | 0.0029900551 |
|    clip_fraction        | 0.0481       |
|    clip_range           | 0.2          |
|    entropy_loss         | -1.34        |
|    explained_variance   | 0.914        |
|    learning_rate        | 0.0003       |
|    loss                 | 0.315        |
|    n_updates            | 70           |
|    policy_gradient_loss | -0.00215     |
|    std                  | 0.92         |
|    value_loss           | 1.07         |
------------------------------------------
------------------------------------------
| rollout/                |              |
|    ep_len_mean          | 19.2         |
|    ep_rew_mean          | 6.17         |
| time/                   |              |
|    fps                  | 259          |
|    iterations           | 9            |
|    time_elapsed         | 568          |
|    total_timesteps      | 147456       |
| train/                  |              |
|    approx_kl            | 0.0047783838 |
|    clip_fraction        | 0.0434       |
|    clip_range           | 0.2          |
|    entropy_loss         | -1.32        |
|    explained_variance   | 0.907        |
|    learning_rate        | 0.0003       |
|    loss                 | 0.51         |
|    n_updates            | 80           |
|    policy_gradient_loss | -0.00173     |
|    std                  | 0.898        |
|    value_loss           | 1.22         |
------------------------------------------
------------------------------------------
| rollout/                |              |
|    ep_len_mean          | 19.1         |
|    ep_rew_mean          | 6.56         |
| time/                   |              |
|    fps                  | 260          |
|    iterations           | 10           |
|    time_elapsed         | 629          |
|    total_timesteps      | 163840       |
| train/                  |              |
|    approx_kl            | 0.0032448927 |
|    clip_fraction        | 0.0369       |
|    clip_range           | 0.2          |
|    entropy_loss         | -1.29        |
|    explained_variance   | 0.915        |
|    learning_rate        | 0.0003       |
|    loss                 | 0.427        |
|    n_updates            | 90           |
|    policy_gradient_loss | -0.00194     |
|    std                  | 0.88         |
|    value_loss           | 1.13         |
------------------------------------------
------------------------------------------
| rollout/                |              |
|    ep_len_mean          | 20.4         |
|    ep_rew_mean          | 6.14         |
| time/                   |              |
|    fps                  | 261          |
|    iterations           | 11           |
|    time_elapsed         | 689          |
|    total_timesteps      | 180224       |
| train/                  |              |
|    approx_kl            | 0.0053996164 |
|    clip_fraction        | 0.05         |
|    clip_range           | 0.2          |
|    entropy_loss         | -1.28        |
|    explained_variance   | 0.921        |
|    learning_rate        | 0.0003       |
|    loss                 | 0.508        |
|    n_updates            | 100          |
|    policy_gradient_loss | -0.00204     |
|    std                  | 0.868        |
|    value_loss           | 0.954        |
------------------------------------------
------------------------------------------
| rollout/                |              |
|    ep_len_mean          | 19.4         |
|    ep_rew_mean          | 6.34         |
| time/                   |              |
|    fps                  | 261          |
|    iterations           | 12           |
|    time_elapsed         | 750          |
|    total_timesteps      | 196608       |
| train/                  |              |
|    approx_kl            | 0.0047862986 |
|    clip_fraction        | 0.0314       |
|    clip_range           | 0.2          |
|    entropy_loss         | -1.26        |
|    explained_variance   | 0.825        |
|    learning_rate        | 0.0003       |
|    loss                 | 0.663        |
|    n_updates            | 110          |
|    policy_gradient_loss | -0.000915    |
|    std                  | 0.855        |
|    value_loss           | 1.13         |
------------------------------------------
------------------------------------------
| rollout/                |              |
|    ep_len_mean          | 20.5         |
|    ep_rew_mean          | 6.31         |
| time/                   |              |
|    fps                  | 262          |
|    iterations           | 13           |
|    time_elapsed         | 811          |
|    total_timesteps      | 212992       |
| train/                  |              |
|    approx_kl            | 0.0043384386 |
|    clip_fraction        | 0.048        |
|    clip_range           | 0.2          |
|    entropy_loss         | -1.24        |
|    explained_variance   | 0.918        |
|    learning_rate        | 0.0003       |
|    loss                 | 0.509        |
|    n_updates            | 120          |
|    policy_gradient_loss | -0.00156     |
|    std                  | 0.828        |
|    value_loss           | 1.05         |
------------------------------------------
------------------------------------------
| rollout/                |              |
|    ep_len_mean          | 20.4         |
|    ep_rew_mean          | 6.38         |
| time/                   |              |
|    fps                  | 262          |
|    iterations           | 14           |
|    time_elapsed         | 872          |
|    total_timesteps      | 229376       |
| train/                  |              |
|    approx_kl            | 0.0047667613 |
|    clip_fraction        | 0.043        |
|    clip_range           | 0.2          |
|    entropy_loss         | -1.21        |
|    explained_variance   | 0.922        |
|    learning_rate        | 0.0003       |
|    loss                 | 0.385        |
|    n_updates            | 130          |
|    policy_gradient_loss | -0.0015      |
|    std                  | 0.806        |
|    value_loss           | 0.979        |
------------------------------------------
------------------------------------------
| rollout/                |              |
|    ep_len_mean          | 25           |
|    ep_rew_mean          | 6.27         |
| time/                   |              |
|    fps                  | 263          |
|    iterations           | 15           |
|    time_elapsed         | 932          |
|    total_timesteps      | 245760       |
| train/                  |              |
|    approx_kl            | 0.0043776245 |
|    clip_fraction        | 0.0421       |
|    clip_range           | 0.2          |
|    entropy_loss         | -1.19        |
|    explained_variance   | 0.932        |
|    learning_rate        | 0.0003       |
|    loss                 | 0.365        |
|    n_updates            | 140          |
|    policy_gradient_loss | -0.00132     |
|    std                  | 0.793        |
|    value_loss           | 0.873        |
------------------------------------------
------------------------------------------
| rollout/                |              |
|    ep_len_mean          | 23.3         |
|    ep_rew_mean          | 7.11         |
| time/                   |              |
|    fps                  | 264          |
|    iterations           | 16           |
|    time_elapsed         | 992          |
|    total_timesteps      | 262144       |
| train/                  |              |
|    approx_kl            | 0.0057960507 |
|    clip_fraction        | 0.0566       |
|    clip_range           | 0.2          |
|    entropy_loss         | -1.17        |
|    explained_variance   | 0.904        |
|    learning_rate        | 0.0003       |
|    loss                 | 0.248        |
|    n_updates            | 150          |
|    policy_gradient_loss | -0.00152     |
|    std                  | 0.776        |
|    value_loss           | 0.989        |
------------------------------------------
------------------------------------------
| rollout/                |              |
|    ep_len_mean          | 27.5         |
|    ep_rew_mean          | 6.3          |
| time/                   |              |
|    fps                  | 264          |
|    iterations           | 17           |
|    time_elapsed         | 1052         |
|    total_timesteps      | 278528       |
| train/                  |              |
|    approx_kl            | 0.0046455967 |
|    clip_fraction        | 0.0534       |
|    clip_range           | 0.2          |
|    entropy_loss         | -1.14        |
|    explained_variance   | 0.925        |
|    learning_rate        | 0.0003       |
|    loss                 | 0.446        |
|    n_updates            | 160          |
|    policy_gradient_loss | -0.00176     |
|    std                  | 0.757        |
|    value_loss           | 0.928        |
------------------------------------------
-----------------------------------------
| rollout/                |             |
|    ep_len_mean          | 25          |
|    ep_rew_mean          | 7.57        |
| time/                   |             |
|    fps                  | 265         |
|    iterations           | 18          |
|    time_elapsed         | 1112        |
|    total_timesteps      | 294912      |
| train/                  |             |
|    approx_kl            | 0.004017277 |
|    clip_fraction        | 0.0414      |
|    clip_range           | 0.2         |
|    entropy_loss         | -1.15       |
|    explained_variance   | 0.947       |
|    learning_rate        | 0.0003      |
|    loss                 | 0.47        |
|    n_updates            | 170         |
|    policy_gradient_loss | -0.00256    |
|    std                  | 0.767       |
|    value_loss           | 0.827       |
-----------------------------------------
-----------------------------------------
| rollout/                |             |
|    ep_len_mean          | 29.1        |
|    ep_rew_mean          | 7.98        |
| time/                   |             |
|    fps                  | 265         |
|    iterations           | 19          |
|    time_elapsed         | 1172        |
|    total_timesteps      | 311296      |
| train/                  |             |
|    approx_kl            | 0.005224592 |
|    clip_fraction        | 0.0496      |
|    clip_range           | 0.2         |
|    entropy_loss         | -1.13       |
|    explained_variance   | 0.95        |
|    learning_rate        | 0.0003      |
|    loss                 | 0.292       |
|    n_updates            | 180         |
|    policy_gradient_loss | -0.00104    |
|    std                  | 0.745       |
|    value_loss           | 0.681       |
-----------------------------------------
-----------------------------------------
| rollout/                |             |
|    ep_len_mean          | 36.7        |
|    ep_rew_mean          | 8.52        |
| time/                   |             |
|    fps                  | 265         |
|    iterations           | 20          |
|    time_elapsed         | 1232        |
|    total_timesteps      | 327680      |
| train/                  |             |
|    approx_kl            | 0.004033761 |
|    clip_fraction        | 0.0515      |
|    clip_range           | 0.2         |
|    entropy_loss         | -1.11       |
|    explained_variance   | 0.967       |
|    learning_rate        | 0.0003      |
|    loss                 | 0.257       |
|    n_updates            | 190         |
|    policy_gradient_loss | -0.00218    |
|    std                  | 0.737       |
|    value_loss           | 0.822       |
-----------------------------------------
-----------------------------------------
| rollout/                |             |
|    ep_len_mean          | 30.8        |
|    ep_rew_mean          | 8.26        |
| time/                   |             |
|    fps                  | 266         |
|    iterations           | 21          |
|    time_elapsed         | 1291        |
|    total_timesteps      | 344064      |
| train/                  |             |
|    approx_kl            | 0.006218722 |
|    clip_fraction        | 0.0699      |
|    clip_range           | 0.2         |
|    entropy_loss         | -1.1        |
|    explained_variance   | 0.968       |
|    learning_rate        | 0.0003      |
|    loss                 | 0.349       |
|    n_updates            | 200         |
|    policy_gradient_loss | -0.00431    |
|    std                  | 0.726       |
|    value_loss           | 1.02        |
-----------------------------------------
--------------------------------------
| rollout/                |          |
|    ep_len_mean          | 29.9     |
|    ep_rew_mean          | 8.08     |
| time/                   |          |
|    fps                  | 266      |
|    iterations           | 22       |
|    time_elapsed         | 1351     |
|    total_timesteps      | 360448   |
| train/                  |          |
|    approx_kl            | 0.006638 |
|    clip_fraction        | 0.071    |
|    clip_range           | 0.2      |
|    entropy_loss         | -1.07    |
|    explained_variance   | 0.941    |
|    learning_rate        | 0.0003   |
|    loss                 | 0.705    |
|    n_updates            | 210      |
|    policy_gradient_loss | -0.00322 |
|    std                  | 0.697    |
|    value_loss           | 0.781    |
--------------------------------------
------------------------------------------
| rollout/                |              |
|    ep_len_mean          | 32.1         |
|    ep_rew_mean          | 8.27         |
| time/                   |              |
|    fps                  | 266          |
|    iterations           | 23           |
|    time_elapsed         | 1412         |
|    total_timesteps      | 376832       |
| train/                  |              |
|    approx_kl            | 0.0060619647 |
|    clip_fraction        | 0.0605       |
|    clip_range           | 0.2          |
|    entropy_loss         | -1.03        |
|    explained_variance   | 0.902        |
|    learning_rate        | 0.0003       |
|    loss                 | 0.354        |
|    n_updates            | 220          |
|    policy_gradient_loss | -0.003       |
|    std                  | 0.673        |
|    value_loss           | 1.23         |
------------------------------------------
-----------------------------------------
| rollout/                |             |
|    ep_len_mean          | 37.2        |
|    ep_rew_mean          | 9.76        |
| time/                   |             |
|    fps                  | 267         |
|    iterations           | 24          |
|    time_elapsed         | 1472        |
|    total_timesteps      | 393216      |
| train/                  |             |
|    approx_kl            | 0.008208063 |
|    clip_fraction        | 0.0824      |
|    clip_range           | 0.2         |
|    entropy_loss         | -0.998      |
|    explained_variance   | 0.838       |
|    learning_rate        | 0.0003      |
|    loss                 | 0.459       |
|    n_updates            | 230         |
|    policy_gradient_loss | -0.00372    |
|    std                  | 0.652       |
|    value_loss           | 1.62        |
-----------------------------------------
-----------------------------------------
| rollout/                |             |
|    ep_len_mean          | 50.1        |
|    ep_rew_mean          | 12.3        |
| time/                   |             |
|    fps                  | 267         |
|    iterations           | 25          |
|    time_elapsed         | 1531        |
|    total_timesteps      | 409600      |
| train/                  |             |
|    approx_kl            | 0.005737641 |
|    clip_fraction        | 0.0698      |
|    clip_range           | 0.2         |
|    entropy_loss         | -0.969      |
|    explained_variance   | 0.764       |
|    learning_rate        | 0.0003      |
|    loss                 | 0.947       |
|    n_updates            | 240         |
|    policy_gradient_loss | -0.00228    |
|    std                  | 0.632       |
|    value_loss           | 1.97        |
-----------------------------------------
------------------------------------------
| rollout/                |              |
|    ep_len_mean          | 91.4         |
|    ep_rew_mean          | 19.2         |
| time/                   |              |
|    fps                  | 267          |
|    iterations           | 26           |
|    time_elapsed         | 1589         |
|    total_timesteps      | 425984       |
| train/                  |              |
|    approx_kl            | 0.0055954866 |
|    clip_fraction        | 0.0653       |
|    clip_range           | 0.2          |
|    entropy_loss         | -0.945       |
|    explained_variance   | 0.716        |
|    learning_rate        | 0.0003       |
|    loss                 | 1.59         |
|    n_updates            | 250          |
|    policy_gradient_loss | -0.00299     |
|    std                  | 0.621        |
|    value_loss           | 2.64         |
------------------------------------------
-----------------------------------------
| rollout/                |             |
|    ep_len_mean          | 118         |
|    ep_rew_mean          | 24.9        |
| time/                   |             |
|    fps                  | 268         |
|    iterations           | 27          |
|    time_elapsed         | 1647        |
|    total_timesteps      | 442368      |
| train/                  |             |
|    approx_kl            | 0.006677014 |
|    clip_fraction        | 0.0816      |
|    clip_range           | 0.2         |
|    entropy_loss         | -0.92       |
|    explained_variance   | 0.656       |
|    learning_rate        | 0.0003      |
|    loss                 | 1.26        |
|    n_updates            | 260         |
|    policy_gradient_loss | -0.00285    |
|    std                  | 0.604       |
|    value_loss           | 2.65        |
-----------------------------------------
------------------------------------------
| rollout/                |              |
|    ep_len_mean          | 86.8         |
|    ep_rew_mean          | 19.1         |
| time/                   |              |
|    fps                  | 268          |
|    iterations           | 28           |
|    time_elapsed         | 1706         |
|    total_timesteps      | 458752       |
| train/                  |              |
|    approx_kl            | 0.0066790576 |
|    clip_fraction        | 0.0628       |
|    clip_range           | 0.2          |
|    entropy_loss         | -0.892       |
|    explained_variance   | 0.549        |
|    learning_rate        | 0.0003       |
|    loss                 | 0.86         |
|    n_updates            | 270          |
|    policy_gradient_loss | -0.00114     |
|    std                  | 0.59         |
|    value_loss           | 2.52         |
------------------------------------------
-----------------------------------------
| rollout/                |             |
|    ep_len_mean          | 130         |
|    ep_rew_mean          | 27.2        |
| time/                   |             |
|    fps                  | 269         |
|    iterations           | 29          |
|    time_elapsed         | 1764        |
|    total_timesteps      | 475136      |
| train/                  |             |
|    approx_kl            | 0.006609386 |
|    clip_fraction        | 0.0796      |
|    clip_range           | 0.2         |
|    entropy_loss         | -0.875      |
|    explained_variance   | 0.52        |
|    learning_rate        | 0.0003      |
|    loss                 | 2.06        |
|    n_updates            | 280         |
|    policy_gradient_loss | -0.00228    |
|    std                  | 0.58        |
|    value_loss           | 5.12        |
-----------------------------------------
------------------------------------------
| rollout/                |              |
|    ep_len_mean          | 138          |
|    ep_rew_mean          | 28.6         |
| time/                   |              |
|    fps                  | 269          |
|    iterations           | 30           |
|    time_elapsed         | 1822         |
|    total_timesteps      | 491520       |
| train/                  |              |
|    approx_kl            | 0.0069403634 |
|    clip_fraction        | 0.0828       |
|    clip_range           | 0.2          |
|    entropy_loss         | -0.859       |
|    explained_variance   | 0.557        |
|    learning_rate        | 0.0003       |
|    loss                 | 0.989        |
|    n_updates            | 290          |
|    policy_gradient_loss | -0.00162     |
|    std                  | 0.571        |
|    value_loss           | 2.9          |
------------------------------------------
------------------------------------------
| rollout/                |              |
|    ep_len_mean          | 155          |
|    ep_rew_mean          | 32.6         |
| time/                   |              |
|    fps                  | 270          |
|    iterations           | 31           |
|    time_elapsed         | 1879         |
|    total_timesteps      | 507904       |
| train/                  |              |
|    approx_kl            | 0.0067781457 |
|    clip_fraction        | 0.0865       |
|    clip_range           | 0.2          |
|    entropy_loss         | -0.843       |
|    explained_variance   | 0.55         |
|    learning_rate        | 0.0003       |
|    loss                 | 1.25         |
|    n_updates            | 300          |
|    policy_gradient_loss | -1.53e-05    |
|    std                  | 0.56         |
|    value_loss           | 2.98         |
------------------------------------------
------------------------------------------
| rollout/                |              |
|    ep_len_mean          | 161          |
|    ep_rew_mean          | 33.7         |
| time/                   |              |
|    fps                  | 270          |
|    iterations           | 32           |
|    time_elapsed         | 1938         |
|    total_timesteps      | 524288       |
| train/                  |              |
|    approx_kl            | 0.0070872167 |
|    clip_fraction        | 0.086        |
|    clip_range           | 0.2          |
|    entropy_loss         | -0.821       |
|    explained_variance   | 0.556        |
|    learning_rate        | 0.0003       |
|    loss                 | 0.413        |
|    n_updates            | 310          |
|    policy_gradient_loss | -0.000339    |
|    std                  | 0.548        |
|    value_loss           | 1.98         |
------------------------------------------
-----------------------------------------
| rollout/                |             |
|    ep_len_mean          | 156         |
|    ep_rew_mean          | 32.6        |
| time/                   |             |
|    fps                  | 270         |
|    iterations           | 33          |
|    time_elapsed         | 1996        |
|    total_timesteps      | 540672      |
| train/                  |             |
|    approx_kl            | 0.006780715 |
|    clip_fraction        | 0.0819      |
|    clip_range           | 0.2         |
|    entropy_loss         | -0.805      |
|    explained_variance   | 0.533       |
|    learning_rate        | 0.0003      |
|    loss                 | 4.49        |
|    n_updates            | 320         |
|    policy_gradient_loss | 0.000636    |
|    std                  | 0.541       |
|    value_loss           | 1.81        |
-----------------------------------------
------------------------------------------
| rollout/                |              |
|    ep_len_mean          | 167          |
|    ep_rew_mean          | 34.8         |
| time/                   |              |
|    fps                  | 271          |
|    iterations           | 34           |
|    time_elapsed         | 2054         |
|    total_timesteps      | 557056       |
| train/                  |              |
|    approx_kl            | 0.0062416093 |
|    clip_fraction        | 0.0951       |
|    clip_range           | 0.2          |
|    entropy_loss         | -0.791       |
|    explained_variance   | 0.546        |
|    learning_rate        | 0.0003       |
|    loss                 | 0.637        |
|    n_updates            | 330          |
|    policy_gradient_loss | 0.000765     |
|    std                  | 0.534        |
|    value_loss           | 2.4          |
------------------------------------------
----------------------------------------
| rollout/                |            |
|    ep_len_mean          | 167        |
|    ep_rew_mean          | 34.4       |
| time/                   |            |
|    fps                  | 271        |
|    iterations           | 35         |
|    time_elapsed         | 2112       |
|    total_timesteps      | 573440     |
| train/                  |            |
|    approx_kl            | 0.00801912 |
|    clip_fraction        | 0.0827     |
|    clip_range           | 0.2        |
|    entropy_loss         | -0.788     |
|    explained_variance   | 0.628      |
|    learning_rate        | 0.0003     |
|    loss                 | 1.43       |
|    n_updates            | 340        |
|    policy_gradient_loss | 0.000717   |
|    std                  | 0.532      |
|    value_loss           | 1.29       |
----------------------------------------
------------------------------------------
| rollout/                |              |
|    ep_len_mean          | 173          |
|    ep_rew_mean          | 36.5         |
| time/                   |              |
|    fps                  | 271          |
|    iterations           | 36           |
|    time_elapsed         | 2169         |
|    total_timesteps      | 589824       |
| train/                  |              |
|    approx_kl            | 0.0063258326 |
|    clip_fraction        | 0.0763       |
|    clip_range           | 0.2          |
|    entropy_loss         | -0.779       |
|    explained_variance   | 0.6          |
|    learning_rate        | 0.0003       |
|    loss                 | 0.419        |
|    n_updates            | 350          |
|    policy_gradient_loss | 0.00178      |
|    std                  | 0.526        |
|    value_loss           | 1.63         |
------------------------------------------
-----------------------------------------
| rollout/                |             |
|    ep_len_mean          | 176         |
|    ep_rew_mean          | 36.9        |
| time/                   |             |
|    fps                  | 272         |
|    iterations           | 37          |
|    time_elapsed         | 2227        |
|    total_timesteps      | 606208      |
| train/                  |             |
|    approx_kl            | 0.005796401 |
|    clip_fraction        | 0.066       |
|    clip_range           | 0.2         |
|    entropy_loss         | -0.777      |
|    explained_variance   | 0.712       |
|    learning_rate        | 0.0003      |
|    loss                 | 0.39        |
|    n_updates            | 360         |
|    policy_gradient_loss | 0.00154     |
|    std                  | 0.52        |
|    value_loss           | 1.07        |
-----------------------------------------
------------------------------------------
| rollout/                |              |
|    ep_len_mean          | 176          |
|    ep_rew_mean          | 36           |
| time/                   |              |
|    fps                  | 272          |
|    iterations           | 38           |
|    time_elapsed         | 2285         |
|    total_timesteps      | 622592       |
| train/                  |              |
|    approx_kl            | 0.0048320633 |
|    clip_fraction        | 0.0623       |
|    clip_range           | 0.2          |
|    entropy_loss         | -0.756       |
|    explained_variance   | 0.683        |
|    learning_rate        | 0.0003       |
|    loss                 | 0.36         |
|    n_updates            | 370          |
|    policy_gradient_loss | 0.000658     |
|    std                  | 0.515        |
|    value_loss           | 0.844        |
------------------------------------------
----------------------------------------
| rollout/                |            |
|    ep_len_mean          | 170        |
|    ep_rew_mean          | 34.8       |
| time/                   |            |
|    fps                  | 272        |
|    iterations           | 39         |
|    time_elapsed         | 2342       |
|    total_timesteps      | 638976     |
| train/                  |            |
|    approx_kl            | 0.00451767 |
|    clip_fraction        | 0.0651     |
|    clip_range           | 0.2        |
|    entropy_loss         | -0.747     |
|    explained_variance   | 0.712      |
|    learning_rate        | 0.0003     |
|    loss                 | 0.361      |
|    n_updates            | 380        |
|    policy_gradient_loss | 0.00114    |
|    std                  | 0.509      |
|    value_loss           | 0.825      |
----------------------------------------
-----------------------------------------
| rollout/                |             |
|    ep_len_mean          | 173         |
|    ep_rew_mean          | 36.2        |
| time/                   |             |
|    fps                  | 273         |
|    iterations           | 40          |
|    time_elapsed         | 2399        |
|    total_timesteps      | 655360      |
| train/                  |             |
|    approx_kl            | 0.005146742 |
|    clip_fraction        | 0.0677      |
|    clip_range           | 0.2         |
|    entropy_loss         | -0.737      |
|    explained_variance   | 0.621       |
|    learning_rate        | 0.0003      |
|    loss                 | 2.31        |
|    n_updates            | 390         |
|    policy_gradient_loss | 0.000582    |
|    std                  | 0.507       |
|    value_loss           | 1.44        |
-----------------------------------------
-----------------------------------------
| rollout/                |             |
|    ep_len_mean          | 176         |
|    ep_rew_mean          | 36.5        |
| time/                   |             |
|    fps                  | 273         |
|    iterations           | 41          |
|    time_elapsed         | 2457        |
|    total_timesteps      | 671744      |
| train/                  |             |
|    approx_kl            | 0.005160252 |
|    clip_fraction        | 0.0721      |
|    clip_range           | 0.2         |
|    entropy_loss         | -0.724      |
|    explained_variance   | 0.657       |
|    learning_rate        | 0.0003      |
|    loss                 | 0.477       |
|    n_updates            | 400         |
|    policy_gradient_loss | 0.00068     |
|    std                  | 0.497       |
|    value_loss           | 1.2         |
-----------------------------------------
------------------------------------------
| rollout/                |              |
|    ep_len_mean          | 176          |
|    ep_rew_mean          | 35.6         |
| time/                   |              |
|    fps                  | 273          |
|    iterations           | 42           |
|    time_elapsed         | 2514         |
|    total_timesteps      | 688128       |
| train/                  |              |
|    approx_kl            | 0.0041233255 |
|    clip_fraction        | 0.0629       |
|    clip_range           | 0.2          |
|    entropy_loss         | -0.704       |
|    explained_variance   | 0.732        |
|    learning_rate        | 0.0003       |
|    loss                 | 0.498        |
|    n_updates            | 410          |
|    policy_gradient_loss | 0.00134      |
|    std                  | 0.489        |
|    value_loss           | 0.825        |
------------------------------------------
-----------------------------------------
| rollout/                |             |
|    ep_len_mean          | 176         |
|    ep_rew_mean          | 36.9        |
| time/                   |             |
|    fps                  | 273         |
|    iterations           | 43          |
|    time_elapsed         | 2571        |
|    total_timesteps      | 704512      |
| train/                  |             |
|    approx_kl            | 0.005983174 |
|    clip_fraction        | 0.0629      |
|    clip_range           | 0.2         |
|    entropy_loss         | -0.691      |
|    explained_variance   | 0.721       |
|    learning_rate        | 0.0003      |
|    loss                 | 0.289       |
|    n_updates            | 420         |
|    policy_gradient_loss | 0.000705    |
|    std                  | 0.478       |
|    value_loss           | 0.94        |
-----------------------------------------
-----------------------------------------
| rollout/                |             |
|    ep_len_mean          | 176         |
|    ep_rew_mean          | 36.9        |
| time/                   |             |
|    fps                  | 274         |
|    iterations           | 44          |
|    time_elapsed         | 2629        |
|    total_timesteps      | 720896      |
| train/                  |             |
|    approx_kl            | 0.007218075 |
|    clip_fraction        | 0.0727      |
|    clip_range           | 0.2         |
|    entropy_loss         | -0.673      |
|    explained_variance   | 0.698       |
|    learning_rate        | 0.0003      |
|    loss                 | 0.508       |
|    n_updates            | 430         |
|    policy_gradient_loss | 0.00151     |
|    std                  | 0.473       |
|    value_loss           | 1.09        |
-----------------------------------------
------------------------------------------
| rollout/                |              |
|    ep_len_mean          | 176          |
|    ep_rew_mean          | 36.5         |
| time/                   |              |
|    fps                  | 274          |
|    iterations           | 45           |
|    time_elapsed         | 2686         |
|    total_timesteps      | 737280       |
| train/                  |              |
|    approx_kl            | 0.0043597426 |
|    clip_fraction        | 0.0536       |
|    clip_range           | 0.2          |
|    entropy_loss         | -0.672       |
|    explained_variance   | 0.708        |
|    learning_rate        | 0.0003       |
|    loss                 | 0.407        |
|    n_updates            | 440          |
|    policy_gradient_loss | 0.000714     |
|    std                  | 0.475        |
|    value_loss           | 0.983        |
------------------------------------------
-----------------------------------------
| rollout/                |             |
|    ep_len_mean          | 176         |
|    ep_rew_mean          | 36.4        |
| time/                   |             |
|    fps                  | 274         |
|    iterations           | 46          |
|    time_elapsed         | 2744        |
|    total_timesteps      | 753664      |
| train/                  |             |
|    approx_kl            | 0.004340542 |
|    clip_fraction        | 0.0611      |
|    clip_range           | 0.2         |
|    entropy_loss         | -0.669      |
|    explained_variance   | 0.72        |
|    learning_rate        | 0.0003      |
|    loss                 | 0.417       |
|    n_updates            | 450         |
|    policy_gradient_loss | 0.00149     |
|    std                  | 0.473       |
|    value_loss           | 1.03        |
-----------------------------------------
------------------------------------------
| rollout/                |              |
|    ep_len_mean          | 173          |
|    ep_rew_mean          | 35.7         |
| time/                   |              |
|    fps                  | 274          |
|    iterations           | 47           |
|    time_elapsed         | 2801         |
|    total_timesteps      | 770048       |
| train/                  |              |
|    approx_kl            | 0.0052441456 |
|    clip_fraction        | 0.0582       |
|    clip_range           | 0.2          |
|    entropy_loss         | -0.674       |
|    explained_variance   | 0.704        |
|    learning_rate        | 0.0003       |
|    loss                 | 0.686        |
|    n_updates            | 460          |
|    policy_gradient_loss | 0.000936     |
|    std                  | 0.478        |
|    value_loss           | 0.926        |
------------------------------------------
------------------------------------------
| rollout/                |              |
|    ep_len_mean          | 176          |
|    ep_rew_mean          | 35.8         |
| time/                   |              |
|    fps                  | 275          |
|    iterations           | 48           |
|    time_elapsed         | 2859         |
|    total_timesteps      | 786432       |
| train/                  |              |
|    approx_kl            | 0.0052773855 |
|    clip_fraction        | 0.0588       |
|    clip_range           | 0.2          |
|    entropy_loss         | -0.672       |
|    explained_variance   | 0.617        |
|    learning_rate        | 0.0003       |
|    loss                 | 0.549        |
|    n_updates            | 470          |
|    policy_gradient_loss | 0.00089      |
|    std                  | 0.47         |
|    value_loss           | 1.39         |
------------------------------------------
-----------------------------------------
| rollout/                |             |
|    ep_len_mean          | 176         |
|    ep_rew_mean          | 35.1        |
| time/                   |             |
|    fps                  | 275         |
|    iterations           | 49          |
|    time_elapsed         | 2916        |
|    total_timesteps      | 802816      |
| train/                  |             |
|    approx_kl            | 0.005196427 |
|    clip_fraction        | 0.0642      |
|    clip_range           | 0.2         |
|    entropy_loss         | -0.657      |
|    explained_variance   | 0.733       |
|    learning_rate        | 0.0003      |
|    loss                 | 0.628       |
|    n_updates            | 480         |
|    policy_gradient_loss | 0.000431    |
|    std                  | 0.468       |
|    value_loss           | 0.911       |
-----------------------------------------
-----------------------------------------
| rollout/                |             |
|    ep_len_mean          | 173         |
|    ep_rew_mean          | 35.7        |
| time/                   |             |
|    fps                  | 275         |
|    iterations           | 50          |
|    time_elapsed         | 2974        |
|    total_timesteps      | 819200      |
| train/                  |             |
|    approx_kl            | 0.004540585 |
|    clip_fraction        | 0.0596      |
|    clip_range           | 0.2         |
|    entropy_loss         | -0.647      |
|    explained_variance   | 0.745       |
|    learning_rate        | 0.0003      |
|    loss                 | 0.521       |
|    n_updates            | 490         |
|    policy_gradient_loss | 0.000371    |
|    std                  | 0.461       |
|    value_loss           | 0.839       |
-----------------------------------------
------------------------------------------
| rollout/                |              |
|    ep_len_mean          | 176          |
|    ep_rew_mean          | 36           |
| time/                   |              |
|    fps                  | 275          |
|    iterations           | 51           |
|    time_elapsed         | 3031         |
|    total_timesteps      | 835584       |
| train/                  |              |
|    approx_kl            | 0.0053393687 |
|    clip_fraction        | 0.0631       |
|    clip_range           | 0.2          |
|    entropy_loss         | -0.647       |
|    explained_variance   | 0.654        |
|    learning_rate        | 0.0003       |
|    loss                 | 0.345        |
|    n_updates            | 500          |
|    policy_gradient_loss | -6.94e-05    |
|    std                  | 0.46         |
|    value_loss           | 1.21         |
------------------------------------------
-----------------------------------------
| rollout/                |             |
|    ep_len_mean          | 170         |
|    ep_rew_mean          | 34.8        |
| time/                   |             |
|    fps                  | 275         |
|    iterations           | 52          |
|    time_elapsed         | 3089        |
|    total_timesteps      | 851968      |
| train/                  |             |
|    approx_kl            | 0.004238397 |
|    clip_fraction        | 0.0548      |
|    clip_range           | 0.2         |
|    entropy_loss         | -0.632      |
|    explained_variance   | 0.733       |
|    learning_rate        | 0.0003      |
|    loss                 | 0.389       |
|    n_updates            | 510         |
|    policy_gradient_loss | -2.64e-05   |
|    std                  | 0.454       |
|    value_loss           | 0.904       |
-----------------------------------------
-----------------------------------------
| rollout/                |             |
|    ep_len_mean          | 173         |
|    ep_rew_mean          | 35.9        |
| time/                   |             |
|    fps                  | 275         |
|    iterations           | 53          |
|    time_elapsed         | 3146        |
|    total_timesteps      | 868352      |
| train/                  |             |
|    approx_kl            | 0.005961881 |
|    clip_fraction        | 0.0645      |
|    clip_range           | 0.2         |
|    entropy_loss         | -0.61       |
|    explained_variance   | 0.606       |
|    learning_rate        | 0.0003      |
|    loss                 | 0.467       |
|    n_updates            | 520         |
|    policy_gradient_loss | 0.000691    |
|    std                  | 0.443       |
|    value_loss           | 1.71        |
-----------------------------------------
-----------------------------------------
| rollout/                |             |
|    ep_len_mean          | 170         |
|    ep_rew_mean          | 34.6        |
| time/                   |             |
|    fps                  | 276         |
|    iterations           | 54          |
|    time_elapsed         | 3204        |
|    total_timesteps      | 884736      |
| train/                  |             |
|    approx_kl            | 0.005075268 |
|    clip_fraction        | 0.0631      |
|    clip_range           | 0.2         |
|    entropy_loss         | -0.606      |
|    explained_variance   | 0.638       |
|    learning_rate        | 0.0003      |
|    loss                 | 0.593       |
|    n_updates            | 530         |
|    policy_gradient_loss | 0.000416    |
|    std                  | 0.443       |
|    value_loss           | 1.35        |
-----------------------------------------
------------------------------------------
| rollout/                |              |
|    ep_len_mean          | 173          |
|    ep_rew_mean          | 35.5         |
| time/                   |              |
|    fps                  | 276          |
|    iterations           | 55           |
|    time_elapsed         | 3261         |
|    total_timesteps      | 901120       |
| train/                  |              |
|    approx_kl            | 0.0053505106 |
|    clip_fraction        | 0.0684       |
|    clip_range           | 0.2          |
|    entropy_loss         | -0.596       |
|    explained_variance   | 0.559        |
|    learning_rate        | 0.0003       |
|    loss                 | 0.704        |
|    n_updates            | 540          |
|    policy_gradient_loss | 0.00127      |
|    std                  | 0.441        |
|    value_loss           | 1.54         |
------------------------------------------
-----------------------------------------
| rollout/                |             |
|    ep_len_mean          | 176         |
|    ep_rew_mean          | 36.6        |
| time/                   |             |
|    fps                  | 276         |
|    iterations           | 56          |
|    time_elapsed         | 3319        |
|    total_timesteps      | 917504      |
| train/                  |             |
|    approx_kl            | 0.007870907 |
|    clip_fraction        | 0.0781      |
|    clip_range           | 0.2         |
|    entropy_loss         | -0.591      |
|    explained_variance   | 0.685       |
|    learning_rate        | 0.0003      |
|    loss                 | 0.419       |
|    n_updates            | 550         |
|    policy_gradient_loss | 0.00173     |
|    std                  | 0.438       |
|    value_loss           | 1.41        |
-----------------------------------------
------------------------------------------
| rollout/                |              |
|    ep_len_mean          | 176          |
|    ep_rew_mean          | 35.6         |
| time/                   |              |
|    fps                  | 276          |
|    iterations           | 57           |
|    time_elapsed         | 3377         |
|    total_timesteps      | 933888       |
| train/                  |              |
|    approx_kl            | 0.0053648637 |
|    clip_fraction        | 0.0737       |
|    clip_range           | 0.2          |
|    entropy_loss         | -0.582       |
|    explained_variance   | 0.721        |
|    learning_rate        | 0.0003       |
|    loss                 | 0.595        |
|    n_updates            | 560          |
|    policy_gradient_loss | 0.00122      |
|    std                  | 0.428        |
|    value_loss           | 1.03         |
------------------------------------------
-----------------------------------------
| rollout/                |             |
|    ep_len_mean          | 176         |
|    ep_rew_mean          | 36.4        |
| time/                   |             |
|    fps                  | 276         |
|    iterations           | 58          |
|    time_elapsed         | 3434        |
|    total_timesteps      | 950272      |
| train/                  |             |
|    approx_kl            | 0.007585405 |
|    clip_fraction        | 0.0827      |
|    clip_range           | 0.2         |
|    entropy_loss         | -0.562      |
|    explained_variance   | 0.717       |
|    learning_rate        | 0.0003      |
|    loss                 | 0.431       |
|    n_updates            | 570         |
|    policy_gradient_loss | 0.00166     |
|    std                  | 0.423       |
|    value_loss           | 1.17        |
-----------------------------------------
-----------------------------------------
| rollout/                |             |
|    ep_len_mean          | 176         |
|    ep_rew_mean          | 36          |
| time/                   |             |
|    fps                  | 276         |
|    iterations           | 59          |
|    time_elapsed         | 3492        |
|    total_timesteps      | 966656      |
| train/                  |             |
|    approx_kl            | 0.006837743 |
|    clip_fraction        | 0.0826      |
|    clip_range           | 0.2         |
|    entropy_loss         | -0.551      |
|    explained_variance   | 0.698       |
|    learning_rate        | 0.0003      |
|    loss                 | 0.395       |
|    n_updates            | 580         |
|    policy_gradient_loss | 0.00231     |
|    std                  | 0.418       |
|    value_loss           | 1.08        |
-----------------------------------------
------------------------------------------
| rollout/                |              |
|    ep_len_mean          | 176          |
|    ep_rew_mean          | 35.6         |
| time/                   |              |
|    fps                  | 276          |
|    iterations           | 60           |
|    time_elapsed         | 3549         |
|    total_timesteps      | 983040       |
| train/                  |              |
|    approx_kl            | 0.0071241492 |
|    clip_fraction        | 0.0822       |
|    clip_range           | 0.2          |
|    entropy_loss         | -0.533       |
|    explained_variance   | 0.671        |
|    learning_rate        | 0.0003       |
|    loss                 | 0.555        |
|    n_updates            | 590          |
|    policy_gradient_loss | 0.0027       |
|    std                  | 0.412        |
|    value_loss           | 1.1          |
------------------------------------------
------------------------------------------
| rollout/                |              |
|    ep_len_mean          | 176          |
|    ep_rew_mean          | 36.3         |
| time/                   |              |
|    fps                  | 277          |
|    iterations           | 61           |
|    time_elapsed         | 3607         |
|    total_timesteps      | 999424       |
| train/                  |              |
|    approx_kl            | 0.0056281975 |
|    clip_fraction        | 0.0831       |
|    clip_range           | 0.2          |
|    entropy_loss         | -0.525       |
|    explained_variance   | 0.705        |
|    learning_rate        | 0.0003       |
|    loss                 | 0.351        |
|    n_updates            | 600          |
|    policy_gradient_loss | 0.00174      |
|    std                  | 0.409        |
|    value_loss           | 0.96         |
------------------------------------------
------------------------------------------
| rollout/                |              |
|    ep_len_mean          | 176          |
|    ep_rew_mean          | 35.6         |
| time/                   |              |
|    fps                  | 277          |
|    iterations           | 62           |
|    time_elapsed         | 3664         |
|    total_timesteps      | 1015808      |
| train/                  |              |
|    approx_kl            | 0.0053525455 |
|    clip_fraction        | 0.0827       |
|    clip_range           | 0.2          |
|    entropy_loss         | -0.512       |
|    explained_variance   | 0.7          |
|    learning_rate        | 0.0003       |
|    loss                 | 0.591        |
|    n_updates            | 610          |
|    policy_gradient_loss | 0.00185      |
|    std                  | 0.404        |
|    value_loss           | 0.993        |
------------------------------------------


###############################################################################
TCHPC Cluster: callan
Job 168842 (shared_oracle_cf_obs15_stopgo_seed2_cv2_1000000_v10_diag) for User 'hadjitot' in Account 'callan_hadjitot'
Finished at: Fri Mar 20 12:26:31 GMT 2026

Job efficiency estimates:
=========================

Job ID: 168842
Cluster: callan
User/Group: hadjitot/hadjitot
State: COMPLETED (exit code 0)
Nodes: 1
Cores per node: 16
CPU Utilized: 03:17:02
CPU Efficiency: 20.00% of 16:25:20 core-walltime
Job Wall-clock time: 01:01:35
Memory Utilized: 745.24 MB
Memory Efficiency: 2.27% of 32.00 GB (32.00 GB/node)

Job completion status:
======================

JobID           JobName AllocCPUS NTasks NNodes     MaxRSS    MaxRSSNode  MaxDiskRead MaxDiskWrite    Elapsed      State ExitCode 
------------ ---------- --------- ------ ------ ---------- ------------- ------------ ------------ ---------- ---------- -------- 
168842       shared_or+        16             1                                                      01:01:35  COMPLETED      0:0 
168842.batch      batch        16      1      1    763128K    callan-n12      787.14M      727.13M   01:01:35  COMPLETED      0:0 
168842.exte+     extern        16      1      1                                                      01:01:35  COMPLETED      0:0 


Job details:
============

JobId=168842 JobName=shared_oracle_cf_obs15_stopgo_seed2_cv2_1000000_v10_diag
   UserId=hadjitot(2357) GroupId=hadjitot(2300) MCS_label=N/A
   Priority=106756 Nice=0 Account=callan_hadjitot QOS=normal
   JobState=COMPLETING Reason=None Dependency=(null)
   Requeue=0 Restarts=0 BatchFlag=1 Reboot=0 ExitCode=0:0
   DerivedExitCode=0:0
   RunTime=01:01:35 TimeLimit=2-00:00:00 TimeMin=N/A
   SubmitTime=2026-03-19T20:18:40 EligibleTime=2026-03-19T20:18:40
   AccrueTime=2026-03-19T20:18:40
   StartTime=2026-03-20T11:24:56 EndTime=2026-03-20T12:26:31 Deadline=N/A
   SuspendTime=None SecsPreSuspend=0 LastSchedEval=2026-03-20T11:24:56 Scheduler=Backfill
   Partition=compute AllocNode:Sid=callan01:191490
   ReqNodeList=(null) ExcNodeList=(null)
   NodeList=callan-n12
   BatchHost=callan-n12
   NumNodes=1 NumCPUs=16 NumTasks=1 CPUs/Task=16 ReqB:S:C:T=0:0:*:*
   ReqTRES=cpu=16,mem=32G,node=1,billing=16
   AllocTRES=cpu=16,mem=32G,node=1,billing=16
   Socks/Node=* NtasksPerN:B:S:C=0:0:*:* CoreSpec=*
   JOB_GRES=(null)
     Nodes=callan-n12 CPU_IDs=2-15,20-21 Mem=32768 GRES=
   MinCPUsNode=16 MinMemoryNode=32G MinTmpDiskNode=0
   Features=(null) DelayBoot=00:00:00
   OverSubscribe=OK Contiguous=0 Licenses=(null) LicensesAlloc=(null) Network=(null)
   Command=/home/users/hadjitot/fyp/HighwayEnv/slurm/train_shared_attention.sbatch
   WorkDir=/home/users/hadjitot/fyp/HighwayEnv
   StdErr=/home/users/hadjitot/fyp/HighwayEnv/slurm_out/shared_oracle_cf_obs15_stopgo_seed2_cv2_1000000_v10_diag_168842.err
   StdIn=/dev/null
   StdOut=/home/users/hadjitot/fyp/HighwayEnv/slurm_out/shared_oracle_cf_obs15_stopgo_seed2_cv2_1000000_v10_diag_168842.out
   TresPerTask=cpu=16
   


Disk quota details:
===================

                         Block Limits                                    |                     File Limits
Name       type             MB      quota      limit   in_doubt    grace |    files   quota    limit in_doubt    grace
root       USR         4872431          0          0       1240     none |   393866       0        0      548     none
root       FILESET     4850780          0          0       3259     none |  9857334       0        0      910     none


SLURM Bank Statement:
=====================

User           Usage |        Account     Usage | Account Limit Available (CPU hrs)
---------- --------- + -------------- --------- + ------------- ---------
hadjitot      14,539 | CALLAN_HADJITOT    14,539 |       300,000   285,461


Acknowledgements:
=================

Note that usage of TCHPC Resources *must* be acknowledged in all publications.

Please see this page for details relevant to this cluster:

http://www.tchpc.tcd.ie/resources/acknowledgementpolicy

################################################################################
