Loading Anaconda 3 2024.02-1
SCENARIO_NAME=highway_lanechange_dense_obs20
EXP_VERSION=v10
TOTAL_TIMESTEPS=1000000
SEEDS=2
CONTROLLED_VEHICLES=2
N_WORLDS=4
VEC_MODE=async
TARGET_ROLLOUT_SIZE=16384
DEVICE=cpu
MODEL_DIR=runs/models
MONITOR_ROOT=runs/monitor
TB_DIR=runs/tb
ppo_shared_highway_lanechange_dense_obs20_v10_cv2_seed2 agents: 2 agent obs shape: (20, 5) joint action space: Tuple(Box(-1.0, 1.0, (2,), float32), Box(-1.0, 1.0, (2,), float32))
ppo_shared_highway_lanechange_dense_obs20_v10_cv2_seed2: worlds=4, agents_per_world=2, ppo_slots=8, vec_mode=async, n_steps=2048
Using cpu device
Logging to runs/tb/ppo_shared_highway_lanechange_dense_obs20_v10_cv2_seed2_1
---------------------------------
| rollout/           |          |
|    ep_len_mean     | 3.86     |
|    ep_rew_mean     | 0.554    |
|    success_rate    | 0        |
| time/              |          |
|    fps             | 112      |
|    iterations      | 1        |
|    time_elapsed    | 145      |
|    total_timesteps | 16384    |
---------------------------------
----------------------------------------
| rollout/                |            |
|    ep_len_mean          | 3.8        |
|    ep_rew_mean          | 0.993      |
|    success_rate         | 0          |
| time/                   |            |
|    fps                  | 125        |
|    iterations           | 2          |
|    time_elapsed         | 260        |
|    total_timesteps      | 32768      |
| train/                  |            |
|    approx_kl            | 0.00581582 |
|    clip_fraction        | 0.0614     |
|    clip_range           | 0.2        |
|    entropy_loss         | -2.82      |
|    explained_variance   | -0.0148    |
|    learning_rate        | 0.0003     |
|    loss                 | 0.926      |
|    n_updates            | 10         |
|    policy_gradient_loss | -0.0047    |
|    std                  | 0.991      |
|    value_loss           | 2.4        |
----------------------------------------
-----------------------------------------
| rollout/                |             |
|    ep_len_mean          | 3.72        |
|    ep_rew_mean          | 1.01        |
|    success_rate         | 0           |
| time/                   |             |
|    fps                  | 131         |
|    iterations           | 3           |
|    time_elapsed         | 374         |
|    total_timesteps      | 49152       |
| train/                  |             |
|    approx_kl            | 0.007865349 |
|    clip_fraction        | 0.0919      |
|    clip_range           | 0.2         |
|    entropy_loss         | -2.81       |
|    explained_variance   | 0.111       |
|    learning_rate        | 0.0003      |
|    loss                 | 1.31        |
|    n_updates            | 20          |
|    policy_gradient_loss | -0.00904    |
|    std                  | 0.981       |
|    value_loss           | 2.19        |
-----------------------------------------
-----------------------------------------
| rollout/                |             |
|    ep_len_mean          | 4.04        |
|    ep_rew_mean          | 1.01        |
|    success_rate         | 0           |
| time/                   |             |
|    fps                  | 134         |
|    iterations           | 4           |
|    time_elapsed         | 487         |
|    total_timesteps      | 65536       |
| train/                  |             |
|    approx_kl            | 0.013446506 |
|    clip_fraction        | 0.136       |
|    clip_range           | 0.2         |
|    entropy_loss         | -2.77       |
|    explained_variance   | 0.113       |
|    learning_rate        | 0.0003      |
|    loss                 | 1.15        |
|    n_updates            | 30          |
|    policy_gradient_loss | -0.0113     |
|    std                  | 0.962       |
|    value_loss           | 2.04        |
-----------------------------------------
-----------------------------------------
| rollout/                |             |
|    ep_len_mean          | 5.6         |
|    ep_rew_mean          | 1.51        |
|    success_rate         | 0           |
| time/                   |             |
|    fps                  | 137         |
|    iterations           | 5           |
|    time_elapsed         | 597         |
|    total_timesteps      | 81920       |
| train/                  |             |
|    approx_kl            | 0.016779698 |
|    clip_fraction        | 0.179       |
|    clip_range           | 0.2         |
|    entropy_loss         | -2.7        |
|    explained_variance   | 0.0722      |
|    learning_rate        | 0.0003      |
|    loss                 | 0.727       |
|    n_updates            | 40          |
|    policy_gradient_loss | -0.0147     |
|    std                  | 0.931       |
|    value_loss           | 2.11        |
-----------------------------------------
-----------------------------------------
| rollout/                |             |
|    ep_len_mean          | 6.54        |
|    ep_rew_mean          | 1.77        |
|    success_rate         | 0           |
| time/                   |             |
|    fps                  | 139         |
|    iterations           | 6           |
|    time_elapsed         | 704         |
|    total_timesteps      | 98304       |
| train/                  |             |
|    approx_kl            | 0.016044453 |
|    clip_fraction        | 0.172       |
|    clip_range           | 0.2         |
|    entropy_loss         | -2.63       |
|    explained_variance   | 0.0677      |
|    learning_rate        | 0.0003      |
|    loss                 | 0.986       |
|    n_updates            | 50          |
|    policy_gradient_loss | -0.0141     |
|    std                  | 0.899       |
|    value_loss           | 2.62        |
-----------------------------------------
-----------------------------------------
| rollout/                |             |
|    ep_len_mean          | 9.9         |
|    ep_rew_mean          | 3.49        |
|    success_rate         | 0           |
| time/                   |             |
|    fps                  | 141         |
|    iterations           | 7           |
|    time_elapsed         | 807         |
|    total_timesteps      | 114688      |
| train/                  |             |
|    approx_kl            | 0.019094914 |
|    clip_fraction        | 0.19        |
|    clip_range           | 0.2         |
|    entropy_loss         | -2.55       |
|    explained_variance   | 0.0998      |
|    learning_rate        | 0.0003      |
|    loss                 | 1.91        |
|    n_updates            | 60          |
|    policy_gradient_loss | -0.0168     |
|    std                  | 0.866       |
|    value_loss           | 2.7         |
-----------------------------------------
-----------------------------------------
| rollout/                |             |
|    ep_len_mean          | 13.3        |
|    ep_rew_mean          | 4.41        |
|    success_rate         | 0           |
| time/                   |             |
|    fps                  | 144         |
|    iterations           | 8           |
|    time_elapsed         | 907         |
|    total_timesteps      | 131072      |
| train/                  |             |
|    approx_kl            | 0.017664343 |
|    clip_fraction        | 0.155       |
|    clip_range           | 0.2         |
|    entropy_loss         | -2.47       |
|    explained_variance   | 0.0937      |
|    learning_rate        | 0.0003      |
|    loss                 | 2.07        |
|    n_updates            | 70          |
|    policy_gradient_loss | -0.0135     |
|    std                  | 0.84        |
|    value_loss           | 4.24        |
-----------------------------------------
-----------------------------------------
| rollout/                |             |
|    ep_len_mean          | 17.2        |
|    ep_rew_mean          | 5.67        |
|    success_rate         | 0           |
| time/                   |             |
|    fps                  | 146         |
|    iterations           | 9           |
|    time_elapsed         | 1004        |
|    total_timesteps      | 147456      |
| train/                  |             |
|    approx_kl            | 0.012855064 |
|    clip_fraction        | 0.14        |
|    clip_range           | 0.2         |
|    entropy_loss         | -2.41       |
|    explained_variance   | 0.109       |
|    learning_rate        | 0.0003      |
|    loss                 | 3.04        |
|    n_updates            | 80          |
|    policy_gradient_loss | -0.0116     |
|    std                  | 0.819       |
|    value_loss           | 5.46        |
-----------------------------------------
-----------------------------------------
| rollout/                |             |
|    ep_len_mean          | 29.4        |
|    ep_rew_mean          | 9.02        |
|    success_rate         | 0           |
| time/                   |             |
|    fps                  | 148         |
|    iterations           | 10          |
|    time_elapsed         | 1101        |
|    total_timesteps      | 163840      |
| train/                  |             |
|    approx_kl            | 0.010545921 |
|    clip_fraction        | 0.113       |
|    clip_range           | 0.2         |
|    entropy_loss         | -2.36       |
|    explained_variance   | 0.149       |
|    learning_rate        | 0.0003      |
|    loss                 | 3.21        |
|    n_updates            | 90          |
|    policy_gradient_loss | -0.00931    |
|    std                  | 0.799       |
|    value_loss           | 7.94        |
-----------------------------------------
-----------------------------------------
| rollout/                |             |
|    ep_len_mean          | 32          |
|    ep_rew_mean          | 8.84        |
|    success_rate         | 0           |
| time/                   |             |
|    fps                  | 150         |
|    iterations           | 11          |
|    time_elapsed         | 1196        |
|    total_timesteps      | 180224      |
| train/                  |             |
|    approx_kl            | 0.009647621 |
|    clip_fraction        | 0.107       |
|    clip_range           | 0.2         |
|    entropy_loss         | -2.31       |
|    explained_variance   | 0.236       |
|    learning_rate        | 0.0003      |
|    loss                 | 3.43        |
|    n_updates            | 100         |
|    policy_gradient_loss | -0.00706    |
|    std                  | 0.784       |
|    value_loss           | 8.59        |
-----------------------------------------
----------------------------------------
| rollout/                |            |
|    ep_len_mean          | 36.8       |
|    ep_rew_mean          | 10.4       |
|    success_rate         | 0          |
| time/                   |            |
|    fps                  | 152        |
|    iterations           | 12         |
|    time_elapsed         | 1290       |
|    total_timesteps      | 196608     |
| train/                  |            |
|    approx_kl            | 0.00873926 |
|    clip_fraction        | 0.0916     |
|    clip_range           | 0.2        |
|    entropy_loss         | -2.27      |
|    explained_variance   | 0.315      |
|    learning_rate        | 0.0003     |
|    loss                 | 3.9        |
|    n_updates            | 110        |
|    policy_gradient_loss | -0.00389   |
|    std                  | 0.772      |
|    value_loss           | 10.1       |
----------------------------------------
------------------------------------------
| rollout/                |              |
|    ep_len_mean          | 41.3         |
|    ep_rew_mean          | 10.7         |
|    success_rate         | 0            |
| time/                   |              |
|    fps                  | 153          |
|    iterations           | 13           |
|    time_elapsed         | 1384         |
|    total_timesteps      | 212992       |
| train/                  |              |
|    approx_kl            | 0.0069462555 |
|    clip_fraction        | 0.0786       |
|    clip_range           | 0.2          |
|    entropy_loss         | -2.23        |
|    explained_variance   | 0.395        |
|    learning_rate        | 0.0003       |
|    loss                 | 6.86         |
|    n_updates            | 120          |
|    policy_gradient_loss | -0.00224     |
|    std                  | 0.762        |
|    value_loss           | 10.7         |
------------------------------------------
-----------------------------------------
| rollout/                |             |
|    ep_len_mean          | 43.9        |
|    ep_rew_mean          | 12          |
|    success_rate         | 0           |
| time/                   |             |
|    fps                  | 155         |
|    iterations           | 14          |
|    time_elapsed         | 1479        |
|    total_timesteps      | 229376      |
| train/                  |             |
|    approx_kl            | 0.007441266 |
|    clip_fraction        | 0.0826      |
|    clip_range           | 0.2         |
|    entropy_loss         | -2.22       |
|    explained_variance   | 0.46        |
|    learning_rate        | 0.0003      |
|    loss                 | 4.88        |
|    n_updates            | 130         |
|    policy_gradient_loss | -0.0022     |
|    std                  | 0.759       |
|    value_loss           | 11.6        |
-----------------------------------------
-----------------------------------------
| rollout/                |             |
|    ep_len_mean          | 47.5        |
|    ep_rew_mean          | 13.5        |
|    success_rate         | 0           |
| time/                   |             |
|    fps                  | 156         |
|    iterations           | 15          |
|    time_elapsed         | 1572        |
|    total_timesteps      | 245760      |
| train/                  |             |
|    approx_kl            | 0.008437523 |
|    clip_fraction        | 0.0823      |
|    clip_range           | 0.2         |
|    entropy_loss         | -2.21       |
|    explained_variance   | 0.515       |
|    learning_rate        | 0.0003      |
|    loss                 | 5.56        |
|    n_updates            | 140         |
|    policy_gradient_loss | -0.00186    |
|    std                  | 0.757       |
|    value_loss           | 12.2        |
-----------------------------------------
------------------------------------------
| rollout/                |              |
|    ep_len_mean          | 42           |
|    ep_rew_mean          | 12.3         |
|    success_rate         | 0            |
| time/                   |              |
|    fps                  | 157          |
|    iterations           | 16           |
|    time_elapsed         | 1666         |
|    total_timesteps      | 262144       |
| train/                  |              |
|    approx_kl            | 0.0075069503 |
|    clip_fraction        | 0.0863       |
|    clip_range           | 0.2          |
|    entropy_loss         | -2.19        |
|    explained_variance   | 0.509        |
|    learning_rate        | 0.0003       |
|    loss                 | 7.6          |
|    n_updates            | 150          |
|    policy_gradient_loss | -0.00148     |
|    std                  | 0.753        |
|    value_loss           | 14           |
------------------------------------------
-----------------------------------------
| rollout/                |             |
|    ep_len_mean          | 53.8        |
|    ep_rew_mean          | 17.6        |
|    success_rate         | 0           |
| time/                   |             |
|    fps                  | 158         |
|    iterations           | 17          |
|    time_elapsed         | 1760        |
|    total_timesteps      | 278528      |
| train/                  |             |
|    approx_kl            | 0.006964353 |
|    clip_fraction        | 0.0929      |
|    clip_range           | 0.2         |
|    entropy_loss         | -2.17       |
|    explained_variance   | 0.549       |
|    learning_rate        | 0.0003      |
|    loss                 | 4.44        |
|    n_updates            | 160         |
|    policy_gradient_loss | -0.00132    |
|    std                  | 0.744       |
|    value_loss           | 12.2        |
-----------------------------------------
-----------------------------------------
| rollout/                |             |
|    ep_len_mean          | 53.1        |
|    ep_rew_mean          | 17.3        |
|    success_rate         | 0           |
| time/                   |             |
|    fps                  | 159         |
|    iterations           | 18          |
|    time_elapsed         | 1853        |
|    total_timesteps      | 294912      |
| train/                  |             |
|    approx_kl            | 0.008055212 |
|    clip_fraction        | 0.0945      |
|    clip_range           | 0.2         |
|    entropy_loss         | -2.14       |
|    explained_variance   | 0.511       |
|    learning_rate        | 0.0003      |
|    loss                 | 7.21        |
|    n_updates            | 170         |
|    policy_gradient_loss | -0.00139    |
|    std                  | 0.735       |
|    value_loss           | 13.3        |
-----------------------------------------
-----------------------------------------
| rollout/                |             |
|    ep_len_mean          | 56.4        |
|    ep_rew_mean          | 17.7        |
|    success_rate         | 0           |
| time/                   |             |
|    fps                  | 159         |
|    iterations           | 19          |
|    time_elapsed         | 1946        |
|    total_timesteps      | 311296      |
| train/                  |             |
|    approx_kl            | 0.007933551 |
|    clip_fraction        | 0.0892      |
|    clip_range           | 0.2         |
|    entropy_loss         | -2.11       |
|    explained_variance   | 0.591       |
|    learning_rate        | 0.0003      |
|    loss                 | 5.87        |
|    n_updates            | 180         |
|    policy_gradient_loss | 1.45e-05    |
|    std                  | 0.728       |
|    value_loss           | 11.3        |
-----------------------------------------
-----------------------------------------
| rollout/                |             |
|    ep_len_mean          | 54.9        |
|    ep_rew_mean          | 15.2        |
|    success_rate         | 0           |
| time/                   |             |
|    fps                  | 160         |
|    iterations           | 20          |
|    time_elapsed         | 2039        |
|    total_timesteps      | 327680      |
| train/                  |             |
|    approx_kl            | 0.008571727 |
|    clip_fraction        | 0.107       |
|    clip_range           | 0.2         |
|    entropy_loss         | -2.08       |
|    explained_variance   | 0.575       |
|    learning_rate        | 0.0003      |
|    loss                 | 6.72        |
|    n_updates            | 190         |
|    policy_gradient_loss | -0.00172    |
|    std                  | 0.718       |
|    value_loss           | 11.5        |
-----------------------------------------
-----------------------------------------
| rollout/                |             |
|    ep_len_mean          | 60.5        |
|    ep_rew_mean          | 18.9        |
|    success_rate         | 0           |
| time/                   |             |
|    fps                  | 161         |
|    iterations           | 21          |
|    time_elapsed         | 2132        |
|    total_timesteps      | 344064      |
| train/                  |             |
|    approx_kl            | 0.009221178 |
|    clip_fraction        | 0.0895      |
|    clip_range           | 0.2         |
|    entropy_loss         | -2.06       |
|    explained_variance   | 0.532       |
|    learning_rate        | 0.0003      |
|    loss                 | 4.56        |
|    n_updates            | 200         |
|    policy_gradient_loss | -0.000455   |
|    std                  | 0.709       |
|    value_loss           | 13.7        |
-----------------------------------------
-----------------------------------------
| rollout/                |             |
|    ep_len_mean          | 68.8        |
|    ep_rew_mean          | 20.4        |
|    success_rate         | 0           |
| time/                   |             |
|    fps                  | 162         |
|    iterations           | 22          |
|    time_elapsed         | 2224        |
|    total_timesteps      | 360448      |
| train/                  |             |
|    approx_kl            | 0.008266826 |
|    clip_fraction        | 0.093       |
|    clip_range           | 0.2         |
|    entropy_loss         | -2.04       |
|    explained_variance   | 0.592       |
|    learning_rate        | 0.0003      |
|    loss                 | 6.77        |
|    n_updates            | 210         |
|    policy_gradient_loss | 0.00016     |
|    std                  | 0.705       |
|    value_loss           | 12.6        |
-----------------------------------------
-----------------------------------------
| rollout/                |             |
|    ep_len_mean          | 57.6        |
|    ep_rew_mean          | 17.5        |
|    success_rate         | 0           |
| time/                   |             |
|    fps                  | 162         |
|    iterations           | 23          |
|    time_elapsed         | 2317        |
|    total_timesteps      | 376832      |
| train/                  |             |
|    approx_kl            | 0.009861158 |
|    clip_fraction        | 0.104       |
|    clip_range           | 0.2         |
|    entropy_loss         | -2.02       |
|    explained_variance   | 0.568       |
|    learning_rate        | 0.0003      |
|    loss                 | 6.05        |
|    n_updates            | 220         |
|    policy_gradient_loss | -0.00157    |
|    std                  | 0.699       |
|    value_loss           | 12.7        |
-----------------------------------------
-----------------------------------------
| rollout/                |             |
|    ep_len_mean          | 50          |
|    ep_rew_mean          | 14.7        |
|    success_rate         | 0           |
| time/                   |             |
|    fps                  | 163         |
|    iterations           | 24          |
|    time_elapsed         | 2410        |
|    total_timesteps      | 393216      |
| train/                  |             |
|    approx_kl            | 0.009926952 |
|    clip_fraction        | 0.109       |
|    clip_range           | 0.2         |
|    entropy_loss         | -1.98       |
|    explained_variance   | 0.554       |
|    learning_rate        | 0.0003      |
|    loss                 | 7.35        |
|    n_updates            | 230         |
|    policy_gradient_loss | -0.00272    |
|    std                  | 0.689       |
|    value_loss           | 14.3        |
-----------------------------------------
-----------------------------------------
| rollout/                |             |
|    ep_len_mean          | 70          |
|    ep_rew_mean          | 20.9        |
|    success_rate         | 0           |
| time/                   |             |
|    fps                  | 163         |
|    iterations           | 25          |
|    time_elapsed         | 2502        |
|    total_timesteps      | 409600      |
| train/                  |             |
|    approx_kl            | 0.008138145 |
|    clip_fraction        | 0.102       |
|    clip_range           | 0.2         |
|    entropy_loss         | -1.96       |
|    explained_variance   | 0.531       |
|    learning_rate        | 0.0003      |
|    loss                 | 8.19        |
|    n_updates            | 240         |
|    policy_gradient_loss | -0.0024     |
|    std                  | 0.683       |
|    value_loss           | 16.1        |
-----------------------------------------
------------------------------------------
| rollout/                |              |
|    ep_len_mean          | 61.6         |
|    ep_rew_mean          | 18.6         |
|    success_rate         | 0            |
| time/                   |              |
|    fps                  | 164          |
|    iterations           | 26           |
|    time_elapsed         | 2595         |
|    total_timesteps      | 425984       |
| train/                  |              |
|    approx_kl            | 0.0078690015 |
|    clip_fraction        | 0.108        |
|    clip_range           | 0.2          |
|    entropy_loss         | -1.95        |
|    explained_variance   | 0.555        |
|    learning_rate        | 0.0003       |
|    loss                 | 8.1          |
|    n_updates            | 250          |
|    policy_gradient_loss | -0.00234     |
|    std                  | 0.68         |
|    value_loss           | 14.5         |
------------------------------------------
------------------------------------------
| rollout/                |              |
|    ep_len_mean          | 75.3         |
|    ep_rew_mean          | 24           |
|    success_rate         | 0            |
| time/                   |              |
|    fps                  | 164          |
|    iterations           | 27           |
|    time_elapsed         | 2688         |
|    total_timesteps      | 442368       |
| train/                  |              |
|    approx_kl            | 0.0077254274 |
|    clip_fraction        | 0.0972       |
|    clip_range           | 0.2          |
|    entropy_loss         | -1.94        |
|    explained_variance   | 0.579        |
|    learning_rate        | 0.0003       |
|    loss                 | 6.53         |
|    n_updates            | 260          |
|    policy_gradient_loss | -0.00134     |
|    std                  | 0.675        |
|    value_loss           | 15.2         |
------------------------------------------
----------------------------------------
| rollout/                |            |
|    ep_len_mean          | 65.5       |
|    ep_rew_mean          | 19.4       |
|    success_rate         | 0          |
| time/                   |            |
|    fps                  | 164        |
|    iterations           | 28         |
|    time_elapsed         | 2780       |
|    total_timesteps      | 458752     |
| train/                  |            |
|    approx_kl            | 0.00893605 |
|    clip_fraction        | 0.102      |
|    clip_range           | 0.2        |
|    entropy_loss         | -1.94      |
|    explained_variance   | 0.597      |
|    learning_rate        | 0.0003     |
|    loss                 | 7.49       |
|    n_updates            | 270        |
|    policy_gradient_loss | -0.00197   |
|    std                  | 0.676      |
|    value_loss           | 13.9       |
----------------------------------------
-----------------------------------------
| rollout/                |             |
|    ep_len_mean          | 93.9        |
|    ep_rew_mean          | 29.7        |
|    success_rate         | 0           |
| time/                   |             |
|    fps                  | 165         |
|    iterations           | 29          |
|    time_elapsed         | 2872        |
|    total_timesteps      | 475136      |
| train/                  |             |
|    approx_kl            | 0.010891816 |
|    clip_fraction        | 0.109       |
|    clip_range           | 0.2         |
|    entropy_loss         | -1.91       |
|    explained_variance   | 0.584       |
|    learning_rate        | 0.0003      |
|    loss                 | 9.24        |
|    n_updates            | 280         |
|    policy_gradient_loss | -0.00143    |
|    std                  | 0.666       |
|    value_loss           | 16.7        |
-----------------------------------------
------------------------------------------
| rollout/                |              |
|    ep_len_mean          | 71.6         |
|    ep_rew_mean          | 23.3         |
|    success_rate         | 0            |
| time/                   |              |
|    fps                  | 165          |
|    iterations           | 30           |
|    time_elapsed         | 2964         |
|    total_timesteps      | 491520       |
| train/                  |              |
|    approx_kl            | 0.0076564173 |
|    clip_fraction        | 0.107        |
|    clip_range           | 0.2          |
|    entropy_loss         | -1.89        |
|    explained_variance   | 0.595        |
|    learning_rate        | 0.0003       |
|    loss                 | 6.65         |
|    n_updates            | 290          |
|    policy_gradient_loss | -0.00103     |
|    std                  | 0.662        |
|    value_loss           | 13.3         |
------------------------------------------
-----------------------------------------
| rollout/                |             |
|    ep_len_mean          | 64.2        |
|    ep_rew_mean          | 20.7        |
|    success_rate         | 0           |
| time/                   |             |
|    fps                  | 166         |
|    iterations           | 31          |
|    time_elapsed         | 3057        |
|    total_timesteps      | 507904      |
| train/                  |             |
|    approx_kl            | 0.010942139 |
|    clip_fraction        | 0.104       |
|    clip_range           | 0.2         |
|    entropy_loss         | -1.87       |
|    explained_variance   | 0.575       |
|    learning_rate        | 0.0003      |
|    loss                 | 6.3         |
|    n_updates            | 300         |
|    policy_gradient_loss | -0.00155    |
|    std                  | 0.658       |
|    value_loss           | 15.4        |
-----------------------------------------
-----------------------------------------
| rollout/                |             |
|    ep_len_mean          | 75.3        |
|    ep_rew_mean          | 25.3        |
|    success_rate         | 0           |
| time/                   |             |
|    fps                  | 166         |
|    iterations           | 32          |
|    time_elapsed         | 3149        |
|    total_timesteps      | 524288      |
| train/                  |             |
|    approx_kl            | 0.007425094 |
|    clip_fraction        | 0.106       |
|    clip_range           | 0.2         |
|    entropy_loss         | -1.85       |
|    explained_variance   | 0.59        |
|    learning_rate        | 0.0003      |
|    loss                 | 10.7        |
|    n_updates            | 310         |
|    policy_gradient_loss | -0.000902   |
|    std                  | 0.655       |
|    value_loss           | 16.9        |
-----------------------------------------
-----------------------------------------
| rollout/                |             |
|    ep_len_mean          | 63.6        |
|    ep_rew_mean          | 19          |
|    success_rate         | 0           |
| time/                   |             |
|    fps                  | 166         |
|    iterations           | 33          |
|    time_elapsed         | 3241        |
|    total_timesteps      | 540672      |
| train/                  |             |
|    approx_kl            | 0.008458876 |
|    clip_fraction        | 0.105       |
|    clip_range           | 0.2         |
|    entropy_loss         | -1.84       |
|    explained_variance   | 0.602       |
|    learning_rate        | 0.0003      |
|    loss                 | 6.02        |
|    n_updates            | 320         |
|    policy_gradient_loss | -0.00156    |
|    std                  | 0.65        |
|    value_loss           | 14.6        |
-----------------------------------------
-----------------------------------------
| rollout/                |             |
|    ep_len_mean          | 84          |
|    ep_rew_mean          | 27.7        |
|    success_rate         | 0           |
| time/                   |             |
|    fps                  | 167         |
|    iterations           | 34          |
|    time_elapsed         | 3332        |
|    total_timesteps      | 557056      |
| train/                  |             |
|    approx_kl            | 0.009961886 |
|    clip_fraction        | 0.112       |
|    clip_range           | 0.2         |
|    entropy_loss         | -1.81       |
|    explained_variance   | 0.639       |
|    learning_rate        | 0.0003      |
|    loss                 | 6.72        |
|    n_updates            | 330         |
|    policy_gradient_loss | -0.00113    |
|    std                  | 0.638       |
|    value_loss           | 14          |
-----------------------------------------
-----------------------------------------
| rollout/                |             |
|    ep_len_mean          | 73.3        |
|    ep_rew_mean          | 24.9        |
|    success_rate         | 0           |
| time/                   |             |
|    fps                  | 167         |
|    iterations           | 35          |
|    time_elapsed         | 3424        |
|    total_timesteps      | 573440      |
| train/                  |             |
|    approx_kl            | 0.010300899 |
|    clip_fraction        | 0.125       |
|    clip_range           | 0.2         |
|    entropy_loss         | -1.76       |
|    explained_variance   | 0.635       |
|    learning_rate        | 0.0003      |
|    loss                 | 6.99        |
|    n_updates            | 340         |
|    policy_gradient_loss | -0.00197    |
|    std                  | 0.625       |
|    value_loss           | 12.9        |
-----------------------------------------
-----------------------------------------
| rollout/                |             |
|    ep_len_mean          | 69.2        |
|    ep_rew_mean          | 22.6        |
|    success_rate         | 0           |
| time/                   |             |
|    fps                  | 167         |
|    iterations           | 36          |
|    time_elapsed         | 3515        |
|    total_timesteps      | 589824      |
| train/                  |             |
|    approx_kl            | 0.009573114 |
|    clip_fraction        | 0.114       |
|    clip_range           | 0.2         |
|    entropy_loss         | -1.73       |
|    explained_variance   | 0.656       |
|    learning_rate        | 0.0003      |
|    loss                 | 6.14        |
|    n_updates            | 350         |
|    policy_gradient_loss | -0.0016     |
|    std                  | 0.62        |
|    value_loss           | 14.9        |
-----------------------------------------
-----------------------------------------
| rollout/                |             |
|    ep_len_mean          | 70          |
|    ep_rew_mean          | 23          |
|    success_rate         | 0           |
| time/                   |             |
|    fps                  | 168         |
|    iterations           | 37          |
|    time_elapsed         | 3607        |
|    total_timesteps      | 606208      |
| train/                  |             |
|    approx_kl            | 0.012213537 |
|    clip_fraction        | 0.115       |
|    clip_range           | 0.2         |
|    entropy_loss         | -1.71       |
|    explained_variance   | 0.67        |
|    learning_rate        | 0.0003      |
|    loss                 | 10.2        |
|    n_updates            | 360         |
|    policy_gradient_loss | -0.00112    |
|    std                  | 0.611       |
|    value_loss           | 13.3        |
-----------------------------------------
-----------------------------------------
| rollout/                |             |
|    ep_len_mean          | 70          |
|    ep_rew_mean          | 21.5        |
|    success_rate         | 0           |
| time/                   |             |
|    fps                  | 168         |
|    iterations           | 38          |
|    time_elapsed         | 3699        |
|    total_timesteps      | 622592      |
| train/                  |             |
|    approx_kl            | 0.009683215 |
|    clip_fraction        | 0.125       |
|    clip_range           | 0.2         |
|    entropy_loss         | -1.67       |
|    explained_variance   | 0.697       |
|    learning_rate        | 0.0003      |
|    loss                 | 7.56        |
|    n_updates            | 370         |
|    policy_gradient_loss | -7.98e-05   |
|    std                  | 0.604       |
|    value_loss           | 12.8        |
-----------------------------------------
------------------------------------------
| rollout/                |              |
|    ep_len_mean          | 83.9         |
|    ep_rew_mean          | 26.7         |
|    success_rate         | 0            |
| time/                   |              |
|    fps                  | 168          |
|    iterations           | 39           |
|    time_elapsed         | 3790         |
|    total_timesteps      | 638976       |
| train/                  |              |
|    approx_kl            | 0.0103564635 |
|    clip_fraction        | 0.124        |
|    clip_range           | 0.2          |
|    entropy_loss         | -1.64        |
|    explained_variance   | 0.595        |
|    learning_rate        | 0.0003       |
|    loss                 | 11.2         |
|    n_updates            | 380          |
|    policy_gradient_loss | -0.00101     |
|    std                  | 0.595        |
|    value_loss           | 16.4         |
------------------------------------------
-----------------------------------------
| rollout/                |             |
|    ep_len_mean          | 93.4        |
|    ep_rew_mean          | 30.3        |
|    success_rate         | 0           |
| time/                   |             |
|    fps                  | 168         |
|    iterations           | 40          |
|    time_elapsed         | 3882        |
|    total_timesteps      | 655360      |
| train/                  |             |
|    approx_kl            | 0.010618327 |
|    clip_fraction        | 0.126       |
|    clip_range           | 0.2         |
|    entropy_loss         | -1.62       |
|    explained_variance   | 0.633       |
|    learning_rate        | 0.0003      |
|    loss                 | 4.01        |
|    n_updates            | 390         |
|    policy_gradient_loss | -0.00106    |
|    std                  | 0.59        |
|    value_loss           | 12.2        |
-----------------------------------------
-----------------------------------------
| rollout/                |             |
|    ep_len_mean          | 113         |
|    ep_rew_mean          | 37.1        |
|    success_rate         | 0           |
| time/                   |             |
|    fps                  | 169         |
|    iterations           | 41          |
|    time_elapsed         | 3973        |
|    total_timesteps      | 671744      |
| train/                  |             |
|    approx_kl            | 0.011992172 |
|    clip_fraction        | 0.124       |
|    clip_range           | 0.2         |
|    entropy_loss         | -1.6        |
|    explained_variance   | 0.646       |
|    learning_rate        | 0.0003      |
|    loss                 | 4.7         |
|    n_updates            | 400         |
|    policy_gradient_loss | -0.000606   |
|    std                  | 0.589       |
|    value_loss           | 12.5        |
-----------------------------------------
-----------------------------------------
| rollout/                |             |
|    ep_len_mean          | 97.2        |
|    ep_rew_mean          | 31.8        |
|    success_rate         | 0           |
| time/                   |             |
|    fps                  | 169         |
|    iterations           | 42          |
|    time_elapsed         | 4064        |
|    total_timesteps      | 688128      |
| train/                  |             |
|    approx_kl            | 0.009626478 |
|    clip_fraction        | 0.126       |
|    clip_range           | 0.2         |
|    entropy_loss         | -1.6        |
|    explained_variance   | 0.663       |
|    learning_rate        | 0.0003      |
|    loss                 | 5.81        |
|    n_updates            | 410         |
|    policy_gradient_loss | -0.00118    |
|    std                  | 0.586       |
|    value_loss           | 9.97        |
-----------------------------------------
-----------------------------------------
| rollout/                |             |
|    ep_len_mean          | 101         |
|    ep_rew_mean          | 34.7        |
|    success_rate         | 0           |
| time/                   |             |
|    fps                  | 169         |
|    iterations           | 43          |
|    time_elapsed         | 4155        |
|    total_timesteps      | 704512      |
| train/                  |             |
|    approx_kl            | 0.011886202 |
|    clip_fraction        | 0.13        |
|    clip_range           | 0.2         |
|    entropy_loss         | -1.58       |
|    explained_variance   | 0.672       |
|    learning_rate        | 0.0003      |
|    loss                 | 6.72        |
|    n_updates            | 420         |
|    policy_gradient_loss | -0.00105    |
|    std                  | 0.582       |
|    value_loss           | 11.3        |
-----------------------------------------
------------------------------------------
| rollout/                |              |
|    ep_len_mean          | 108          |
|    ep_rew_mean          | 36.6         |
|    success_rate         | 0            |
| time/                   |              |
|    fps                  | 169          |
|    iterations           | 44           |
|    time_elapsed         | 4246         |
|    total_timesteps      | 720896       |
| train/                  |              |
|    approx_kl            | 0.0098862415 |
|    clip_fraction        | 0.129        |
|    clip_range           | 0.2          |
|    entropy_loss         | -1.55        |
|    explained_variance   | 0.688        |
|    learning_rate        | 0.0003       |
|    loss                 | 6.36         |
|    n_updates            | 430          |
|    policy_gradient_loss | -0.0017      |
|    std                  | 0.577        |
|    value_loss           | 11.3         |
------------------------------------------
-----------------------------------------
| rollout/                |             |
|    ep_len_mean          | 105         |
|    ep_rew_mean          | 36          |
|    success_rate         | 0           |
| time/                   |             |
|    fps                  | 169         |
|    iterations           | 45          |
|    time_elapsed         | 4337        |
|    total_timesteps      | 737280      |
| train/                  |             |
|    approx_kl            | 0.011497181 |
|    clip_fraction        | 0.133       |
|    clip_range           | 0.2         |
|    entropy_loss         | -1.53       |
|    explained_variance   | 0.728       |
|    learning_rate        | 0.0003      |
|    loss                 | 3.04        |
|    n_updates            | 440         |
|    policy_gradient_loss | 0.00057     |
|    std                  | 0.574       |
|    value_loss           | 9.84        |
-----------------------------------------
-----------------------------------------
| rollout/                |             |
|    ep_len_mean          | 109         |
|    ep_rew_mean          | 36.6        |
|    success_rate         | 0           |
| time/                   |             |
|    fps                  | 170         |
|    iterations           | 46          |
|    time_elapsed         | 4428        |
|    total_timesteps      | 753664      |
| train/                  |             |
|    approx_kl            | 0.010063951 |
|    clip_fraction        | 0.13        |
|    clip_range           | 0.2         |
|    entropy_loss         | -1.52       |
|    explained_variance   | 0.704       |
|    learning_rate        | 0.0003      |
|    loss                 | 3.74        |
|    n_updates            | 450         |
|    policy_gradient_loss | -0.00145    |
|    std                  | 0.57        |
|    value_loss           | 11.5        |
-----------------------------------------
-----------------------------------------
| rollout/                |             |
|    ep_len_mean          | 113         |
|    ep_rew_mean          | 35.8        |
|    success_rate         | 0           |
| time/                   |             |
|    fps                  | 170         |
|    iterations           | 47          |
|    time_elapsed         | 4518        |
|    total_timesteps      | 770048      |
| train/                  |             |
|    approx_kl            | 0.010521753 |
|    clip_fraction        | 0.134       |
|    clip_range           | 0.2         |
|    entropy_loss         | -1.51       |
|    explained_variance   | 0.729       |
|    learning_rate        | 0.0003      |
|    loss                 | 5.38        |
|    n_updates            | 460         |
|    policy_gradient_loss | -0.00141    |
|    std                  | 0.568       |
|    value_loss           | 11.1        |
-----------------------------------------
-----------------------------------------
| rollout/                |             |
|    ep_len_mean          | 98.6        |
|    ep_rew_mean          | 32.9        |
|    success_rate         | 0           |
| time/                   |             |
|    fps                  | 170         |
|    iterations           | 48          |
|    time_elapsed         | 4610        |
|    total_timesteps      | 786432      |
| train/                  |             |
|    approx_kl            | 0.010984972 |
|    clip_fraction        | 0.128       |
|    clip_range           | 0.2         |
|    entropy_loss         | -1.49       |
|    explained_variance   | 0.668       |
|    learning_rate        | 0.0003      |
|    loss                 | 7.28        |
|    n_updates            | 470         |
|    policy_gradient_loss | -0.00128    |
|    std                  | 0.562       |
|    value_loss           | 12.9        |
-----------------------------------------
-----------------------------------------
| rollout/                |             |
|    ep_len_mean          | 123         |
|    ep_rew_mean          | 41.3        |
|    success_rate         | 0           |
| time/                   |             |
|    fps                  | 170         |
|    iterations           | 49          |
|    time_elapsed         | 4701        |
|    total_timesteps      | 802816      |
| train/                  |             |
|    approx_kl            | 0.012338843 |
|    clip_fraction        | 0.125       |
|    clip_range           | 0.2         |
|    entropy_loss         | -1.46       |
|    explained_variance   | 0.687       |
|    learning_rate        | 0.0003      |
|    loss                 | 12.3        |
|    n_updates            | 480         |
|    policy_gradient_loss | -0.000602   |
|    std                  | 0.557       |
|    value_loss           | 14.2        |
-----------------------------------------
-----------------------------------------
| rollout/                |             |
|    ep_len_mean          | 110         |
|    ep_rew_mean          | 36.7        |
|    success_rate         | 0           |
| time/                   |             |
|    fps                  | 170         |
|    iterations           | 50          |
|    time_elapsed         | 4792        |
|    total_timesteps      | 819200      |
| train/                  |             |
|    approx_kl            | 0.012677802 |
|    clip_fraction        | 0.134       |
|    clip_range           | 0.2         |
|    entropy_loss         | -1.43       |
|    explained_variance   | 0.745       |
|    learning_rate        | 0.0003      |
|    loss                 | 3.3         |
|    n_updates            | 490         |
|    policy_gradient_loss | 2.47e-05    |
|    std                  | 0.548       |
|    value_loss           | 10.1        |
-----------------------------------------
-----------------------------------------
| rollout/                |             |
|    ep_len_mean          | 119         |
|    ep_rew_mean          | 40.9        |
|    success_rate         | 0           |
| time/                   |             |
|    fps                  | 171         |
|    iterations           | 51          |
|    time_elapsed         | 4883        |
|    total_timesteps      | 835584      |
| train/                  |             |
|    approx_kl            | 0.010198259 |
|    clip_fraction        | 0.118       |
|    clip_range           | 0.2         |
|    entropy_loss         | -1.4        |
|    explained_variance   | 0.744       |
|    learning_rate        | 0.0003      |
|    loss                 | 5.7         |
|    n_updates            | 500         |
|    policy_gradient_loss | -0.0011     |
|    std                  | 0.539       |
|    value_loss           | 11.8        |
-----------------------------------------
-----------------------------------------
| rollout/                |             |
|    ep_len_mean          | 113         |
|    ep_rew_mean          | 39.3        |
|    success_rate         | 0           |
| time/                   |             |
|    fps                  | 171         |
|    iterations           | 52          |
|    time_elapsed         | 4974        |
|    total_timesteps      | 851968      |
| train/                  |             |
|    approx_kl            | 0.012269423 |
|    clip_fraction        | 0.138       |
|    clip_range           | 0.2         |
|    entropy_loss         | -1.38       |
|    explained_variance   | 0.769       |
|    learning_rate        | 0.0003      |
|    loss                 | 2.75        |
|    n_updates            | 510         |
|    policy_gradient_loss | -0.000586   |
|    std                  | 0.538       |
|    value_loss           | 10.2        |
-----------------------------------------
-----------------------------------------
| rollout/                |             |
|    ep_len_mean          | 105         |
|    ep_rew_mean          | 35.7        |
|    success_rate         | 0           |
| time/                   |             |
|    fps                  | 171         |
|    iterations           | 53          |
|    time_elapsed         | 5066        |
|    total_timesteps      | 868352      |
| train/                  |             |
|    approx_kl            | 0.014634676 |
|    clip_fraction        | 0.135       |
|    clip_range           | 0.2         |
|    entropy_loss         | -1.36       |
|    explained_variance   | 0.725       |
|    learning_rate        | 0.0003      |
|    loss                 | 5.04        |
|    n_updates            | 520         |
|    policy_gradient_loss | 0.000389    |
|    std                  | 0.533       |
|    value_loss           | 13          |
-----------------------------------------
-----------------------------------------
| rollout/                |             |
|    ep_len_mean          | 130         |
|    ep_rew_mean          | 44.8        |
|    success_rate         | 0           |
| time/                   |             |
|    fps                  | 171         |
|    iterations           | 54          |
|    time_elapsed         | 5158        |
|    total_timesteps      | 884736      |
| train/                  |             |
|    approx_kl            | 0.009921003 |
|    clip_fraction        | 0.137       |
|    clip_range           | 0.2         |
|    entropy_loss         | -1.34       |
|    explained_variance   | 0.719       |
|    learning_rate        | 0.0003      |
|    loss                 | 5.58        |
|    n_updates            | 530         |
|    policy_gradient_loss | -0.000329   |
|    std                  | 0.532       |
|    value_loss           | 10.7        |
-----------------------------------------
-----------------------------------------
| rollout/                |             |
|    ep_len_mean          | 106         |
|    ep_rew_mean          | 36.2        |
|    success_rate         | 0           |
| time/                   |             |
|    fps                  | 171         |
|    iterations           | 55          |
|    time_elapsed         | 5249        |
|    total_timesteps      | 901120      |
| train/                  |             |
|    approx_kl            | 0.011026571 |
|    clip_fraction        | 0.129       |
|    clip_range           | 0.2         |
|    entropy_loss         | -1.34       |
|    explained_variance   | 0.751       |
|    learning_rate        | 0.0003      |
|    loss                 | 2.37        |
|    n_updates            | 540         |
|    policy_gradient_loss | -0.000832   |
|    std                  | 0.536       |
|    value_loss           | 9.58        |
-----------------------------------------
-----------------------------------------
| rollout/                |             |
|    ep_len_mean          | 124         |
|    ep_rew_mean          | 44.3        |
|    success_rate         | 0           |
| time/                   |             |
|    fps                  | 171         |
|    iterations           | 56          |
|    time_elapsed         | 5340        |
|    total_timesteps      | 917504      |
| train/                  |             |
|    approx_kl            | 0.010716876 |
|    clip_fraction        | 0.128       |
|    clip_range           | 0.2         |
|    entropy_loss         | -1.33       |
|    explained_variance   | 0.643       |
|    learning_rate        | 0.0003      |
|    loss                 | 6.73        |
|    n_updates            | 550         |
|    policy_gradient_loss | -0.000172   |
|    std                  | 0.532       |
|    value_loss           | 13.4        |
-----------------------------------------
-----------------------------------------
| rollout/                |             |
|    ep_len_mean          | 99.3        |
|    ep_rew_mean          | 33.4        |
|    success_rate         | 0           |
| time/                   |             |
|    fps                  | 171         |
|    iterations           | 57          |
|    time_elapsed         | 5431        |
|    total_timesteps      | 933888      |
| train/                  |             |
|    approx_kl            | 0.010764223 |
|    clip_fraction        | 0.132       |
|    clip_range           | 0.2         |
|    entropy_loss         | -1.31       |
|    explained_variance   | 0.74        |
|    learning_rate        | 0.0003      |
|    loss                 | 4.45        |
|    n_updates            | 560         |
|    policy_gradient_loss | -0.00052    |
|    std                  | 0.526       |
|    value_loss           | 11.6        |
-----------------------------------------
-----------------------------------------
| rollout/                |             |
|    ep_len_mean          | 103         |
|    ep_rew_mean          | 35.4        |
|    success_rate         | 0           |
| time/                   |             |
|    fps                  | 172         |
|    iterations           | 58          |
|    time_elapsed         | 5523        |
|    total_timesteps      | 950272      |
| train/                  |             |
|    approx_kl            | 0.013377326 |
|    clip_fraction        | 0.128       |
|    clip_range           | 0.2         |
|    entropy_loss         | -1.27       |
|    explained_variance   | 0.642       |
|    learning_rate        | 0.0003      |
|    loss                 | 3.91        |
|    n_updates            | 570         |
|    policy_gradient_loss | -0.00158    |
|    std                  | 0.517       |
|    value_loss           | 17.5        |
-----------------------------------------
-----------------------------------------
| rollout/                |             |
|    ep_len_mean          | 95          |
|    ep_rew_mean          | 33.6        |
|    success_rate         | 0           |
| time/                   |             |
|    fps                  | 172         |
|    iterations           | 59          |
|    time_elapsed         | 5614        |
|    total_timesteps      | 966656      |
| train/                  |             |
|    approx_kl            | 0.012153681 |
|    clip_fraction        | 0.139       |
|    clip_range           | 0.2         |
|    entropy_loss         | -1.25       |
|    explained_variance   | 0.692       |
|    learning_rate        | 0.0003      |
|    loss                 | 4.25        |
|    n_updates            | 580         |
|    policy_gradient_loss | -1.77e-05   |
|    std                  | 0.514       |
|    value_loss           | 15.2        |
-----------------------------------------
-----------------------------------------
| rollout/                |             |
|    ep_len_mean          | 98.5        |
|    ep_rew_mean          | 35.7        |
|    success_rate         | 0           |
| time/                   |             |
|    fps                  | 172         |
|    iterations           | 60          |
|    time_elapsed         | 5705        |
|    total_timesteps      | 983040      |
| train/                  |             |
|    approx_kl            | 0.016083319 |
|    clip_fraction        | 0.146       |
|    clip_range           | 0.2         |
|    entropy_loss         | -1.22       |
|    explained_variance   | 0.676       |
|    learning_rate        | 0.0003      |
|    loss                 | 5.36        |
|    n_updates            | 590         |
|    policy_gradient_loss | -0.00165    |
|    std                  | 0.508       |
|    value_loss           | 17.1        |
-----------------------------------------
-----------------------------------------
| rollout/                |             |
|    ep_len_mean          | 113         |
|    ep_rew_mean          | 41.1        |
|    success_rate         | 0           |
| time/                   |             |
|    fps                  | 172         |
|    iterations           | 61          |
|    time_elapsed         | 5797        |
|    total_timesteps      | 999424      |
| train/                  |             |
|    approx_kl            | 0.012709006 |
|    clip_fraction        | 0.146       |
|    clip_range           | 0.2         |
|    entropy_loss         | -1.2        |
|    explained_variance   | 0.688       |
|    learning_rate        | 0.0003      |
|    loss                 | 4.29        |
|    n_updates            | 600         |
|    policy_gradient_loss | -0.00111    |
|    std                  | 0.504       |
|    value_loss           | 15.3        |
-----------------------------------------
----------------------------------------
| rollout/                |            |
|    ep_len_mean          | 101        |
|    ep_rew_mean          | 37.6       |
|    success_rate         | 0          |
| time/                   |            |
|    fps                  | 172        |
|    iterations           | 62         |
|    time_elapsed         | 5888       |
|    total_timesteps      | 1015808    |
| train/                  |            |
|    approx_kl            | 0.01035927 |
|    clip_fraction        | 0.145      |
|    clip_range           | 0.2        |
|    entropy_loss         | -1.18      |
|    explained_variance   | 0.678      |
|    learning_rate        | 0.0003     |
|    loss                 | 5.69       |
|    n_updates            | 610        |
|    policy_gradient_loss | -0.000275  |
|    std                  | 0.5        |
|    value_loss           | 14.3       |
----------------------------------------


###############################################################################
TCHPC Cluster: callan
Job 168041 (shared_base_highway_lanechange_dense_obs20_seed2_cv2_1000000_v10) for User 'hadjitot' in Account 'callan_hadjitot'
Finished at: Tue Mar 17 17:59:58 GMT 2026

Job efficiency estimates:
=========================

Job ID: 168041
Cluster: callan
User/Group: hadjitot/hadjitot
State: COMPLETED (exit code 0)
Nodes: 1
Cores per node: 16
CPU Utilized: 05:45:15
CPU Efficiency: 21.72% of 1-02:29:36 core-walltime
Job Wall-clock time: 01:39:21
Memory Utilized: 856.81 MB
Memory Efficiency: 2.61% of 32.00 GB (32.00 GB/node)

Job completion status:
======================

JobID           JobName AllocCPUS NTasks NNodes     MaxRSS    MaxRSSNode  MaxDiskRead MaxDiskWrite    Elapsed      State ExitCode 
------------ ---------- --------- ------ ------ ---------- ------------- ------------ ------------ ---------- ---------- -------- 
168041       shared_ba+        16             1                                                      01:39:21  COMPLETED      0:0 
168041.batch      batch        16      1      1    877372K    callan-n01      947.75M      887.91M   01:39:21  COMPLETED      0:0 
168041.exte+     extern        16      1      1                                                      01:39:21  COMPLETED      0:0 


Job details:
============

JobId=168041 JobName=shared_base_highway_lanechange_dense_obs20_seed2_cv2_1000000_v10
   UserId=hadjitot(2357) GroupId=hadjitot(2300) MCS_label=N/A
   Priority=113123 Nice=0 Account=callan_hadjitot QOS=normal
   JobState=COMPLETING Reason=None Dependency=(null)
   Requeue=0 Restarts=0 BatchFlag=1 Reboot=0 ExitCode=0:0
   DerivedExitCode=0:0
   RunTime=01:39:21 TimeLimit=2-00:00:00 TimeMin=N/A
   SubmitTime=2026-03-17T02:37:42 EligibleTime=2026-03-17T02:37:42
   AccrueTime=2026-03-17T02:37:42
   StartTime=2026-03-17T16:20:37 EndTime=2026-03-17T17:59:58 Deadline=N/A
   SuspendTime=None SecsPreSuspend=0 LastSchedEval=2026-03-17T16:20:37 Scheduler=Backfill
   Partition=compute AllocNode:Sid=callan01:713343
   ReqNodeList=(null) ExcNodeList=(null)
   NodeList=callan-n01
   BatchHost=callan-n01
   NumNodes=1 NumCPUs=16 NumTasks=1 CPUs/Task=16 ReqB:S:C:T=0:0:*:*
   ReqTRES=cpu=16,mem=32G,node=1,billing=16
   AllocTRES=cpu=16,mem=32G,node=1,billing=16
   Socks/Node=* NtasksPerN:B:S:C=0:0:*:* CoreSpec=*
   JOB_GRES=(null)
     Nodes=callan-n01 CPU_IDs=34-49 Mem=32768 GRES=
   MinCPUsNode=16 MinMemoryNode=32G MinTmpDiskNode=0
   Features=(null) DelayBoot=00:00:00
   OverSubscribe=OK Contiguous=0 Licenses=(null) LicensesAlloc=(null) Network=(null)
   Command=/home/users/hadjitot/fyp/HighwayEnv/slurm/train_shared.sbatch
   WorkDir=/home/users/hadjitot/fyp/HighwayEnv
   StdErr=/home/users/hadjitot/fyp/HighwayEnv/slurm_out/shared_base_highway_lanechange_dense_obs20_seed2_cv2_1000000_v10_168041.err
   StdIn=/dev/null
   StdOut=/home/users/hadjitot/fyp/HighwayEnv/slurm_out/shared_base_highway_lanechange_dense_obs20_seed2_cv2_1000000_v10_168041.out
   TresPerTask=cpu=16
   


Disk quota details:
===================

                         Block Limits                                    |                     File Limits
Name       type             MB      quota      limit   in_doubt    grace |    files   quota    limit in_doubt    grace
root       USR         4851136          0          0       1184     none |   392519       0        0      868     none
root       FILESET     4920520          0          0       2889     none |  9911406       0        0      864     none


SLURM Bank Statement:
=====================

User           Usage |        Account     Usage | Account Limit Available (CPU hrs)
---------- --------- + -------------- --------- + ------------- ---------
hadjitot      15,767 | CALLAN_HADJITOT    15,767 |       300,000   284,233


Acknowledgements:
=================

Note that usage of TCHPC Resources *must* be acknowledged in all publications.

Please see this page for details relevant to this cluster:

http://www.tchpc.tcd.ie/resources/acknowledgementpolicy

################################################################################
