Loading Anaconda 3 2024.02-1
SCENARIO_NAME=cf_obs15
EXP_VERSION=v10_diag
TOTAL_TIMESTEPS=1000000
SEEDS=2
CONTROLLED_VEHICLES=2
N_WORLDS=4
VEC_MODE=async
TARGET_ROLLOUT_SIZE=16384
DEVICE=cpu
MODEL_DIR=runs/models
MONITOR_ROOT=runs/monitor
TB_DIR=runs/tb
ppo_shared_cf_obs15_v10_diag_cv2_seed2 agents: 2 agent obs shape: (15, 5) joint action space: Tuple(Box(-1.0, 1.0, (1,), float32), Box(-1.0, 1.0, (1,), float32))
ppo_shared_cf_obs15_v10_diag_cv2_seed2: worlds=4, agents_per_world=2, ppo_slots=8, vec_mode=async, n_steps=2048
Using cpu device
Logging to runs/tb/ppo_shared_cf_obs15_v10_diag_cv2_seed2_1
---------------------------------
| rollout/           |          |
|    ep_len_mean     | 13.7     |
|    ep_rew_mean     | 4.35     |
| time/              |          |
|    fps             | 114      |
|    iterations      | 1        |
|    time_elapsed    | 142      |
|    total_timesteps | 16384    |
---------------------------------
-------------------------------------------
| rollout/                |               |
|    ep_len_mean          | 13.7          |
|    ep_rew_mean          | 4.49          |
| time/                   |               |
|    fps                  | 113           |
|    iterations           | 2             |
|    time_elapsed         | 289           |
|    total_timesteps      | 32768         |
| train/                  |               |
|    approx_kl            | 0.00079409825 |
|    clip_fraction        | 0.00665       |
|    clip_range           | 0.2           |
|    entropy_loss         | -1.42         |
|    explained_variance   | -1.43e-06     |
|    learning_rate        | 0.0003        |
|    loss                 | 1.28          |
|    n_updates            | 10            |
|    policy_gradient_loss | -0.000324     |
|    std                  | 1.01          |
|    value_loss           | 2.99          |
-------------------------------------------
-----------------------------------------
| rollout/                |             |
|    ep_len_mean          | 14.1        |
|    ep_rew_mean          | 5.21        |
| time/                   |             |
|    fps                  | 112         |
|    iterations           | 3           |
|    time_elapsed         | 437         |
|    total_timesteps      | 49152       |
| train/                  |             |
|    approx_kl            | 0.006179163 |
|    clip_fraction        | 0.0515      |
|    clip_range           | 0.2         |
|    entropy_loss         | -1.43       |
|    explained_variance   | 0.836       |
|    learning_rate        | 0.0003      |
|    loss                 | 0.678       |
|    n_updates            | 20          |
|    policy_gradient_loss | -0.00384    |
|    std                  | 1           |
|    value_loss           | 1.82        |
-----------------------------------------
-----------------------------------------
| rollout/                |             |
|    ep_len_mean          | 15.2        |
|    ep_rew_mean          | 5.15        |
| time/                   |             |
|    fps                  | 113         |
|    iterations           | 4           |
|    time_elapsed         | 579         |
|    total_timesteps      | 65536       |
| train/                  |             |
|    approx_kl            | 0.006292329 |
|    clip_fraction        | 0.0603      |
|    clip_range           | 0.2         |
|    entropy_loss         | -1.42       |
|    explained_variance   | 0.867       |
|    learning_rate        | 0.0003      |
|    loss                 | 0.597       |
|    n_updates            | 30          |
|    policy_gradient_loss | -0.00406    |
|    std                  | 1           |
|    value_loss           | 1.57        |
-----------------------------------------
------------------------------------------
| rollout/                |              |
|    ep_len_mean          | 15.3         |
|    ep_rew_mean          | 4.64         |
| time/                   |              |
|    fps                  | 113          |
|    iterations           | 5            |
|    time_elapsed         | 724          |
|    total_timesteps      | 81920        |
| train/                  |              |
|    approx_kl            | 0.0048744986 |
|    clip_fraction        | 0.0471       |
|    clip_range           | 0.2          |
|    entropy_loss         | -1.41        |
|    explained_variance   | 0.876        |
|    learning_rate        | 0.0003       |
|    loss                 | 1.12         |
|    n_updates            | 40           |
|    policy_gradient_loss | -0.00269     |
|    std                  | 0.991        |
|    value_loss           | 1.53         |
------------------------------------------
------------------------------------------
| rollout/                |              |
|    ep_len_mean          | 15.6         |
|    ep_rew_mean          | 5.54         |
| time/                   |              |
|    fps                  | 113          |
|    iterations           | 6            |
|    time_elapsed         | 866          |
|    total_timesteps      | 98304        |
| train/                  |              |
|    approx_kl            | 0.0058197104 |
|    clip_fraction        | 0.0496       |
|    clip_range           | 0.2          |
|    entropy_loss         | -1.4         |
|    explained_variance   | 0.879        |
|    learning_rate        | 0.0003       |
|    loss                 | 0.741        |
|    n_updates            | 50           |
|    policy_gradient_loss | -0.0029      |
|    std                  | 0.978        |
|    value_loss           | 1.5          |
------------------------------------------
------------------------------------------
| rollout/                |              |
|    ep_len_mean          | 16           |
|    ep_rew_mean          | 5.36         |
| time/                   |              |
|    fps                  | 112          |
|    iterations           | 7            |
|    time_elapsed         | 1015         |
|    total_timesteps      | 114688       |
| train/                  |              |
|    approx_kl            | 0.0057339296 |
|    clip_fraction        | 0.0609       |
|    clip_range           | 0.2          |
|    entropy_loss         | -1.39        |
|    explained_variance   | 0.899        |
|    learning_rate        | 0.0003       |
|    loss                 | 0.89         |
|    n_updates            | 60           |
|    policy_gradient_loss | -0.00347     |
|    std                  | 0.978        |
|    value_loss           | 1.17         |
------------------------------------------
-----------------------------------------
| rollout/                |             |
|    ep_len_mean          | 17.1        |
|    ep_rew_mean          | 5.8         |
| time/                   |             |
|    fps                  | 113         |
|    iterations           | 8           |
|    time_elapsed         | 1154        |
|    total_timesteps      | 131072      |
| train/                  |             |
|    approx_kl            | 0.006324362 |
|    clip_fraction        | 0.0625      |
|    clip_range           | 0.2         |
|    entropy_loss         | -1.38       |
|    explained_variance   | 0.893       |
|    learning_rate        | 0.0003      |
|    loss                 | 0.608       |
|    n_updates            | 70          |
|    policy_gradient_loss | -0.00356    |
|    std                  | 0.959       |
|    value_loss           | 1.31        |
-----------------------------------------
------------------------------------------
| rollout/                |              |
|    ep_len_mean          | 17.6         |
|    ep_rew_mean          | 5.79         |
| time/                   |              |
|    fps                  | 114          |
|    iterations           | 9            |
|    time_elapsed         | 1293         |
|    total_timesteps      | 147456       |
| train/                  |              |
|    approx_kl            | 0.0062018894 |
|    clip_fraction        | 0.0707       |
|    clip_range           | 0.2          |
|    entropy_loss         | -1.36        |
|    explained_variance   | 0.915        |
|    learning_rate        | 0.0003       |
|    loss                 | 0.431        |
|    n_updates            | 80           |
|    policy_gradient_loss | -0.00337     |
|    std                  | 0.942        |
|    value_loss           | 0.981        |
------------------------------------------
-----------------------------------------
| rollout/                |             |
|    ep_len_mean          | 24.2        |
|    ep_rew_mean          | 5           |
| time/                   |             |
|    fps                  | 113         |
|    iterations           | 10          |
|    time_elapsed         | 1438        |
|    total_timesteps      | 163840      |
| train/                  |             |
|    approx_kl            | 0.006447525 |
|    clip_fraction        | 0.0648      |
|    clip_range           | 0.2         |
|    entropy_loss         | -1.35       |
|    explained_variance   | 0.782       |
|    learning_rate        | 0.0003      |
|    loss                 | 0.498       |
|    n_updates            | 90          |
|    policy_gradient_loss | -0.00343    |
|    std                  | 0.933       |
|    value_loss           | 1.27        |
-----------------------------------------
------------------------------------------
| rollout/                |              |
|    ep_len_mean          | 24.7         |
|    ep_rew_mean          | 5            |
| time/                   |              |
|    fps                  | 114          |
|    iterations           | 11           |
|    time_elapsed         | 1577         |
|    total_timesteps      | 180224       |
| train/                  |              |
|    approx_kl            | 0.0057095517 |
|    clip_fraction        | 0.0598       |
|    clip_range           | 0.2          |
|    entropy_loss         | -1.33        |
|    explained_variance   | 0.791        |
|    learning_rate        | 0.0003       |
|    loss                 | 0.547        |
|    n_updates            | 100          |
|    policy_gradient_loss | -0.00202     |
|    std                  | 0.908        |
|    value_loss           | 1.31         |
------------------------------------------
------------------------------------------
| rollout/                |              |
|    ep_len_mean          | 19.9         |
|    ep_rew_mean          | 6.18         |
| time/                   |              |
|    fps                  | 114          |
|    iterations           | 12           |
|    time_elapsed         | 1716         |
|    total_timesteps      | 196608       |
| train/                  |              |
|    approx_kl            | 0.0071302317 |
|    clip_fraction        | 0.057        |
|    clip_range           | 0.2          |
|    entropy_loss         | -1.3         |
|    explained_variance   | 0.877        |
|    learning_rate        | 0.0003       |
|    loss                 | 0.539        |
|    n_updates            | 110          |
|    policy_gradient_loss | -0.00124     |
|    std                  | 0.881        |
|    value_loss           | 1.16         |
------------------------------------------
------------------------------------------
| rollout/                |              |
|    ep_len_mean          | 25.6         |
|    ep_rew_mean          | 5.57         |
| time/                   |              |
|    fps                  | 114          |
|    iterations           | 13           |
|    time_elapsed         | 1852         |
|    total_timesteps      | 212992       |
| train/                  |              |
|    approx_kl            | 0.0018126545 |
|    clip_fraction        | 0.0203       |
|    clip_range           | 0.2          |
|    entropy_loss         | -1.3         |
|    explained_variance   | 0.932        |
|    learning_rate        | 0.0003       |
|    loss                 | 0.475        |
|    n_updates            | 120          |
|    policy_gradient_loss | -0.000346    |
|    std                  | 0.884        |
|    value_loss           | 1.05         |
------------------------------------------
------------------------------------------
| rollout/                |              |
|    ep_len_mean          | 20.1         |
|    ep_rew_mean          | 6.44         |
| time/                   |              |
|    fps                  | 115          |
|    iterations           | 14           |
|    time_elapsed         | 1983         |
|    total_timesteps      | 229376       |
| train/                  |              |
|    approx_kl            | 0.0044845836 |
|    clip_fraction        | 0.047        |
|    clip_range           | 0.2          |
|    entropy_loss         | -1.29        |
|    explained_variance   | 0.958        |
|    learning_rate        | 0.0003       |
|    loss                 | 0.777        |
|    n_updates            | 130          |
|    policy_gradient_loss | -0.00298     |
|    std                  | 0.881        |
|    value_loss           | 1.33         |
------------------------------------------
------------------------------------------
| rollout/                |              |
|    ep_len_mean          | 19.2         |
|    ep_rew_mean          | 6.05         |
| time/                   |              |
|    fps                  | 115          |
|    iterations           | 15           |
|    time_elapsed         | 2122         |
|    total_timesteps      | 245760       |
| train/                  |              |
|    approx_kl            | 0.0029304847 |
|    clip_fraction        | 0.0292       |
|    clip_range           | 0.2          |
|    entropy_loss         | -1.28        |
|    explained_variance   | 0.963        |
|    learning_rate        | 0.0003       |
|    loss                 | 0.398        |
|    n_updates            | 140          |
|    policy_gradient_loss | -0.00218     |
|    std                  | 0.87         |
|    value_loss           | 1.59         |
------------------------------------------
-----------------------------------------
| rollout/                |             |
|    ep_len_mean          | 31.3        |
|    ep_rew_mean          | 4.95        |
| time/                   |             |
|    fps                  | 115         |
|    iterations           | 16          |
|    time_elapsed         | 2262        |
|    total_timesteps      | 262144      |
| train/                  |             |
|    approx_kl            | 0.006192033 |
|    clip_fraction        | 0.0496      |
|    clip_range           | 0.2         |
|    entropy_loss         | -1.27       |
|    explained_variance   | 0.958       |
|    learning_rate        | 0.0003      |
|    loss                 | 1.15        |
|    n_updates            | 150         |
|    policy_gradient_loss | -0.00232    |
|    std                  | 0.854       |
|    value_loss           | 1.56        |
-----------------------------------------
------------------------------------------
| rollout/                |              |
|    ep_len_mean          | 22.9         |
|    ep_rew_mean          | 6.16         |
| time/                   |              |
|    fps                  | 116          |
|    iterations           | 17           |
|    time_elapsed         | 2400         |
|    total_timesteps      | 278528       |
| train/                  |              |
|    approx_kl            | 0.0042250077 |
|    clip_fraction        | 0.0385       |
|    clip_range           | 0.2          |
|    entropy_loss         | -1.25        |
|    explained_variance   | 0.961        |
|    learning_rate        | 0.0003       |
|    loss                 | 0.393        |
|    n_updates            | 160          |
|    policy_gradient_loss | -0.00194     |
|    std                  | 0.84         |
|    value_loss           | 2.06         |
------------------------------------------
------------------------------------------
| rollout/                |              |
|    ep_len_mean          | 21.3         |
|    ep_rew_mean          | 6.76         |
| time/                   |              |
|    fps                  | 116          |
|    iterations           | 18           |
|    time_elapsed         | 2535         |
|    total_timesteps      | 294912       |
| train/                  |              |
|    approx_kl            | 0.0024805749 |
|    clip_fraction        | 0.0366       |
|    clip_range           | 0.2          |
|    entropy_loss         | -1.23        |
|    explained_variance   | 0.951        |
|    learning_rate        | 0.0003       |
|    loss                 | 0.476        |
|    n_updates            | 170          |
|    policy_gradient_loss | -0.000809    |
|    std                  | 0.823        |
|    value_loss           | 1.58         |
------------------------------------------
------------------------------------------
| rollout/                |              |
|    ep_len_mean          | 21           |
|    ep_rew_mean          | 6.8          |
| time/                   |              |
|    fps                  | 116          |
|    iterations           | 19           |
|    time_elapsed         | 2675         |
|    total_timesteps      | 311296       |
| train/                  |              |
|    approx_kl            | 0.0050140396 |
|    clip_fraction        | 0.0556       |
|    clip_range           | 0.2          |
|    entropy_loss         | -1.2         |
|    explained_variance   | 0.956        |
|    learning_rate        | 0.0003       |
|    loss                 | 0.269        |
|    n_updates            | 180          |
|    policy_gradient_loss | -0.00293     |
|    std                  | 0.804        |
|    value_loss           | 1.51         |
------------------------------------------
------------------------------------------
| rollout/                |              |
|    ep_len_mean          | 21.3         |
|    ep_rew_mean          | 6.86         |
| time/                   |              |
|    fps                  | 116          |
|    iterations           | 20           |
|    time_elapsed         | 2819         |
|    total_timesteps      | 327680       |
| train/                  |              |
|    approx_kl            | 0.0041360687 |
|    clip_fraction        | 0.0569       |
|    clip_range           | 0.2          |
|    entropy_loss         | -1.19        |
|    explained_variance   | 0.941        |
|    learning_rate        | 0.0003       |
|    loss                 | 0.177        |
|    n_updates            | 190          |
|    policy_gradient_loss | -0.000404    |
|    std                  | 0.786        |
|    value_loss           | 0.866        |
------------------------------------------
------------------------------------------
| rollout/                |              |
|    ep_len_mean          | 21.5         |
|    ep_rew_mean          | 6.82         |
| time/                   |              |
|    fps                  | 116          |
|    iterations           | 21           |
|    time_elapsed         | 2959         |
|    total_timesteps      | 344064       |
| train/                  |              |
|    approx_kl            | 0.0055157933 |
|    clip_fraction        | 0.063        |
|    clip_range           | 0.2          |
|    entropy_loss         | -1.16        |
|    explained_variance   | 0.932        |
|    learning_rate        | 0.0003       |
|    loss                 | 0.639        |
|    n_updates            | 200          |
|    policy_gradient_loss | -0.00155     |
|    std                  | 0.772        |
|    value_loss           | 0.992        |
------------------------------------------
------------------------------------------
| rollout/                |              |
|    ep_len_mean          | 24.5         |
|    ep_rew_mean          | 7.15         |
| time/                   |              |
|    fps                  | 116          |
|    iterations           | 22           |
|    time_elapsed         | 3096         |
|    total_timesteps      | 360448       |
| train/                  |              |
|    approx_kl            | 0.0064203218 |
|    clip_fraction        | 0.0818       |
|    clip_range           | 0.2          |
|    entropy_loss         | -1.13        |
|    explained_variance   | 0.937        |
|    learning_rate        | 0.0003       |
|    loss                 | 0.512        |
|    n_updates            | 210          |
|    policy_gradient_loss | -0.00295     |
|    std                  | 0.75         |
|    value_loss           | 0.759        |
------------------------------------------
------------------------------------------
| rollout/                |              |
|    ep_len_mean          | 25.6         |
|    ep_rew_mean          | 7.78         |
| time/                   |              |
|    fps                  | 116          |
|    iterations           | 23           |
|    time_elapsed         | 3242         |
|    total_timesteps      | 376832       |
| train/                  |              |
|    approx_kl            | 0.0076720794 |
|    clip_fraction        | 0.0952       |
|    clip_range           | 0.2          |
|    entropy_loss         | -1.11        |
|    explained_variance   | 0.924        |
|    learning_rate        | 0.0003       |
|    loss                 | 0.32         |
|    n_updates            | 220          |
|    policy_gradient_loss | -0.00344     |
|    std                  | 0.726        |
|    value_loss           | 1.03         |
------------------------------------------
------------------------------------------
| rollout/                |              |
|    ep_len_mean          | 25.2         |
|    ep_rew_mean          | 7.49         |
| time/                   |              |
|    fps                  | 116          |
|    iterations           | 24           |
|    time_elapsed         | 3386         |
|    total_timesteps      | 393216       |
| train/                  |              |
|    approx_kl            | 0.0074820826 |
|    clip_fraction        | 0.0767       |
|    clip_range           | 0.2          |
|    entropy_loss         | -1.08        |
|    explained_variance   | 0.932        |
|    learning_rate        | 0.0003       |
|    loss                 | 0.321        |
|    n_updates            | 230          |
|    policy_gradient_loss | -0.00172     |
|    std                  | 0.71         |
|    value_loss           | 0.912        |
------------------------------------------
----------------------------------------
| rollout/                |            |
|    ep_len_mean          | 27.4       |
|    ep_rew_mean          | 7.92       |
| time/                   |            |
|    fps                  | 116        |
|    iterations           | 25         |
|    time_elapsed         | 3521       |
|    total_timesteps      | 409600     |
| train/                  |            |
|    approx_kl            | 0.00672724 |
|    clip_fraction        | 0.0788     |
|    clip_range           | 0.2        |
|    entropy_loss         | -1.06      |
|    explained_variance   | 0.929      |
|    learning_rate        | 0.0003     |
|    loss                 | 0.386      |
|    n_updates            | 240        |
|    policy_gradient_loss | -0.002     |
|    std                  | 0.697      |
|    value_loss           | 0.968      |
----------------------------------------
-----------------------------------------
| rollout/                |             |
|    ep_len_mean          | 34          |
|    ep_rew_mean          | 8.19        |
| time/                   |             |
|    fps                  | 116         |
|    iterations           | 26          |
|    time_elapsed         | 3657        |
|    total_timesteps      | 425984      |
| train/                  |             |
|    approx_kl            | 0.008060629 |
|    clip_fraction        | 0.0778      |
|    clip_range           | 0.2         |
|    entropy_loss         | -1.02       |
|    explained_variance   | 0.923       |
|    learning_rate        | 0.0003      |
|    loss                 | 0.618       |
|    n_updates            | 250         |
|    policy_gradient_loss | -0.00274    |
|    std                  | 0.668       |
|    value_loss           | 0.972       |
-----------------------------------------
-----------------------------------------
| rollout/                |             |
|    ep_len_mean          | 31.3        |
|    ep_rew_mean          | 8.61        |
| time/                   |             |
|    fps                  | 116         |
|    iterations           | 27          |
|    time_elapsed         | 3790        |
|    total_timesteps      | 442368      |
| train/                  |             |
|    approx_kl            | 0.006183154 |
|    clip_fraction        | 0.082       |
|    clip_range           | 0.2         |
|    entropy_loss         | -0.997      |
|    explained_variance   | 0.905       |
|    learning_rate        | 0.0003      |
|    loss                 | 0.767       |
|    n_updates            | 260         |
|    policy_gradient_loss | -0.00315    |
|    std                  | 0.654       |
|    value_loss           | 1.38        |
-----------------------------------------
-----------------------------------------
| rollout/                |             |
|    ep_len_mean          | 46.2        |
|    ep_rew_mean          | 10.7        |
| time/                   |             |
|    fps                  | 117         |
|    iterations           | 28          |
|    time_elapsed         | 3918        |
|    total_timesteps      | 458752      |
| train/                  |             |
|    approx_kl            | 0.008302603 |
|    clip_fraction        | 0.0957      |
|    clip_range           | 0.2         |
|    entropy_loss         | -0.964      |
|    explained_variance   | 0.91        |
|    learning_rate        | 0.0003      |
|    loss                 | 0.636       |
|    n_updates            | 270         |
|    policy_gradient_loss | -0.00462    |
|    std                  | 0.636       |
|    value_loss           | 1.37        |
-----------------------------------------
-----------------------------------------
| rollout/                |             |
|    ep_len_mean          | 81          |
|    ep_rew_mean          | 16          |
| time/                   |             |
|    fps                  | 117         |
|    iterations           | 29          |
|    time_elapsed         | 4046        |
|    total_timesteps      | 475136      |
| train/                  |             |
|    approx_kl            | 0.006520808 |
|    clip_fraction        | 0.0789      |
|    clip_range           | 0.2         |
|    entropy_loss         | -0.948      |
|    explained_variance   | 0.883       |
|    learning_rate        | 0.0003      |
|    loss                 | 0.929       |
|    n_updates            | 280         |
|    policy_gradient_loss | -0.00373    |
|    std                  | 0.62        |
|    value_loss           | 1.87        |
-----------------------------------------
-----------------------------------------
| rollout/                |             |
|    ep_len_mean          | 51.5        |
|    ep_rew_mean          | 11.7        |
| time/                   |             |
|    fps                  | 117         |
|    iterations           | 30          |
|    time_elapsed         | 4168        |
|    total_timesteps      | 491520      |
| train/                  |             |
|    approx_kl            | 0.007981548 |
|    clip_fraction        | 0.0914      |
|    clip_range           | 0.2         |
|    entropy_loss         | -0.923      |
|    explained_variance   | 0.901       |
|    learning_rate        | 0.0003      |
|    loss                 | 1.07        |
|    n_updates            | 290         |
|    policy_gradient_loss | -0.00578    |
|    std                  | 0.607       |
|    value_loss           | 1.6         |
-----------------------------------------
-----------------------------------------
| rollout/                |             |
|    ep_len_mean          | 106         |
|    ep_rew_mean          | 22.3        |
| time/                   |             |
|    fps                  | 118         |
|    iterations           | 31          |
|    time_elapsed         | 4288        |
|    total_timesteps      | 507904      |
| train/                  |             |
|    approx_kl            | 0.007361211 |
|    clip_fraction        | 0.0882      |
|    clip_range           | 0.2         |
|    entropy_loss         | -0.902      |
|    explained_variance   | 0.773       |
|    learning_rate        | 0.0003      |
|    loss                 | 1.56        |
|    n_updates            | 300         |
|    policy_gradient_loss | -0.00454    |
|    std                  | 0.597       |
|    value_loss           | 2.87        |
-----------------------------------------
-----------------------------------------
| rollout/                |             |
|    ep_len_mean          | 71.7        |
|    ep_rew_mean          | 15.4        |
| time/                   |             |
|    fps                  | 118         |
|    iterations           | 32          |
|    time_elapsed         | 4419        |
|    total_timesteps      | 524288      |
| train/                  |             |
|    approx_kl            | 0.009034434 |
|    clip_fraction        | 0.103       |
|    clip_range           | 0.2         |
|    entropy_loss         | -0.878      |
|    explained_variance   | 0.847       |
|    learning_rate        | 0.0003      |
|    loss                 | 0.901       |
|    n_updates            | 310         |
|    policy_gradient_loss | -0.00532    |
|    std                  | 0.577       |
|    value_loss           | 1.64        |
-----------------------------------------
-----------------------------------------
| rollout/                |             |
|    ep_len_mean          | 122         |
|    ep_rew_mean          | 27.4        |
| time/                   |             |
|    fps                  | 118         |
|    iterations           | 33          |
|    time_elapsed         | 4556        |
|    total_timesteps      | 540672      |
| train/                  |             |
|    approx_kl            | 0.008059348 |
|    clip_fraction        | 0.099       |
|    clip_range           | 0.2         |
|    entropy_loss         | -0.848      |
|    explained_variance   | 0.723       |
|    learning_rate        | 0.0003      |
|    loss                 | 1.54        |
|    n_updates            | 320         |
|    policy_gradient_loss | -0.00572    |
|    std                  | 0.565       |
|    value_loss           | 4.09        |
-----------------------------------------
------------------------------------------
| rollout/                |              |
|    ep_len_mean          | 131          |
|    ep_rew_mean          | 29.8         |
| time/                   |              |
|    fps                  | 118          |
|    iterations           | 34           |
|    time_elapsed         | 4690         |
|    total_timesteps      | 557056       |
| train/                  |              |
|    approx_kl            | 0.0077237114 |
|    clip_fraction        | 0.0887       |
|    clip_range           | 0.2          |
|    entropy_loss         | -0.828       |
|    explained_variance   | 0.756        |
|    learning_rate        | 0.0003       |
|    loss                 | 0.854        |
|    n_updates            | 330          |
|    policy_gradient_loss | -0.00315     |
|    std                  | 0.552        |
|    value_loss           | 2.26         |
------------------------------------------
-----------------------------------------
| rollout/                |             |
|    ep_len_mean          | 147         |
|    ep_rew_mean          | 33.9        |
| time/                   |             |
|    fps                  | 118         |
|    iterations           | 35          |
|    time_elapsed         | 4821        |
|    total_timesteps      | 573440      |
| train/                  |             |
|    approx_kl            | 0.008631871 |
|    clip_fraction        | 0.0923      |
|    clip_range           | 0.2         |
|    entropy_loss         | -0.812      |
|    explained_variance   | 0.749       |
|    learning_rate        | 0.0003      |
|    loss                 | 1.08        |
|    n_updates            | 340         |
|    policy_gradient_loss | -0.00308    |
|    std                  | 0.542       |
|    value_loss           | 2.14        |
-----------------------------------------
-----------------------------------------
| rollout/                |             |
|    ep_len_mean          | 148         |
|    ep_rew_mean          | 34.9        |
| time/                   |             |
|    fps                  | 119         |
|    iterations           | 36          |
|    time_elapsed         | 4952        |
|    total_timesteps      | 589824      |
| train/                  |             |
|    approx_kl            | 0.007606967 |
|    clip_fraction        | 0.0997      |
|    clip_range           | 0.2         |
|    entropy_loss         | -0.787      |
|    explained_variance   | 0.894       |
|    learning_rate        | 0.0003      |
|    loss                 | 1.17        |
|    n_updates            | 350         |
|    policy_gradient_loss | -0.00255    |
|    std                  | 0.531       |
|    value_loss           | 0.659       |
-----------------------------------------
------------------------------------------
| rollout/                |              |
|    ep_len_mean          | 150          |
|    ep_rew_mean          | 35.3         |
| time/                   |              |
|    fps                  | 119          |
|    iterations           | 37           |
|    time_elapsed         | 5079         |
|    total_timesteps      | 606208       |
| train/                  |              |
|    approx_kl            | 0.0067064543 |
|    clip_fraction        | 0.0762       |
|    clip_range           | 0.2          |
|    entropy_loss         | -0.782       |
|    explained_variance   | 0.831        |
|    learning_rate        | 0.0003       |
|    loss                 | 0.492        |
|    n_updates            | 360          |
|    policy_gradient_loss | 0.000384     |
|    std                  | 0.53         |
|    value_loss           | 1.29         |
------------------------------------------
-----------------------------------------
| rollout/                |             |
|    ep_len_mean          | 151         |
|    ep_rew_mean          | 35.6        |
| time/                   |             |
|    fps                  | 119         |
|    iterations           | 38          |
|    time_elapsed         | 5205        |
|    total_timesteps      | 622592      |
| train/                  |             |
|    approx_kl            | 0.008133436 |
|    clip_fraction        | 0.0858      |
|    clip_range           | 0.2         |
|    entropy_loss         | -0.781      |
|    explained_variance   | 0.908       |
|    learning_rate        | 0.0003      |
|    loss                 | 0.0913      |
|    n_updates            | 370         |
|    policy_gradient_loss | -0.000144   |
|    std                  | 0.529       |
|    value_loss           | 0.753       |
-----------------------------------------
------------------------------------------
| rollout/                |              |
|    ep_len_mean          | 150          |
|    ep_rew_mean          | 35.5         |
| time/                   |              |
|    fps                  | 119          |
|    iterations           | 39           |
|    time_elapsed         | 5328         |
|    total_timesteps      | 638976       |
| train/                  |              |
|    approx_kl            | 0.0063373707 |
|    clip_fraction        | 0.0876       |
|    clip_range           | 0.2          |
|    entropy_loss         | -0.774       |
|    explained_variance   | 0.941        |
|    learning_rate        | 0.0003       |
|    loss                 | 0.121        |
|    n_updates            | 380          |
|    policy_gradient_loss | -0.002       |
|    std                  | 0.525        |
|    value_loss           | 0.472        |
------------------------------------------
-----------------------------------------
| rollout/                |             |
|    ep_len_mean          | 142         |
|    ep_rew_mean          | 34.2        |
| time/                   |             |
|    fps                  | 120         |
|    iterations           | 40          |
|    time_elapsed         | 5456        |
|    total_timesteps      | 655360      |
| train/                  |             |
|    approx_kl            | 0.007765065 |
|    clip_fraction        | 0.0804      |
|    clip_range           | 0.2         |
|    entropy_loss         | -0.766      |
|    explained_variance   | 0.926       |
|    learning_rate        | 0.0003      |
|    loss                 | 0.165       |
|    n_updates            | 390         |
|    policy_gradient_loss | -0.00123    |
|    std                  | 0.519       |
|    value_loss           | 0.688       |
-----------------------------------------
-----------------------------------------
| rollout/                |             |
|    ep_len_mean          | 141         |
|    ep_rew_mean          | 32.9        |
| time/                   |             |
|    fps                  | 120         |
|    iterations           | 41          |
|    time_elapsed         | 5585        |
|    total_timesteps      | 671744      |
| train/                  |             |
|    approx_kl            | 0.008036075 |
|    clip_fraction        | 0.0751      |
|    clip_range           | 0.2         |
|    entropy_loss         | -0.762      |
|    explained_variance   | 0.831       |
|    learning_rate        | 0.0003      |
|    loss                 | 0.343       |
|    n_updates            | 400         |
|    policy_gradient_loss | -0.00022    |
|    std                  | 0.517       |
|    value_loss           | 1.75        |
-----------------------------------------
------------------------------------------
| rollout/                |              |
|    ep_len_mean          | 151          |
|    ep_rew_mean          | 36.5         |
| time/                   |              |
|    fps                  | 120          |
|    iterations           | 42           |
|    time_elapsed         | 5720         |
|    total_timesteps      | 688128       |
| train/                  |              |
|    approx_kl            | 0.0053434414 |
|    clip_fraction        | 0.0747       |
|    clip_range           | 0.2          |
|    entropy_loss         | -0.76        |
|    explained_variance   | 0.553        |
|    learning_rate        | 0.0003       |
|    loss                 | 2.7          |
|    n_updates            | 410          |
|    policy_gradient_loss | -0.00152     |
|    std                  | 0.516        |
|    value_loss           | 5.57         |
------------------------------------------
------------------------------------------
| rollout/                |              |
|    ep_len_mean          | 150          |
|    ep_rew_mean          | 36.5         |
| time/                   |              |
|    fps                  | 120          |
|    iterations           | 43           |
|    time_elapsed         | 5846         |
|    total_timesteps      | 704512       |
| train/                  |              |
|    approx_kl            | 0.0054742685 |
|    clip_fraction        | 0.0891       |
|    clip_range           | 0.2          |
|    entropy_loss         | -0.745       |
|    explained_variance   | 0.889        |
|    learning_rate        | 0.0003       |
|    loss                 | 0.136        |
|    n_updates            | 420          |
|    policy_gradient_loss | -0.000855    |
|    std                  | 0.509        |
|    value_loss           | 0.788        |
------------------------------------------
-----------------------------------------
| rollout/                |             |
|    ep_len_mean          | 150         |
|    ep_rew_mean          | 36.8        |
| time/                   |             |
|    fps                  | 120         |
|    iterations           | 44          |
|    time_elapsed         | 5980        |
|    total_timesteps      | 720896      |
| train/                  |             |
|    approx_kl            | 0.008154592 |
|    clip_fraction        | 0.0888      |
|    clip_range           | 0.2         |
|    entropy_loss         | -0.729      |
|    explained_variance   | 0.907       |
|    learning_rate        | 0.0003      |
|    loss                 | 0.162       |
|    n_updates            | 430         |
|    policy_gradient_loss | -0.00136    |
|    std                  | 0.5         |
|    value_loss           | 0.589       |
-----------------------------------------
-----------------------------------------
| rollout/                |             |
|    ep_len_mean          | 151         |
|    ep_rew_mean          | 37.1        |
| time/                   |             |
|    fps                  | 120         |
|    iterations           | 45          |
|    time_elapsed         | 6115        |
|    total_timesteps      | 737280      |
| train/                  |             |
|    approx_kl            | 0.006643445 |
|    clip_fraction        | 0.0722      |
|    clip_range           | 0.2         |
|    entropy_loss         | -0.706      |
|    explained_variance   | 0.828       |
|    learning_rate        | 0.0003      |
|    loss                 | 1.64        |
|    n_updates            | 440         |
|    policy_gradient_loss | 0.000156    |
|    std                  | 0.489       |
|    value_loss           | 1.35        |
-----------------------------------------
-----------------------------------------
| rollout/                |             |
|    ep_len_mean          | 148         |
|    ep_rew_mean          | 36.7        |
| time/                   |             |
|    fps                  | 120         |
|    iterations           | 46          |
|    time_elapsed         | 6243        |
|    total_timesteps      | 753664      |
| train/                  |             |
|    approx_kl            | 0.005350131 |
|    clip_fraction        | 0.0799      |
|    clip_range           | 0.2         |
|    entropy_loss         | -0.699      |
|    explained_variance   | 0.881       |
|    learning_rate        | 0.0003      |
|    loss                 | 0.0933      |
|    n_updates            | 450         |
|    policy_gradient_loss | 0.00072     |
|    std                  | 0.486       |
|    value_loss           | 0.586       |
-----------------------------------------
------------------------------------------
| rollout/                |              |
|    ep_len_mean          | 148          |
|    ep_rew_mean          | 36.5         |
| time/                   |              |
|    fps                  | 120          |
|    iterations           | 47           |
|    time_elapsed         | 6380         |
|    total_timesteps      | 770048       |
| train/                  |              |
|    approx_kl            | 0.0060124258 |
|    clip_fraction        | 0.0826       |
|    clip_range           | 0.2          |
|    entropy_loss         | -0.681       |
|    explained_variance   | 0.887        |
|    learning_rate        | 0.0003       |
|    loss                 | 0.131        |
|    n_updates            | 460          |
|    policy_gradient_loss | -0.00191     |
|    std                  | 0.477        |
|    value_loss           | 0.475        |
------------------------------------------
------------------------------------------
| rollout/                |              |
|    ep_len_mean          | 148          |
|    ep_rew_mean          | 36.6         |
| time/                   |              |
|    fps                  | 120          |
|    iterations           | 48           |
|    time_elapsed         | 6515         |
|    total_timesteps      | 786432       |
| train/                  |              |
|    approx_kl            | 0.0073464215 |
|    clip_fraction        | 0.0746       |
|    clip_range           | 0.2          |
|    entropy_loss         | -0.67        |
|    explained_variance   | 0.73         |
|    learning_rate        | 0.0003       |
|    loss                 | 0.185        |
|    n_updates            | 470          |
|    policy_gradient_loss | 0.000921     |
|    std                  | 0.472        |
|    value_loss           | 1.47         |
------------------------------------------
------------------------------------------
| rollout/                |              |
|    ep_len_mean          | 150          |
|    ep_rew_mean          | 37           |
| time/                   |              |
|    fps                  | 120          |
|    iterations           | 49           |
|    time_elapsed         | 6646         |
|    total_timesteps      | 802816       |
| train/                  |              |
|    approx_kl            | 0.0059407116 |
|    clip_fraction        | 0.0845       |
|    clip_range           | 0.2          |
|    entropy_loss         | -0.66        |
|    explained_variance   | 0.731        |
|    learning_rate        | 0.0003       |
|    loss                 | 0.0906       |
|    n_updates            | 480          |
|    policy_gradient_loss | 0.000225     |
|    std                  | 0.469        |
|    value_loss           | 1.29         |
------------------------------------------
-----------------------------------------
| rollout/                |             |
|    ep_len_mean          | 151         |
|    ep_rew_mean          | 36.8        |
| time/                   |             |
|    fps                  | 120         |
|    iterations           | 50          |
|    time_elapsed         | 6781        |
|    total_timesteps      | 819200      |
| train/                  |             |
|    approx_kl            | 0.007009993 |
|    clip_fraction        | 0.0742      |
|    clip_range           | 0.2         |
|    entropy_loss         | -0.65       |
|    explained_variance   | 0.583       |
|    learning_rate        | 0.0003      |
|    loss                 | 3.26        |
|    n_updates            | 490         |
|    policy_gradient_loss | 8.85e-05    |
|    std                  | 0.463       |
|    value_loss           | 2.75        |
-----------------------------------------
------------------------------------------
| rollout/                |              |
|    ep_len_mean          | 151          |
|    ep_rew_mean          | 37           |
| time/                   |              |
|    fps                  | 120          |
|    iterations           | 51           |
|    time_elapsed         | 6913         |
|    total_timesteps      | 835584       |
| train/                  |              |
|    approx_kl            | 0.0074016023 |
|    clip_fraction        | 0.085        |
|    clip_range           | 0.2          |
|    entropy_loss         | -0.644       |
|    explained_variance   | 0.771        |
|    learning_rate        | 0.0003       |
|    loss                 | 0.242        |
|    n_updates            | 500          |
|    policy_gradient_loss | -0.000344    |
|    std                  | 0.459        |
|    value_loss           | 0.83         |
------------------------------------------
------------------------------------------
| rollout/                |              |
|    ep_len_mean          | 148          |
|    ep_rew_mean          | 36           |
| time/                   |              |
|    fps                  | 120          |
|    iterations           | 52           |
|    time_elapsed         | 7042         |
|    total_timesteps      | 851968       |
| train/                  |              |
|    approx_kl            | 0.0050023366 |
|    clip_fraction        | 0.0612       |
|    clip_range           | 0.2          |
|    entropy_loss         | -0.642       |
|    explained_variance   | 0.929        |
|    learning_rate        | 0.0003       |
|    loss                 | 0.0498       |
|    n_updates            | 510          |
|    policy_gradient_loss | 0.000822     |
|    std                  | 0.46         |
|    value_loss           | 0.123        |
------------------------------------------
------------------------------------------
| rollout/                |              |
|    ep_len_mean          | 151          |
|    ep_rew_mean          | 36.7         |
| time/                   |              |
|    fps                  | 121          |
|    iterations           | 53           |
|    time_elapsed         | 7176         |
|    total_timesteps      | 868352       |
| train/                  |              |
|    approx_kl            | 0.0061522997 |
|    clip_fraction        | 0.0607       |
|    clip_range           | 0.2          |
|    entropy_loss         | -0.631       |
|    explained_variance   | 0.832        |
|    learning_rate        | 0.0003       |
|    loss                 | 0.626        |
|    n_updates            | 520          |
|    policy_gradient_loss | 0.00053      |
|    std                  | 0.454        |
|    value_loss           | 0.421        |
------------------------------------------
-----------------------------------------
| rollout/                |             |
|    ep_len_mean          | 151         |
|    ep_rew_mean          | 37.2        |
| time/                   |             |
|    fps                  | 121         |
|    iterations           | 54          |
|    time_elapsed         | 7306        |
|    total_timesteps      | 884736      |
| train/                  |             |
|    approx_kl            | 0.004016438 |
|    clip_fraction        | 0.0493      |
|    clip_range           | 0.2         |
|    entropy_loss         | -0.614      |
|    explained_variance   | 0.941       |
|    learning_rate        | 0.0003      |
|    loss                 | 0.0508      |
|    n_updates            | 530         |
|    policy_gradient_loss | 1.02e-05    |
|    std                  | 0.448       |
|    value_loss           | 0.118       |
-----------------------------------------
-----------------------------------------
| rollout/                |             |
|    ep_len_mean          | 151         |
|    ep_rew_mean          | 37.4        |
| time/                   |             |
|    fps                  | 121         |
|    iterations           | 55          |
|    time_elapsed         | 7438        |
|    total_timesteps      | 901120      |
| train/                  |             |
|    approx_kl            | 0.004765682 |
|    clip_fraction        | 0.064       |
|    clip_range           | 0.2         |
|    entropy_loss         | -0.611      |
|    explained_variance   | 0.958       |
|    learning_rate        | 0.0003      |
|    loss                 | 0.0606      |
|    n_updates            | 540         |
|    policy_gradient_loss | 0.000676    |
|    std                  | 0.444       |
|    value_loss           | 0.104       |
-----------------------------------------
-----------------------------------------
| rollout/                |             |
|    ep_len_mean          | 150         |
|    ep_rew_mean          | 36.8        |
| time/                   |             |
|    fps                  | 121         |
|    iterations           | 56          |
|    time_elapsed         | 7572        |
|    total_timesteps      | 917504      |
| train/                  |             |
|    approx_kl            | 0.004614421 |
|    clip_fraction        | 0.0626      |
|    clip_range           | 0.2         |
|    entropy_loss         | -0.597      |
|    explained_variance   | 0.966       |
|    learning_rate        | 0.0003      |
|    loss                 | 0.0463      |
|    n_updates            | 550         |
|    policy_gradient_loss | -3.13e-05   |
|    std                  | 0.439       |
|    value_loss           | 0.0957      |
-----------------------------------------
------------------------------------------
| rollout/                |              |
|    ep_len_mean          | 148          |
|    ep_rew_mean          | 36.6         |
| time/                   |              |
|    fps                  | 121          |
|    iterations           | 57           |
|    time_elapsed         | 7702         |
|    total_timesteps      | 933888       |
| train/                  |              |
|    approx_kl            | 0.0057783606 |
|    clip_fraction        | 0.0519       |
|    clip_range           | 0.2          |
|    entropy_loss         | -0.609       |
|    explained_variance   | 0.392        |
|    learning_rate        | 0.0003       |
|    loss                 | 2.12         |
|    n_updates            | 560          |
|    policy_gradient_loss | -0.00179     |
|    std                  | 0.449        |
|    value_loss           | 4.48         |
------------------------------------------
-----------------------------------------
| rollout/                |             |
|    ep_len_mean          | 151         |
|    ep_rew_mean          | 36.9        |
| time/                   |             |
|    fps                  | 121         |
|    iterations           | 58          |
|    time_elapsed         | 7831        |
|    total_timesteps      | 950272      |
| train/                  |             |
|    approx_kl            | 0.004955951 |
|    clip_fraction        | 0.0674      |
|    clip_range           | 0.2         |
|    entropy_loss         | -0.612      |
|    explained_variance   | 0.802       |
|    learning_rate        | 0.0003      |
|    loss                 | 0.0417      |
|    n_updates            | 570         |
|    policy_gradient_loss | -0.000692   |
|    std                  | 0.447       |
|    value_loss           | 0.428       |
-----------------------------------------
-----------------------------------------
| rollout/                |             |
|    ep_len_mean          | 151         |
|    ep_rew_mean          | 37          |
| time/                   |             |
|    fps                  | 121         |
|    iterations           | 59          |
|    time_elapsed         | 7957        |
|    total_timesteps      | 966656      |
| train/                  |             |
|    approx_kl            | 0.005594732 |
|    clip_fraction        | 0.0605      |
|    clip_range           | 0.2         |
|    entropy_loss         | -0.592      |
|    explained_variance   | 0.941       |
|    learning_rate        | 0.0003      |
|    loss                 | 0.0607      |
|    n_updates            | 580         |
|    policy_gradient_loss | -0.000334   |
|    std                  | 0.437       |
|    value_loss           | 0.0934      |
-----------------------------------------
----------------------------------------
| rollout/                |            |
|    ep_len_mean          | 151        |
|    ep_rew_mean          | 36.7       |
| time/                   |            |
|    fps                  | 121        |
|    iterations           | 60         |
|    time_elapsed         | 8085       |
|    total_timesteps      | 983040     |
| train/                  |            |
|    approx_kl            | 0.00515638 |
|    clip_fraction        | 0.0547     |
|    clip_range           | 0.2        |
|    entropy_loss         | -0.595     |
|    explained_variance   | 0.958      |
|    learning_rate        | 0.0003     |
|    loss                 | 0.0337     |
|    n_updates            | 590        |
|    policy_gradient_loss | 0.00032    |
|    std                  | 0.437      |
|    value_loss           | 0.078      |
----------------------------------------
-----------------------------------------
| rollout/                |             |
|    ep_len_mean          | 151         |
|    ep_rew_mean          | 37          |
| time/                   |             |
|    fps                  | 121         |
|    iterations           | 61          |
|    time_elapsed         | 8216        |
|    total_timesteps      | 999424      |
| train/                  |             |
|    approx_kl            | 0.004568295 |
|    clip_fraction        | 0.0468      |
|    clip_range           | 0.2         |
|    entropy_loss         | -0.576      |
|    explained_variance   | 0.968       |
|    learning_rate        | 0.0003      |
|    loss                 | 0.00815     |
|    n_updates            | 600         |
|    policy_gradient_loss | 0.000633    |
|    std                  | 0.43        |
|    value_loss           | 0.074       |
-----------------------------------------
------------------------------------------
| rollout/                |              |
|    ep_len_mean          | 151          |
|    ep_rew_mean          | 36.8         |
| time/                   |              |
|    fps                  | 121          |
|    iterations           | 62           |
|    time_elapsed         | 8346         |
|    total_timesteps      | 1015808      |
| train/                  |              |
|    approx_kl            | 0.0043852907 |
|    clip_fraction        | 0.0524       |
|    clip_range           | 0.2          |
|    entropy_loss         | -0.563       |
|    explained_variance   | 0.967        |
|    learning_rate        | 0.0003       |
|    loss                 | 0.0385       |
|    n_updates            | 610          |
|    policy_gradient_loss | 0.00102      |
|    std                  | 0.422        |
|    value_loss           | 0.0821       |
------------------------------------------


###############################################################################
TCHPC Cluster: callan
Job 168818 (shared_base_cf_obs15_seed2_cv2_1000000_v10_diag) for User 'hadjitot' in Account 'callan_hadjitot'
Finished at: Fri Mar 20 06:49:00 GMT 2026

Job efficiency estimates:
=========================

Job ID: 168818
Cluster: callan
User/Group: hadjitot/hadjitot
State: COMPLETED (exit code 0)
Nodes: 1
Cores per node: 16
CPU Utilized: 04:15:19
CPU Efficiency: 11.00% of 1-14:41:52 core-walltime
Job Wall-clock time: 02:25:07
Memory Utilized: 732.59 MB
Memory Efficiency: 2.24% of 32.00 GB (32.00 GB/node)

Job completion status:
======================

JobID           JobName AllocCPUS NTasks NNodes     MaxRSS    MaxRSSNode  MaxDiskRead MaxDiskWrite    Elapsed      State ExitCode 
------------ ---------- --------- ------ ------ ---------- ------------- ------------ ------------ ---------- ---------- -------- 
168818       shared_ba+        16             1                                                      02:25:07  COMPLETED      0:0 
168818.batch      batch        16      1      1    750176K    callan-n12      792.66M      732.70M   02:25:07  COMPLETED      0:0 
168818.exte+     extern        16      1      1                                                      02:25:07  COMPLETED      0:0 


Job details:
============

JobId=168818 JobName=shared_base_cf_obs15_seed2_cv2_1000000_v10_diag
   UserId=hadjitot(2357) GroupId=hadjitot(2300) MCS_label=N/A
   Priority=111447 Nice=0 Account=callan_hadjitot QOS=normal
   JobState=COMPLETING Reason=None Dependency=(null)
   Requeue=0 Restarts=0 BatchFlag=1 Reboot=0 ExitCode=0:0
   DerivedExitCode=0:0
   RunTime=02:25:07 TimeLimit=2-00:00:00 TimeMin=N/A
   SubmitTime=2026-03-19T20:18:40 EligibleTime=2026-03-19T20:18:40
   AccrueTime=2026-03-19T20:18:40
   StartTime=2026-03-20T04:23:53 EndTime=2026-03-20T06:49:00 Deadline=N/A
   SuspendTime=None SecsPreSuspend=0 LastSchedEval=2026-03-20T04:23:53 Scheduler=Backfill
   Partition=compute AllocNode:Sid=callan01:191490
   ReqNodeList=(null) ExcNodeList=(null)
   NodeList=callan-n12
   BatchHost=callan-n12
   NumNodes=1 NumCPUs=16 NumTasks=1 CPUs/Task=16 ReqB:S:C:T=0:0:*:*
   ReqTRES=cpu=16,mem=32G,node=1,billing=16
   AllocTRES=cpu=16,mem=32G,node=1,billing=16
   Socks/Node=* NtasksPerN:B:S:C=0:0:*:* CoreSpec=*
   JOB_GRES=(null)
     Nodes=callan-n12 CPU_IDs=2-15,20-21 Mem=32768 GRES=
   MinCPUsNode=16 MinMemoryNode=32G MinTmpDiskNode=0
   Features=(null) DelayBoot=00:00:00
   OverSubscribe=OK Contiguous=0 Licenses=(null) LicensesAlloc=(null) Network=(null)
   Command=/home/users/hadjitot/fyp/HighwayEnv/slurm/train_shared.sbatch
   WorkDir=/home/users/hadjitot/fyp/HighwayEnv
   StdErr=/home/users/hadjitot/fyp/HighwayEnv/slurm_out/shared_base_cf_obs15_seed2_cv2_1000000_v10_diag_168818.err
   StdIn=/dev/null
   StdOut=/home/users/hadjitot/fyp/HighwayEnv/slurm_out/shared_base_cf_obs15_seed2_cv2_1000000_v10_diag_168818.out
   TresPerTask=cpu=16
   


Disk quota details:
===================

                         Block Limits                                    |                     File Limits
Name       type             MB      quota      limit   in_doubt    grace |    files   quota    limit in_doubt    grace
root       USR         4867221          0          0        674     none |   393597       0        0      347     none
root       FILESET     4890174          0          0       3408     none |  9854258       0        0      906     none


SLURM Bank Statement:
=====================

User           Usage |        Account     Usage | Account Limit Available (CPU hrs)
---------- --------- + -------------- --------- + ------------- ---------
hadjitot      14,317 | CALLAN_HADJITOT    14,317 |       300,000   285,683


Acknowledgements:
=================

Note that usage of TCHPC Resources *must* be acknowledged in all publications.

Please see this page for details relevant to this cluster:

http://www.tchpc.tcd.ie/resources/acknowledgementpolicy

################################################################################
