Loading Anaconda 3 2024.02-1
SCENARIO_NAME=highway_lanechange_dense_obs20
EXP_VERSION=v10_diag
TOTAL_TIMESTEPS=1000000
SEEDS=2
CONTROLLED_VEHICLES=2
N_WORLDS=4
VEC_MODE=async
TARGET_ROLLOUT_SIZE=16384
DEVICE=cpu
MODEL_DIR=runs/models
MONITOR_ROOT=runs/monitor
TB_DIR=runs/tb
ATTN_MODE=learned
X_INDEX=1
VX_INDEX=3
ORACLE_RULE=leader_x
TTC_EPS=1e-6
ppo_shared_attn_learned_highway_lanechange_dense_obs20_v10_diag_cv2_seed2 agents: 2 agent obs shape: (20, 5) joint action space: Tuple(Box(-1.0, 1.0, (2,), float32), Box(-1.0, 1.0, (2,), float32))
ppo_shared_attn_learned_highway_lanechange_dense_obs20_v10_diag_cv2_seed2: worlds=4, agents_per_world=2, ppo_slots=8, vec_mode=async, n_steps=2048, attn_mode=learned, oracle_rule=leader_x
Using cpu device
Logging to runs/tb/ppo_shared_attn_learned_highway_lanechange_dense_obs20_v10_diag_cv2_seed2_1
---------------------------------
| rollout/           |          |
|    ep_len_mean     | 3.64     |
|    ep_rew_mean     | 0.771    |
|    success_rate    | 0        |
| time/              |          |
|    fps             | 147      |
|    iterations      | 1        |
|    time_elapsed    | 111      |
|    total_timesteps | 16384    |
---------------------------------
------------------------------------------
| rollout/                |              |
|    ep_len_mean          | 3.06         |
|    ep_rew_mean          | 0.732        |
|    success_rate         | 0            |
| time/                   |              |
|    fps                  | 141          |
|    iterations           | 2            |
|    time_elapsed         | 232          |
|    total_timesteps      | 32768        |
| train/                  |              |
|    approx_kl            | 0.0066334396 |
|    clip_fraction        | 0.0647       |
|    clip_range           | 0.2          |
|    entropy_loss         | -2.84        |
|    explained_variance   | 0.0181       |
|    learning_rate        | 0.0003       |
|    loss                 | 0.98         |
|    n_updates            | 10           |
|    policy_gradient_loss | -0.00641     |
|    std                  | 0.999        |
|    value_loss           | 2.46         |
------------------------------------------
-----------------------------------------
| rollout/                |             |
|    ep_len_mean          | 3.5         |
|    ep_rew_mean          | 0.614       |
|    success_rate         | 0           |
| time/                   |             |
|    fps                  | 139         |
|    iterations           | 3           |
|    time_elapsed         | 352         |
|    total_timesteps      | 49152       |
| train/                  |             |
|    approx_kl            | 0.010105044 |
|    clip_fraction        | 0.108       |
|    clip_range           | 0.2         |
|    entropy_loss         | -2.81       |
|    explained_variance   | 0.0847      |
|    learning_rate        | 0.0003      |
|    loss                 | 1.33        |
|    n_updates            | 20          |
|    policy_gradient_loss | -0.0084     |
|    std                  | 0.98        |
|    value_loss           | 1.92        |
-----------------------------------------
-----------------------------------------
| rollout/                |             |
|    ep_len_mean          | 4.4         |
|    ep_rew_mean          | 0.982       |
|    success_rate         | 0           |
| time/                   |             |
|    fps                  | 139         |
|    iterations           | 4           |
|    time_elapsed         | 470         |
|    total_timesteps      | 65536       |
| train/                  |             |
|    approx_kl            | 0.019853316 |
|    clip_fraction        | 0.211       |
|    clip_range           | 0.2         |
|    entropy_loss         | -2.75       |
|    explained_variance   | 0.0967      |
|    learning_rate        | 0.0003      |
|    loss                 | 0.661       |
|    n_updates            | 30          |
|    policy_gradient_loss | -0.0166     |
|    std                  | 0.951       |
|    value_loss           | 1.42        |
-----------------------------------------
-----------------------------------------
| rollout/                |             |
|    ep_len_mean          | 6.34        |
|    ep_rew_mean          | 1.95        |
|    success_rate         | 0           |
| time/                   |             |
|    fps                  | 139         |
|    iterations           | 5           |
|    time_elapsed         | 585         |
|    total_timesteps      | 81920       |
| train/                  |             |
|    approx_kl            | 0.024043167 |
|    clip_fraction        | 0.246       |
|    clip_range           | 0.2         |
|    entropy_loss         | -2.66       |
|    explained_variance   | 0.0875      |
|    learning_rate        | 0.0003      |
|    loss                 | 0.625       |
|    n_updates            | 40          |
|    policy_gradient_loss | -0.0196     |
|    std                  | 0.916       |
|    value_loss           | 1.38        |
-----------------------------------------
-----------------------------------------
| rollout/                |             |
|    ep_len_mean          | 7.84        |
|    ep_rew_mean          | 2.48        |
|    success_rate         | 0           |
| time/                   |             |
|    fps                  | 140         |
|    iterations           | 6           |
|    time_elapsed         | 697         |
|    total_timesteps      | 98304       |
| train/                  |             |
|    approx_kl            | 0.023477437 |
|    clip_fraction        | 0.233       |
|    clip_range           | 0.2         |
|    entropy_loss         | -2.59       |
|    explained_variance   | 0.0753      |
|    learning_rate        | 0.0003      |
|    loss                 | 0.502       |
|    n_updates            | 50          |
|    policy_gradient_loss | -0.0206     |
|    std                  | 0.883       |
|    value_loss           | 1.51        |
-----------------------------------------
----------------------------------------
| rollout/                |            |
|    ep_len_mean          | 9.74       |
|    ep_rew_mean          | 2.94       |
|    success_rate         | 0          |
| time/                   |            |
|    fps                  | 142        |
|    iterations           | 7          |
|    time_elapsed         | 804        |
|    total_timesteps      | 114688     |
| train/                  |            |
|    approx_kl            | 0.01982889 |
|    clip_fraction        | 0.214      |
|    clip_range           | 0.2        |
|    entropy_loss         | -2.51      |
|    explained_variance   | 0.152      |
|    learning_rate        | 0.0003     |
|    loss                 | 0.851      |
|    n_updates            | 60         |
|    policy_gradient_loss | -0.0176    |
|    std                  | 0.85       |
|    value_loss           | 1.81       |
----------------------------------------
-----------------------------------------
| rollout/                |             |
|    ep_len_mean          | 18.5        |
|    ep_rew_mean          | 6.1         |
|    success_rate         | 0           |
| time/                   |             |
|    fps                  | 144         |
|    iterations           | 8           |
|    time_elapsed         | 908         |
|    total_timesteps      | 131072      |
| train/                  |             |
|    approx_kl            | 0.016868586 |
|    clip_fraction        | 0.168       |
|    clip_range           | 0.2         |
|    entropy_loss         | -2.45       |
|    explained_variance   | 0.165       |
|    learning_rate        | 0.0003      |
|    loss                 | 1.25        |
|    n_updates            | 70          |
|    policy_gradient_loss | -0.0123     |
|    std                  | 0.83        |
|    value_loss           | 3.09        |
-----------------------------------------
-----------------------------------------
| rollout/                |             |
|    ep_len_mean          | 28.6        |
|    ep_rew_mean          | 9.6         |
|    success_rate         | 0           |
| time/                   |             |
|    fps                  | 145         |
|    iterations           | 9           |
|    time_elapsed         | 1010        |
|    total_timesteps      | 147456      |
| train/                  |             |
|    approx_kl            | 0.012469733 |
|    clip_fraction        | 0.131       |
|    clip_range           | 0.2         |
|    entropy_loss         | -2.39       |
|    explained_variance   | 0.157       |
|    learning_rate        | 0.0003      |
|    loss                 | 2.53        |
|    n_updates            | 80          |
|    policy_gradient_loss | -0.00776    |
|    std                  | 0.813       |
|    value_loss           | 5.36        |
-----------------------------------------
-----------------------------------------
| rollout/                |             |
|    ep_len_mean          | 29.3        |
|    ep_rew_mean          | 9.14        |
|    success_rate         | 0           |
| time/                   |             |
|    fps                  | 147         |
|    iterations           | 10          |
|    time_elapsed         | 1111        |
|    total_timesteps      | 163840      |
| train/                  |             |
|    approx_kl            | 0.016830698 |
|    clip_fraction        | 0.149       |
|    clip_range           | 0.2         |
|    entropy_loss         | -2.34       |
|    explained_variance   | 0.188       |
|    learning_rate        | 0.0003      |
|    loss                 | 4.24        |
|    n_updates            | 90          |
|    policy_gradient_loss | 0.000241    |
|    std                  | 0.8         |
|    value_loss           | 7.62        |
-----------------------------------------
-----------------------------------------
| rollout/                |             |
|    ep_len_mean          | 49.5        |
|    ep_rew_mean          | 14.2        |
|    success_rate         | 0           |
| time/                   |             |
|    fps                  | 148         |
|    iterations           | 11          |
|    time_elapsed         | 1211        |
|    total_timesteps      | 180224      |
| train/                  |             |
|    approx_kl            | 0.009624839 |
|    clip_fraction        | 0.105       |
|    clip_range           | 0.2         |
|    entropy_loss         | -2.3        |
|    explained_variance   | 0.251       |
|    learning_rate        | 0.0003      |
|    loss                 | 5.09        |
|    n_updates            | 100         |
|    policy_gradient_loss | 0.000191    |
|    std                  | 0.787       |
|    value_loss           | 11.6        |
-----------------------------------------
-----------------------------------------
| rollout/                |             |
|    ep_len_mean          | 52.3        |
|    ep_rew_mean          | 16.3        |
|    success_rate         | 0           |
| time/                   |             |
|    fps                  | 149         |
|    iterations           | 12          |
|    time_elapsed         | 1311        |
|    total_timesteps      | 196608      |
| train/                  |             |
|    approx_kl            | 0.012135367 |
|    clip_fraction        | 0.126       |
|    clip_range           | 0.2         |
|    entropy_loss         | -2.27       |
|    explained_variance   | 0.307       |
|    learning_rate        | 0.0003      |
|    loss                 | 7.82        |
|    n_updates            | 110         |
|    policy_gradient_loss | 0.00173     |
|    std                  | 0.782       |
|    value_loss           | 14.4        |
-----------------------------------------
-----------------------------------------
| rollout/                |             |
|    ep_len_mean          | 51.7        |
|    ep_rew_mean          | 15.7        |
|    success_rate         | 0           |
| time/                   |             |
|    fps                  | 151         |
|    iterations           | 13          |
|    time_elapsed         | 1409        |
|    total_timesteps      | 212992      |
| train/                  |             |
|    approx_kl            | 0.008925723 |
|    clip_fraction        | 0.104       |
|    clip_range           | 0.2         |
|    entropy_loss         | -2.23       |
|    explained_variance   | 0.429       |
|    learning_rate        | 0.0003      |
|    loss                 | 5.1         |
|    n_updates            | 120         |
|    policy_gradient_loss | -0.000712   |
|    std                  | 0.766       |
|    value_loss           | 11.4        |
-----------------------------------------
-----------------------------------------
| rollout/                |             |
|    ep_len_mean          | 57.9        |
|    ep_rew_mean          | 16.7        |
|    success_rate         | 0           |
| time/                   |             |
|    fps                  | 152         |
|    iterations           | 14          |
|    time_elapsed         | 1508        |
|    total_timesteps      | 229376      |
| train/                  |             |
|    approx_kl            | 0.009260152 |
|    clip_fraction        | 0.107       |
|    clip_range           | 0.2         |
|    entropy_loss         | -2.19       |
|    explained_variance   | 0.44        |
|    learning_rate        | 0.0003      |
|    loss                 | 4.57        |
|    n_updates            | 130         |
|    policy_gradient_loss | -0.00052    |
|    std                  | 0.754       |
|    value_loss           | 11.7        |
-----------------------------------------
-----------------------------------------
| rollout/                |             |
|    ep_len_mean          | 80.2        |
|    ep_rew_mean          | 21.7        |
|    success_rate         | 0           |
| time/                   |             |
|    fps                  | 152         |
|    iterations           | 15          |
|    time_elapsed         | 1607        |
|    total_timesteps      | 245760      |
| train/                  |             |
|    approx_kl            | 0.010397698 |
|    clip_fraction        | 0.126       |
|    clip_range           | 0.2         |
|    entropy_loss         | -2.15       |
|    explained_variance   | 0.513       |
|    learning_rate        | 0.0003      |
|    loss                 | 5.83        |
|    n_updates            | 140         |
|    policy_gradient_loss | 0.00254     |
|    std                  | 0.744       |
|    value_loss           | 11.3        |
-----------------------------------------
-----------------------------------------
| rollout/                |             |
|    ep_len_mean          | 79.9        |
|    ep_rew_mean          | 22.7        |
|    success_rate         | 0           |
| time/                   |             |
|    fps                  | 153         |
|    iterations           | 16          |
|    time_elapsed         | 1705        |
|    total_timesteps      | 262144      |
| train/                  |             |
|    approx_kl            | 0.011626909 |
|    clip_fraction        | 0.128       |
|    clip_range           | 0.2         |
|    entropy_loss         | -2.13       |
|    explained_variance   | 0.472       |
|    learning_rate        | 0.0003      |
|    loss                 | 7.96        |
|    n_updates            | 150         |
|    policy_gradient_loss | 0.00274     |
|    std                  | 0.739       |
|    value_loss           | 11.4        |
-----------------------------------------
-----------------------------------------
| rollout/                |             |
|    ep_len_mean          | 85.9        |
|    ep_rew_mean          | 23.6        |
|    success_rate         | 0           |
| time/                   |             |
|    fps                  | 154         |
|    iterations           | 17          |
|    time_elapsed         | 1802        |
|    total_timesteps      | 278528      |
| train/                  |             |
|    approx_kl            | 0.010188855 |
|    clip_fraction        | 0.125       |
|    clip_range           | 0.2         |
|    entropy_loss         | -2.11       |
|    explained_variance   | 0.418       |
|    learning_rate        | 0.0003      |
|    loss                 | 11.8        |
|    n_updates            | 160         |
|    policy_gradient_loss | 0.00143     |
|    std                  | 0.73        |
|    value_loss           | 16.9        |
-----------------------------------------
-----------------------------------------
| rollout/                |             |
|    ep_len_mean          | 109         |
|    ep_rew_mean          | 28.7        |
|    success_rate         | 0           |
| time/                   |             |
|    fps                  | 155         |
|    iterations           | 18          |
|    time_elapsed         | 1899        |
|    total_timesteps      | 294912      |
| train/                  |             |
|    approx_kl            | 0.009866616 |
|    clip_fraction        | 0.133       |
|    clip_range           | 0.2         |
|    entropy_loss         | -2.09       |
|    explained_variance   | 0.415       |
|    learning_rate        | 0.0003      |
|    loss                 | 8.67        |
|    n_updates            | 170         |
|    policy_gradient_loss | 0.00145     |
|    std                  | 0.723       |
|    value_loss           | 12.9        |
-----------------------------------------
-----------------------------------------
| rollout/                |             |
|    ep_len_mean          | 110         |
|    ep_rew_mean          | 29.4        |
|    success_rate         | 0           |
| time/                   |             |
|    fps                  | 155         |
|    iterations           | 19          |
|    time_elapsed         | 1995        |
|    total_timesteps      | 311296      |
| train/                  |             |
|    approx_kl            | 0.011728918 |
|    clip_fraction        | 0.14        |
|    clip_range           | 0.2         |
|    entropy_loss         | -2.06       |
|    explained_variance   | 0.454       |
|    learning_rate        | 0.0003      |
|    loss                 | 6.4         |
|    n_updates            | 180         |
|    policy_gradient_loss | 0.00266     |
|    std                  | 0.712       |
|    value_loss           | 11.5        |
-----------------------------------------
-----------------------------------------
| rollout/                |             |
|    ep_len_mean          | 137         |
|    ep_rew_mean          | 37.2        |
|    success_rate         | 0           |
| time/                   |             |
|    fps                  | 156         |
|    iterations           | 20          |
|    time_elapsed         | 2091        |
|    total_timesteps      | 327680      |
| train/                  |             |
|    approx_kl            | 0.015163678 |
|    clip_fraction        | 0.153       |
|    clip_range           | 0.2         |
|    entropy_loss         | -2.03       |
|    explained_variance   | 0.524       |
|    learning_rate        | 0.0003      |
|    loss                 | 6.68        |
|    n_updates            | 190         |
|    policy_gradient_loss | 0.0028      |
|    std                  | 0.705       |
|    value_loss           | 10.9        |
-----------------------------------------
-----------------------------------------
| rollout/                |             |
|    ep_len_mean          | 124         |
|    ep_rew_mean          | 33.9        |
|    success_rate         | 0           |
| time/                   |             |
|    fps                  | 157         |
|    iterations           | 21          |
|    time_elapsed         | 2189        |
|    total_timesteps      | 344064      |
| train/                  |             |
|    approx_kl            | 0.012541717 |
|    clip_fraction        | 0.159       |
|    clip_range           | 0.2         |
|    entropy_loss         | -2.02       |
|    explained_variance   | 0.644       |
|    learning_rate        | 0.0003      |
|    loss                 | 4.67        |
|    n_updates            | 200         |
|    policy_gradient_loss | 0.00484     |
|    std                  | 0.7         |
|    value_loss           | 5.34        |
-----------------------------------------
-----------------------------------------
| rollout/                |             |
|    ep_len_mean          | 77.9        |
|    ep_rew_mean          | 20.4        |
|    success_rate         | 0           |
| time/                   |             |
|    fps                  | 157         |
|    iterations           | 22          |
|    time_elapsed         | 2287        |
|    total_timesteps      | 360448      |
| train/                  |             |
|    approx_kl            | 0.016994461 |
|    clip_fraction        | 0.167       |
|    clip_range           | 0.2         |
|    entropy_loss         | -2          |
|    explained_variance   | 0.496       |
|    learning_rate        | 0.0003      |
|    loss                 | 2.94        |
|    n_updates            | 210         |
|    policy_gradient_loss | 0.00447     |
|    std                  | 0.692       |
|    value_loss           | 11.5        |
-----------------------------------------
----------------------------------------
| rollout/                |            |
|    ep_len_mean          | 114        |
|    ep_rew_mean          | 31.3       |
|    success_rate         | 0          |
| time/                   |            |
|    fps                  | 158        |
|    iterations           | 23         |
|    time_elapsed         | 2384       |
|    total_timesteps      | 376832     |
| train/                  |            |
|    approx_kl            | 0.01643921 |
|    clip_fraction        | 0.157      |
|    clip_range           | 0.2        |
|    entropy_loss         | -1.97      |
|    explained_variance   | 0.334      |
|    learning_rate        | 0.0003     |
|    loss                 | 9.92       |
|    n_updates            | 220        |
|    policy_gradient_loss | 0.00339    |
|    std                  | 0.685      |
|    value_loss           | 21.9       |
----------------------------------------
-----------------------------------------
| rollout/                |             |
|    ep_len_mean          | 118         |
|    ep_rew_mean          | 32.3        |
|    success_rate         | 0           |
| time/                   |             |
|    fps                  | 158         |
|    iterations           | 24          |
|    time_elapsed         | 2482        |
|    total_timesteps      | 393216      |
| train/                  |             |
|    approx_kl            | 0.015872082 |
|    clip_fraction        | 0.178       |
|    clip_range           | 0.2         |
|    entropy_loss         | -1.96       |
|    explained_variance   | 0.457       |
|    learning_rate        | 0.0003      |
|    loss                 | 4.34        |
|    n_updates            | 230         |
|    policy_gradient_loss | 0.00477     |
|    std                  | 0.685       |
|    value_loss           | 12.4        |
-----------------------------------------
-----------------------------------------
| rollout/                |             |
|    ep_len_mean          | 128         |
|    ep_rew_mean          | 34.6        |
|    success_rate         | 0           |
| time/                   |             |
|    fps                  | 158         |
|    iterations           | 25          |
|    time_elapsed         | 2579        |
|    total_timesteps      | 409600      |
| train/                  |             |
|    approx_kl            | 0.013093001 |
|    clip_fraction        | 0.159       |
|    clip_range           | 0.2         |
|    entropy_loss         | -1.98       |
|    explained_variance   | 0.4         |
|    learning_rate        | 0.0003      |
|    loss                 | 9.28        |
|    n_updates            | 240         |
|    policy_gradient_loss | 0.00442     |
|    std                  | 0.684       |
|    value_loss           | 14.7        |
-----------------------------------------
----------------------------------------
| rollout/                |            |
|    ep_len_mean          | 112        |
|    ep_rew_mean          | 30         |
|    success_rate         | 0          |
| time/                   |            |
|    fps                  | 159        |
|    iterations           | 26         |
|    time_elapsed         | 2676       |
|    total_timesteps      | 425984     |
| train/                  |            |
|    approx_kl            | 0.01698475 |
|    clip_fraction        | 0.202      |
|    clip_range           | 0.2        |
|    entropy_loss         | -1.94      |
|    explained_variance   | 0.46       |
|    learning_rate        | 0.0003     |
|    loss                 | 3.18       |
|    n_updates            | 250        |
|    policy_gradient_loss | 0.00704    |
|    std                  | 0.673      |
|    value_loss           | 10.8       |
----------------------------------------
-----------------------------------------
| rollout/                |             |
|    ep_len_mean          | 127         |
|    ep_rew_mean          | 36.3        |
|    success_rate         | 0           |
| time/                   |             |
|    fps                  | 159         |
|    iterations           | 27          |
|    time_elapsed         | 2774        |
|    total_timesteps      | 442368      |
| train/                  |             |
|    approx_kl            | 0.015400932 |
|    clip_fraction        | 0.179       |
|    clip_range           | 0.2         |
|    entropy_loss         | -1.9        |
|    explained_variance   | 0.536       |
|    learning_rate        | 0.0003      |
|    loss                 | 4.1         |
|    n_updates            | 260         |
|    policy_gradient_loss | 0.00373     |
|    std                  | 0.662       |
|    value_loss           | 12.2        |
-----------------------------------------
----------------------------------------
| rollout/                |            |
|    ep_len_mean          | 91         |
|    ep_rew_mean          | 25.9       |
|    success_rate         | 0          |
| time/                   |            |
|    fps                  | 159        |
|    iterations           | 28         |
|    time_elapsed         | 2872       |
|    total_timesteps      | 458752     |
| train/                  |            |
|    approx_kl            | 0.01843511 |
|    clip_fraction        | 0.191      |
|    clip_range           | 0.2        |
|    entropy_loss         | -1.87      |
|    explained_variance   | 0.461      |
|    learning_rate        | 0.0003     |
|    loss                 | 3.68       |
|    n_updates            | 270        |
|    policy_gradient_loss | 0.0059     |
|    std                  | 0.66       |
|    value_loss           | 12.4       |
----------------------------------------
----------------------------------------
| rollout/                |            |
|    ep_len_mean          | 119        |
|    ep_rew_mean          | 33.4       |
|    success_rate         | 0          |
| time/                   |            |
|    fps                  | 159        |
|    iterations           | 29         |
|    time_elapsed         | 2970       |
|    total_timesteps      | 475136     |
| train/                  |            |
|    approx_kl            | 0.01936321 |
|    clip_fraction        | 0.179      |
|    clip_range           | 0.2        |
|    entropy_loss         | -1.87      |
|    explained_variance   | 0.458      |
|    learning_rate        | 0.0003     |
|    loss                 | 4.1        |
|    n_updates            | 280        |
|    policy_gradient_loss | 0.00293    |
|    std                  | 0.656      |
|    value_loss           | 16.8       |
----------------------------------------
-----------------------------------------
| rollout/                |             |
|    ep_len_mean          | 119         |
|    ep_rew_mean          | 33.8        |
|    success_rate         | 0           |
| time/                   |             |
|    fps                  | 160         |
|    iterations           | 30          |
|    time_elapsed         | 3067        |
|    total_timesteps      | 491520      |
| train/                  |             |
|    approx_kl            | 0.018081533 |
|    clip_fraction        | 0.206       |
|    clip_range           | 0.2         |
|    entropy_loss         | -1.84       |
|    explained_variance   | 0.583       |
|    learning_rate        | 0.0003      |
|    loss                 | 7.74        |
|    n_updates            | 290         |
|    policy_gradient_loss | 0.00395     |
|    std                  | 0.647       |
|    value_loss           | 13.9        |
-----------------------------------------
-----------------------------------------
| rollout/                |             |
|    ep_len_mean          | 133         |
|    ep_rew_mean          | 37.9        |
|    success_rate         | 0           |
| time/                   |             |
|    fps                  | 160         |
|    iterations           | 31          |
|    time_elapsed         | 3164        |
|    total_timesteps      | 507904      |
| train/                  |             |
|    approx_kl            | 0.017732004 |
|    clip_fraction        | 0.194       |
|    clip_range           | 0.2         |
|    entropy_loss         | -1.82       |
|    explained_variance   | 0.383       |
|    learning_rate        | 0.0003      |
|    loss                 | 3.07        |
|    n_updates            | 300         |
|    policy_gradient_loss | 0.00562     |
|    std                  | 0.641       |
|    value_loss           | 16          |
-----------------------------------------
-----------------------------------------
| rollout/                |             |
|    ep_len_mean          | 124         |
|    ep_rew_mean          | 32.3        |
|    success_rate         | 0           |
| time/                   |             |
|    fps                  | 160         |
|    iterations           | 32          |
|    time_elapsed         | 3260        |
|    total_timesteps      | 524288      |
| train/                  |             |
|    approx_kl            | 0.018565021 |
|    clip_fraction        | 0.204       |
|    clip_range           | 0.2         |
|    entropy_loss         | -1.78       |
|    explained_variance   | 0.537       |
|    learning_rate        | 0.0003      |
|    loss                 | 4.02        |
|    n_updates            | 310         |
|    policy_gradient_loss | 0.00661     |
|    std                  | 0.634       |
|    value_loss           | 10.9        |
-----------------------------------------
-----------------------------------------
| rollout/                |             |
|    ep_len_mean          | 119         |
|    ep_rew_mean          | 32.4        |
|    success_rate         | 0           |
| time/                   |             |
|    fps                  | 161         |
|    iterations           | 33          |
|    time_elapsed         | 3357        |
|    total_timesteps      | 540672      |
| train/                  |             |
|    approx_kl            | 0.019241933 |
|    clip_fraction        | 0.206       |
|    clip_range           | 0.2         |
|    entropy_loss         | -1.77       |
|    explained_variance   | 0.376       |
|    learning_rate        | 0.0003      |
|    loss                 | 4           |
|    n_updates            | 320         |
|    policy_gradient_loss | 0.00555     |
|    std                  | 0.626       |
|    value_loss           | 11.5        |
-----------------------------------------
-----------------------------------------
| rollout/                |             |
|    ep_len_mean          | 109         |
|    ep_rew_mean          | 31          |
|    success_rate         | 0           |
| time/                   |             |
|    fps                  | 161         |
|    iterations           | 34          |
|    time_elapsed         | 3454        |
|    total_timesteps      | 557056      |
| train/                  |             |
|    approx_kl            | 0.018661397 |
|    clip_fraction        | 0.202       |
|    clip_range           | 0.2         |
|    entropy_loss         | -1.74       |
|    explained_variance   | 0.383       |
|    learning_rate        | 0.0003      |
|    loss                 | 3.72        |
|    n_updates            | 330         |
|    policy_gradient_loss | 0.00443     |
|    std                  | 0.62        |
|    value_loss           | 12.1        |
-----------------------------------------
----------------------------------------
| rollout/                |            |
|    ep_len_mean          | 114        |
|    ep_rew_mean          | 34.4       |
|    success_rate         | 0          |
| time/                   |            |
|    fps                  | 161        |
|    iterations           | 35         |
|    time_elapsed         | 3550       |
|    total_timesteps      | 573440     |
| train/                  |            |
|    approx_kl            | 0.01705377 |
|    clip_fraction        | 0.182      |
|    clip_range           | 0.2        |
|    entropy_loss         | -1.71      |
|    explained_variance   | 0.4        |
|    learning_rate        | 0.0003     |
|    loss                 | 11.5       |
|    n_updates            | 340        |
|    policy_gradient_loss | 0.00433    |
|    std                  | 0.61       |
|    value_loss           | 18.9       |
----------------------------------------
-----------------------------------------
| rollout/                |             |
|    ep_len_mean          | 114         |
|    ep_rew_mean          | 31.7        |
|    success_rate         | 0           |
| time/                   |             |
|    fps                  | 161         |
|    iterations           | 36          |
|    time_elapsed         | 3647        |
|    total_timesteps      | 589824      |
| train/                  |             |
|    approx_kl            | 0.018404208 |
|    clip_fraction        | 0.198       |
|    clip_range           | 0.2         |
|    entropy_loss         | -1.69       |
|    explained_variance   | 0.405       |
|    learning_rate        | 0.0003      |
|    loss                 | 7.81        |
|    n_updates            | 350         |
|    policy_gradient_loss | 0.00561     |
|    std                  | 0.611       |
|    value_loss           | 19.1        |
-----------------------------------------
-----------------------------------------
| rollout/                |             |
|    ep_len_mean          | 130         |
|    ep_rew_mean          | 34.5        |
|    success_rate         | 0           |
| time/                   |             |
|    fps                  | 161         |
|    iterations           | 37          |
|    time_elapsed         | 3743        |
|    total_timesteps      | 606208      |
| train/                  |             |
|    approx_kl            | 0.020419948 |
|    clip_fraction        | 0.19        |
|    clip_range           | 0.2         |
|    entropy_loss         | -1.69       |
|    explained_variance   | 0.498       |
|    learning_rate        | 0.0003      |
|    loss                 | 15.8        |
|    n_updates            | 360         |
|    policy_gradient_loss | 0.00473     |
|    std                  | 0.606       |
|    value_loss           | 15.7        |
-----------------------------------------
-----------------------------------------
| rollout/                |             |
|    ep_len_mean          | 131         |
|    ep_rew_mean          | 37.1        |
|    success_rate         | 0           |
| time/                   |             |
|    fps                  | 162         |
|    iterations           | 38          |
|    time_elapsed         | 3840        |
|    total_timesteps      | 622592      |
| train/                  |             |
|    approx_kl            | 0.029788543 |
|    clip_fraction        | 0.249       |
|    clip_range           | 0.2         |
|    entropy_loss         | -1.66       |
|    explained_variance   | 0.467       |
|    learning_rate        | 0.0003      |
|    loss                 | 3.08        |
|    n_updates            | 370         |
|    policy_gradient_loss | 0.00807     |
|    std                  | 0.603       |
|    value_loss           | 8.74        |
-----------------------------------------
-----------------------------------------
| rollout/                |             |
|    ep_len_mean          | 133         |
|    ep_rew_mean          | 35.5        |
|    success_rate         | 0           |
| time/                   |             |
|    fps                  | 162         |
|    iterations           | 39          |
|    time_elapsed         | 3937        |
|    total_timesteps      | 638976      |
| train/                  |             |
|    approx_kl            | 0.021078363 |
|    clip_fraction        | 0.242       |
|    clip_range           | 0.2         |
|    entropy_loss         | -1.65       |
|    explained_variance   | 0.514       |
|    learning_rate        | 0.0003      |
|    loss                 | 4.54        |
|    n_updates            | 380         |
|    policy_gradient_loss | 0.00758     |
|    std                  | 0.599       |
|    value_loss           | 10.9        |
-----------------------------------------
-----------------------------------------
| rollout/                |             |
|    ep_len_mean          | 144         |
|    ep_rew_mean          | 38.4        |
|    success_rate         | 0           |
| time/                   |             |
|    fps                  | 162         |
|    iterations           | 40          |
|    time_elapsed         | 4034        |
|    total_timesteps      | 655360      |
| train/                  |             |
|    approx_kl            | 0.019588448 |
|    clip_fraction        | 0.194       |
|    clip_range           | 0.2         |
|    entropy_loss         | -1.63       |
|    explained_variance   | 0.614       |
|    learning_rate        | 0.0003      |
|    loss                 | 6.83        |
|    n_updates            | 390         |
|    policy_gradient_loss | 0.00612     |
|    std                  | 0.59        |
|    value_loss           | 8.37        |
-----------------------------------------
-----------------------------------------
| rollout/                |             |
|    ep_len_mean          | 138         |
|    ep_rew_mean          | 36.6        |
|    success_rate         | 0           |
| time/                   |             |
|    fps                  | 162         |
|    iterations           | 41          |
|    time_elapsed         | 4130        |
|    total_timesteps      | 671744      |
| train/                  |             |
|    approx_kl            | 0.016558677 |
|    clip_fraction        | 0.213       |
|    clip_range           | 0.2         |
|    entropy_loss         | -1.6        |
|    explained_variance   | 0.476       |
|    learning_rate        | 0.0003      |
|    loss                 | 1.63        |
|    n_updates            | 400         |
|    policy_gradient_loss | 0.00415     |
|    std                  | 0.587       |
|    value_loss           | 8.5         |
-----------------------------------------
-----------------------------------------
| rollout/                |             |
|    ep_len_mean          | 139         |
|    ep_rew_mean          | 38.4        |
|    success_rate         | 0           |
| time/                   |             |
|    fps                  | 162         |
|    iterations           | 42          |
|    time_elapsed         | 4227        |
|    total_timesteps      | 688128      |
| train/                  |             |
|    approx_kl            | 0.019051593 |
|    clip_fraction        | 0.197       |
|    clip_range           | 0.2         |
|    entropy_loss         | -1.59       |
|    explained_variance   | 0.575       |
|    learning_rate        | 0.0003      |
|    loss                 | 1.76        |
|    n_updates            | 410         |
|    policy_gradient_loss | 0.00338     |
|    std                  | 0.587       |
|    value_loss           | 6.86        |
-----------------------------------------
----------------------------------------
| rollout/                |            |
|    ep_len_mean          | 150        |
|    ep_rew_mean          | 38.2       |
|    success_rate         | 0          |
| time/                   |            |
|    fps                  | 162        |
|    iterations           | 43         |
|    time_elapsed         | 4324       |
|    total_timesteps      | 704512     |
| train/                  |            |
|    approx_kl            | 0.02197443 |
|    clip_fraction        | 0.241      |
|    clip_range           | 0.2        |
|    entropy_loss         | -1.57      |
|    explained_variance   | 0.504      |
|    learning_rate        | 0.0003     |
|    loss                 | 3.48       |
|    n_updates            | 420        |
|    policy_gradient_loss | 0.00554    |
|    std                  | 0.58       |
|    value_loss           | 6.88       |
----------------------------------------
-----------------------------------------
| rollout/                |             |
|    ep_len_mean          | 148         |
|    ep_rew_mean          | 36.3        |
|    success_rate         | 0           |
| time/                   |             |
|    fps                  | 163         |
|    iterations           | 44          |
|    time_elapsed         | 4421        |
|    total_timesteps      | 720896      |
| train/                  |             |
|    approx_kl            | 0.026286773 |
|    clip_fraction        | 0.271       |
|    clip_range           | 0.2         |
|    entropy_loss         | -1.56       |
|    explained_variance   | 0.522       |
|    learning_rate        | 0.0003      |
|    loss                 | 7.62        |
|    n_updates            | 430         |
|    policy_gradient_loss | 0.00906     |
|    std                  | 0.576       |
|    value_loss           | 3.67        |
-----------------------------------------
-----------------------------------------
| rollout/                |             |
|    ep_len_mean          | 127         |
|    ep_rew_mean          | 32.5        |
|    success_rate         | 0           |
| time/                   |             |
|    fps                  | 163         |
|    iterations           | 45          |
|    time_elapsed         | 4517        |
|    total_timesteps      | 737280      |
| train/                  |             |
|    approx_kl            | 0.018713435 |
|    clip_fraction        | 0.216       |
|    clip_range           | 0.2         |
|    entropy_loss         | -1.55       |
|    explained_variance   | 0.486       |
|    learning_rate        | 0.0003      |
|    loss                 | 0.258       |
|    n_updates            | 440         |
|    policy_gradient_loss | 0.00486     |
|    std                  | 0.579       |
|    value_loss           | 4.99        |
-----------------------------------------
----------------------------------------
| rollout/                |            |
|    ep_len_mean          | 149        |
|    ep_rew_mean          | 37.2       |
|    success_rate         | 0          |
| time/                   |            |
|    fps                  | 163        |
|    iterations           | 46         |
|    time_elapsed         | 4614       |
|    total_timesteps      | 753664     |
| train/                  |            |
|    approx_kl            | 0.01649174 |
|    clip_fraction        | 0.198      |
|    clip_range           | 0.2        |
|    entropy_loss         | -1.53      |
|    explained_variance   | 0.462      |
|    learning_rate        | 0.0003     |
|    loss                 | 2.6        |
|    n_updates            | 450        |
|    policy_gradient_loss | 0.00447    |
|    std                  | 0.572      |
|    value_loss           | 9.16       |
----------------------------------------
-----------------------------------------
| rollout/                |             |
|    ep_len_mean          | 142         |
|    ep_rew_mean          | 33.5        |
|    success_rate         | 0           |
| time/                   |             |
|    fps                  | 163         |
|    iterations           | 47          |
|    time_elapsed         | 4711        |
|    total_timesteps      | 770048      |
| train/                  |             |
|    approx_kl            | 0.022692729 |
|    clip_fraction        | 0.213       |
|    clip_range           | 0.2         |
|    entropy_loss         | -1.52       |
|    explained_variance   | 0.573       |
|    learning_rate        | 0.0003      |
|    loss                 | 0.937       |
|    n_updates            | 460         |
|    policy_gradient_loss | 0.00601     |
|    std                  | 0.574       |
|    value_loss           | 5.29        |
-----------------------------------------
----------------------------------------
| rollout/                |            |
|    ep_len_mean          | 148        |
|    ep_rew_mean          | 36.1       |
|    success_rate         | 0          |
| time/                   |            |
|    fps                  | 163        |
|    iterations           | 48         |
|    time_elapsed         | 4808       |
|    total_timesteps      | 786432     |
| train/                  |            |
|    approx_kl            | 0.01960586 |
|    clip_fraction        | 0.202      |
|    clip_range           | 0.2        |
|    entropy_loss         | -1.53      |
|    explained_variance   | 0.453      |
|    learning_rate        | 0.0003     |
|    loss                 | 4.95       |
|    n_updates            | 470        |
|    policy_gradient_loss | 0.00352    |
|    std                  | 0.57       |
|    value_loss           | 7.41       |
----------------------------------------
-----------------------------------------
| rollout/                |             |
|    ep_len_mean          | 138         |
|    ep_rew_mean          | 31.8        |
|    success_rate         | 0           |
| time/                   |             |
|    fps                  | 163         |
|    iterations           | 49          |
|    time_elapsed         | 4905        |
|    total_timesteps      | 802816      |
| train/                  |             |
|    approx_kl            | 0.019649008 |
|    clip_fraction        | 0.223       |
|    clip_range           | 0.2         |
|    entropy_loss         | -1.51       |
|    explained_variance   | 0.502       |
|    learning_rate        | 0.0003      |
|    loss                 | 1.86        |
|    n_updates            | 480         |
|    policy_gradient_loss | 0.00522     |
|    std                  | 0.566       |
|    value_loss           | 4.77        |
-----------------------------------------
-----------------------------------------
| rollout/                |             |
|    ep_len_mean          | 128         |
|    ep_rew_mean          | 32.2        |
|    success_rate         | 0           |
| time/                   |             |
|    fps                  | 163         |
|    iterations           | 50          |
|    time_elapsed         | 5002        |
|    total_timesteps      | 819200      |
| train/                  |             |
|    approx_kl            | 0.024842046 |
|    clip_fraction        | 0.211       |
|    clip_range           | 0.2         |
|    entropy_loss         | -1.51       |
|    explained_variance   | 0.441       |
|    learning_rate        | 0.0003      |
|    loss                 | 2.58        |
|    n_updates            | 490         |
|    policy_gradient_loss | 0.00354     |
|    std                  | 0.57        |
|    value_loss           | 7.76        |
-----------------------------------------
-----------------------------------------
| rollout/                |             |
|    ep_len_mean          | 138         |
|    ep_rew_mean          | 35.1        |
|    success_rate         | 0           |
| time/                   |             |
|    fps                  | 163         |
|    iterations           | 51          |
|    time_elapsed         | 5098        |
|    total_timesteps      | 835584      |
| train/                  |             |
|    approx_kl            | 0.024151992 |
|    clip_fraction        | 0.213       |
|    clip_range           | 0.2         |
|    entropy_loss         | -1.51       |
|    explained_variance   | 0.324       |
|    learning_rate        | 0.0003      |
|    loss                 | 3.31        |
|    n_updates            | 500         |
|    policy_gradient_loss | 0.00485     |
|    std                  | 0.56        |
|    value_loss           | 8.94        |
-----------------------------------------
-----------------------------------------
| rollout/                |             |
|    ep_len_mean          | 143         |
|    ep_rew_mean          | 34.4        |
|    success_rate         | 0           |
| time/                   |             |
|    fps                  | 164         |
|    iterations           | 52          |
|    time_elapsed         | 5194        |
|    total_timesteps      | 851968      |
| train/                  |             |
|    approx_kl            | 0.019374121 |
|    clip_fraction        | 0.216       |
|    clip_range           | 0.2         |
|    entropy_loss         | -1.49       |
|    explained_variance   | 0.319       |
|    learning_rate        | 0.0003      |
|    loss                 | 3.45        |
|    n_updates            | 510         |
|    policy_gradient_loss | 0.00299     |
|    std                  | 0.56        |
|    value_loss           | 8.09        |
-----------------------------------------
-----------------------------------------
| rollout/                |             |
|    ep_len_mean          | 131         |
|    ep_rew_mean          | 33.8        |
|    success_rate         | 0           |
| time/                   |             |
|    fps                  | 164         |
|    iterations           | 53          |
|    time_elapsed         | 5290        |
|    total_timesteps      | 868352      |
| train/                  |             |
|    approx_kl            | 0.016458103 |
|    clip_fraction        | 0.195       |
|    clip_range           | 0.2         |
|    entropy_loss         | -1.48       |
|    explained_variance   | 0.48        |
|    learning_rate        | 0.0003      |
|    loss                 | 3.62        |
|    n_updates            | 520         |
|    policy_gradient_loss | 0.00318     |
|    std                  | 0.556       |
|    value_loss           | 6.01        |
-----------------------------------------
-----------------------------------------
| rollout/                |             |
|    ep_len_mean          | 130         |
|    ep_rew_mean          | 34.4        |
|    success_rate         | 0           |
| time/                   |             |
|    fps                  | 164         |
|    iterations           | 54          |
|    time_elapsed         | 5386        |
|    total_timesteps      | 884736      |
| train/                  |             |
|    approx_kl            | 0.015667457 |
|    clip_fraction        | 0.183       |
|    clip_range           | 0.2         |
|    entropy_loss         | -1.46       |
|    explained_variance   | 0.524       |
|    learning_rate        | 0.0003      |
|    loss                 | 1.19        |
|    n_updates            | 530         |
|    policy_gradient_loss | 0.00233     |
|    std                  | 0.552       |
|    value_loss           | 7.42        |
-----------------------------------------
---------------------------------------
| rollout/                |           |
|    ep_len_mean          | 128       |
|    ep_rew_mean          | 34.5      |
|    success_rate         | 0         |
| time/                   |           |
|    fps                  | 164       |
|    iterations           | 55        |
|    time_elapsed         | 5482      |
|    total_timesteps      | 901120    |
| train/                  |           |
|    approx_kl            | 0.0144019 |
|    clip_fraction        | 0.188     |
|    clip_range           | 0.2       |
|    entropy_loss         | -1.44     |
|    explained_variance   | 0.425     |
|    learning_rate        | 0.0003    |
|    loss                 | 2.53      |
|    n_updates            | 540       |
|    policy_gradient_loss | 0.00265   |
|    std                  | 0.542     |
|    value_loss           | 8.41      |
---------------------------------------
-----------------------------------------
| rollout/                |             |
|    ep_len_mean          | 139         |
|    ep_rew_mean          | 36.4        |
|    success_rate         | 0           |
| time/                   |             |
|    fps                  | 164         |
|    iterations           | 56          |
|    time_elapsed         | 5578        |
|    total_timesteps      | 917504      |
| train/                  |             |
|    approx_kl            | 0.017010959 |
|    clip_fraction        | 0.2         |
|    clip_range           | 0.2         |
|    entropy_loss         | -1.4        |
|    explained_variance   | 0.292       |
|    learning_rate        | 0.0003      |
|    loss                 | 2.68        |
|    n_updates            | 550         |
|    policy_gradient_loss | 0.00424     |
|    std                  | 0.535       |
|    value_loss           | 10.2        |
-----------------------------------------
-----------------------------------------
| rollout/                |             |
|    ep_len_mean          | 112         |
|    ep_rew_mean          | 30.9        |
|    success_rate         | 0           |
| time/                   |             |
|    fps                  | 164         |
|    iterations           | 57          |
|    time_elapsed         | 5674        |
|    total_timesteps      | 933888      |
| train/                  |             |
|    approx_kl            | 0.014392894 |
|    clip_fraction        | 0.179       |
|    clip_range           | 0.2         |
|    entropy_loss         | -1.37       |
|    explained_variance   | 0.413       |
|    learning_rate        | 0.0003      |
|    loss                 | 2.93        |
|    n_updates            | 560         |
|    policy_gradient_loss | 0.00147     |
|    std                  | 0.531       |
|    value_loss           | 7.7         |
-----------------------------------------
-----------------------------------------
| rollout/                |             |
|    ep_len_mean          | 133         |
|    ep_rew_mean          | 37.5        |
|    success_rate         | 0           |
| time/                   |             |
|    fps                  | 164         |
|    iterations           | 58          |
|    time_elapsed         | 5770        |
|    total_timesteps      | 950272      |
| train/                  |             |
|    approx_kl            | 0.014360597 |
|    clip_fraction        | 0.169       |
|    clip_range           | 0.2         |
|    entropy_loss         | -1.36       |
|    explained_variance   | 0.302       |
|    learning_rate        | 0.0003      |
|    loss                 | 9.08        |
|    n_updates            | 570         |
|    policy_gradient_loss | 0.00278     |
|    std                  | 0.533       |
|    value_loss           | 16.1        |
-----------------------------------------
-----------------------------------------
| rollout/                |             |
|    ep_len_mean          | 123         |
|    ep_rew_mean          | 35.4        |
|    success_rate         | 0           |
| time/                   |             |
|    fps                  | 164         |
|    iterations           | 59          |
|    time_elapsed         | 5866        |
|    total_timesteps      | 966656      |
| train/                  |             |
|    approx_kl            | 0.015443018 |
|    clip_fraction        | 0.178       |
|    clip_range           | 0.2         |
|    entropy_loss         | -1.36       |
|    explained_variance   | 0.397       |
|    learning_rate        | 0.0003      |
|    loss                 | 7.82        |
|    n_updates            | 580         |
|    policy_gradient_loss | 0.00486     |
|    std                  | 0.532       |
|    value_loss           | 9.41        |
-----------------------------------------
-----------------------------------------
| rollout/                |             |
|    ep_len_mean          | 132         |
|    ep_rew_mean          | 36.4        |
|    success_rate         | 0           |
| time/                   |             |
|    fps                  | 164         |
|    iterations           | 60          |
|    time_elapsed         | 5962        |
|    total_timesteps      | 983040      |
| train/                  |             |
|    approx_kl            | 0.019322554 |
|    clip_fraction        | 0.195       |
|    clip_range           | 0.2         |
|    entropy_loss         | -1.33       |
|    explained_variance   | 0.367       |
|    learning_rate        | 0.0003      |
|    loss                 | 9.27        |
|    n_updates            | 590         |
|    policy_gradient_loss | 0.003       |
|    std                  | 0.522       |
|    value_loss           | 13.3        |
-----------------------------------------
-----------------------------------------
| rollout/                |             |
|    ep_len_mean          | 115         |
|    ep_rew_mean          | 31.8        |
|    success_rate         | 0           |
| time/                   |             |
|    fps                  | 164         |
|    iterations           | 61          |
|    time_elapsed         | 6058        |
|    total_timesteps      | 999424      |
| train/                  |             |
|    approx_kl            | 0.025386993 |
|    clip_fraction        | 0.239       |
|    clip_range           | 0.2         |
|    entropy_loss         | -1.31       |
|    explained_variance   | 0.419       |
|    learning_rate        | 0.0003      |
|    loss                 | 5.48        |
|    n_updates            | 600         |
|    policy_gradient_loss | 0.0074      |
|    std                  | 0.521       |
|    value_loss           | 12.3        |
-----------------------------------------
-----------------------------------------
| rollout/                |             |
|    ep_len_mean          | 145         |
|    ep_rew_mean          | 41.3        |
|    success_rate         | 0           |
| time/                   |             |
|    fps                  | 165         |
|    iterations           | 62          |
|    time_elapsed         | 6154        |
|    total_timesteps      | 1015808     |
| train/                  |             |
|    approx_kl            | 0.022845272 |
|    clip_fraction        | 0.211       |
|    clip_range           | 0.2         |
|    entropy_loss         | -1.31       |
|    explained_variance   | 0.327       |
|    learning_rate        | 0.0003      |
|    loss                 | 5.93        |
|    n_updates            | 610         |
|    policy_gradient_loss | 0.00573     |
|    std                  | 0.522       |
|    value_loss           | 18.2        |
-----------------------------------------


###############################################################################
TCHPC Cluster: callan
Job 168858 (shared_learned_highway_lanechange_dense_obs20_seed2_cv2_1000000_v10_diag) for User 'hadjitot' in Account 'callan_hadjitot'
Finished at: Fri Mar 20 13:47:35 GMT 2026

Job efficiency estimates:
=========================

Job ID: 168858
Cluster: callan
User/Group: hadjitot/hadjitot
State: COMPLETED (exit code 0)
Nodes: 1
Cores per node: 16
CPU Utilized: 05:49:27
CPU Efficiency: 21.17% of 1-03:30:24 core-walltime
Job Wall-clock time: 01:43:09
Memory Utilized: 789.55 MB
Memory Efficiency: 2.41% of 32.00 GB (32.00 GB/node)

Job completion status:
======================

JobID           JobName AllocCPUS NTasks NNodes     MaxRSS    MaxRSSNode  MaxDiskRead MaxDiskWrite    Elapsed      State ExitCode 
------------ ---------- --------- ------ ------ ---------- ------------- ------------ ------------ ---------- ---------- -------- 
168858       shared_le+        16             1                                                      01:43:09  COMPLETED      0:0 
168858.batch      batch        16      1      1    808496K    callan-n10      941.16M      881.27M   01:43:09  COMPLETED      0:0 
168858.exte+     extern        16      1      1                                                      01:43:09  COMPLETED      0:0 


Job details:
============

JobId=168858 JobName=shared_learned_highway_lanechange_dense_obs20_seed2_cv2_1000000_v10_diag
   UserId=hadjitot(2357) GroupId=hadjitot(2300) MCS_label=N/A
   Priority=106954 Nice=0 Account=callan_hadjitot QOS=normal
   JobState=COMPLETING Reason=None Dependency=(null)
   Requeue=0 Restarts=0 BatchFlag=1 Reboot=0 ExitCode=0:0
   DerivedExitCode=0:0
   RunTime=01:43:09 TimeLimit=2-00:00:00 TimeMin=N/A
   SubmitTime=2026-03-19T20:18:40 EligibleTime=2026-03-19T20:18:40
   AccrueTime=2026-03-19T20:18:40
   StartTime=2026-03-20T12:04:26 EndTime=2026-03-20T13:47:35 Deadline=N/A
   SuspendTime=None SecsPreSuspend=0 LastSchedEval=2026-03-20T12:04:26 Scheduler=Backfill
   Partition=compute AllocNode:Sid=callan01:191490
   ReqNodeList=(null) ExcNodeList=(null)
   NodeList=callan-n10
   BatchHost=callan-n10
   NumNodes=1 NumCPUs=16 NumTasks=1 CPUs/Task=16 ReqB:S:C:T=0:0:*:*
   ReqTRES=cpu=16,mem=32G,node=1,billing=16
   AllocTRES=cpu=16,mem=32G,node=1,billing=16
   Socks/Node=* NtasksPerN:B:S:C=0:0:*:* CoreSpec=*
   JOB_GRES=(null)
     Nodes=callan-n10 CPU_IDs=2-11,14-19 Mem=32768 GRES=
   MinCPUsNode=16 MinMemoryNode=32G MinTmpDiskNode=0
   Features=(null) DelayBoot=00:00:00
   OverSubscribe=OK Contiguous=0 Licenses=(null) LicensesAlloc=(null) Network=(null)
   Command=/home/users/hadjitot/fyp/HighwayEnv/slurm/train_shared_attention.sbatch
   WorkDir=/home/users/hadjitot/fyp/HighwayEnv
   StdErr=/home/users/hadjitot/fyp/HighwayEnv/slurm_out/shared_learned_highway_lanechange_dense_obs20_seed2_cv2_1000000_v10_diag_168858.err
   StdIn=/dev/null
   StdOut=/home/users/hadjitot/fyp/HighwayEnv/slurm_out/shared_learned_highway_lanechange_dense_obs20_seed2_cv2_1000000_v10_diag_168858.out
   TresPerTask=cpu=16
   


Disk quota details:
===================

                         Block Limits                                    |                     File Limits
Name       type             MB      quota      limit   in_doubt    grace |    files   quota    limit in_doubt    grace
root       USR         4873759          0          0       1378     none |   393946       0        0      845     none
root       FILESET     4871048          0          0       3263     none |  9862871       0        0      841     none


SLURM Bank Statement:
=====================

User           Usage |        Account     Usage | Account Limit Available (CPU hrs)
---------- --------- + -------------- --------- + ------------- ---------
hadjitot      14,834 | CALLAN_HADJITOT    14,834 |       300,000   285,166


Acknowledgements:
=================

Note that usage of TCHPC Resources *must* be acknowledged in all publications.

Please see this page for details relevant to this cluster:

http://www.tchpc.tcd.ie/resources/acknowledgementpolicy

################################################################################
